[0.018s] Invoking command in '/home/administrator/Masterproject2/20_ROS/src/Robots/build/meca500_description': CMAKE_PREFIX_PATH=${CMAKE_PREFIX_PATH}:/opt/ros/kilted DEBUGINFOD_URLS=https://debuginfod.ubuntu.com /usr/bin/cmake --build /home/administrator/Masterproject2/20_ROS/src/Robots/build/meca500_description -- -j14 -l14
[0.219s] Invoked command in '/home/administrator/Masterproject2/20_ROS/src/Robots/build/meca500_description' returned '0': CMAKE_PREFIX_PATH=${CMAKE_PREFIX_PATH}:/opt/ros/kilted DEBUGINFOD_URLS=https://debuginfod.ubuntu.com /usr/bin/cmake --build /home/administrator/Masterproject2/20_ROS/src/Robots/build/meca500_description -- -j14 -l14
[0.219s] Invoking command in '/home/administrator/Masterproject2/20_ROS/src/Robots/build/meca500_description': CMAKE_PREFIX_PATH=${CMAKE_PREFIX_PATH}:/opt/ros/kilted DEBUGINFOD_URLS=https://debuginfod.ubuntu.com /usr/bin/cmake --install /home/administrator/Masterproject2/20_ROS/src/Robots/build/meca500_description
[0.256s] -- Install configuration: ""
[0.256s] -- Execute custom install script
[0.256s] -- Up-to-date symlink: /home/administrator/Masterproject2/20_ROS/src/Robots/install/meca500_description/share/meca500_description/urdf/meca500.ros2_control.xacro
[0.256s] -- Up-to-date symlink: /home/administrator/Masterproject2/20_ROS/src/Robots/install/meca500_description/share/meca500_description/urdf/meca500.urdf
[0.256s] -- Up-to-date symlink: /home/administrator/Masterproject2/20_ROS/src/Robots/install/meca500_description/share/meca500_description/urdf/meca500.urdf.xacro
[0.256s] -- Up-to-date symlink: /home/administrator/Masterproject2/20_ROS/src/Robots/install/meca500_description/share/meca500_description/urdf/meca500_macro.xacro
[0.256s] -- Up-to-date symlink: /home/administrator/Masterproject2/20_ROS/src/Robots/install/meca500_description/share/meca500_description/meshes/link_0.dae
[0.256s] -- Up-to-date symlink: /home/administrator/Masterproject2/20_ROS/src/Robots/install/meca500_description/share/meca500_description/meshes/link_1.dae
[0.256s] -- Up-to-date symlink: /home/administrator/Masterproject2/20_ROS/src/Robots/install/meca500_description/share/meca500_description/meshes/link_2.dae
[0.256s] -- Up-to-date symlink: /home/administrator/Masterproject2/20_ROS/src/Robots/install/meca500_description/share/meca500_description/meshes/link_3.dae
[0.256s] -- Up-to-date symlink: /home/administrator/Masterproject2/20_ROS/src/Robots/install/meca500_description/share/meca500_description/meshes/link_4.dae
[0.256s] -- Up-to-date symlink: /home/administrator/Masterproject2/20_ROS/src/Robots/install/meca500_description/share/meca500_description/meshes/link_5.dae
[0.256s] -- Up-to-date symlink: /home/administrator/Masterproject2/20_ROS/src/Robots/install/meca500_description/share/meca500_description/meshes/link_6.dae
[0.256s] -- Up-to-date symlink: /home/administrator/Masterproject2/20_ROS/src/Robots/install/meca500_description/share/meca500_description/launch/view_robot.launch.py
[0.256s] -- Up-to-date symlink: /home/administrator/Masterproject2/20_ROS/src/Robots/install/meca500_description/share/ament_index/resource_index/package_run_dependencies/meca500_description
[0.256s] -- Up-to-date symlink: /home/administrator/Masterproject2/20_ROS/src/Robots/install/meca500_description/share/ament_index/resource_index/parent_prefix_path/meca500_description
[0.257s] -- Up-to-date symlink: /home/administrator/Masterproject2/20_ROS/src/Robots/install/meca500_description/share/meca500_description/environment/ament_prefix_path.sh
[0.257s] -- Up-to-date symlink: /home/administrator/Masterproject2/20_ROS/src/Robots/install/meca500_description/share/meca500_description/environment/ament_prefix_path.dsv
[0.257s] -- Up-to-date symlink: /home/administrator/Masterproject2/20_ROS/src/Robots/install/meca500_description/share/meca500_description/environment/path.sh
[0.257s] -- Up-to-date symlink: /home/administrator/Masterproject2/20_ROS/src/Robots/install/meca500_description/share/meca500_description/environment/path.dsv
[0.257s] -- Up-to-date symlink: /home/administrator/Masterproject2/20_ROS/src/Robots/install/meca500_description/share/meca500_description/local_setup.bash
[0.257s] -- Up-to-date symlink: /home/administrator/Masterproject2/20_ROS/src/Robots/install/meca500_description/share/meca500_description/local_setup.sh
[0.257s] -- Up-to-date symlink: /home/administrator/Masterproject2/20_ROS/src/Robots/install/meca500_description/share/meca500_description/local_setup.zsh
[0.257s] -- Up-to-date symlink: /home/administrator/Masterproject2/20_ROS/src/Robots/install/meca500_description/share/meca500_description/local_setup.dsv
[0.257s] -- Symlinking: /home/administrator/Masterproject2/20_ROS/src/Robots/install/meca500_description/share/meca500_description/package.dsv
[0.261s] -- Up-to-date symlink: /home/administrator/Masterproject2/20_ROS/src/Robots/install/meca500_description/share/ament_index/resource_index/packages/meca500_description
[0.262s] -- Up-to-date symlink: /home/administrator/Masterproject2/20_ROS/src/Robots/install/meca500_description/share/meca500_description/cmake/meca500_descriptionConfig.cmake
[0.262s] -- Up-to-date symlink: /home/administrator/Masterproject2/20_ROS/src/Robots/install/meca500_description/share/meca500_description/cmake/meca500_descriptionConfig-version.cmake
[0.262s] -- Up-to-date symlink: /home/administrator/Masterproject2/20_ROS/src/Robots/install/meca500_description/share/meca500_description/package.xml
[0.309s] Invoked command in '/home/administrator/Masterproject2/20_ROS/src/Robots/build/meca500_description' returned '0': CMAKE_PREFIX_PATH=${CMAKE_PREFIX_PATH}:/opt/ros/kilted DEBUGINFOD_URLS=https://debuginfod.ubuntu.com /usr/bin/cmake --install /home/administrator/Masterproject2/20_ROS/src/Robots/build/meca500_description
