[0mCMake Deprecation Warning at /opt/ros/kilted/share/ament_cmake_target_dependencies/cmake/ament_target_dependencies.cmake:87 (message):
  ament_target_dependencies() is deprecated.  Use target_link_libraries()
  with modern CMake targets instead.  Try replacing this call with:

    target_link_libraries(joints_publisher PUBLIC
      ${control_msgs_TARGETS}
      ${geometry_msgs_TARGETS}
      ${om_aiv_msg_TARGETS}
      ${sensor_msgs_TARGETS}
      ${std_msgs_TARGETS}
      rclcpp::rclcpp
      sensor_msgs::sensor_msgs_library
      tf2_ros::static_transform_broadcaster_node
      tf2_ros::tf2_ros
    )

Call Stack (most recent call first):
  CMakeLists.txt:63 (ament_target_dependencies)

[0m
[0mCMake Deprecation Warning at /opt/ros/kilted/share/ament_cmake_target_dependencies/cmake/ament_target_dependencies.cmake:87 (message):
  ament_target_dependencies() is deprecated.  Use target_link_libraries()
  with modern CMake targets instead.  Try replacing this call with:

    target_link_libraries(goals_marker PUBLIC
      ${geometry_msgs_TARGETS}
      ${om_aiv_msg_TARGETS}
      ${std_msgs_TARGETS}
      ${visualization_msgs_TARGETS}
      ament_index_cpp::ament_index_cpp
      rclcpp::rclcpp
      tf2_ros::static_transform_broadcaster_node
      tf2_ros::tf2_ros
    )

Call Stack (most recent call first):
  CMakeLists.txt:77 (ament_target_dependencies)

[0m
[0mCMake Deprecation Warning at /opt/ros/kilted/share/ament_cmake_target_dependencies/cmake/ament_target_dependencies.cmake:87 (message):
  ament_target_dependencies() is deprecated.  Use target_link_libraries()
  with modern CMake targets instead.  Try replacing this call with:

    target_link_libraries(data_points_marker PUBLIC
      ${control_msgs_TARGETS}
      ${geometry_msgs_TARGETS}
      ${nav_msgs_TARGETS}
      ${om_aiv_msg_TARGETS}
      ${sensor_msgs_TARGETS}
      ${std_msgs_TARGETS}
      ${visualization_msgs_TARGETS}
      ament_index_cpp::ament_index_cpp
      rclcpp::rclcpp
      sensor_msgs::sensor_msgs_library
      tf2_ros::static_transform_broadcaster_node
      tf2_ros::tf2_ros
    )

Call Stack (most recent call first):
  CMakeLists.txt:91 (ament_target_dependencies)

[0m
[0mCMake Deprecation Warning at /opt/ros/kilted/share/ament_cmake_target_dependencies/cmake/ament_target_dependencies.cmake:87 (message):
  ament_target_dependencies() is deprecated.  Use target_link_libraries()
  with modern CMake targets instead.  Try replacing this call with:

    target_link_libraries(laser_scans PUBLIC
      ${control_msgs_TARGETS}
      ${geometry_msgs_TARGETS}
      ${nav_msgs_TARGETS}
      ${om_aiv_msg_TARGETS}
      ${sensor_msgs_TARGETS}
      ${std_msgs_TARGETS}
      ${visualization_msgs_TARGETS}
      ament_index_cpp::ament_index_cpp
      rclcpp::rclcpp
      sensor_msgs::sensor_msgs_library
      tf2_ros::static_transform_broadcaster_node
      tf2_ros::tf2_ros
    )

Call Stack (most recent call first):
  CMakeLists.txt:108 (ament_target_dependencies)

[0m
