[0.107s] Invoking command in '/home/administrator/Masterproject2/20_ROS/src/Robots/build/amr_visualisation': AMENT_PREFIX_PATH=/home/administrator/Masterproject2/20_ROS/src/Robots/install/om_aiv_msg:${AMENT_PREFIX_PATH} CMAKE_PREFIX_PATH=/home/administrator/Masterproject2/20_ROS/src/Robots/install/om_aiv_msg:/opt/ros/kilted/opt/sdformat_vendor:/opt/ros/kilted/opt/gz_math_vendor:/opt/ros/kilted/opt/gz_utils_vendor:/opt/ros/kilted/opt/gz_tools_vendor:/opt/ros/kilted/opt/gz_cmake_vendor:/opt/ros/kilted DEBUGINFOD_URLS=https://debuginfod.ubuntu.com LD_LIBRARY_PATH=/home/administrator/Masterproject2/20_ROS/src/Robots/install/om_aiv_msg/lib:${LD_LIBRARY_PATH} PYTHONPATH=/home/administrator/Masterproject2/20_ROS/src/Robots/install/om_aiv_msg/lib/python3.12/site-packages:${PYTHONPATH} /usr/bin/cmake --build /home/administrator/Masterproject2/20_ROS/src/Robots/build/amr_visualisation -- -j14 -l14
[0.207s] -- Found ament_cmake: 2.7.5 (/opt/ros/kilted/share/ament_cmake/cmake)
[0.249s] -- Found rclcpp: 29.5.8 (/opt/ros/kilted/share/rclcpp/cmake)
[0.261s] -- Found rosidl_generator_c: 4.9.6 (/opt/ros/kilted/share/rosidl_generator_c/cmake)
[0.266s] -- Found rosidl_generator_cpp: 4.9.6 (/opt/ros/kilted/share/rosidl_generator_cpp/cmake)
[0.273s] -- Using all available rosidl_typesupport_c: rosidl_typesupport_fastrtps_c;rosidl_typesupport_introspection_c
[0.282s] -- Using all available rosidl_typesupport_cpp: rosidl_typesupport_fastrtps_cpp;rosidl_typesupport_introspection_cpp
[0.332s] -- Found rmw_implementation_cmake: 7.8.2 (/opt/ros/kilted/share/rmw_implementation_cmake/cmake)
[0.333s] -- Found rmw_fastrtps_cpp: 9.3.4 (/opt/ros/kilted/share/rmw_fastrtps_cpp/cmake)
[0.357s] -- Using RMW implementation 'rmw_fastrtps_cpp' as default
[0.404s] -- Found std_msgs: 5.5.2 (/opt/ros/kilted/share/std_msgs/cmake)
[0.412s] -- Found sensor_msgs: 5.5.2 (/opt/ros/kilted/share/sensor_msgs/cmake)
[0.434s] -- Found control_msgs: 6.9.0 (/opt/ros/kilted/share/control_msgs/cmake)
[0.497s] -- Found visualization_msgs: 5.5.2 (/opt/ros/kilted/share/visualization_msgs/cmake)
[0.515s] -- Found tf2_ros: 0.41.7 (/opt/ros/kilted/share/tf2_ros/cmake)
[0.563s] -- Found om_aiv_msg: 0.0.0 (/home/administrator/Masterproject2/20_ROS/src/Robots/install/om_aiv_msg/share/om_aiv_msg/cmake)
[0.574s] -- Found nav_msgs: 5.5.2 (/opt/ros/kilted/share/nav_msgs/cmake)
[0.589s] -- Found ament_lint_auto: 0.19.3 (/opt/ros/kilted/share/ament_lint_auto/cmake)
[0.658s] [0mCMake Deprecation Warning at /opt/ros/kilted/share/ament_cmake_target_dependencies/cmake/ament_target_dependencies.cmake:87 (message):
[0.658s]   ament_target_dependencies() is deprecated.  Use target_link_libraries()
[0.658s]   with modern CMake targets instead.  Try replacing this call with:
[0.658s] 
[0.658s]     target_link_libraries(joints_publisher PUBLIC
[0.658s]       ${control_msgs_TARGETS}
[0.658s]       ${geometry_msgs_TARGETS}
[0.658s]       ${om_aiv_msg_TARGETS}
[0.658s]       ${sensor_msgs_TARGETS}
[0.658s]       ${std_msgs_TARGETS}
[0.658s]       rclcpp::rclcpp
[0.658s]       sensor_msgs::sensor_msgs_library
[0.659s]       tf2_ros::static_transform_broadcaster_node
[0.659s]       tf2_ros::tf2_ros
[0.659s]     )
[0.659s] 
[0.659s] Call Stack (most recent call first):
[0.659s]   CMakeLists.txt:63 (ament_target_dependencies)
[0.659s] 
[0.659s] [0m
[0.660s] [0mCMake Deprecation Warning at /opt/ros/kilted/share/ament_cmake_target_dependencies/cmake/ament_target_dependencies.cmake:87 (message):
[0.660s]   ament_target_dependencies() is deprecated.  Use target_link_libraries()
[0.660s]   with modern CMake targets instead.  Try replacing this call with:
[0.660s] 
[0.660s]     target_link_libraries(goals_marker PUBLIC
[0.660s]       ${geometry_msgs_TARGETS}
[0.660s]       ${om_aiv_msg_TARGETS}
[0.660s]       ${std_msgs_TARGETS}
[0.660s]       ${visualization_msgs_TARGETS}
[0.660s]       ament_index_cpp::ament_index_cpp
[0.660s]       rclcpp::rclcpp
[0.660s]       tf2_ros::static_transform_broadcaster_node
[0.660s]       tf2_ros::tf2_ros
[0.660s]     )
[0.660s] 
[0.661s] Call Stack (most recent call first):
[0.661s]   CMakeLists.txt:77 (ament_target_dependencies)
[0.661s] 
[0.661s] [0m
[0.662s] [0mCMake Deprecation Warning at /opt/ros/kilted/share/ament_cmake_target_dependencies/cmake/ament_target_dependencies.cmake:87 (message):
[0.662s]   ament_target_dependencies() is deprecated.  Use target_link_libraries()
[0.662s]   with modern CMake targets instead.  Try replacing this call with:
[0.662s] 
[0.662s]     target_link_libraries(data_points_marker PUBLIC
[0.662s]       ${control_msgs_TARGETS}
[0.662s]       ${geometry_msgs_TARGETS}
[0.662s]       ${nav_msgs_TARGETS}
[0.662s]       ${om_aiv_msg_TARGETS}
[0.662s]       ${sensor_msgs_TARGETS}
[0.662s]       ${std_msgs_TARGETS}
[0.662s]       ${visualization_msgs_TARGETS}
[0.662s]       ament_index_cpp::ament_index_cpp
[0.662s]       rclcpp::rclcpp
[0.662s]       sensor_msgs::sensor_msgs_library
[0.662s]       tf2_ros::static_transform_broadcaster_node
[0.663s]       tf2_ros::tf2_ros
[0.663s]     )
[0.663s] 
[0.663s] Call Stack (most recent call first):
[0.663s]   CMakeLists.txt:91 (ament_target_dependencies)
[0.663s] 
[0.663s] [0m
[0.665s] [0mCMake Deprecation Warning at /opt/ros/kilted/share/ament_cmake_target_dependencies/cmake/ament_target_dependencies.cmake:87 (message):
[0.665s]   ament_target_dependencies() is deprecated.  Use target_link_libraries()
[0.665s]   with modern CMake targets instead.  Try replacing this call with:
[0.666s] 
[0.666s]     target_link_libraries(laser_scans PUBLIC
[0.666s]       ${control_msgs_TARGETS}
[0.666s]       ${geometry_msgs_TARGETS}
[0.666s]       ${nav_msgs_TARGETS}
[0.666s]       ${om_aiv_msg_TARGETS}
[0.666s]       ${sensor_msgs_TARGETS}
[0.666s]       ${std_msgs_TARGETS}
[0.666s]       ${visualization_msgs_TARGETS}
[0.666s]       ament_index_cpp::ament_index_cpp
[0.666s]       rclcpp::rclcpp
[0.666s]       sensor_msgs::sensor_msgs_library
[0.666s]       tf2_ros::static_transform_broadcaster_node
[0.666s]       tf2_ros::tf2_ros
[0.666s]     )
[0.666s] 
[0.666s] Call Stack (most recent call first):
[0.666s]   CMakeLists.txt:108 (ament_target_dependencies)
[0.666s] 
[0.666s] [0m
[0.669s] -- Added test 'copyright' to check source files copyright and LICENSE
[0.669s] -- Added test 'cppcheck' to perform static code analysis on C / C++ code
[0.670s] -- Configured cppcheck include dirs: /home/administrator/Masterproject2/20_ROS/src/Robots/Omron_AMR/src/amr_visualisation/include
[0.670s] -- Configured cppcheck exclude dirs and/or files: 
[0.671s] -- Added test 'cpplint' to check C / C++ code against the Google style
[0.671s] -- Configured cpplint exclude dirs and/or files: 
[0.671s] -- Added test 'flake8' to check Python code syntax and style conventions
[0.671s] -- Configured 'flake8' exclude dirs and/or files: 
[0.671s] -- Added test 'lint_cmake' to check CMake code style
[0.671s] -- Added test 'pep257' to check Python code against some of the docstring style conventions in PEP 257
[0.672s] -- Added test 'uncrustify' to check C / C++ code style
[0.672s] -- Configured uncrustify additional arguments: 
[0.672s] -- Added test 'xmllint' to check XML markup files
[0.673s] -- Configuring done (0.6s)
[0.693s] -- Generating done (0.0s)
[0.699s] -- Build files have been written to: /home/administrator/Masterproject2/20_ROS/src/Robots/build/amr_visualisation
[0.729s] [ 25%] [32mBuilding CXX object CMakeFiles/data_points_marker.dir/src/data_points_marker.cpp.o[0m
[0.729s] [ 25%] [32mBuilding CXX object CMakeFiles/laser_scans.dir/src/laser_scans.cpp.o[0m
[0.735s] [ 50%] [32mBuilding CXX object CMakeFiles/goals_marker.dir/src/goals_marker.cpp.o[0m
[0.735s] [ 62%] Built target joints_publisher
[3.921s] [ 75%] [32m[1mLinking CXX executable data_points_marker[0m
[4.081s] [ 75%] Built target data_points_marker
[5.281s] [ 87%] [32m[1mLinking CXX executable laser_scans[0m
[5.505s] [ 87%] Built target laser_scans
[5.601s] [100%] [32m[1mLinking CXX executable goals_marker[0m
[5.825s] [100%] Built target goals_marker
