[  2%] Built target my_ur_msgs__rs
[  5%] Built target my_ur_msgs__rosidl_generator_type_description
[  5%] Built target ament_cmake_python_copy_my_ur_msgs
[  8%] Built target my_ur_msgs__cpp
[ 22%] Built target my_ur_msgs__rosidl_generator_c
[ 31%] Built target my_ur_msgs__rosidl_typesupport_fastrtps_c
[ 40%] Built target my_ur_msgs__rosidl_typesupport_introspection_c
[ 48%] Built target my_ur_msgs__rosidl_typesupport_c
[ 57%] Built target my_ur_msgs__rosidl_typesupport_cpp
[ 65%] Built target my_ur_msgs__rosidl_typesupport_introspection_cpp
[ 74%] Built target my_ur_msgs__rosidl_typesupport_fastrtps_cpp
[ 74%] Built target my_ur_msgs
[ 77%] Built target my_ur_msgs__py
[ 82%] Built target my_ur_msgs__rosidl_generator_py
running egg_info
[ 88%] Built target my_ur_msgs_s__rosidl_typesupport_fastrtps_c
writing my_ur_msgs.egg-info/PKG-INFO
writing dependency_links to my_ur_msgs.egg-info/dependency_links.txt
writing top-level names to my_ur_msgs.egg-info/top_level.txt
[ 94%] Built target my_ur_msgs_s__rosidl_typesupport_c
[100%] Built target my_ur_msgs_s__rosidl_typesupport_introspection_c
reading manifest file 'my_ur_msgs.egg-info/SOURCES.txt'
writing manifest file 'my_ur_msgs.egg-info/SOURCES.txt'
[100%] Built target ament_cmake_python_build_my_ur_msgs_egg
-- Install configuration: ""
-- Up-to-date: /home/administrator/Masterproject2/20_ROS/src/Robots/install/my_ur_msgs/share/ament_index/resource_index/rosidl_interfaces/my_ur_msgs
-- Up-to-date: /home/administrator/Masterproject2/20_ROS/src/Robots/install/my_ur_msgs/share/my_ur_msgs/action/SendScript.json
-- Up-to-date: /home/administrator/Masterproject2/20_ROS/src/Robots/install/my_ur_msgs/include/my_ur_msgs/my_ur_msgs
-- Up-to-date: /home/administrator/Masterproject2/20_ROS/src/Robots/install/my_ur_msgs/include/my_ur_msgs/my_ur_msgs/msg
-- Up-to-date: /home/administrator/Masterproject2/20_ROS/src/Robots/install/my_ur_msgs/include/my_ur_msgs/my_ur_msgs/msg/rosidl_generator_c__visibility_control.h
-- Up-to-date: /home/administrator/Masterproject2/20_ROS/src/Robots/install/my_ur_msgs/include/my_ur_msgs/my_ur_msgs/action
-- Up-to-date: /home/administrator/Masterproject2/20_ROS/src/Robots/install/my_ur_msgs/include/my_ur_msgs/my_ur_msgs/action/send_script.h
-- Up-to-date: /home/administrator/Masterproject2/20_ROS/src/Robots/install/my_ur_msgs/include/my_ur_msgs/my_ur_msgs/action/detail
-- Up-to-date: /home/administrator/Masterproject2/20_ROS/src/Robots/install/my_ur_msgs/include/my_ur_msgs/my_ur_msgs/action/detail/send_script__type_support.c
-- Up-to-date: /home/administrator/Masterproject2/20_ROS/src/Robots/install/my_ur_msgs/include/my_ur_msgs/my_ur_msgs/action/detail/send_script__description.c
-- Up-to-date: /home/administrator/Masterproject2/20_ROS/src/Robots/install/my_ur_msgs/include/my_ur_msgs/my_ur_msgs/action/detail/send_script__struct.h
-- Up-to-date: /home/administrator/Masterproject2/20_ROS/src/Robots/install/my_ur_msgs/include/my_ur_msgs/my_ur_msgs/action/detail/send_script__functions.h
-- Up-to-date: /home/administrator/Masterproject2/20_ROS/src/Robots/install/my_ur_msgs/include/my_ur_msgs/my_ur_msgs/action/detail/send_script__type_support.h
-- Up-to-date: /home/administrator/Masterproject2/20_ROS/src/Robots/install/my_ur_msgs/include/my_ur_msgs/my_ur_msgs/action/detail/send_script__functions.c
-- Up-to-date: /home/administrator/Masterproject2/20_ROS/src/Robots/install/my_ur_msgs/share/my_ur_msgs/environment/library_path.sh
-- Up-to-date: /home/administrator/Masterproject2/20_ROS/src/Robots/install/my_ur_msgs/share/my_ur_msgs/environment/library_path.dsv
-- Up-to-date: /home/administrator/Masterproject2/20_ROS/src/Robots/install/my_ur_msgs/lib/libmy_ur_msgs__rosidl_generator_c.so
-- Up-to-date: /home/administrator/Masterproject2/20_ROS/src/Robots/install/my_ur_msgs/include/my_ur_msgs/my_ur_msgs
-- Up-to-date: /home/administrator/Masterproject2/20_ROS/src/Robots/install/my_ur_msgs/include/my_ur_msgs/my_ur_msgs/msg
-- Up-to-date: /home/administrator/Masterproject2/20_ROS/src/Robots/install/my_ur_msgs/include/my_ur_msgs/my_ur_msgs/msg/rosidl_typesupport_fastrtps_c__visibility_control.h
-- Up-to-date: /home/administrator/Masterproject2/20_ROS/src/Robots/install/my_ur_msgs/include/my_ur_msgs/my_ur_msgs/action
-- Up-to-date: /home/administrator/Masterproject2/20_ROS/src/Robots/install/my_ur_msgs/include/my_ur_msgs/my_ur_msgs/action/detail
-- Up-to-date: /home/administrator/Masterproject2/20_ROS/src/Robots/install/my_ur_msgs/include/my_ur_msgs/my_ur_msgs/action/detail/send_script__rosidl_typesupport_fastrtps_c.h
-- Up-to-date: /home/administrator/Masterproject2/20_ROS/src/Robots/install/my_ur_msgs/lib/libmy_ur_msgs__rosidl_typesupport_fastrtps_c.so
-- Up-to-date: /home/administrator/Masterproject2/20_ROS/src/Robots/install/my_ur_msgs/include/my_ur_msgs/my_ur_msgs
-- Up-to-date: /home/administrator/Masterproject2/20_ROS/src/Robots/install/my_ur_msgs/include/my_ur_msgs/my_ur_msgs/msg
-- Up-to-date: /home/administrator/Masterproject2/20_ROS/src/Robots/install/my_ur_msgs/include/my_ur_msgs/my_ur_msgs/msg/rosidl_generator_cpp__visibility_control.hpp
-- Up-to-date: /home/administrator/Masterproject2/20_ROS/src/Robots/install/my_ur_msgs/include/my_ur_msgs/my_ur_msgs/action
-- Up-to-date: /home/administrator/Masterproject2/20_ROS/src/Robots/install/my_ur_msgs/include/my_ur_msgs/my_ur_msgs/action/send_script.hpp
-- Up-to-date: /home/administrator/Masterproject2/20_ROS/src/Robots/install/my_ur_msgs/include/my_ur_msgs/my_ur_msgs/action/detail
-- Up-to-date: /home/administrator/Masterproject2/20_ROS/src/Robots/install/my_ur_msgs/include/my_ur_msgs/my_ur_msgs/action/detail/send_script__builder.hpp
-- Up-to-date: /home/administrator/Masterproject2/20_ROS/src/Robots/install/my_ur_msgs/include/my_ur_msgs/my_ur_msgs/action/detail/send_script__struct.hpp
-- Up-to-date: /home/administrator/Masterproject2/20_ROS/src/Robots/install/my_ur_msgs/include/my_ur_msgs/my_ur_msgs/action/detail/send_script__traits.hpp
-- Up-to-date: /home/administrator/Masterproject2/20_ROS/src/Robots/install/my_ur_msgs/include/my_ur_msgs/my_ur_msgs/action/detail/send_script__type_support.hpp
-- Up-to-date: /home/administrator/Masterproject2/20_ROS/src/Robots/install/my_ur_msgs/include/my_ur_msgs/my_ur_msgs
-- Up-to-date: /home/administrator/Masterproject2/20_ROS/src/Robots/install/my_ur_msgs/include/my_ur_msgs/my_ur_msgs/msg
-- Up-to-date: /home/administrator/Masterproject2/20_ROS/src/Robots/install/my_ur_msgs/include/my_ur_msgs/my_ur_msgs/msg/rosidl_typesupport_fastrtps_cpp__visibility_control.h
-- Up-to-date: /home/administrator/Masterproject2/20_ROS/src/Robots/install/my_ur_msgs/include/my_ur_msgs/my_ur_msgs/action
-- Up-to-date: /home/administrator/Masterproject2/20_ROS/src/Robots/install/my_ur_msgs/include/my_ur_msgs/my_ur_msgs/action/detail
-- Up-to-date: /home/administrator/Masterproject2/20_ROS/src/Robots/install/my_ur_msgs/include/my_ur_msgs/my_ur_msgs/action/detail/send_script__rosidl_typesupport_fastrtps_cpp.hpp
-- Up-to-date: /home/administrator/Masterproject2/20_ROS/src/Robots/install/my_ur_msgs/include/my_ur_msgs/my_ur_msgs/action/detail/dds_fastrtps
-- Up-to-date: /home/administrator/Masterproject2/20_ROS/src/Robots/install/my_ur_msgs/lib/libmy_ur_msgs__rosidl_typesupport_fastrtps_cpp.so
-- Up-to-date: /home/administrator/Masterproject2/20_ROS/src/Robots/install/my_ur_msgs/include/my_ur_msgs/my_ur_msgs
-- Up-to-date: /home/administrator/Masterproject2/20_ROS/src/Robots/install/my_ur_msgs/include/my_ur_msgs/my_ur_msgs/msg
-- Up-to-date: /home/administrator/Masterproject2/20_ROS/src/Robots/install/my_ur_msgs/include/my_ur_msgs/my_ur_msgs/msg/rosidl_typesupport_introspection_c__visibility_control.h
-- Up-to-date: /home/administrator/Masterproject2/20_ROS/src/Robots/install/my_ur_msgs/include/my_ur_msgs/my_ur_msgs/action
-- Up-to-date: /home/administrator/Masterproject2/20_ROS/src/Robots/install/my_ur_msgs/include/my_ur_msgs/my_ur_msgs/action/detail
-- Up-to-date: /home/administrator/Masterproject2/20_ROS/src/Robots/install/my_ur_msgs/include/my_ur_msgs/my_ur_msgs/action/detail/send_script__type_support.c
-- Up-to-date: /home/administrator/Masterproject2/20_ROS/src/Robots/install/my_ur_msgs/include/my_ur_msgs/my_ur_msgs/action/detail/send_script__rosidl_typesupport_introspection_c.h
-- Up-to-date: /home/administrator/Masterproject2/20_ROS/src/Robots/install/my_ur_msgs/lib/libmy_ur_msgs__rosidl_typesupport_introspection_c.so
-- Up-to-date: /home/administrator/Masterproject2/20_ROS/src/Robots/install/my_ur_msgs/lib/libmy_ur_msgs__rosidl_typesupport_c.so
-- Up-to-date: /home/administrator/Masterproject2/20_ROS/src/Robots/install/my_ur_msgs/include/my_ur_msgs/my_ur_msgs
-- Up-to-date: /home/administrator/Masterproject2/20_ROS/src/Robots/install/my_ur_msgs/include/my_ur_msgs/my_ur_msgs/action
-- Up-to-date: /home/administrator/Masterproject2/20_ROS/src/Robots/install/my_ur_msgs/include/my_ur_msgs/my_ur_msgs/action/detail
-- Up-to-date: /home/administrator/Masterproject2/20_ROS/src/Robots/install/my_ur_msgs/include/my_ur_msgs/my_ur_msgs/action/detail/send_script__type_support.cpp
-- Up-to-date: /home/administrator/Masterproject2/20_ROS/src/Robots/install/my_ur_msgs/include/my_ur_msgs/my_ur_msgs/action/detail/send_script__rosidl_typesupport_introspection_cpp.hpp
-- Up-to-date: /home/administrator/Masterproject2/20_ROS/src/Robots/install/my_ur_msgs/lib/libmy_ur_msgs__rosidl_typesupport_introspection_cpp.so
-- Up-to-date: /home/administrator/Masterproject2/20_ROS/src/Robots/install/my_ur_msgs/lib/libmy_ur_msgs__rosidl_typesupport_cpp.so
-- Up-to-date: /home/administrator/Masterproject2/20_ROS/src/Robots/install/my_ur_msgs/share/my_ur_msgs/environment/pythonpath.sh
-- Up-to-date: /home/administrator/Masterproject2/20_ROS/src/Robots/install/my_ur_msgs/share/my_ur_msgs/environment/pythonpath.dsv
-- Up-to-date: /home/administrator/Masterproject2/20_ROS/src/Robots/install/my_ur_msgs/lib/python3.12/site-packages/my_ur_msgs-0.0.0-py3.12.egg-info
-- Installing: /home/administrator/Masterproject2/20_ROS/src/Robots/install/my_ur_msgs/lib/python3.12/site-packages/my_ur_msgs-0.0.0-py3.12.egg-info/dependency_links.txt
-- Installing: /home/administrator/Masterproject2/20_ROS/src/Robots/install/my_ur_msgs/lib/python3.12/site-packages/my_ur_msgs-0.0.0-py3.12.egg-info/top_level.txt
-- Installing: /home/administrator/Masterproject2/20_ROS/src/Robots/install/my_ur_msgs/lib/python3.12/site-packages/my_ur_msgs-0.0.0-py3.12.egg-info/SOURCES.txt
-- Installing: /home/administrator/Masterproject2/20_ROS/src/Robots/install/my_ur_msgs/lib/python3.12/site-packages/my_ur_msgs-0.0.0-py3.12.egg-info/PKG-INFO
-- Up-to-date: /home/administrator/Masterproject2/20_ROS/src/Robots/install/my_ur_msgs/lib/python3.12/site-packages/my_ur_msgs
-- Up-to-date: /home/administrator/Masterproject2/20_ROS/src/Robots/install/my_ur_msgs/lib/python3.12/site-packages/my_ur_msgs/_my_ur_msgs_s.ep.rosidl_typesupport_introspection_c.c
-- Up-to-date: /home/administrator/Masterproject2/20_ROS/src/Robots/install/my_ur_msgs/lib/python3.12/site-packages/my_ur_msgs/my_ur_msgs_s__rosidl_typesupport_c.so
-- Up-to-date: /home/administrator/Masterproject2/20_ROS/src/Robots/install/my_ur_msgs/lib/python3.12/site-packages/my_ur_msgs/__init__.py
-- Up-to-date: /home/administrator/Masterproject2/20_ROS/src/Robots/install/my_ur_msgs/lib/python3.12/site-packages/my_ur_msgs/_my_ur_msgs_s.ep.rosidl_typesupport_c.c
-- Up-to-date: /home/administrator/Masterproject2/20_ROS/src/Robots/install/my_ur_msgs/lib/python3.12/site-packages/my_ur_msgs/my_ur_msgs_s__rosidl_typesupport_fastrtps_c.so
-- Up-to-date: /home/administrator/Masterproject2/20_ROS/src/Robots/install/my_ur_msgs/lib/python3.12/site-packages/my_ur_msgs/my_ur_msgs_s__rosidl_typesupport_introspection_c.so
-- Up-to-date: /home/administrator/Masterproject2/20_ROS/src/Robots/install/my_ur_msgs/lib/python3.12/site-packages/my_ur_msgs/_my_ur_msgs_s.ep.rosidl_typesupport_fastrtps_c.c
-- Up-to-date: /home/administrator/Masterproject2/20_ROS/src/Robots/install/my_ur_msgs/lib/python3.12/site-packages/my_ur_msgs/action
-- Up-to-date: /home/administrator/Masterproject2/20_ROS/src/Robots/install/my_ur_msgs/lib/python3.12/site-packages/my_ur_msgs/action/__init__.py
-- Up-to-date: /home/administrator/Masterproject2/20_ROS/src/Robots/install/my_ur_msgs/lib/python3.12/site-packages/my_ur_msgs/action/_send_script.py
-- Up-to-date: /home/administrator/Masterproject2/20_ROS/src/Robots/install/my_ur_msgs/lib/python3.12/site-packages/my_ur_msgs/action/_send_script_s.c
Listing '/home/administrator/Masterproject2/20_ROS/src/Robots/install/my_ur_msgs/lib/python3.12/site-packages/my_ur_msgs'...
Listing '/home/administrator/Masterproject2/20_ROS/src/Robots/install/my_ur_msgs/lib/python3.12/site-packages/my_ur_msgs/action'...
-- Up-to-date: /home/administrator/Masterproject2/20_ROS/src/Robots/install/my_ur_msgs/lib/python3.12/site-packages/my_ur_msgs/my_ur_msgs_s__rosidl_typesupport_fastrtps_c.so
-- Up-to-date: /home/administrator/Masterproject2/20_ROS/src/Robots/install/my_ur_msgs/lib/python3.12/site-packages/my_ur_msgs/my_ur_msgs_s__rosidl_typesupport_introspection_c.so
-- Up-to-date: /home/administrator/Masterproject2/20_ROS/src/Robots/install/my_ur_msgs/lib/python3.12/site-packages/my_ur_msgs/my_ur_msgs_s__rosidl_typesupport_c.so
-- Up-to-date: /home/administrator/Masterproject2/20_ROS/src/Robots/install/my_ur_msgs/lib/libmy_ur_msgs__rosidl_generator_py.so
-- Up-to-date: /home/administrator/Masterproject2/20_ROS/src/Robots/install/my_ur_msgs/share/ament_index/resource_index/rust_packages/my_ur_msgs
-- Up-to-date: /home/administrator/Masterproject2/20_ROS/src/Robots/install/my_ur_msgs/share/my_ur_msgs/rust
-- Up-to-date: /home/administrator/Masterproject2/20_ROS/src/Robots/install/my_ur_msgs/share/my_ur_msgs/rust/Cargo.toml
-- Up-to-date: /home/administrator/Masterproject2/20_ROS/src/Robots/install/my_ur_msgs/share/my_ur_msgs/rust/build.rs
-- Up-to-date: /home/administrator/Masterproject2/20_ROS/src/Robots/install/my_ur_msgs/share/my_ur_msgs/rust/src
-- Up-to-date: /home/administrator/Masterproject2/20_ROS/src/Robots/install/my_ur_msgs/share/my_ur_msgs/rust/src/action.rs
-- Up-to-date: /home/administrator/Masterproject2/20_ROS/src/Robots/install/my_ur_msgs/share/my_ur_msgs/rust/src/lib.rs
-- Up-to-date: /home/administrator/Masterproject2/20_ROS/src/Robots/install/my_ur_msgs/share/my_ur_msgs/rust/src/action
-- Up-to-date: /home/administrator/Masterproject2/20_ROS/src/Robots/install/my_ur_msgs/share/my_ur_msgs/rust/src/action/rmw.rs
-- Up-to-date: /home/administrator/Masterproject2/20_ROS/src/Robots/install/my_ur_msgs/share/my_ur_msgs/action/SendScript.idl
-- Up-to-date: /home/administrator/Masterproject2/20_ROS/src/Robots/install/my_ur_msgs/share/my_ur_msgs/action/SendScript.action
-- Up-to-date: /home/administrator/Masterproject2/20_ROS/src/Robots/install/my_ur_msgs/share/ament_index/resource_index/package_run_dependencies/my_ur_msgs
-- Up-to-date: /home/administrator/Masterproject2/20_ROS/src/Robots/install/my_ur_msgs/share/ament_index/resource_index/parent_prefix_path/my_ur_msgs
-- Up-to-date: /home/administrator/Masterproject2/20_ROS/src/Robots/install/my_ur_msgs/share/my_ur_msgs/environment/ament_prefix_path.sh
-- Up-to-date: /home/administrator/Masterproject2/20_ROS/src/Robots/install/my_ur_msgs/share/my_ur_msgs/environment/ament_prefix_path.dsv
-- Up-to-date: /home/administrator/Masterproject2/20_ROS/src/Robots/install/my_ur_msgs/share/my_ur_msgs/environment/path.sh
-- Up-to-date: /home/administrator/Masterproject2/20_ROS/src/Robots/install/my_ur_msgs/share/my_ur_msgs/environment/path.dsv
-- Up-to-date: /home/administrator/Masterproject2/20_ROS/src/Robots/install/my_ur_msgs/share/my_ur_msgs/local_setup.bash
-- Up-to-date: /home/administrator/Masterproject2/20_ROS/src/Robots/install/my_ur_msgs/share/my_ur_msgs/local_setup.sh
-- Up-to-date: /home/administrator/Masterproject2/20_ROS/src/Robots/install/my_ur_msgs/share/my_ur_msgs/local_setup.zsh
-- Up-to-date: /home/administrator/Masterproject2/20_ROS/src/Robots/install/my_ur_msgs/share/my_ur_msgs/local_setup.dsv
-- Installing: /home/administrator/Masterproject2/20_ROS/src/Robots/install/my_ur_msgs/share/my_ur_msgs/package.dsv
-- Up-to-date: /home/administrator/Masterproject2/20_ROS/src/Robots/install/my_ur_msgs/share/ament_index/resource_index/packages/my_ur_msgs
-- Up-to-date: /home/administrator/Masterproject2/20_ROS/src/Robots/install/my_ur_msgs/share/my_ur_msgs/cmake/export_my_ur_msgs__rosidl_generator_cExport.cmake
-- Up-to-date: /home/administrator/Masterproject2/20_ROS/src/Robots/install/my_ur_msgs/share/my_ur_msgs/cmake/export_my_ur_msgs__rosidl_generator_cExport-noconfig.cmake
-- Up-to-date: /home/administrator/Masterproject2/20_ROS/src/Robots/install/my_ur_msgs/share/my_ur_msgs/cmake/export_my_ur_msgs__rosidl_typesupport_fastrtps_cExport.cmake
-- Up-to-date: /home/administrator/Masterproject2/20_ROS/src/Robots/install/my_ur_msgs/share/my_ur_msgs/cmake/export_my_ur_msgs__rosidl_typesupport_fastrtps_cExport-noconfig.cmake
-- Up-to-date: /home/administrator/Masterproject2/20_ROS/src/Robots/install/my_ur_msgs/share/my_ur_msgs/cmake/export_my_ur_msgs__rosidl_generator_cppExport.cmake
-- Up-to-date: /home/administrator/Masterproject2/20_ROS/src/Robots/install/my_ur_msgs/share/my_ur_msgs/cmake/export_my_ur_msgs__rosidl_typesupport_fastrtps_cppExport.cmake
-- Up-to-date: /home/administrator/Masterproject2/20_ROS/src/Robots/install/my_ur_msgs/share/my_ur_msgs/cmake/export_my_ur_msgs__rosidl_typesupport_fastrtps_cppExport-noconfig.cmake
-- Up-to-date: /home/administrator/Masterproject2/20_ROS/src/Robots/install/my_ur_msgs/share/my_ur_msgs/cmake/my_ur_msgs__rosidl_typesupport_introspection_cExport.cmake
-- Up-to-date: /home/administrator/Masterproject2/20_ROS/src/Robots/install/my_ur_msgs/share/my_ur_msgs/cmake/my_ur_msgs__rosidl_typesupport_introspection_cExport-noconfig.cmake
-- Up-to-date: /home/administrator/Masterproject2/20_ROS/src/Robots/install/my_ur_msgs/share/my_ur_msgs/cmake/my_ur_msgs__rosidl_typesupport_cExport.cmake
-- Up-to-date: /home/administrator/Masterproject2/20_ROS/src/Robots/install/my_ur_msgs/share/my_ur_msgs/cmake/my_ur_msgs__rosidl_typesupport_cExport-noconfig.cmake
-- Up-to-date: /home/administrator/Masterproject2/20_ROS/src/Robots/install/my_ur_msgs/share/my_ur_msgs/cmake/my_ur_msgs__rosidl_typesupport_introspection_cppExport.cmake
-- Up-to-date: /home/administrator/Masterproject2/20_ROS/src/Robots/install/my_ur_msgs/share/my_ur_msgs/cmake/my_ur_msgs__rosidl_typesupport_introspection_cppExport-noconfig.cmake
-- Up-to-date: /home/administrator/Masterproject2/20_ROS/src/Robots/install/my_ur_msgs/share/my_ur_msgs/cmake/my_ur_msgs__rosidl_typesupport_cppExport.cmake
-- Up-to-date: /home/administrator/Masterproject2/20_ROS/src/Robots/install/my_ur_msgs/share/my_ur_msgs/cmake/my_ur_msgs__rosidl_typesupport_cppExport-noconfig.cmake
-- Up-to-date: /home/administrator/Masterproject2/20_ROS/src/Robots/install/my_ur_msgs/share/my_ur_msgs/cmake/export_my_ur_msgs__rosidl_generator_pyExport.cmake
-- Up-to-date: /home/administrator/Masterproject2/20_ROS/src/Robots/install/my_ur_msgs/share/my_ur_msgs/cmake/export_my_ur_msgs__rosidl_generator_pyExport-noconfig.cmake
-- Up-to-date: /home/administrator/Masterproject2/20_ROS/src/Robots/install/my_ur_msgs/share/my_ur_msgs/cmake/rosidl_cmake-extras.cmake
-- Up-to-date: /home/administrator/Masterproject2/20_ROS/src/Robots/install/my_ur_msgs/share/my_ur_msgs/cmake/ament_cmake_export_dependencies-extras.cmake
-- Up-to-date: /home/administrator/Masterproject2/20_ROS/src/Robots/install/my_ur_msgs/share/my_ur_msgs/cmake/ament_cmake_export_include_directories-extras.cmake
-- Up-to-date: /home/administrator/Masterproject2/20_ROS/src/Robots/install/my_ur_msgs/share/my_ur_msgs/cmake/ament_cmake_export_libraries-extras.cmake
-- Up-to-date: /home/administrator/Masterproject2/20_ROS/src/Robots/install/my_ur_msgs/share/my_ur_msgs/cmake/ament_cmake_export_targets-extras.cmake
-- Up-to-date: /home/administrator/Masterproject2/20_ROS/src/Robots/install/my_ur_msgs/share/my_ur_msgs/cmake/rosidl_cmake_export_typesupport_targets-extras.cmake
-- Up-to-date: /home/administrator/Masterproject2/20_ROS/src/Robots/install/my_ur_msgs/share/my_ur_msgs/cmake/rosidl_cmake_export_typesupport_libraries-extras.cmake
-- Up-to-date: /home/administrator/Masterproject2/20_ROS/src/Robots/install/my_ur_msgs/share/my_ur_msgs/cmake/my_ur_msgsConfig.cmake
-- Up-to-date: /home/administrator/Masterproject2/20_ROS/src/Robots/install/my_ur_msgs/share/my_ur_msgs/cmake/my_ur_msgsConfig-version.cmake
-- Up-to-date: /home/administrator/Masterproject2/20_ROS/src/Robots/install/my_ur_msgs/share/my_ur_msgs/package.xml
