[0.028s] Invoking command in '/home/administrator/Masterproject2/20_ROS/src/Robots/build/my_ur_msgs': CMAKE_PREFIX_PATH=${CMAKE_PREFIX_PATH}:/opt/ros/kilted DEBUGINFOD_URLS=https://debuginfod.ubuntu.com /usr/bin/cmake --build /home/administrator/Masterproject2/20_ROS/src/Robots/build/my_ur_msgs -- -j14 -l14
[0.071s] [  2%] Built target my_ur_msgs__rs
[0.073s] [  5%] Built target my_ur_msgs__rosidl_generator_type_description
[0.090s] [  5%] Built target ament_cmake_python_copy_my_ur_msgs
[0.091s] [  8%] Built target my_ur_msgs__cpp
[0.141s] [ 22%] Built target my_ur_msgs__rosidl_generator_c
[0.161s] [ 31%] Built target my_ur_msgs__rosidl_typesupport_fastrtps_c
[0.170s] [ 40%] Built target my_ur_msgs__rosidl_typesupport_introspection_c
[0.180s] [ 48%] Built target my_ur_msgs__rosidl_typesupport_c
[0.187s] [ 57%] Built target my_ur_msgs__rosidl_typesupport_cpp
[0.192s] [ 65%] Built target my_ur_msgs__rosidl_typesupport_introspection_cpp
[0.195s] [ 74%] Built target my_ur_msgs__rosidl_typesupport_fastrtps_cpp
[0.235s] [ 74%] Built target my_ur_msgs
[0.266s] [ 77%] Built target my_ur_msgs__py
[0.284s] [ 82%] Built target my_ur_msgs__rosidl_generator_py
[0.292s] running egg_info
[0.315s] [ 88%] Built target my_ur_msgs_s__rosidl_typesupport_fastrtps_c
[0.315s] writing my_ur_msgs.egg-info/PKG-INFO
[0.319s] writing dependency_links to my_ur_msgs.egg-info/dependency_links.txt
[0.319s] writing top-level names to my_ur_msgs.egg-info/top_level.txt
[0.321s] [ 94%] Built target my_ur_msgs_s__rosidl_typesupport_c
[0.330s] [100%] Built target my_ur_msgs_s__rosidl_typesupport_introspection_c
[0.353s] reading manifest file 'my_ur_msgs.egg-info/SOURCES.txt'
[0.353s] writing manifest file 'my_ur_msgs.egg-info/SOURCES.txt'
[0.371s] [100%] Built target ament_cmake_python_build_my_ur_msgs_egg
[0.466s] Invoked command in '/home/administrator/Masterproject2/20_ROS/src/Robots/build/my_ur_msgs' returned '0': CMAKE_PREFIX_PATH=${CMAKE_PREFIX_PATH}:/opt/ros/kilted DEBUGINFOD_URLS=https://debuginfod.ubuntu.com /usr/bin/cmake --build /home/administrator/Masterproject2/20_ROS/src/Robots/build/my_ur_msgs -- -j14 -l14
[0.467s] Invoking command in '/home/administrator/Masterproject2/20_ROS/src/Robots/build/my_ur_msgs': CMAKE_PREFIX_PATH=${CMAKE_PREFIX_PATH}:/opt/ros/kilted DEBUGINFOD_URLS=https://debuginfod.ubuntu.com /usr/bin/cmake --install /home/administrator/Masterproject2/20_ROS/src/Robots/build/my_ur_msgs
[0.481s] -- Install configuration: ""
[0.482s] -- Up-to-date: /home/administrator/Masterproject2/20_ROS/src/Robots/install/my_ur_msgs/share/ament_index/resource_index/rosidl_interfaces/my_ur_msgs
[0.482s] -- Up-to-date: /home/administrator/Masterproject2/20_ROS/src/Robots/install/my_ur_msgs/share/my_ur_msgs/action/SendScript.json
[0.482s] -- Up-to-date: /home/administrator/Masterproject2/20_ROS/src/Robots/install/my_ur_msgs/include/my_ur_msgs/my_ur_msgs
[0.482s] -- Up-to-date: /home/administrator/Masterproject2/20_ROS/src/Robots/install/my_ur_msgs/include/my_ur_msgs/my_ur_msgs/msg
[0.482s] -- Up-to-date: /home/administrator/Masterproject2/20_ROS/src/Robots/install/my_ur_msgs/include/my_ur_msgs/my_ur_msgs/msg/rosidl_generator_c__visibility_control.h
[0.482s] -- Up-to-date: /home/administrator/Masterproject2/20_ROS/src/Robots/install/my_ur_msgs/include/my_ur_msgs/my_ur_msgs/action
[0.482s] -- Up-to-date: /home/administrator/Masterproject2/20_ROS/src/Robots/install/my_ur_msgs/include/my_ur_msgs/my_ur_msgs/action/send_script.h
[0.482s] -- Up-to-date: /home/administrator/Masterproject2/20_ROS/src/Robots/install/my_ur_msgs/include/my_ur_msgs/my_ur_msgs/action/detail
[0.482s] -- Up-to-date: /home/administrator/Masterproject2/20_ROS/src/Robots/install/my_ur_msgs/include/my_ur_msgs/my_ur_msgs/action/detail/send_script__type_support.c
[0.482s] -- Up-to-date: /home/administrator/Masterproject2/20_ROS/src/Robots/install/my_ur_msgs/include/my_ur_msgs/my_ur_msgs/action/detail/send_script__description.c
[0.483s] -- Up-to-date: /home/administrator/Masterproject2/20_ROS/src/Robots/install/my_ur_msgs/include/my_ur_msgs/my_ur_msgs/action/detail/send_script__struct.h
[0.483s] -- Up-to-date: /home/administrator/Masterproject2/20_ROS/src/Robots/install/my_ur_msgs/include/my_ur_msgs/my_ur_msgs/action/detail/send_script__functions.h
[0.483s] -- Up-to-date: /home/administrator/Masterproject2/20_ROS/src/Robots/install/my_ur_msgs/include/my_ur_msgs/my_ur_msgs/action/detail/send_script__type_support.h
[0.483s] -- Up-to-date: /home/administrator/Masterproject2/20_ROS/src/Robots/install/my_ur_msgs/include/my_ur_msgs/my_ur_msgs/action/detail/send_script__functions.c
[0.483s] -- Up-to-date: /home/administrator/Masterproject2/20_ROS/src/Robots/install/my_ur_msgs/share/my_ur_msgs/environment/library_path.sh
[0.483s] -- Up-to-date: /home/administrator/Masterproject2/20_ROS/src/Robots/install/my_ur_msgs/share/my_ur_msgs/environment/library_path.dsv
[0.483s] -- Up-to-date: /home/administrator/Masterproject2/20_ROS/src/Robots/install/my_ur_msgs/lib/libmy_ur_msgs__rosidl_generator_c.so
[0.483s] -- Up-to-date: /home/administrator/Masterproject2/20_ROS/src/Robots/install/my_ur_msgs/include/my_ur_msgs/my_ur_msgs
[0.483s] -- Up-to-date: /home/administrator/Masterproject2/20_ROS/src/Robots/install/my_ur_msgs/include/my_ur_msgs/my_ur_msgs/msg
[0.483s] -- Up-to-date: /home/administrator/Masterproject2/20_ROS/src/Robots/install/my_ur_msgs/include/my_ur_msgs/my_ur_msgs/msg/rosidl_typesupport_fastrtps_c__visibility_control.h
[0.483s] -- Up-to-date: /home/administrator/Masterproject2/20_ROS/src/Robots/install/my_ur_msgs/include/my_ur_msgs/my_ur_msgs/action
[0.483s] -- Up-to-date: /home/administrator/Masterproject2/20_ROS/src/Robots/install/my_ur_msgs/include/my_ur_msgs/my_ur_msgs/action/detail
[0.485s] -- Up-to-date: /home/administrator/Masterproject2/20_ROS/src/Robots/install/my_ur_msgs/include/my_ur_msgs/my_ur_msgs/action/detail/send_script__rosidl_typesupport_fastrtps_c.h
[0.485s] -- Up-to-date: /home/administrator/Masterproject2/20_ROS/src/Robots/install/my_ur_msgs/lib/libmy_ur_msgs__rosidl_typesupport_fastrtps_c.so
[0.485s] -- Up-to-date: /home/administrator/Masterproject2/20_ROS/src/Robots/install/my_ur_msgs/include/my_ur_msgs/my_ur_msgs
[0.485s] -- Up-to-date: /home/administrator/Masterproject2/20_ROS/src/Robots/install/my_ur_msgs/include/my_ur_msgs/my_ur_msgs/msg
[0.486s] -- Up-to-date: /home/administrator/Masterproject2/20_ROS/src/Robots/install/my_ur_msgs/include/my_ur_msgs/my_ur_msgs/msg/rosidl_generator_cpp__visibility_control.hpp
[0.486s] -- Up-to-date: /home/administrator/Masterproject2/20_ROS/src/Robots/install/my_ur_msgs/include/my_ur_msgs/my_ur_msgs/action
[0.486s] -- Up-to-date: /home/administrator/Masterproject2/20_ROS/src/Robots/install/my_ur_msgs/include/my_ur_msgs/my_ur_msgs/action/send_script.hpp
[0.486s] -- Up-to-date: /home/administrator/Masterproject2/20_ROS/src/Robots/install/my_ur_msgs/include/my_ur_msgs/my_ur_msgs/action/detail
[0.486s] -- Up-to-date: /home/administrator/Masterproject2/20_ROS/src/Robots/install/my_ur_msgs/include/my_ur_msgs/my_ur_msgs/action/detail/send_script__builder.hpp
[0.486s] -- Up-to-date: /home/administrator/Masterproject2/20_ROS/src/Robots/install/my_ur_msgs/include/my_ur_msgs/my_ur_msgs/action/detail/send_script__struct.hpp
[0.486s] -- Up-to-date: /home/administrator/Masterproject2/20_ROS/src/Robots/install/my_ur_msgs/include/my_ur_msgs/my_ur_msgs/action/detail/send_script__traits.hpp
[0.486s] -- Up-to-date: /home/administrator/Masterproject2/20_ROS/src/Robots/install/my_ur_msgs/include/my_ur_msgs/my_ur_msgs/action/detail/send_script__type_support.hpp
[0.486s] -- Up-to-date: /home/administrator/Masterproject2/20_ROS/src/Robots/install/my_ur_msgs/include/my_ur_msgs/my_ur_msgs
[0.486s] -- Up-to-date: /home/administrator/Masterproject2/20_ROS/src/Robots/install/my_ur_msgs/include/my_ur_msgs/my_ur_msgs/msg
[0.486s] -- Up-to-date: /home/administrator/Masterproject2/20_ROS/src/Robots/install/my_ur_msgs/include/my_ur_msgs/my_ur_msgs/msg/rosidl_typesupport_fastrtps_cpp__visibility_control.h
[0.486s] -- Up-to-date: /home/administrator/Masterproject2/20_ROS/src/Robots/install/my_ur_msgs/include/my_ur_msgs/my_ur_msgs/action
[0.486s] -- Up-to-date: /home/administrator/Masterproject2/20_ROS/src/Robots/install/my_ur_msgs/include/my_ur_msgs/my_ur_msgs/action/detail
[0.486s] -- Up-to-date: /home/administrator/Masterproject2/20_ROS/src/Robots/install/my_ur_msgs/include/my_ur_msgs/my_ur_msgs/action/detail/send_script__rosidl_typesupport_fastrtps_cpp.hpp
[0.486s] -- Up-to-date: /home/administrator/Masterproject2/20_ROS/src/Robots/install/my_ur_msgs/include/my_ur_msgs/my_ur_msgs/action/detail/dds_fastrtps
[0.486s] -- Up-to-date: /home/administrator/Masterproject2/20_ROS/src/Robots/install/my_ur_msgs/lib/libmy_ur_msgs__rosidl_typesupport_fastrtps_cpp.so
[0.487s] -- Up-to-date: /home/administrator/Masterproject2/20_ROS/src/Robots/install/my_ur_msgs/include/my_ur_msgs/my_ur_msgs
[0.487s] -- Up-to-date: /home/administrator/Masterproject2/20_ROS/src/Robots/install/my_ur_msgs/include/my_ur_msgs/my_ur_msgs/msg
[0.487s] -- Up-to-date: /home/administrator/Masterproject2/20_ROS/src/Robots/install/my_ur_msgs/include/my_ur_msgs/my_ur_msgs/msg/rosidl_typesupport_introspection_c__visibility_control.h
[0.487s] -- Up-to-date: /home/administrator/Masterproject2/20_ROS/src/Robots/install/my_ur_msgs/include/my_ur_msgs/my_ur_msgs/action
[0.487s] -- Up-to-date: /home/administrator/Masterproject2/20_ROS/src/Robots/install/my_ur_msgs/include/my_ur_msgs/my_ur_msgs/action/detail
[0.487s] -- Up-to-date: /home/administrator/Masterproject2/20_ROS/src/Robots/install/my_ur_msgs/include/my_ur_msgs/my_ur_msgs/action/detail/send_script__type_support.c
[0.487s] -- Up-to-date: /home/administrator/Masterproject2/20_ROS/src/Robots/install/my_ur_msgs/include/my_ur_msgs/my_ur_msgs/action/detail/send_script__rosidl_typesupport_introspection_c.h
[0.487s] -- Up-to-date: /home/administrator/Masterproject2/20_ROS/src/Robots/install/my_ur_msgs/lib/libmy_ur_msgs__rosidl_typesupport_introspection_c.so
[0.487s] -- Up-to-date: /home/administrator/Masterproject2/20_ROS/src/Robots/install/my_ur_msgs/lib/libmy_ur_msgs__rosidl_typesupport_c.so
[0.487s] -- Up-to-date: /home/administrator/Masterproject2/20_ROS/src/Robots/install/my_ur_msgs/include/my_ur_msgs/my_ur_msgs
[0.487s] -- Up-to-date: /home/administrator/Masterproject2/20_ROS/src/Robots/install/my_ur_msgs/include/my_ur_msgs/my_ur_msgs/action
[0.487s] -- Up-to-date: /home/administrator/Masterproject2/20_ROS/src/Robots/install/my_ur_msgs/include/my_ur_msgs/my_ur_msgs/action/detail
[0.487s] -- Up-to-date: /home/administrator/Masterproject2/20_ROS/src/Robots/install/my_ur_msgs/include/my_ur_msgs/my_ur_msgs/action/detail/send_script__type_support.cpp
[0.487s] -- Up-to-date: /home/administrator/Masterproject2/20_ROS/src/Robots/install/my_ur_msgs/include/my_ur_msgs/my_ur_msgs/action/detail/send_script__rosidl_typesupport_introspection_cpp.hpp
[0.487s] -- Up-to-date: /home/administrator/Masterproject2/20_ROS/src/Robots/install/my_ur_msgs/lib/libmy_ur_msgs__rosidl_typesupport_introspection_cpp.so
[0.489s] -- Up-to-date: /home/administrator/Masterproject2/20_ROS/src/Robots/install/my_ur_msgs/lib/libmy_ur_msgs__rosidl_typesupport_cpp.so
[0.489s] -- Up-to-date: /home/administrator/Masterproject2/20_ROS/src/Robots/install/my_ur_msgs/share/my_ur_msgs/environment/pythonpath.sh
[0.489s] -- Up-to-date: /home/administrator/Masterproject2/20_ROS/src/Robots/install/my_ur_msgs/share/my_ur_msgs/environment/pythonpath.dsv
[0.490s] -- Up-to-date: /home/administrator/Masterproject2/20_ROS/src/Robots/install/my_ur_msgs/lib/python3.12/site-packages/my_ur_msgs-0.0.0-py3.12.egg-info
[0.490s] -- Installing: /home/administrator/Masterproject2/20_ROS/src/Robots/install/my_ur_msgs/lib/python3.12/site-packages/my_ur_msgs-0.0.0-py3.12.egg-info/dependency_links.txt
[0.490s] -- Installing: /home/administrator/Masterproject2/20_ROS/src/Robots/install/my_ur_msgs/lib/python3.12/site-packages/my_ur_msgs-0.0.0-py3.12.egg-info/top_level.txt
[0.490s] -- Installing: /home/administrator/Masterproject2/20_ROS/src/Robots/install/my_ur_msgs/lib/python3.12/site-packages/my_ur_msgs-0.0.0-py3.12.egg-info/SOURCES.txt
[0.490s] -- Installing: /home/administrator/Masterproject2/20_ROS/src/Robots/install/my_ur_msgs/lib/python3.12/site-packages/my_ur_msgs-0.0.0-py3.12.egg-info/PKG-INFO
[0.490s] -- Up-to-date: /home/administrator/Masterproject2/20_ROS/src/Robots/install/my_ur_msgs/lib/python3.12/site-packages/my_ur_msgs
[0.490s] -- Up-to-date: /home/administrator/Masterproject2/20_ROS/src/Robots/install/my_ur_msgs/lib/python3.12/site-packages/my_ur_msgs/_my_ur_msgs_s.ep.rosidl_typesupport_introspection_c.c
[0.491s] -- Up-to-date: /home/administrator/Masterproject2/20_ROS/src/Robots/install/my_ur_msgs/lib/python3.12/site-packages/my_ur_msgs/my_ur_msgs_s__rosidl_typesupport_c.so
[0.492s] -- Up-to-date: /home/administrator/Masterproject2/20_ROS/src/Robots/install/my_ur_msgs/lib/python3.12/site-packages/my_ur_msgs/__init__.py
[0.492s] -- Up-to-date: /home/administrator/Masterproject2/20_ROS/src/Robots/install/my_ur_msgs/lib/python3.12/site-packages/my_ur_msgs/_my_ur_msgs_s.ep.rosidl_typesupport_c.c
[0.492s] -- Up-to-date: /home/administrator/Masterproject2/20_ROS/src/Robots/install/my_ur_msgs/lib/python3.12/site-packages/my_ur_msgs/my_ur_msgs_s__rosidl_typesupport_fastrtps_c.so
[0.493s] -- Up-to-date: /home/administrator/Masterproject2/20_ROS/src/Robots/install/my_ur_msgs/lib/python3.12/site-packages/my_ur_msgs/my_ur_msgs_s__rosidl_typesupport_introspection_c.so
[0.493s] -- Up-to-date: /home/administrator/Masterproject2/20_ROS/src/Robots/install/my_ur_msgs/lib/python3.12/site-packages/my_ur_msgs/_my_ur_msgs_s.ep.rosidl_typesupport_fastrtps_c.c
[0.493s] -- Up-to-date: /home/administrator/Masterproject2/20_ROS/src/Robots/install/my_ur_msgs/lib/python3.12/site-packages/my_ur_msgs/action
[0.493s] -- Up-to-date: /home/administrator/Masterproject2/20_ROS/src/Robots/install/my_ur_msgs/lib/python3.12/site-packages/my_ur_msgs/action/__init__.py
[0.493s] -- Up-to-date: /home/administrator/Masterproject2/20_ROS/src/Robots/install/my_ur_msgs/lib/python3.12/site-packages/my_ur_msgs/action/_send_script.py
[0.493s] -- Up-to-date: /home/administrator/Masterproject2/20_ROS/src/Robots/install/my_ur_msgs/lib/python3.12/site-packages/my_ur_msgs/action/_send_script_s.c
[0.567s] Listing '/home/administrator/Masterproject2/20_ROS/src/Robots/install/my_ur_msgs/lib/python3.12/site-packages/my_ur_msgs'...
[0.567s] Listing '/home/administrator/Masterproject2/20_ROS/src/Robots/install/my_ur_msgs/lib/python3.12/site-packages/my_ur_msgs/action'...
[0.572s] -- Up-to-date: /home/administrator/Masterproject2/20_ROS/src/Robots/install/my_ur_msgs/lib/python3.12/site-packages/my_ur_msgs/my_ur_msgs_s__rosidl_typesupport_fastrtps_c.so
[0.572s] -- Up-to-date: /home/administrator/Masterproject2/20_ROS/src/Robots/install/my_ur_msgs/lib/python3.12/site-packages/my_ur_msgs/my_ur_msgs_s__rosidl_typesupport_introspection_c.so
[0.573s] -- Up-to-date: /home/administrator/Masterproject2/20_ROS/src/Robots/install/my_ur_msgs/lib/python3.12/site-packages/my_ur_msgs/my_ur_msgs_s__rosidl_typesupport_c.so
[0.573s] -- Up-to-date: /home/administrator/Masterproject2/20_ROS/src/Robots/install/my_ur_msgs/lib/libmy_ur_msgs__rosidl_generator_py.so
[0.575s] -- Up-to-date: /home/administrator/Masterproject2/20_ROS/src/Robots/install/my_ur_msgs/share/ament_index/resource_index/rust_packages/my_ur_msgs
[0.575s] -- Up-to-date: /home/administrator/Masterproject2/20_ROS/src/Robots/install/my_ur_msgs/share/my_ur_msgs/rust
[0.575s] -- Up-to-date: /home/administrator/Masterproject2/20_ROS/src/Robots/install/my_ur_msgs/share/my_ur_msgs/rust/Cargo.toml
[0.575s] -- Up-to-date: /home/administrator/Masterproject2/20_ROS/src/Robots/install/my_ur_msgs/share/my_ur_msgs/rust/build.rs
[0.575s] -- Up-to-date: /home/administrator/Masterproject2/20_ROS/src/Robots/install/my_ur_msgs/share/my_ur_msgs/rust/src
[0.575s] -- Up-to-date: /home/administrator/Masterproject2/20_ROS/src/Robots/install/my_ur_msgs/share/my_ur_msgs/rust/src/action.rs
[0.575s] -- Up-to-date: /home/administrator/Masterproject2/20_ROS/src/Robots/install/my_ur_msgs/share/my_ur_msgs/rust/src/lib.rs
[0.575s] -- Up-to-date: /home/administrator/Masterproject2/20_ROS/src/Robots/install/my_ur_msgs/share/my_ur_msgs/rust/src/action
[0.575s] -- Up-to-date: /home/administrator/Masterproject2/20_ROS/src/Robots/install/my_ur_msgs/share/my_ur_msgs/rust/src/action/rmw.rs
[0.575s] -- Up-to-date: /home/administrator/Masterproject2/20_ROS/src/Robots/install/my_ur_msgs/share/my_ur_msgs/action/SendScript.idl
[0.575s] -- Up-to-date: /home/administrator/Masterproject2/20_ROS/src/Robots/install/my_ur_msgs/share/my_ur_msgs/action/SendScript.action
[0.575s] -- Up-to-date: /home/administrator/Masterproject2/20_ROS/src/Robots/install/my_ur_msgs/share/ament_index/resource_index/package_run_dependencies/my_ur_msgs
[0.577s] -- Up-to-date: /home/administrator/Masterproject2/20_ROS/src/Robots/install/my_ur_msgs/share/ament_index/resource_index/parent_prefix_path/my_ur_msgs
[0.581s] -- Up-to-date: /home/administrator/Masterproject2/20_ROS/src/Robots/install/my_ur_msgs/share/my_ur_msgs/environment/ament_prefix_path.sh
[0.583s] -- Up-to-date: /home/administrator/Masterproject2/20_ROS/src/Robots/install/my_ur_msgs/share/my_ur_msgs/environment/ament_prefix_path.dsv
[0.585s] -- Up-to-date: /home/administrator/Masterproject2/20_ROS/src/Robots/install/my_ur_msgs/share/my_ur_msgs/environment/path.sh
[0.585s] -- Up-to-date: /home/administrator/Masterproject2/20_ROS/src/Robots/install/my_ur_msgs/share/my_ur_msgs/environment/path.dsv
[0.585s] -- Up-to-date: /home/administrator/Masterproject2/20_ROS/src/Robots/install/my_ur_msgs/share/my_ur_msgs/local_setup.bash
[0.585s] -- Up-to-date: /home/administrator/Masterproject2/20_ROS/src/Robots/install/my_ur_msgs/share/my_ur_msgs/local_setup.sh
[0.585s] -- Up-to-date: /home/administrator/Masterproject2/20_ROS/src/Robots/install/my_ur_msgs/share/my_ur_msgs/local_setup.zsh
[0.585s] -- Up-to-date: /home/administrator/Masterproject2/20_ROS/src/Robots/install/my_ur_msgs/share/my_ur_msgs/local_setup.dsv
[0.585s] -- Installing: /home/administrator/Masterproject2/20_ROS/src/Robots/install/my_ur_msgs/share/my_ur_msgs/package.dsv
[0.585s] -- Up-to-date: /home/administrator/Masterproject2/20_ROS/src/Robots/install/my_ur_msgs/share/ament_index/resource_index/packages/my_ur_msgs
[0.585s] -- Up-to-date: /home/administrator/Masterproject2/20_ROS/src/Robots/install/my_ur_msgs/share/my_ur_msgs/cmake/export_my_ur_msgs__rosidl_generator_cExport.cmake
[0.585s] -- Up-to-date: /home/administrator/Masterproject2/20_ROS/src/Robots/install/my_ur_msgs/share/my_ur_msgs/cmake/export_my_ur_msgs__rosidl_generator_cExport-noconfig.cmake
[0.585s] -- Up-to-date: /home/administrator/Masterproject2/20_ROS/src/Robots/install/my_ur_msgs/share/my_ur_msgs/cmake/export_my_ur_msgs__rosidl_typesupport_fastrtps_cExport.cmake
[0.586s] -- Up-to-date: /home/administrator/Masterproject2/20_ROS/src/Robots/install/my_ur_msgs/share/my_ur_msgs/cmake/export_my_ur_msgs__rosidl_typesupport_fastrtps_cExport-noconfig.cmake
[0.586s] -- Up-to-date: /home/administrator/Masterproject2/20_ROS/src/Robots/install/my_ur_msgs/share/my_ur_msgs/cmake/export_my_ur_msgs__rosidl_generator_cppExport.cmake
[0.586s] -- Up-to-date: /home/administrator/Masterproject2/20_ROS/src/Robots/install/my_ur_msgs/share/my_ur_msgs/cmake/export_my_ur_msgs__rosidl_typesupport_fastrtps_cppExport.cmake
[0.586s] -- Up-to-date: /home/administrator/Masterproject2/20_ROS/src/Robots/install/my_ur_msgs/share/my_ur_msgs/cmake/export_my_ur_msgs__rosidl_typesupport_fastrtps_cppExport-noconfig.cmake
[0.586s] -- Up-to-date: /home/administrator/Masterproject2/20_ROS/src/Robots/install/my_ur_msgs/share/my_ur_msgs/cmake/my_ur_msgs__rosidl_typesupport_introspection_cExport.cmake
[0.586s] -- Up-to-date: /home/administrator/Masterproject2/20_ROS/src/Robots/install/my_ur_msgs/share/my_ur_msgs/cmake/my_ur_msgs__rosidl_typesupport_introspection_cExport-noconfig.cmake
[0.586s] -- Up-to-date: /home/administrator/Masterproject2/20_ROS/src/Robots/install/my_ur_msgs/share/my_ur_msgs/cmake/my_ur_msgs__rosidl_typesupport_cExport.cmake
[0.586s] -- Up-to-date: /home/administrator/Masterproject2/20_ROS/src/Robots/install/my_ur_msgs/share/my_ur_msgs/cmake/my_ur_msgs__rosidl_typesupport_cExport-noconfig.cmake
[0.586s] -- Up-to-date: /home/administrator/Masterproject2/20_ROS/src/Robots/install/my_ur_msgs/share/my_ur_msgs/cmake/my_ur_msgs__rosidl_typesupport_introspection_cppExport.cmake
[0.586s] -- Up-to-date: /home/administrator/Masterproject2/20_ROS/src/Robots/install/my_ur_msgs/share/my_ur_msgs/cmake/my_ur_msgs__rosidl_typesupport_introspection_cppExport-noconfig.cmake
[0.586s] -- Up-to-date: /home/administrator/Masterproject2/20_ROS/src/Robots/install/my_ur_msgs/share/my_ur_msgs/cmake/my_ur_msgs__rosidl_typesupport_cppExport.cmake
[0.586s] -- Up-to-date: /home/administrator/Masterproject2/20_ROS/src/Robots/install/my_ur_msgs/share/my_ur_msgs/cmake/my_ur_msgs__rosidl_typesupport_cppExport-noconfig.cmake
[0.586s] -- Up-to-date: /home/administrator/Masterproject2/20_ROS/src/Robots/install/my_ur_msgs/share/my_ur_msgs/cmake/export_my_ur_msgs__rosidl_generator_pyExport.cmake
[0.586s] -- Up-to-date: /home/administrator/Masterproject2/20_ROS/src/Robots/install/my_ur_msgs/share/my_ur_msgs/cmake/export_my_ur_msgs__rosidl_generator_pyExport-noconfig.cmake
[0.586s] -- Up-to-date: /home/administrator/Masterproject2/20_ROS/src/Robots/install/my_ur_msgs/share/my_ur_msgs/cmake/rosidl_cmake-extras.cmake
[0.586s] -- Up-to-date: /home/administrator/Masterproject2/20_ROS/src/Robots/install/my_ur_msgs/share/my_ur_msgs/cmake/ament_cmake_export_dependencies-extras.cmake
[0.586s] -- Up-to-date: /home/administrator/Masterproject2/20_ROS/src/Robots/install/my_ur_msgs/share/my_ur_msgs/cmake/ament_cmake_export_include_directories-extras.cmake
[0.586s] -- Up-to-date: /home/administrator/Masterproject2/20_ROS/src/Robots/install/my_ur_msgs/share/my_ur_msgs/cmake/ament_cmake_export_libraries-extras.cmake
[0.586s] -- Up-to-date: /home/administrator/Masterproject2/20_ROS/src/Robots/install/my_ur_msgs/share/my_ur_msgs/cmake/ament_cmake_export_targets-extras.cmake
[0.586s] -- Up-to-date: /home/administrator/Masterproject2/20_ROS/src/Robots/install/my_ur_msgs/share/my_ur_msgs/cmake/rosidl_cmake_export_typesupport_targets-extras.cmake
[0.586s] -- Up-to-date: /home/administrator/Masterproject2/20_ROS/src/Robots/install/my_ur_msgs/share/my_ur_msgs/cmake/rosidl_cmake_export_typesupport_libraries-extras.cmake
[0.587s] -- Up-to-date: /home/administrator/Masterproject2/20_ROS/src/Robots/install/my_ur_msgs/share/my_ur_msgs/cmake/my_ur_msgsConfig.cmake
[0.587s] -- Up-to-date: /home/administrator/Masterproject2/20_ROS/src/Robots/install/my_ur_msgs/share/my_ur_msgs/cmake/my_ur_msgsConfig-version.cmake
[0.587s] -- Up-to-date: /home/administrator/Masterproject2/20_ROS/src/Robots/install/my_ur_msgs/share/my_ur_msgs/package.xml
[0.606s] Invoked command in '/home/administrator/Masterproject2/20_ROS/src/Robots/build/my_ur_msgs' returned '0': CMAKE_PREFIX_PATH=${CMAKE_PREFIX_PATH}:/opt/ros/kilted DEBUGINFOD_URLS=https://debuginfod.ubuntu.com /usr/bin/cmake --install /home/administrator/Masterproject2/20_ROS/src/Robots/build/my_ur_msgs
