[0.008s] Invoking command in '/home/administrator/Masterproject2/20_ROS/src/Robots/build/mir_navigation': AMENT_PREFIX_PATH=/home/administrator/Masterproject2/20_ROS/src/Robots/install/mir_gazebo:/home/administrator/Masterproject2/20_ROS/src/Robots/install/mir_driver:/home/administrator/Masterproject2/20_ROS/src/Robots/install/mir_msgs:/home/administrator/Masterproject2/20_ROS/src/Robots/install/mir_dwb_critics:/home/administrator/Masterproject2/20_ROS/src/Robots/install/mir_description:/home/administrator/Masterproject2/20_ROS/src/Robots/install/mir_actions:${AMENT_PREFIX_PATH} CMAKE_PREFIX_PATH=/home/administrator/Masterproject2/20_ROS/src/Robots/install/mir_gazebo:/home/administrator/Masterproject2/20_ROS/src/Robots/install/mir_driver:/home/administrator/Masterproject2/20_ROS/src/Robots/install/mir_msgs:/home/administrator/Masterproject2/20_ROS/src/Robots/install/mir_dwb_critics:/home/administrator/Masterproject2/20_ROS/src/Robots/install/mir_description:/home/administrator/Masterproject2/20_ROS/src/Robots/install/mir_actions:/opt/ros/kilted/opt/sdformat_vendor:/opt/ros/kilted/opt/gz_math_vendor:/opt/ros/kilted/opt/gz_utils_vendor:/opt/ros/kilted/opt/gz_tools_vendor:/opt/ros/kilted/opt/gz_cmake_vendor:/opt/ros/kilted DEBUGINFOD_URLS=https://debuginfod.ubuntu.com LD_LIBRARY_PATH=/home/administrator/Masterproject2/20_ROS/src/Robots/install/mir_msgs/lib:/home/administrator/Masterproject2/20_ROS/src/Robots/install/mir_actions/lib:${LD_LIBRARY_PATH} PYTHONPATH=/home/administrator/Masterproject2/20_ROS/src/Robots/install/mir_driver/lib/python3.12/site-packages:/home/administrator/Masterproject2/20_ROS/src/Robots/install/mir_msgs/lib/python3.12/site-packages:/home/administrator/Masterproject2/20_ROS/src/Robots/install/mir_actions/lib/python3.12/site-packages:${PYTHONPATH} /usr/bin/cmake /home/administrator/Masterproject2/20_ROS/src/Robots/MIR/mir_navigation -DCMAKE_INSTALL_PREFIX=/home/administrator/Masterproject2/20_ROS/src/Robots/install/mir_navigation
[0.044s] -- The C compiler identification is GNU 13.3.0
[0.081s] -- The CXX compiler identification is GNU 13.3.0
[0.092s] -- Detecting C compiler ABI info
[0.162s] -- Detecting C compiler ABI info - done
[0.174s] -- Check for working C compiler: /usr/bin/cc - skipped
[0.175s] -- Detecting C compile features
[0.175s] -- Detecting C compile features - done
[0.182s] -- Detecting CXX compiler ABI info
[0.252s] -- Detecting CXX compiler ABI info - done
[0.259s] -- Check for working CXX compiler: /usr/bin/c++ - skipped
[0.259s] -- Detecting CXX compile features
[0.259s] -- Detecting CXX compile features - done
[0.261s] -- Found ament_cmake: 2.7.5 (/opt/ros/kilted/share/ament_cmake/cmake)
[0.366s] -- Found Python3: /usr/bin/python3 (found version "3.12.3") found components: Interpreter 
[0.529s] -- Configuring done (0.5s)
[0.530s] -- Generating done (0.0s)
[0.531s] -- Build files have been written to: /home/administrator/Masterproject2/20_ROS/src/Robots/build/mir_navigation
[0.535s] Invoked command in '/home/administrator/Masterproject2/20_ROS/src/Robots/build/mir_navigation' returned '0': AMENT_PREFIX_PATH=/home/administrator/Masterproject2/20_ROS/src/Robots/install/mir_gazebo:/home/administrator/Masterproject2/20_ROS/src/Robots/install/mir_driver:/home/administrator/Masterproject2/20_ROS/src/Robots/install/mir_msgs:/home/administrator/Masterproject2/20_ROS/src/Robots/install/mir_dwb_critics:/home/administrator/Masterproject2/20_ROS/src/Robots/install/mir_description:/home/administrator/Masterproject2/20_ROS/src/Robots/install/mir_actions:${AMENT_PREFIX_PATH} CMAKE_PREFIX_PATH=/home/administrator/Masterproject2/20_ROS/src/Robots/install/mir_gazebo:/home/administrator/Masterproject2/20_ROS/src/Robots/install/mir_driver:/home/administrator/Masterproject2/20_ROS/src/Robots/install/mir_msgs:/home/administrator/Masterproject2/20_ROS/src/Robots/install/mir_dwb_critics:/home/administrator/Masterproject2/20_ROS/src/Robots/install/mir_description:/home/administrator/Masterproject2/20_ROS/src/Robots/install/mir_actions:/opt/ros/kilted/opt/sdformat_vendor:/opt/ros/kilted/opt/gz_math_vendor:/opt/ros/kilted/opt/gz_utils_vendor:/opt/ros/kilted/opt/gz_tools_vendor:/opt/ros/kilted/opt/gz_cmake_vendor:/opt/ros/kilted DEBUGINFOD_URLS=https://debuginfod.ubuntu.com LD_LIBRARY_PATH=/home/administrator/Masterproject2/20_ROS/src/Robots/install/mir_msgs/lib:/home/administrator/Masterproject2/20_ROS/src/Robots/install/mir_actions/lib:${LD_LIBRARY_PATH} PYTHONPATH=/home/administrator/Masterproject2/20_ROS/src/Robots/install/mir_driver/lib/python3.12/site-packages:/home/administrator/Masterproject2/20_ROS/src/Robots/install/mir_msgs/lib/python3.12/site-packages:/home/administrator/Masterproject2/20_ROS/src/Robots/install/mir_actions/lib/python3.12/site-packages:${PYTHONPATH} /usr/bin/cmake /home/administrator/Masterproject2/20_ROS/src/Robots/MIR/mir_navigation -DCMAKE_INSTALL_PREFIX=/home/administrator/Masterproject2/20_ROS/src/Robots/install/mir_navigation
[0.536s] Invoking command in '/home/administrator/Masterproject2/20_ROS/src/Robots/build/mir_navigation': AMENT_PREFIX_PATH=/home/administrator/Masterproject2/20_ROS/src/Robots/install/mir_gazebo:/home/administrator/Masterproject2/20_ROS/src/Robots/install/mir_driver:/home/administrator/Masterproject2/20_ROS/src/Robots/install/mir_msgs:/home/administrator/Masterproject2/20_ROS/src/Robots/install/mir_dwb_critics:/home/administrator/Masterproject2/20_ROS/src/Robots/install/mir_description:/home/administrator/Masterproject2/20_ROS/src/Robots/install/mir_actions:${AMENT_PREFIX_PATH} CMAKE_PREFIX_PATH=/home/administrator/Masterproject2/20_ROS/src/Robots/install/mir_gazebo:/home/administrator/Masterproject2/20_ROS/src/Robots/install/mir_driver:/home/administrator/Masterproject2/20_ROS/src/Robots/install/mir_msgs:/home/administrator/Masterproject2/20_ROS/src/Robots/install/mir_dwb_critics:/home/administrator/Masterproject2/20_ROS/src/Robots/install/mir_description:/home/administrator/Masterproject2/20_ROS/src/Robots/install/mir_actions:/opt/ros/kilted/opt/sdformat_vendor:/opt/ros/kilted/opt/gz_math_vendor:/opt/ros/kilted/opt/gz_utils_vendor:/opt/ros/kilted/opt/gz_tools_vendor:/opt/ros/kilted/opt/gz_cmake_vendor:/opt/ros/kilted DEBUGINFOD_URLS=https://debuginfod.ubuntu.com LD_LIBRARY_PATH=/home/administrator/Masterproject2/20_ROS/src/Robots/install/mir_msgs/lib:/home/administrator/Masterproject2/20_ROS/src/Robots/install/mir_actions/lib:${LD_LIBRARY_PATH} PYTHONPATH=/home/administrator/Masterproject2/20_ROS/src/Robots/install/mir_driver/lib/python3.12/site-packages:/home/administrator/Masterproject2/20_ROS/src/Robots/install/mir_msgs/lib/python3.12/site-packages:/home/administrator/Masterproject2/20_ROS/src/Robots/install/mir_actions/lib/python3.12/site-packages:${PYTHONPATH} /usr/bin/cmake --build /home/administrator/Masterproject2/20_ROS/src/Robots/build/mir_navigation -- -j14 -l14
[0.561s] Invoked command in '/home/administrator/Masterproject2/20_ROS/src/Robots/build/mir_navigation' returned '0': AMENT_PREFIX_PATH=/home/administrator/Masterproject2/20_ROS/src/Robots/install/mir_gazebo:/home/administrator/Masterproject2/20_ROS/src/Robots/install/mir_driver:/home/administrator/Masterproject2/20_ROS/src/Robots/install/mir_msgs:/home/administrator/Masterproject2/20_ROS/src/Robots/install/mir_dwb_critics:/home/administrator/Masterproject2/20_ROS/src/Robots/install/mir_description:/home/administrator/Masterproject2/20_ROS/src/Robots/install/mir_actions:${AMENT_PREFIX_PATH} CMAKE_PREFIX_PATH=/home/administrator/Masterproject2/20_ROS/src/Robots/install/mir_gazebo:/home/administrator/Masterproject2/20_ROS/src/Robots/install/mir_driver:/home/administrator/Masterproject2/20_ROS/src/Robots/install/mir_msgs:/home/administrator/Masterproject2/20_ROS/src/Robots/install/mir_dwb_critics:/home/administrator/Masterproject2/20_ROS/src/Robots/install/mir_description:/home/administrator/Masterproject2/20_ROS/src/Robots/install/mir_actions:/opt/ros/kilted/opt/sdformat_vendor:/opt/ros/kilted/opt/gz_math_vendor:/opt/ros/kilted/opt/gz_utils_vendor:/opt/ros/kilted/opt/gz_tools_vendor:/opt/ros/kilted/opt/gz_cmake_vendor:/opt/ros/kilted DEBUGINFOD_URLS=https://debuginfod.ubuntu.com LD_LIBRARY_PATH=/home/administrator/Masterproject2/20_ROS/src/Robots/install/mir_msgs/lib:/home/administrator/Masterproject2/20_ROS/src/Robots/install/mir_actions/lib:${LD_LIBRARY_PATH} PYTHONPATH=/home/administrator/Masterproject2/20_ROS/src/Robots/install/mir_driver/lib/python3.12/site-packages:/home/administrator/Masterproject2/20_ROS/src/Robots/install/mir_msgs/lib/python3.12/site-packages:/home/administrator/Masterproject2/20_ROS/src/Robots/install/mir_actions/lib/python3.12/site-packages:${PYTHONPATH} /usr/bin/cmake --build /home/administrator/Masterproject2/20_ROS/src/Robots/build/mir_navigation -- -j14 -l14
[0.562s] Invoking command in '/home/administrator/Masterproject2/20_ROS/src/Robots/build/mir_navigation': AMENT_PREFIX_PATH=/home/administrator/Masterproject2/20_ROS/src/Robots/install/mir_gazebo:/home/administrator/Masterproject2/20_ROS/src/Robots/install/mir_driver:/home/administrator/Masterproject2/20_ROS/src/Robots/install/mir_msgs:/home/administrator/Masterproject2/20_ROS/src/Robots/install/mir_dwb_critics:/home/administrator/Masterproject2/20_ROS/src/Robots/install/mir_description:/home/administrator/Masterproject2/20_ROS/src/Robots/install/mir_actions:${AMENT_PREFIX_PATH} CMAKE_PREFIX_PATH=/home/administrator/Masterproject2/20_ROS/src/Robots/install/mir_gazebo:/home/administrator/Masterproject2/20_ROS/src/Robots/install/mir_driver:/home/administrator/Masterproject2/20_ROS/src/Robots/install/mir_msgs:/home/administrator/Masterproject2/20_ROS/src/Robots/install/mir_dwb_critics:/home/administrator/Masterproject2/20_ROS/src/Robots/install/mir_description:/home/administrator/Masterproject2/20_ROS/src/Robots/install/mir_actions:/opt/ros/kilted/opt/sdformat_vendor:/opt/ros/kilted/opt/gz_math_vendor:/opt/ros/kilted/opt/gz_utils_vendor:/opt/ros/kilted/opt/gz_tools_vendor:/opt/ros/kilted/opt/gz_cmake_vendor:/opt/ros/kilted DEBUGINFOD_URLS=https://debuginfod.ubuntu.com LD_LIBRARY_PATH=/home/administrator/Masterproject2/20_ROS/src/Robots/install/mir_msgs/lib:/home/administrator/Masterproject2/20_ROS/src/Robots/install/mir_actions/lib:${LD_LIBRARY_PATH} PYTHONPATH=/home/administrator/Masterproject2/20_ROS/src/Robots/install/mir_driver/lib/python3.12/site-packages:/home/administrator/Masterproject2/20_ROS/src/Robots/install/mir_msgs/lib/python3.12/site-packages:/home/administrator/Masterproject2/20_ROS/src/Robots/install/mir_actions/lib/python3.12/site-packages:${PYTHONPATH} /usr/bin/cmake --install /home/administrator/Masterproject2/20_ROS/src/Robots/build/mir_navigation
[0.567s] -- Install configuration: ""
[0.567s] -- Installing: /home/administrator/Masterproject2/20_ROS/src/Robots/install/mir_navigation/lib/mir_navigation/genmprim_unicycle_highcost_5cm.py
[0.568s] -- Installing: /home/administrator/Masterproject2/20_ROS/src/Robots/install/mir_navigation/lib/mir_navigation/acc_finder.py
[0.568s] -- Installing: /home/administrator/Masterproject2/20_ROS/src/Robots/install/mir_navigation/lib/mir_navigation/min_max_finder.py
[0.568s] -- Installing: /home/administrator/Masterproject2/20_ROS/src/Robots/install/mir_navigation/lib/mir_navigation/plot_mprim.py
[0.568s] -- Installing: /home/administrator/Masterproject2/20_ROS/src/Robots/install/mir_navigation/share/mir_navigation/config
[0.568s] -- Installing: /home/administrator/Masterproject2/20_ROS/src/Robots/install/mir_navigation/share/mir_navigation/config/costmap_common_params.yaml
[0.568s] -- Installing: /home/administrator/Masterproject2/20_ROS/src/Robots/install/mir_navigation/share/mir_navigation/config/sbpl_global_params.yaml
[0.568s] -- Installing: /home/administrator/Masterproject2/20_ROS/src/Robots/install/mir_navigation/share/mir_navigation/config/base_local_planner_params.yaml
[0.568s] -- Installing: /home/administrator/Masterproject2/20_ROS/src/Robots/install/mir_navigation/share/mir_navigation/config/pose_local_planner_params.yaml
[0.568s] -- Installing: /home/administrator/Masterproject2/20_ROS/src/Robots/install/mir_navigation/share/mir_navigation/config/teb_local_planner_params.yaml
[0.568s] -- Installing: /home/administrator/Masterproject2/20_ROS/src/Robots/install/mir_navigation/share/mir_navigation/config/costmap_local_params_plugins_virtual_walls.yaml
[0.568s] -- Installing: /home/administrator/Masterproject2/20_ROS/src/Robots/install/mir_navigation/share/mir_navigation/config/costmap_global_params_plugins_virtual_walls.yaml
[0.569s] -- Installing: /home/administrator/Masterproject2/20_ROS/src/Robots/install/mir_navigation/share/mir_navigation/config/dwa_local_planner_params.yaml
[0.569s] -- Installing: /home/administrator/Masterproject2/20_ROS/src/Robots/install/mir_navigation/share/mir_navigation/config/costmap_local_params.yaml
[0.569s] -- Installing: /home/administrator/Masterproject2/20_ROS/src/Robots/install/mir_navigation/share/mir_navigation/config/costmap_local_params_plugins_no_virtual_walls.yaml
[0.569s] -- Installing: /home/administrator/Masterproject2/20_ROS/src/Robots/install/mir_navigation/share/mir_navigation/config/mir_local_planner_params.yaml
[0.569s] -- Installing: /home/administrator/Masterproject2/20_ROS/src/Robots/install/mir_navigation/share/mir_navigation/config/move_base_common_params.yaml
[0.569s] -- Installing: /home/administrator/Masterproject2/20_ROS/src/Robots/install/mir_navigation/share/mir_navigation/config/costmap_global_params_plugins_no_virtual_walls.yaml
[0.569s] -- Installing: /home/administrator/Masterproject2/20_ROS/src/Robots/install/mir_navigation/share/mir_navigation/config/costmap_global_params.yaml
[0.569s] -- Installing: /home/administrator/Masterproject2/20_ROS/src/Robots/install/mir_navigation/share/mir_navigation/config/eband_local_planner_params.yaml
[0.569s] -- Installing: /home/administrator/Masterproject2/20_ROS/src/Robots/install/mir_navigation/share/mir_navigation/config/dwb_local_planner_params.yaml
[0.569s] -- Installing: /home/administrator/Masterproject2/20_ROS/src/Robots/install/mir_navigation/share/mir_navigation/launch
[0.569s] -- Installing: /home/administrator/Masterproject2/20_ROS/src/Robots/install/mir_navigation/share/mir_navigation/launch/start_planner.launch
[0.569s] -- Installing: /home/administrator/Masterproject2/20_ROS/src/Robots/install/mir_navigation/share/mir_navigation/launch/hector_mapping.launch
[0.569s] -- Installing: /home/administrator/Masterproject2/20_ROS/src/Robots/install/mir_navigation/share/mir_navigation/launch/start_maps.launch
[0.569s] -- Installing: /home/administrator/Masterproject2/20_ROS/src/Robots/install/mir_navigation/share/mir_navigation/launch/move_base.xml
[0.569s] -- Installing: /home/administrator/Masterproject2/20_ROS/src/Robots/install/mir_navigation/share/mir_navigation/launch/amcl.launch
[0.570s] -- Installing: /home/administrator/Masterproject2/20_ROS/src/Robots/install/mir_navigation/share/mir_navigation/mprim
[0.570s] -- Installing: /home/administrator/Masterproject2/20_ROS/src/Robots/install/mir_navigation/share/mir_navigation/mprim/unicycle_highcost_2cm.mprim
[0.570s] -- Installing: /home/administrator/Masterproject2/20_ROS/src/Robots/install/mir_navigation/share/mir_navigation/mprim/unicycle_highcost_1cm.mprim
[0.570s] -- Installing: /home/administrator/Masterproject2/20_ROS/src/Robots/install/mir_navigation/share/mir_navigation/mprim/genmprim_unicycle_highcost_5cm.py
[0.570s] -- Installing: /home/administrator/Masterproject2/20_ROS/src/Robots/install/mir_navigation/share/mir_navigation/mprim/unicycle_highcost_2_5cm.mprim
[0.570s] -- Installing: /home/administrator/Masterproject2/20_ROS/src/Robots/install/mir_navigation/share/mir_navigation/mprim/unicycle_5cm_expensive_turn_in_place_highcost.mprim
[0.570s] -- Installing: /home/administrator/Masterproject2/20_ROS/src/Robots/install/mir_navigation/share/mir_navigation/mprim/unicycle_5cm.mprim
[0.570s] -- Installing: /home/administrator/Masterproject2/20_ROS/src/Robots/install/mir_navigation/share/mir_navigation/mprim/unicycle_highcost_10cm.mprim
[0.570s] -- Installing: /home/administrator/Masterproject2/20_ROS/src/Robots/install/mir_navigation/share/mir_navigation/mprim/unicycle_5cm_noreverse_trolley.mprim
[0.570s] -- Installing: /home/administrator/Masterproject2/20_ROS/src/Robots/install/mir_navigation/share/mir_navigation/mprim/unicycle_highcost_5cm.mprim
[0.570s] -- Installing: /home/administrator/Masterproject2/20_ROS/src/Robots/install/mir_navigation/share/mir_navigation/mprim/unicycle_5cm_expensive_turn_in_place.mprim
[0.570s] -- Installing: /home/administrator/Masterproject2/20_ROS/src/Robots/install/mir_navigation/share/mir_navigation/mprim/genmprim_unicycle_highcost_5cm.m
[0.570s] -- Installing: /home/administrator/Masterproject2/20_ROS/src/Robots/install/mir_navigation/share/mir_navigation/rviz
[0.570s] -- Installing: /home/administrator/Masterproject2/20_ROS/src/Robots/install/mir_navigation/share/mir_navigation/rviz/navigation.rviz
[0.570s] -- Installing: /home/administrator/Masterproject2/20_ROS/src/Robots/install/mir_navigation/share/ament_index/resource_index/package_run_dependencies/mir_navigation
[0.570s] -- Installing: /home/administrator/Masterproject2/20_ROS/src/Robots/install/mir_navigation/share/ament_index/resource_index/parent_prefix_path/mir_navigation
[0.570s] -- Installing: /home/administrator/Masterproject2/20_ROS/src/Robots/install/mir_navigation/share/mir_navigation/environment/ament_prefix_path.sh
[0.571s] -- Installing: /home/administrator/Masterproject2/20_ROS/src/Robots/install/mir_navigation/share/mir_navigation/environment/ament_prefix_path.dsv
[0.571s] -- Installing: /home/administrator/Masterproject2/20_ROS/src/Robots/install/mir_navigation/share/mir_navigation/environment/path.sh
[0.571s] -- Installing: /home/administrator/Masterproject2/20_ROS/src/Robots/install/mir_navigation/share/mir_navigation/environment/path.dsv
[0.571s] -- Installing: /home/administrator/Masterproject2/20_ROS/src/Robots/install/mir_navigation/share/mir_navigation/local_setup.bash
[0.571s] -- Installing: /home/administrator/Masterproject2/20_ROS/src/Robots/install/mir_navigation/share/mir_navigation/local_setup.sh
[0.571s] -- Installing: /home/administrator/Masterproject2/20_ROS/src/Robots/install/mir_navigation/share/mir_navigation/local_setup.zsh
[0.571s] -- Installing: /home/administrator/Masterproject2/20_ROS/src/Robots/install/mir_navigation/share/mir_navigation/local_setup.dsv
[0.571s] -- Installing: /home/administrator/Masterproject2/20_ROS/src/Robots/install/mir_navigation/share/mir_navigation/package.dsv
[0.571s] -- Installing: /home/administrator/Masterproject2/20_ROS/src/Robots/install/mir_navigation/share/ament_index/resource_index/packages/mir_navigation
[0.571s] -- Installing: /home/administrator/Masterproject2/20_ROS/src/Robots/install/mir_navigation/share/mir_navigation/cmake/mir_navigationConfig.cmake
[0.571s] -- Installing: /home/administrator/Masterproject2/20_ROS/src/Robots/install/mir_navigation/share/mir_navigation/cmake/mir_navigationConfig-version.cmake
[0.571s] -- Installing: /home/administrator/Masterproject2/20_ROS/src/Robots/install/mir_navigation/share/mir_navigation/package.xml
[0.572s] Invoked command in '/home/administrator/Masterproject2/20_ROS/src/Robots/build/mir_navigation' returned '0': AMENT_PREFIX_PATH=/home/administrator/Masterproject2/20_ROS/src/Robots/install/mir_gazebo:/home/administrator/Masterproject2/20_ROS/src/Robots/install/mir_driver:/home/administrator/Masterproject2/20_ROS/src/Robots/install/mir_msgs:/home/administrator/Masterproject2/20_ROS/src/Robots/install/mir_dwb_critics:/home/administrator/Masterproject2/20_ROS/src/Robots/install/mir_description:/home/administrator/Masterproject2/20_ROS/src/Robots/install/mir_actions:${AMENT_PREFIX_PATH} CMAKE_PREFIX_PATH=/home/administrator/Masterproject2/20_ROS/src/Robots/install/mir_gazebo:/home/administrator/Masterproject2/20_ROS/src/Robots/install/mir_driver:/home/administrator/Masterproject2/20_ROS/src/Robots/install/mir_msgs:/home/administrator/Masterproject2/20_ROS/src/Robots/install/mir_dwb_critics:/home/administrator/Masterproject2/20_ROS/src/Robots/install/mir_description:/home/administrator/Masterproject2/20_ROS/src/Robots/install/mir_actions:/opt/ros/kilted/opt/sdformat_vendor:/opt/ros/kilted/opt/gz_math_vendor:/opt/ros/kilted/opt/gz_utils_vendor:/opt/ros/kilted/opt/gz_tools_vendor:/opt/ros/kilted/opt/gz_cmake_vendor:/opt/ros/kilted DEBUGINFOD_URLS=https://debuginfod.ubuntu.com LD_LIBRARY_PATH=/home/administrator/Masterproject2/20_ROS/src/Robots/install/mir_msgs/lib:/home/administrator/Masterproject2/20_ROS/src/Robots/install/mir_actions/lib:${LD_LIBRARY_PATH} PYTHONPATH=/home/administrator/Masterproject2/20_ROS/src/Robots/install/mir_driver/lib/python3.12/site-packages:/home/administrator/Masterproject2/20_ROS/src/Robots/install/mir_msgs/lib/python3.12/site-packages:/home/administrator/Masterproject2/20_ROS/src/Robots/install/mir_actions/lib/python3.12/site-packages:${PYTHONPATH} /usr/bin/cmake --install /home/administrator/Masterproject2/20_ROS/src/Robots/build/mir_navigation
