[0.025s] Invoking command in '/home/administrator/Masterproject2/20_ROS/src/Robots/build/mir_dwb_critics': CMAKE_PREFIX_PATH=${CMAKE_PREFIX_PATH}:/opt/ros/kilted DEBUGINFOD_URLS=https://debuginfod.ubuntu.com /usr/bin/cmake --build /home/administrator/Masterproject2/20_ROS/src/Robots/build/mir_dwb_critics -- -j14 -l14
[0.081s] Invoked command in '/home/administrator/Masterproject2/20_ROS/src/Robots/build/mir_dwb_critics' returned '0': CMAKE_PREFIX_PATH=${CMAKE_PREFIX_PATH}:/opt/ros/kilted DEBUGINFOD_URLS=https://debuginfod.ubuntu.com /usr/bin/cmake --build /home/administrator/Masterproject2/20_ROS/src/Robots/build/mir_dwb_critics -- -j14 -l14
[0.082s] Invoking command in '/home/administrator/Masterproject2/20_ROS/src/Robots/build/mir_dwb_critics': CMAKE_PREFIX_PATH=${CMAKE_PREFIX_PATH}:/opt/ros/kilted DEBUGINFOD_URLS=https://debuginfod.ubuntu.com /usr/bin/cmake --install /home/administrator/Masterproject2/20_ROS/src/Robots/build/mir_dwb_critics
[0.147s] -- Install configuration: ""
[0.147s] -- Up-to-date: /home/administrator/Masterproject2/20_ROS/src/Robots/install/mir_dwb_critics/share/mir_dwb_critics/default_critics.xml
[0.147s] -- Up-to-date: /home/administrator/Masterproject2/20_ROS/src/Robots/install/mir_dwb_critics/lib/mir_dwb_critics/print_dwb_scores.py
[0.147s] -- Up-to-date: /home/administrator/Masterproject2/20_ROS/src/Robots/install/mir_dwb_critics/lib/mir_dwb_critics/plot_dwb_scores.py
[0.147s] -- Up-to-date: /home/administrator/Masterproject2/20_ROS/src/Robots/install/mir_dwb_critics/share/ament_index/resource_index/package_run_dependencies/mir_dwb_critics
[0.147s] -- Up-to-date: /home/administrator/Masterproject2/20_ROS/src/Robots/install/mir_dwb_critics/share/ament_index/resource_index/parent_prefix_path/mir_dwb_critics
[0.148s] -- Up-to-date: /home/administrator/Masterproject2/20_ROS/src/Robots/install/mir_dwb_critics/share/mir_dwb_critics/environment/ament_prefix_path.sh
[0.148s] -- Up-to-date: /home/administrator/Masterproject2/20_ROS/src/Robots/install/mir_dwb_critics/share/mir_dwb_critics/environment/ament_prefix_path.dsv
[0.148s] -- Up-to-date: /home/administrator/Masterproject2/20_ROS/src/Robots/install/mir_dwb_critics/share/mir_dwb_critics/environment/path.sh
[0.148s] -- Up-to-date: /home/administrator/Masterproject2/20_ROS/src/Robots/install/mir_dwb_critics/share/mir_dwb_critics/environment/path.dsv
[0.148s] -- Up-to-date: /home/administrator/Masterproject2/20_ROS/src/Robots/install/mir_dwb_critics/share/mir_dwb_critics/local_setup.bash
[0.148s] -- Up-to-date: /home/administrator/Masterproject2/20_ROS/src/Robots/install/mir_dwb_critics/share/mir_dwb_critics/local_setup.sh
[0.148s] -- Up-to-date: /home/administrator/Masterproject2/20_ROS/src/Robots/install/mir_dwb_critics/share/mir_dwb_critics/local_setup.zsh
[0.148s] -- Up-to-date: /home/administrator/Masterproject2/20_ROS/src/Robots/install/mir_dwb_critics/share/mir_dwb_critics/local_setup.dsv
[0.148s] -- Installing: /home/administrator/Masterproject2/20_ROS/src/Robots/install/mir_dwb_critics/share/mir_dwb_critics/package.dsv
[0.148s] -- Up-to-date: /home/administrator/Masterproject2/20_ROS/src/Robots/install/mir_dwb_critics/share/ament_index/resource_index/packages/mir_dwb_critics
[0.148s] -- Up-to-date: /home/administrator/Masterproject2/20_ROS/src/Robots/install/mir_dwb_critics/share/mir_dwb_critics/cmake/mir_dwb_criticsConfig.cmake
[0.148s] -- Up-to-date: /home/administrator/Masterproject2/20_ROS/src/Robots/install/mir_dwb_critics/share/mir_dwb_critics/cmake/mir_dwb_criticsConfig-version.cmake
[0.148s] -- Up-to-date: /home/administrator/Masterproject2/20_ROS/src/Robots/install/mir_dwb_critics/share/mir_dwb_critics/package.xml
[0.153s] Invoked command in '/home/administrator/Masterproject2/20_ROS/src/Robots/build/mir_dwb_critics' returned '0': CMAKE_PREFIX_PATH=${CMAKE_PREFIX_PATH}:/opt/ros/kilted DEBUGINFOD_URLS=https://debuginfod.ubuntu.com /usr/bin/cmake --install /home/administrator/Masterproject2/20_ROS/src/Robots/build/mir_dwb_critics
