-- Install configuration: ""
-- Up-to-date: /home/administrator/Masterproject2/20_ROS/src/Robots/install/mir_navigation/lib/mir_navigation/genmprim_unicycle_highcost_5cm.py
-- Up-to-date: /home/administrator/Masterproject2/20_ROS/src/Robots/install/mir_navigation/lib/mir_navigation/acc_finder.py
-- Up-to-date: /home/administrator/Masterproject2/20_ROS/src/Robots/install/mir_navigation/lib/mir_navigation/min_max_finder.py
-- Up-to-date: /home/administrator/Masterproject2/20_ROS/src/Robots/install/mir_navigation/lib/mir_navigation/plot_mprim.py
-- Up-to-date: /home/administrator/Masterproject2/20_ROS/src/Robots/install/mir_navigation/share/mir_navigation/config
-- Up-to-date: /home/administrator/Masterproject2/20_ROS/src/Robots/install/mir_navigation/share/mir_navigation/config/costmap_common_params.yaml
-- Up-to-date: /home/administrator/Masterproject2/20_ROS/src/Robots/install/mir_navigation/share/mir_navigation/config/sbpl_global_params.yaml
-- Up-to-date: /home/administrator/Masterproject2/20_ROS/src/Robots/install/mir_navigation/share/mir_navigation/config/base_local_planner_params.yaml
-- Up-to-date: /home/administrator/Masterproject2/20_ROS/src/Robots/install/mir_navigation/share/mir_navigation/config/pose_local_planner_params.yaml
-- Up-to-date: /home/administrator/Masterproject2/20_ROS/src/Robots/install/mir_navigation/share/mir_navigation/config/teb_local_planner_params.yaml
-- Up-to-date: /home/administrator/Masterproject2/20_ROS/src/Robots/install/mir_navigation/share/mir_navigation/config/costmap_local_params_plugins_virtual_walls.yaml
-- Up-to-date: /home/administrator/Masterproject2/20_ROS/src/Robots/install/mir_navigation/share/mir_navigation/config/costmap_global_params_plugins_virtual_walls.yaml
-- Up-to-date: /home/administrator/Masterproject2/20_ROS/src/Robots/install/mir_navigation/share/mir_navigation/config/dwa_local_planner_params.yaml
-- Up-to-date: /home/administrator/Masterproject2/20_ROS/src/Robots/install/mir_navigation/share/mir_navigation/config/costmap_local_params.yaml
-- Up-to-date: /home/administrator/Masterproject2/20_ROS/src/Robots/install/mir_navigation/share/mir_navigation/config/costmap_local_params_plugins_no_virtual_walls.yaml
-- Up-to-date: /home/administrator/Masterproject2/20_ROS/src/Robots/install/mir_navigation/share/mir_navigation/config/mir_local_planner_params.yaml
-- Up-to-date: /home/administrator/Masterproject2/20_ROS/src/Robots/install/mir_navigation/share/mir_navigation/config/move_base_common_params.yaml
-- Up-to-date: /home/administrator/Masterproject2/20_ROS/src/Robots/install/mir_navigation/share/mir_navigation/config/costmap_global_params_plugins_no_virtual_walls.yaml
-- Up-to-date: /home/administrator/Masterproject2/20_ROS/src/Robots/install/mir_navigation/share/mir_navigation/config/costmap_global_params.yaml
-- Up-to-date: /home/administrator/Masterproject2/20_ROS/src/Robots/install/mir_navigation/share/mir_navigation/config/eband_local_planner_params.yaml
-- Up-to-date: /home/administrator/Masterproject2/20_ROS/src/Robots/install/mir_navigation/share/mir_navigation/config/dwb_local_planner_params.yaml
-- Up-to-date: /home/administrator/Masterproject2/20_ROS/src/Robots/install/mir_navigation/share/mir_navigation/launch
-- Up-to-date: /home/administrator/Masterproject2/20_ROS/src/Robots/install/mir_navigation/share/mir_navigation/launch/start_planner.launch
-- Up-to-date: /home/administrator/Masterproject2/20_ROS/src/Robots/install/mir_navigation/share/mir_navigation/launch/hector_mapping.launch
-- Up-to-date: /home/administrator/Masterproject2/20_ROS/src/Robots/install/mir_navigation/share/mir_navigation/launch/start_maps.launch
-- Up-to-date: /home/administrator/Masterproject2/20_ROS/src/Robots/install/mir_navigation/share/mir_navigation/launch/move_base.xml
-- Up-to-date: /home/administrator/Masterproject2/20_ROS/src/Robots/install/mir_navigation/share/mir_navigation/launch/amcl.launch
-- Up-to-date: /home/administrator/Masterproject2/20_ROS/src/Robots/install/mir_navigation/share/mir_navigation/mprim
-- Up-to-date: /home/administrator/Masterproject2/20_ROS/src/Robots/install/mir_navigation/share/mir_navigation/mprim/unicycle_highcost_2cm.mprim
-- Up-to-date: /home/administrator/Masterproject2/20_ROS/src/Robots/install/mir_navigation/share/mir_navigation/mprim/unicycle_highcost_1cm.mprim
-- Up-to-date: /home/administrator/Masterproject2/20_ROS/src/Robots/install/mir_navigation/share/mir_navigation/mprim/genmprim_unicycle_highcost_5cm.py
-- Up-to-date: /home/administrator/Masterproject2/20_ROS/src/Robots/install/mir_navigation/share/mir_navigation/mprim/unicycle_highcost_2_5cm.mprim
-- Up-to-date: /home/administrator/Masterproject2/20_ROS/src/Robots/install/mir_navigation/share/mir_navigation/mprim/unicycle_5cm_expensive_turn_in_place_highcost.mprim
-- Up-to-date: /home/administrator/Masterproject2/20_ROS/src/Robots/install/mir_navigation/share/mir_navigation/mprim/unicycle_5cm.mprim
-- Up-to-date: /home/administrator/Masterproject2/20_ROS/src/Robots/install/mir_navigation/share/mir_navigation/mprim/unicycle_highcost_10cm.mprim
-- Up-to-date: /home/administrator/Masterproject2/20_ROS/src/Robots/install/mir_navigation/share/mir_navigation/mprim/unicycle_5cm_noreverse_trolley.mprim
-- Up-to-date: /home/administrator/Masterproject2/20_ROS/src/Robots/install/mir_navigation/share/mir_navigation/mprim/unicycle_highcost_5cm.mprim
-- Up-to-date: /home/administrator/Masterproject2/20_ROS/src/Robots/install/mir_navigation/share/mir_navigation/mprim/unicycle_5cm_expensive_turn_in_place.mprim
-- Up-to-date: /home/administrator/Masterproject2/20_ROS/src/Robots/install/mir_navigation/share/mir_navigation/mprim/genmprim_unicycle_highcost_5cm.m
-- Up-to-date: /home/administrator/Masterproject2/20_ROS/src/Robots/install/mir_navigation/share/mir_navigation/rviz
-- Up-to-date: /home/administrator/Masterproject2/20_ROS/src/Robots/install/mir_navigation/share/mir_navigation/rviz/navigation.rviz
-- Up-to-date: /home/administrator/Masterproject2/20_ROS/src/Robots/install/mir_navigation/share/ament_index/resource_index/package_run_dependencies/mir_navigation
-- Up-to-date: /home/administrator/Masterproject2/20_ROS/src/Robots/install/mir_navigation/share/ament_index/resource_index/parent_prefix_path/mir_navigation
-- Up-to-date: /home/administrator/Masterproject2/20_ROS/src/Robots/install/mir_navigation/share/mir_navigation/environment/ament_prefix_path.sh
-- Up-to-date: /home/administrator/Masterproject2/20_ROS/src/Robots/install/mir_navigation/share/mir_navigation/environment/ament_prefix_path.dsv
-- Up-to-date: /home/administrator/Masterproject2/20_ROS/src/Robots/install/mir_navigation/share/mir_navigation/environment/path.sh
-- Up-to-date: /home/administrator/Masterproject2/20_ROS/src/Robots/install/mir_navigation/share/mir_navigation/environment/path.dsv
-- Up-to-date: /home/administrator/Masterproject2/20_ROS/src/Robots/install/mir_navigation/share/mir_navigation/local_setup.bash
-- Up-to-date: /home/administrator/Masterproject2/20_ROS/src/Robots/install/mir_navigation/share/mir_navigation/local_setup.sh
-- Up-to-date: /home/administrator/Masterproject2/20_ROS/src/Robots/install/mir_navigation/share/mir_navigation/local_setup.zsh
-- Up-to-date: /home/administrator/Masterproject2/20_ROS/src/Robots/install/mir_navigation/share/mir_navigation/local_setup.dsv
-- Up-to-date: /home/administrator/Masterproject2/20_ROS/src/Robots/install/mir_navigation/share/mir_navigation/package.dsv
-- Up-to-date: /home/administrator/Masterproject2/20_ROS/src/Robots/install/mir_navigation/share/ament_index/resource_index/packages/mir_navigation
-- Up-to-date: /home/administrator/Masterproject2/20_ROS/src/Robots/install/mir_navigation/share/mir_navigation/cmake/mir_navigationConfig.cmake
-- Up-to-date: /home/administrator/Masterproject2/20_ROS/src/Robots/install/mir_navigation/share/mir_navigation/cmake/mir_navigationConfig-version.cmake
-- Up-to-date: /home/administrator/Masterproject2/20_ROS/src/Robots/install/mir_navigation/share/mir_navigation/package.xml
