[0.037s] Invoking command in '/home/administrator/Masterproject2/20_ROS/src/Robots/build/mir_navigation': AMENT_PREFIX_PATH=/home/administrator/Masterproject2/20_ROS/src/Robots/install/mir_gazebo:/home/administrator/Masterproject2/20_ROS/src/Robots/install/mir_driver:/home/administrator/Masterproject2/20_ROS/src/Robots/install/mir_msgs:/home/administrator/Masterproject2/20_ROS/src/Robots/install/mir_dwb_critics:/home/administrator/Masterproject2/20_ROS/src/Robots/install/mir_description:/home/administrator/Masterproject2/20_ROS/src/Robots/install/mir_actions:${AMENT_PREFIX_PATH} CMAKE_PREFIX_PATH=/home/administrator/Masterproject2/20_ROS/src/Robots/install/mir_gazebo:/home/administrator/Masterproject2/20_ROS/src/Robots/install/mir_driver:/home/administrator/Masterproject2/20_ROS/src/Robots/install/mir_msgs:/home/administrator/Masterproject2/20_ROS/src/Robots/install/mir_dwb_critics:/home/administrator/Masterproject2/20_ROS/src/Robots/install/mir_description:/home/administrator/Masterproject2/20_ROS/src/Robots/install/mir_actions:/opt/ros/kilted/opt/sdformat_vendor:/opt/ros/kilted/opt/gz_math_vendor:/opt/ros/kilted/opt/gz_utils_vendor:/opt/ros/kilted/opt/gz_tools_vendor:/opt/ros/kilted/opt/gz_cmake_vendor:/opt/ros/kilted DEBUGINFOD_URLS=https://debuginfod.ubuntu.com LD_LIBRARY_PATH=/home/administrator/Masterproject2/20_ROS/src/Robots/install/mir_msgs/lib:/home/administrator/Masterproject2/20_ROS/src/Robots/install/mir_actions/lib:${LD_LIBRARY_PATH} PYTHONPATH=/home/administrator/Masterproject2/20_ROS/src/Robots/install/mir_driver/lib/python3.12/site-packages:/home/administrator/Masterproject2/20_ROS/src/Robots/install/mir_msgs/lib/python3.12/site-packages:/home/administrator/Masterproject2/20_ROS/src/Robots/install/mir_actions/lib/python3.12/site-packages:${PYTHONPATH} /usr/bin/cmake --build /home/administrator/Masterproject2/20_ROS/src/Robots/build/mir_navigation -- -j14 -l14
[0.103s] Invoked command in '/home/administrator/Masterproject2/20_ROS/src/Robots/build/mir_navigation' returned '0': AMENT_PREFIX_PATH=/home/administrator/Masterproject2/20_ROS/src/Robots/install/mir_gazebo:/home/administrator/Masterproject2/20_ROS/src/Robots/install/mir_driver:/home/administrator/Masterproject2/20_ROS/src/Robots/install/mir_msgs:/home/administrator/Masterproject2/20_ROS/src/Robots/install/mir_dwb_critics:/home/administrator/Masterproject2/20_ROS/src/Robots/install/mir_description:/home/administrator/Masterproject2/20_ROS/src/Robots/install/mir_actions:${AMENT_PREFIX_PATH} CMAKE_PREFIX_PATH=/home/administrator/Masterproject2/20_ROS/src/Robots/install/mir_gazebo:/home/administrator/Masterproject2/20_ROS/src/Robots/install/mir_driver:/home/administrator/Masterproject2/20_ROS/src/Robots/install/mir_msgs:/home/administrator/Masterproject2/20_ROS/src/Robots/install/mir_dwb_critics:/home/administrator/Masterproject2/20_ROS/src/Robots/install/mir_description:/home/administrator/Masterproject2/20_ROS/src/Robots/install/mir_actions:/opt/ros/kilted/opt/sdformat_vendor:/opt/ros/kilted/opt/gz_math_vendor:/opt/ros/kilted/opt/gz_utils_vendor:/opt/ros/kilted/opt/gz_tools_vendor:/opt/ros/kilted/opt/gz_cmake_vendor:/opt/ros/kilted DEBUGINFOD_URLS=https://debuginfod.ubuntu.com LD_LIBRARY_PATH=/home/administrator/Masterproject2/20_ROS/src/Robots/install/mir_msgs/lib:/home/administrator/Masterproject2/20_ROS/src/Robots/install/mir_actions/lib:${LD_LIBRARY_PATH} PYTHONPATH=/home/administrator/Masterproject2/20_ROS/src/Robots/install/mir_driver/lib/python3.12/site-packages:/home/administrator/Masterproject2/20_ROS/src/Robots/install/mir_msgs/lib/python3.12/site-packages:/home/administrator/Masterproject2/20_ROS/src/Robots/install/mir_actions/lib/python3.12/site-packages:${PYTHONPATH} /usr/bin/cmake --build /home/administrator/Masterproject2/20_ROS/src/Robots/build/mir_navigation -- -j14 -l14
[0.105s] Invoking command in '/home/administrator/Masterproject2/20_ROS/src/Robots/build/mir_navigation': AMENT_PREFIX_PATH=/home/administrator/Masterproject2/20_ROS/src/Robots/install/mir_gazebo:/home/administrator/Masterproject2/20_ROS/src/Robots/install/mir_driver:/home/administrator/Masterproject2/20_ROS/src/Robots/install/mir_msgs:/home/administrator/Masterproject2/20_ROS/src/Robots/install/mir_dwb_critics:/home/administrator/Masterproject2/20_ROS/src/Robots/install/mir_description:/home/administrator/Masterproject2/20_ROS/src/Robots/install/mir_actions:${AMENT_PREFIX_PATH} CMAKE_PREFIX_PATH=/home/administrator/Masterproject2/20_ROS/src/Robots/install/mir_gazebo:/home/administrator/Masterproject2/20_ROS/src/Robots/install/mir_driver:/home/administrator/Masterproject2/20_ROS/src/Robots/install/mir_msgs:/home/administrator/Masterproject2/20_ROS/src/Robots/install/mir_dwb_critics:/home/administrator/Masterproject2/20_ROS/src/Robots/install/mir_description:/home/administrator/Masterproject2/20_ROS/src/Robots/install/mir_actions:/opt/ros/kilted/opt/sdformat_vendor:/opt/ros/kilted/opt/gz_math_vendor:/opt/ros/kilted/opt/gz_utils_vendor:/opt/ros/kilted/opt/gz_tools_vendor:/opt/ros/kilted/opt/gz_cmake_vendor:/opt/ros/kilted DEBUGINFOD_URLS=https://debuginfod.ubuntu.com LD_LIBRARY_PATH=/home/administrator/Masterproject2/20_ROS/src/Robots/install/mir_msgs/lib:/home/administrator/Masterproject2/20_ROS/src/Robots/install/mir_actions/lib:${LD_LIBRARY_PATH} PYTHONPATH=/home/administrator/Masterproject2/20_ROS/src/Robots/install/mir_driver/lib/python3.12/site-packages:/home/administrator/Masterproject2/20_ROS/src/Robots/install/mir_msgs/lib/python3.12/site-packages:/home/administrator/Masterproject2/20_ROS/src/Robots/install/mir_actions/lib/python3.12/site-packages:${PYTHONPATH} /usr/bin/cmake --install /home/administrator/Masterproject2/20_ROS/src/Robots/build/mir_navigation
[0.143s] -- Install configuration: ""
[0.143s] -- Up-to-date: /home/administrator/Masterproject2/20_ROS/src/Robots/install/mir_navigation/lib/mir_navigation/genmprim_unicycle_highcost_5cm.py
[0.144s] -- Up-to-date: /home/administrator/Masterproject2/20_ROS/src/Robots/install/mir_navigation/lib/mir_navigation/acc_finder.py
[0.144s] -- Up-to-date: /home/administrator/Masterproject2/20_ROS/src/Robots/install/mir_navigation/lib/mir_navigation/min_max_finder.py
[0.144s] -- Up-to-date: /home/administrator/Masterproject2/20_ROS/src/Robots/install/mir_navigation/lib/mir_navigation/plot_mprim.py
[0.144s] -- Up-to-date: /home/administrator/Masterproject2/20_ROS/src/Robots/install/mir_navigation/share/mir_navigation/config
[0.144s] -- Up-to-date: /home/administrator/Masterproject2/20_ROS/src/Robots/install/mir_navigation/share/mir_navigation/config/costmap_common_params.yaml
[0.145s] -- Up-to-date: /home/administrator/Masterproject2/20_ROS/src/Robots/install/mir_navigation/share/mir_navigation/config/sbpl_global_params.yaml
[0.145s] -- Up-to-date: /home/administrator/Masterproject2/20_ROS/src/Robots/install/mir_navigation/share/mir_navigation/config/base_local_planner_params.yaml
[0.145s] -- Up-to-date: /home/administrator/Masterproject2/20_ROS/src/Robots/install/mir_navigation/share/mir_navigation/config/pose_local_planner_params.yaml
[0.145s] -- Up-to-date: /home/administrator/Masterproject2/20_ROS/src/Robots/install/mir_navigation/share/mir_navigation/config/teb_local_planner_params.yaml
[0.145s] -- Up-to-date: /home/administrator/Masterproject2/20_ROS/src/Robots/install/mir_navigation/share/mir_navigation/config/costmap_local_params_plugins_virtual_walls.yaml
[0.146s] -- Up-to-date: /home/administrator/Masterproject2/20_ROS/src/Robots/install/mir_navigation/share/mir_navigation/config/costmap_global_params_plugins_virtual_walls.yaml
[0.146s] -- Up-to-date: /home/administrator/Masterproject2/20_ROS/src/Robots/install/mir_navigation/share/mir_navigation/config/dwa_local_planner_params.yaml
[0.147s] -- Up-to-date: /home/administrator/Masterproject2/20_ROS/src/Robots/install/mir_navigation/share/mir_navigation/config/costmap_local_params.yaml
[0.148s] -- Up-to-date: /home/administrator/Masterproject2/20_ROS/src/Robots/install/mir_navigation/share/mir_navigation/config/costmap_local_params_plugins_no_virtual_walls.yaml
[0.148s] -- Up-to-date: /home/administrator/Masterproject2/20_ROS/src/Robots/install/mir_navigation/share/mir_navigation/config/mir_local_planner_params.yaml
[0.148s] -- Up-to-date: /home/administrator/Masterproject2/20_ROS/src/Robots/install/mir_navigation/share/mir_navigation/config/move_base_common_params.yaml
[0.149s] -- Up-to-date: /home/administrator/Masterproject2/20_ROS/src/Robots/install/mir_navigation/share/mir_navigation/config/costmap_global_params_plugins_no_virtual_walls.yaml
[0.149s] -- Up-to-date: /home/administrator/Masterproject2/20_ROS/src/Robots/install/mir_navigation/share/mir_navigation/config/costmap_global_params.yaml
[0.149s] -- Up-to-date: /home/administrator/Masterproject2/20_ROS/src/Robots/install/mir_navigation/share/mir_navigation/config/eband_local_planner_params.yaml
[0.149s] -- Up-to-date: /home/administrator/Masterproject2/20_ROS/src/Robots/install/mir_navigation/share/mir_navigation/config/dwb_local_planner_params.yaml
[0.149s] -- Up-to-date: /home/administrator/Masterproject2/20_ROS/src/Robots/install/mir_navigation/share/mir_navigation/launch
[0.149s] -- Up-to-date: /home/administrator/Masterproject2/20_ROS/src/Robots/install/mir_navigation/share/mir_navigation/launch/start_planner.launch
[0.150s] -- Up-to-date: /home/administrator/Masterproject2/20_ROS/src/Robots/install/mir_navigation/share/mir_navigation/launch/hector_mapping.launch
[0.150s] -- Up-to-date: /home/administrator/Masterproject2/20_ROS/src/Robots/install/mir_navigation/share/mir_navigation/launch/start_maps.launch
[0.150s] -- Up-to-date: /home/administrator/Masterproject2/20_ROS/src/Robots/install/mir_navigation/share/mir_navigation/launch/move_base.xml
[0.150s] -- Up-to-date: /home/administrator/Masterproject2/20_ROS/src/Robots/install/mir_navigation/share/mir_navigation/launch/amcl.launch
[0.150s] -- Up-to-date: /home/administrator/Masterproject2/20_ROS/src/Robots/install/mir_navigation/share/mir_navigation/mprim
[0.150s] -- Up-to-date: /home/administrator/Masterproject2/20_ROS/src/Robots/install/mir_navigation/share/mir_navigation/mprim/unicycle_highcost_2cm.mprim
[0.150s] -- Up-to-date: /home/administrator/Masterproject2/20_ROS/src/Robots/install/mir_navigation/share/mir_navigation/mprim/unicycle_highcost_1cm.mprim
[0.151s] -- Up-to-date: /home/administrator/Masterproject2/20_ROS/src/Robots/install/mir_navigation/share/mir_navigation/mprim/genmprim_unicycle_highcost_5cm.py
[0.151s] -- Up-to-date: /home/administrator/Masterproject2/20_ROS/src/Robots/install/mir_navigation/share/mir_navigation/mprim/unicycle_highcost_2_5cm.mprim
[0.151s] -- Up-to-date: /home/administrator/Masterproject2/20_ROS/src/Robots/install/mir_navigation/share/mir_navigation/mprim/unicycle_5cm_expensive_turn_in_place_highcost.mprim
[0.151s] -- Up-to-date: /home/administrator/Masterproject2/20_ROS/src/Robots/install/mir_navigation/share/mir_navigation/mprim/unicycle_5cm.mprim
[0.152s] -- Up-to-date: /home/administrator/Masterproject2/20_ROS/src/Robots/install/mir_navigation/share/mir_navigation/mprim/unicycle_highcost_10cm.mprim
[0.154s] -- Up-to-date: /home/administrator/Masterproject2/20_ROS/src/Robots/install/mir_navigation/share/mir_navigation/mprim/unicycle_5cm_noreverse_trolley.mprim
[0.154s] -- Up-to-date: /home/administrator/Masterproject2/20_ROS/src/Robots/install/mir_navigation/share/mir_navigation/mprim/unicycle_highcost_5cm.mprim
[0.155s] -- Up-to-date: /home/administrator/Masterproject2/20_ROS/src/Robots/install/mir_navigation/share/mir_navigation/mprim/unicycle_5cm_expensive_turn_in_place.mprim
[0.155s] -- Up-to-date: /home/administrator/Masterproject2/20_ROS/src/Robots/install/mir_navigation/share/mir_navigation/mprim/genmprim_unicycle_highcost_5cm.m
[0.155s] -- Up-to-date: /home/administrator/Masterproject2/20_ROS/src/Robots/install/mir_navigation/share/mir_navigation/rviz
[0.155s] -- Up-to-date: /home/administrator/Masterproject2/20_ROS/src/Robots/install/mir_navigation/share/mir_navigation/rviz/navigation.rviz
[0.155s] -- Up-to-date: /home/administrator/Masterproject2/20_ROS/src/Robots/install/mir_navigation/share/ament_index/resource_index/package_run_dependencies/mir_navigation
[0.155s] -- Up-to-date: /home/administrator/Masterproject2/20_ROS/src/Robots/install/mir_navigation/share/ament_index/resource_index/parent_prefix_path/mir_navigation
[0.156s] -- Up-to-date: /home/administrator/Masterproject2/20_ROS/src/Robots/install/mir_navigation/share/mir_navigation/environment/ament_prefix_path.sh
[0.156s] -- Up-to-date: /home/administrator/Masterproject2/20_ROS/src/Robots/install/mir_navigation/share/mir_navigation/environment/ament_prefix_path.dsv
[0.157s] -- Up-to-date: /home/administrator/Masterproject2/20_ROS/src/Robots/install/mir_navigation/share/mir_navigation/environment/path.sh
[0.157s] -- Up-to-date: /home/administrator/Masterproject2/20_ROS/src/Robots/install/mir_navigation/share/mir_navigation/environment/path.dsv
[0.157s] -- Up-to-date: /home/administrator/Masterproject2/20_ROS/src/Robots/install/mir_navigation/share/mir_navigation/local_setup.bash
[0.158s] -- Up-to-date: /home/administrator/Masterproject2/20_ROS/src/Robots/install/mir_navigation/share/mir_navigation/local_setup.sh
[0.159s] -- Up-to-date: /home/administrator/Masterproject2/20_ROS/src/Robots/install/mir_navigation/share/mir_navigation/local_setup.zsh
[0.160s] -- Up-to-date: /home/administrator/Masterproject2/20_ROS/src/Robots/install/mir_navigation/share/mir_navigation/local_setup.dsv
[0.160s] -- Up-to-date: /home/administrator/Masterproject2/20_ROS/src/Robots/install/mir_navigation/share/mir_navigation/package.dsv
[0.160s] -- Up-to-date: /home/administrator/Masterproject2/20_ROS/src/Robots/install/mir_navigation/share/ament_index/resource_index/packages/mir_navigation
[0.160s] -- Up-to-date: /home/administrator/Masterproject2/20_ROS/src/Robots/install/mir_navigation/share/mir_navigation/cmake/mir_navigationConfig.cmake
[0.161s] -- Up-to-date: /home/administrator/Masterproject2/20_ROS/src/Robots/install/mir_navigation/share/mir_navigation/cmake/mir_navigationConfig-version.cmake
[0.161s] -- Up-to-date: /home/administrator/Masterproject2/20_ROS/src/Robots/install/mir_navigation/share/mir_navigation/package.xml
[0.162s] Invoked command in '/home/administrator/Masterproject2/20_ROS/src/Robots/build/mir_navigation' returned '0': AMENT_PREFIX_PATH=/home/administrator/Masterproject2/20_ROS/src/Robots/install/mir_gazebo:/home/administrator/Masterproject2/20_ROS/src/Robots/install/mir_driver:/home/administrator/Masterproject2/20_ROS/src/Robots/install/mir_msgs:/home/administrator/Masterproject2/20_ROS/src/Robots/install/mir_dwb_critics:/home/administrator/Masterproject2/20_ROS/src/Robots/install/mir_description:/home/administrator/Masterproject2/20_ROS/src/Robots/install/mir_actions:${AMENT_PREFIX_PATH} CMAKE_PREFIX_PATH=/home/administrator/Masterproject2/20_ROS/src/Robots/install/mir_gazebo:/home/administrator/Masterproject2/20_ROS/src/Robots/install/mir_driver:/home/administrator/Masterproject2/20_ROS/src/Robots/install/mir_msgs:/home/administrator/Masterproject2/20_ROS/src/Robots/install/mir_dwb_critics:/home/administrator/Masterproject2/20_ROS/src/Robots/install/mir_description:/home/administrator/Masterproject2/20_ROS/src/Robots/install/mir_actions:/opt/ros/kilted/opt/sdformat_vendor:/opt/ros/kilted/opt/gz_math_vendor:/opt/ros/kilted/opt/gz_utils_vendor:/opt/ros/kilted/opt/gz_tools_vendor:/opt/ros/kilted/opt/gz_cmake_vendor:/opt/ros/kilted DEBUGINFOD_URLS=https://debuginfod.ubuntu.com LD_LIBRARY_PATH=/home/administrator/Masterproject2/20_ROS/src/Robots/install/mir_msgs/lib:/home/administrator/Masterproject2/20_ROS/src/Robots/install/mir_actions/lib:${LD_LIBRARY_PATH} PYTHONPATH=/home/administrator/Masterproject2/20_ROS/src/Robots/install/mir_driver/lib/python3.12/site-packages:/home/administrator/Masterproject2/20_ROS/src/Robots/install/mir_msgs/lib/python3.12/site-packages:/home/administrator/Masterproject2/20_ROS/src/Robots/install/mir_actions/lib/python3.12/site-packages:${PYTHONPATH} /usr/bin/cmake --install /home/administrator/Masterproject2/20_ROS/src/Robots/build/mir_navigation
