[0.017s] Invoking command in '/home/administrator/Masterproject2/20_ROS/src/Robots/build/meca500_hardware': CMAKE_PREFIX_PATH=${CMAKE_PREFIX_PATH}:/opt/ros/kilted DEBUGINFOD_URLS=https://debuginfod.ubuntu.com /usr/bin/cmake --build /home/administrator/Masterproject2/20_ROS/src/Robots/build/meca500_hardware -- -j14 -l14
[0.075s] [100%] Built target meca500_hardware
[0.214s] Invoked command in '/home/administrator/Masterproject2/20_ROS/src/Robots/build/meca500_hardware' returned '0': CMAKE_PREFIX_PATH=${CMAKE_PREFIX_PATH}:/opt/ros/kilted DEBUGINFOD_URLS=https://debuginfod.ubuntu.com /usr/bin/cmake --build /home/administrator/Masterproject2/20_ROS/src/Robots/build/meca500_hardware -- -j14 -l14
[0.214s] Invoking command in '/home/administrator/Masterproject2/20_ROS/src/Robots/build/meca500_hardware': CMAKE_PREFIX_PATH=${CMAKE_PREFIX_PATH}:/opt/ros/kilted DEBUGINFOD_URLS=https://debuginfod.ubuntu.com /usr/bin/cmake --install /home/administrator/Masterproject2/20_ROS/src/Robots/build/meca500_hardware
[0.247s] -- Install configuration: ""
[0.247s] -- Execute custom install script
[0.247s] -- Up-to-date symlink: /home/administrator/Masterproject2/20_ROS/src/Robots/install/meca500_hardware/share/meca500_hardware//meca500_hardware.xml
[0.247s] -- Up-to-date symlink: /home/administrator/Masterproject2/20_ROS/src/Robots/install/meca500_hardware/lib/libmeca500_hardware.so
[0.247s] -- Up-to-date symlink: /home/administrator/Masterproject2/20_ROS/src/Robots/install/meca500_hardware/include/meca500_hardware/meca500_system.hpp
[0.247s] -- Up-to-date symlink: /home/administrator/Masterproject2/20_ROS/src/Robots/install/meca500_hardware/share/ament_index/resource_index/package_run_dependencies/meca500_hardware
[0.247s] -- Up-to-date symlink: /home/administrator/Masterproject2/20_ROS/src/Robots/install/meca500_hardware/share/ament_index/resource_index/parent_prefix_path/meca500_hardware
[0.247s] -- Up-to-date symlink: /home/administrator/Masterproject2/20_ROS/src/Robots/install/meca500_hardware/share/meca500_hardware/environment/ament_prefix_path.sh
[0.248s] -- Up-to-date symlink: /home/administrator/Masterproject2/20_ROS/src/Robots/install/meca500_hardware/share/meca500_hardware/environment/ament_prefix_path.dsv
[0.249s] -- Up-to-date symlink: /home/administrator/Masterproject2/20_ROS/src/Robots/install/meca500_hardware/share/meca500_hardware/environment/path.sh
[0.250s] -- Up-to-date symlink: /home/administrator/Masterproject2/20_ROS/src/Robots/install/meca500_hardware/share/meca500_hardware/environment/path.dsv
[0.250s] -- Up-to-date symlink: /home/administrator/Masterproject2/20_ROS/src/Robots/install/meca500_hardware/share/meca500_hardware/local_setup.bash
[0.250s] -- Up-to-date symlink: /home/administrator/Masterproject2/20_ROS/src/Robots/install/meca500_hardware/share/meca500_hardware/local_setup.sh
[0.250s] -- Up-to-date symlink: /home/administrator/Masterproject2/20_ROS/src/Robots/install/meca500_hardware/share/meca500_hardware/local_setup.zsh
[0.250s] -- Up-to-date symlink: /home/administrator/Masterproject2/20_ROS/src/Robots/install/meca500_hardware/share/meca500_hardware/local_setup.dsv
[0.250s] -- Symlinking: /home/administrator/Masterproject2/20_ROS/src/Robots/install/meca500_hardware/share/meca500_hardware/package.dsv
[0.252s] -- Up-to-date symlink: /home/administrator/Masterproject2/20_ROS/src/Robots/install/meca500_hardware/share/ament_index/resource_index/packages/meca500_hardware
[0.252s] -- Up-to-date symlink: /home/administrator/Masterproject2/20_ROS/src/Robots/install/meca500_hardware/share/ament_index/resource_index/hardware_interface__pluginlib__plugin/meca500_hardware
[0.252s] -- Up-to-date symlink: /home/administrator/Masterproject2/20_ROS/src/Robots/install/meca500_hardware/share/meca500_hardware/cmake/meca500_hardwareConfig.cmake
[0.252s] -- Up-to-date symlink: /home/administrator/Masterproject2/20_ROS/src/Robots/install/meca500_hardware/share/meca500_hardware/cmake/meca500_hardwareConfig-version.cmake
[0.252s] -- Up-to-date symlink: /home/administrator/Masterproject2/20_ROS/src/Robots/install/meca500_hardware/share/meca500_hardware/package.xml
[0.320s] Invoked command in '/home/administrator/Masterproject2/20_ROS/src/Robots/build/meca500_hardware' returned '0': CMAKE_PREFIX_PATH=${CMAKE_PREFIX_PATH}:/opt/ros/kilted DEBUGINFOD_URLS=https://debuginfod.ubuntu.com /usr/bin/cmake --install /home/administrator/Masterproject2/20_ROS/src/Robots/build/meca500_hardware
