[0.024s] Invoking command in '/home/administrator/Masterproject2/20_ROS/src/Robots/build/meca500_description': DEBUGINFOD_URLS=https://debuginfod.ubuntu.com /usr/bin/cmake /home/administrator/Masterproject2/20_ROS/src/Robots/Mecademic/meca500_description -DAMENT_CMAKE_SYMLINK_INSTALL=1 -DCMAKE_INSTALL_PREFIX=/home/administrator/Masterproject2/20_ROS/src/Robots/install/meca500_description
[0.182s] -- The C compiler identification is GNU 13.3.0
[0.298s] -- The CXX compiler identification is GNU 13.3.0
[0.310s] -- Detecting C compiler ABI info
[0.376s] -- Detecting C compiler ABI info - done
[0.381s] -- Check for working C compiler: /usr/bin/cc - skipped
[0.381s] -- Detecting C compile features
[0.382s] -- Detecting C compile features - done
[0.388s] -- Detecting CXX compiler ABI info
[0.452s] -- Detecting CXX compiler ABI info - done
[0.461s] -- Check for working CXX compiler: /usr/bin/c++ - skipped
[0.461s] -- Detecting CXX compile features
[0.461s] -- Detecting CXX compile features - done
[0.470s] -- Configuring incomplete, errors occurred!
[0.470s] [31mCMake Error at CMakeLists.txt:9 (find_package):
[0.471s]   By not providing "Findament_cmake.cmake" in CMAKE_MODULE_PATH this project
[0.471s]   has asked CMake to find a package configuration file provided by
[0.471s]   "ament_cmake", but CMake did not find one.
[0.471s] 
[0.471s]   Could not find a package configuration file provided by "ament_cmake" with
[0.471s]   any of the following names:
[0.471s] 
[0.471s]     ament_cmakeConfig.cmake
[0.471s]     ament_cmake-config.cmake
[0.471s] 
[0.471s]   Add the installation prefix of "ament_cmake" to CMAKE_PREFIX_PATH or set
[0.471s]   "ament_cmake_DIR" to a directory containing one of the above files.  If
[0.471s]   "ament_cmake" provides a separate development package or SDK, be sure it
[0.471s]   has been installed.
[0.471s] 
[0.471s] [0m
[0.474s] Invoked command in '/home/administrator/Masterproject2/20_ROS/src/Robots/build/meca500_description' returned '1': DEBUGINFOD_URLS=https://debuginfod.ubuntu.com /usr/bin/cmake /home/administrator/Masterproject2/20_ROS/src/Robots/Mecademic/meca500_description -DAMENT_CMAKE_SYMLINK_INSTALL=1 -DCMAKE_INSTALL_PREFIX=/home/administrator/Masterproject2/20_ROS/src/Robots/install/meca500_description
