[0.015s] Invoking command in '/home/administrator/Masterproject2/20_ROS/src/Robots/build/meca500_hardware': CMAKE_PREFIX_PATH=${CMAKE_PREFIX_PATH}:/opt/ros/kilted DEBUGINFOD_URLS=https://debuginfod.ubuntu.com /usr/bin/cmake /home/administrator/Masterproject2/20_ROS/src/Robots/Mecademic/meca500_hardware -DCMAKE_INSTALL_PREFIX=/home/administrator/Masterproject2/20_ROS/src/Robots/install/meca500_hardware
[0.028s] -- Found ament_cmake: 2.7.5 (/opt/ros/kilted/share/ament_cmake/cmake)
[0.136s] -- Found Python3: /usr/bin/python3 (found version "3.12.3") found components: Interpreter 
[0.188s] -- Override CMake install command with custom implementation using symlinks instead of copying resources
[0.240s] -- Found rclcpp: 29.5.8 (/opt/ros/kilted/share/rclcpp/cmake)
[0.259s] -- Found rosidl_generator_c: 4.9.6 (/opt/ros/kilted/share/rosidl_generator_c/cmake)
[0.268s] -- Found rosidl_generator_cpp: 4.9.6 (/opt/ros/kilted/share/rosidl_generator_cpp/cmake)
[0.280s] -- Using all available rosidl_typesupport_c: rosidl_typesupport_fastrtps_c;rosidl_typesupport_introspection_c
[0.293s] -- Using all available rosidl_typesupport_cpp: rosidl_typesupport_fastrtps_cpp;rosidl_typesupport_introspection_cpp
[0.345s] -- Found rmw_implementation_cmake: 7.8.2 (/opt/ros/kilted/share/rmw_implementation_cmake/cmake)
[0.346s] -- Found rmw_fastrtps_cpp: 9.3.4 (/opt/ros/kilted/share/rmw_fastrtps_cpp/cmake)
[0.407s] -- Found OpenSSL: /usr/lib/x86_64-linux-gnu/libcrypto.so (found version "3.0.13")  
[0.412s] -- Using RMW implementation 'rmw_fastrtps_cpp' as default
[0.470s] -- Found hardware_interface: 5.14.2 (/opt/ros/kilted/share/hardware_interface/cmake)
[0.710s] -- Found ament_lint_auto: 0.19.3 (/opt/ros/kilted/share/ament_lint_auto/cmake)
[0.791s] [0mCMake Deprecation Warning at /opt/ros/kilted/share/ament_cmake_target_dependencies/cmake/ament_target_dependencies.cmake:87 (message):
[0.791s]   ament_target_dependencies() is deprecated.  Use target_link_libraries()
[0.791s]   with modern CMake targets instead.  Try replacing this call with:
[0.791s] 
[0.791s]     target_link_libraries(meca500_hardware PUBLIC
[0.791s]       hardware_interface::hardware_interface
[0.791s]       hardware_interface::mock_components
[0.791s]       pluginlib::pluginlib
[0.791s]       rclcpp::rclcpp
[0.791s]       rclcpp_lifecycle::rclcpp_lifecycle
[0.791s]     )
[0.791s] 
[0.791s] Call Stack (most recent call first):
[0.791s]   CMakeLists.txt:37 (ament_target_dependencies)
[0.791s] 
[0.791s] [0m
[0.797s] -- Added test 'cppcheck' to perform static code analysis on C / C++ code
[0.797s] -- Configured cppcheck include dirs: /home/administrator/Masterproject2/20_ROS/src/Robots/Mecademic/meca500_hardware/include
[0.798s] -- Configured cppcheck exclude dirs and/or files: 
[0.798s] -- Added test 'lint_cmake' to check CMake code style
[0.799s] -- Added test 'uncrustify' to check C / C++ code style
[0.799s] -- Configured uncrustify additional arguments: 
[0.799s] -- Added test 'xmllint' to check XML markup files
[0.801s] -- Configuring done (0.8s)
[0.816s] -- Generating done (0.0s)
[0.819s] -- Build files have been written to: /home/administrator/Masterproject2/20_ROS/src/Robots/build/meca500_hardware
