[0.021s] Invoking command in '/home/administrator/Masterproject2/20_ROS/src/Robots/build/demo': AMENT_PREFIX_PATH=/home/administrator/Masterproject2/20_ROS/src/Robots/install/om_aiv_msg:${AMENT_PREFIX_PATH} CMAKE_PREFIX_PATH=/home/administrator/Masterproject2/20_ROS/src/Robots/install/om_aiv_msg:/opt/ros/kilted/opt/sdformat_vendor:/opt/ros/kilted/opt/gz_math_vendor:/opt/ros/kilted/opt/gz_utils_vendor:/opt/ros/kilted/opt/gz_tools_vendor:/opt/ros/kilted/opt/gz_cmake_vendor:/opt/ros/kilted DEBUGINFOD_URLS=https://debuginfod.ubuntu.com LD_LIBRARY_PATH=/home/administrator/Masterproject2/20_ROS/src/Robots/install/om_aiv_msg/lib:${LD_LIBRARY_PATH} PYTHONPATH=/home/administrator/Masterproject2/20_ROS/src/Robots/install/om_aiv_msg/lib/python3.12/site-packages:${PYTHONPATH} /usr/bin/cmake /home/administrator/Masterproject2/20_ROS/src/Robots/Omron_AMR/src/demo -DCMAKE_INSTALL_PREFIX=/home/administrator/Masterproject2/20_ROS/src/Robots/install/demo
[0.126s] -- The C compiler identification is GNU 13.3.0
[0.227s] -- The CXX compiler identification is GNU 13.3.0
[0.255s] -- Detecting C compiler ABI info
[0.424s] -- Detecting C compiler ABI info - done
[0.439s] -- Check for working C compiler: /usr/bin/cc - skipped
[0.439s] -- Detecting C compile features
[0.439s] -- Detecting C compile features - done
[0.452s] -- Detecting CXX compiler ABI info
[0.697s] -- Detecting CXX compiler ABI info - done
[0.712s] -- Check for working CXX compiler: /usr/bin/c++ - skipped
[0.712s] -- Detecting CXX compile features
[0.717s] -- Detecting CXX compile features - done
[0.718s] -- Found ament_cmake: 2.7.5 (/opt/ros/kilted/share/ament_cmake/cmake)
[0.972s] -- Found Python3: /usr/bin/python3 (found version "3.12.3") found components: Interpreter 
[1.374s] -- Found rclcpp: 29.5.8 (/opt/ros/kilted/share/rclcpp/cmake)
[1.426s] -- Found rosidl_generator_c: 4.9.6 (/opt/ros/kilted/share/rosidl_generator_c/cmake)
[1.451s] -- Found rosidl_generator_cpp: 4.9.6 (/opt/ros/kilted/share/rosidl_generator_cpp/cmake)
[1.479s] -- Using all available rosidl_typesupport_c: rosidl_typesupport_fastrtps_c;rosidl_typesupport_introspection_c
[1.522s] -- Using all available rosidl_typesupport_cpp: rosidl_typesupport_fastrtps_cpp;rosidl_typesupport_introspection_cpp
[1.707s] -- Found rmw_implementation_cmake: 7.8.2 (/opt/ros/kilted/share/rmw_implementation_cmake/cmake)
[1.714s] -- Found rmw_fastrtps_cpp: 9.3.4 (/opt/ros/kilted/share/rmw_fastrtps_cpp/cmake)
[1.932s] -- Found OpenSSL: /usr/lib/x86_64-linux-gnu/libcrypto.so (found version "3.0.13")  
[1.962s] -- Using RMW implementation 'rmw_fastrtps_cpp' as default
[2.240s] -- Found om_aiv_msg: 0.0.0 (/home/administrator/Masterproject2/20_ROS/src/Robots/install/om_aiv_msg/share/om_aiv_msg/cmake)
[2.411s] -- Found rclcpp_action: 29.5.8 (/opt/ros/kilted/share/rclcpp_action/cmake)
[2.436s] -- Found rclcpp_components: 29.5.8 (/opt/ros/kilted/share/rclcpp_components/cmake)
[2.507s] -- Found ament_lint_auto: 0.19.3 (/opt/ros/kilted/share/ament_lint_auto/cmake)
[2.707s] [0mCMake Deprecation Warning at /opt/ros/kilted/share/ament_cmake_target_dependencies/cmake/ament_target_dependencies.cmake:87 (message):
[2.707s]   ament_target_dependencies() is deprecated.  Use target_link_libraries()
[2.707s]   with modern CMake targets instead.  Try replacing this call with:
[2.708s] 
[2.708s]     target_link_libraries(get_macros PUBLIC
[2.711s]       ${om_aiv_msg_TARGETS}
[2.711s]       rclcpp::rclcpp
[2.711s]     )
[2.711s] 
[2.711s] Call Stack (most recent call first):
[2.711s]   CMakeLists.txt:42 (ament_target_dependencies)
[2.711s] 
[2.711s] [0m
[2.711s] [0mCMake Deprecation Warning at /opt/ros/kilted/share/ament_cmake_target_dependencies/cmake/ament_target_dependencies.cmake:87 (message):
[2.711s]   ament_target_dependencies() is deprecated.  Use target_link_libraries()
[2.711s]   with modern CMake targets instead.  Try replacing this call with:
[2.711s] 
[2.711s]     target_link_libraries(action_client PUBLIC
[2.712s]       ${om_aiv_msg_TARGETS}
[2.712s]       rclcpp::rclcpp
[2.712s]       rclcpp_action::rclcpp_action
[2.712s]       rclcpp_components::component
[2.712s]       rclcpp_components::component_manager
[2.712s]     )
[2.712s] 
[2.712s] Call Stack (most recent call first):
[2.712s]   CMakeLists.txt:53 (ament_target_dependencies)
[2.712s] 
[2.712s] [0m
[2.715s] -- Added test 'copyright' to check source files copyright and LICENSE
[2.721s] -- Added test 'cppcheck' to perform static code analysis on C / C++ code
[2.721s] -- Configured cppcheck include dirs: $<BUILD_INTERFACE:/home/administrator/Masterproject2/20_ROS/src/Robots/Omron_AMR/src/demo/include>
[2.721s] -- Configured cppcheck exclude dirs and/or files: 
[2.721s] -- Added test 'cpplint' to check C / C++ code against the Google style
[2.726s] -- Configured cpplint exclude dirs and/or files: 
[2.726s] -- Added test 'lint_cmake' to check CMake code style
[2.727s] -- Added test 'uncrustify' to check C / C++ code style
[2.727s] -- Configured uncrustify additional arguments: 
[2.731s] -- Added test 'xmllint' to check XML markup files
[2.733s] -- Configuring done (2.7s)
[2.776s] -- Generating done (0.0s)
[2.795s] -- Build files have been written to: /home/administrator/Masterproject2/20_ROS/src/Robots/build/demo
[2.815s] Invoked command in '/home/administrator/Masterproject2/20_ROS/src/Robots/build/demo' returned '0': AMENT_PREFIX_PATH=/home/administrator/Masterproject2/20_ROS/src/Robots/install/om_aiv_msg:${AMENT_PREFIX_PATH} CMAKE_PREFIX_PATH=/home/administrator/Masterproject2/20_ROS/src/Robots/install/om_aiv_msg:/opt/ros/kilted/opt/sdformat_vendor:/opt/ros/kilted/opt/gz_math_vendor:/opt/ros/kilted/opt/gz_utils_vendor:/opt/ros/kilted/opt/gz_tools_vendor:/opt/ros/kilted/opt/gz_cmake_vendor:/opt/ros/kilted DEBUGINFOD_URLS=https://debuginfod.ubuntu.com LD_LIBRARY_PATH=/home/administrator/Masterproject2/20_ROS/src/Robots/install/om_aiv_msg/lib:${LD_LIBRARY_PATH} PYTHONPATH=/home/administrator/Masterproject2/20_ROS/src/Robots/install/om_aiv_msg/lib/python3.12/site-packages:${PYTHONPATH} /usr/bin/cmake /home/administrator/Masterproject2/20_ROS/src/Robots/Omron_AMR/src/demo -DCMAKE_INSTALL_PREFIX=/home/administrator/Masterproject2/20_ROS/src/Robots/install/demo
[2.815s] Invoking command in '/home/administrator/Masterproject2/20_ROS/src/Robots/build/demo': AMENT_PREFIX_PATH=/home/administrator/Masterproject2/20_ROS/src/Robots/install/om_aiv_msg:${AMENT_PREFIX_PATH} CMAKE_PREFIX_PATH=/home/administrator/Masterproject2/20_ROS/src/Robots/install/om_aiv_msg:/opt/ros/kilted/opt/sdformat_vendor:/opt/ros/kilted/opt/gz_math_vendor:/opt/ros/kilted/opt/gz_utils_vendor:/opt/ros/kilted/opt/gz_tools_vendor:/opt/ros/kilted/opt/gz_cmake_vendor:/opt/ros/kilted DEBUGINFOD_URLS=https://debuginfod.ubuntu.com LD_LIBRARY_PATH=/home/administrator/Masterproject2/20_ROS/src/Robots/install/om_aiv_msg/lib:${LD_LIBRARY_PATH} PYTHONPATH=/home/administrator/Masterproject2/20_ROS/src/Robots/install/om_aiv_msg/lib/python3.12/site-packages:${PYTHONPATH} /usr/bin/cmake --build /home/administrator/Masterproject2/20_ROS/src/Robots/build/demo -- -j14 -l14
[2.958s] [ 16%] [32mBuilding CXX object CMakeFiles/get_macros.dir/src/demo_get_macros.cpp.o[0m
[2.977s] [ 33%] [32mBuilding CXX object CMakeFiles/action_client.dir/src/demo_execute_macro.cpp.o[0m
[3.002s] [ 50%] [32mBuilding CXX object CMakeFiles/execute_macro.dir/rclcpp_components/node_main_execute_macro.cpp.o[0m
[7.325s] [ 66%] [32m[1mLinking CXX executable get_macros[0m
[7.518s] [ 66%] Built target get_macros
[8.202s] [01m[K/home/administrator/Masterproject2/20_ROS/src/Robots/Omron_AMR/src/demo/src/demo_execute_macro.cpp:[m[K In member function ‘[01m[Kvoid demo::ActionClient::[01;32m[Ksend_goal[m[K()[m[K’:
[8.202s] [01m[K/home/administrator/Masterproject2/20_ROS/src/Robots/Omron_AMR/src/demo/src/demo_execute_macro.cpp:57:64:[m[K [01;31m[Kerror: [m[Kno match for ‘[01m[Koperator=[m[K’ (operand types are ‘[01m[Krclcpp_action::Client<om_aiv_msg::action::Action>::GoalResponseCallback[m[K’ {aka ‘[01m[Kstd::function<void(std::shared_ptr<rclcpp_action::ClientGoalHandle<om_aiv_msg::action::Action> >)>[m[K’} and ‘[01m[Kstd::_Bind_helper<false, void (demo::ActionClient::*)(std::shared_future<std::shared_ptr<rclcpp_action::ClientGoalHandle<om_aiv_msg::action::Action> > >), demo::ActionClient*, const std::_Placeholder<1>&>::type[m[K’)
[8.202s]    57 |       std::bind(&ActionClient::goal_response_callback, this, _1[01;31m[K)[m[K;
[8.203s]       |                                                                [01;31m[K^[m[K
[8.205s] In file included from [01m[K/usr/include/c++/13/functional:59[m[K,
[8.205s]                  from [01m[K/home/administrator/Masterproject2/20_ROS/src/Robots/Omron_AMR/src/demo/src/demo_execute_macro.cpp:1[m[K:
[8.205s] [01m[K/usr/include/c++/13/bits/std_function.h:531:9:[m[K [01;36m[Knote: [m[Kcandidate: ‘[01m[Ktemplate<class _Functor> std::function<_Res(_ArgTypes ...)>::_Requires<std::function<_Res(_ArgTypes ...)>::_Callable<_Functor>, std::function<_Res(_ArgTypes ...)>&> std::function<_Res(_ArgTypes ...)>::[01;32m[Koperator=[m[K(_Functor&&) [35m[K[with _Res = void; _ArgTypes = {std::shared_ptr<rclcpp_action::ClientGoalHandle<om_aiv_msg::action::Action> >}][m[K[m[K’
[8.205s]   531 |         [01;36m[Koperator[m[K=(_Functor&& __f)
[8.205s]       |         [01;36m[K^~~~~~~~[m[K
[8.205s] [01m[K/usr/include/c++/13/bits/std_function.h:531:9:[m[K [01;36m[Knote: [m[K  template argument deduction/substitution failed:
[8.205s] In file included from [01m[K/usr/include/c++/13/bits/move.h:37[m[K,
[8.205s]                  from [01m[K/usr/include/c++/13/bits/stl_function.h:60[m[K,
[8.205s]                  from [01m[K/usr/include/c++/13/functional:49[m[K:
[8.205s] /usr/include/c++/13/type_traits: In substitution of ‘[01m[Ktemplate<bool _Cond, class _Tp> using std::__enable_if_t = typename std::enable_if::type [35m[K[with bool _Cond = false; _Tp = std::function<void(std::shared_ptr<rclcpp_action::ClientGoalHandle<om_aiv_msg::action::Action> >)>&][m[K[m[K’:
[8.205s] [01m[K/usr/include/c++/13/bits/std_function.h:353:8:[m[K   required by substitution of ‘[01m[Ktemplate<class _Res, class ... _ArgTypes> template<class _Cond, class _Tp> using std::function<_Res(_ArgTypes ...)>::_Requires = std::__enable_if_t<_Cond::value, _Tp> [35m[K[with _Cond = std::function<void(std::shared_ptr<rclcpp_action::ClientGoalHandle<om_aiv_msg::action::Action> >)>::_Callable<std::_Bind<void (demo::ActionClient::*(demo::ActionClient*, std::_Placeholder<1>))(std::shared_future<std::shared_ptr<rclcpp_action::ClientGoalHandle<om_aiv_msg::action::Action> > >)>, std::_Bind<void (demo::ActionClient::*(demo::ActionClient*, std::_Placeholder<1>))(std::shared_future<std::shared_ptr<rclcpp_action::ClientGoalHandle<om_aiv_msg::action::Action> > >)>, std::__invoke_result<std::_Bind<void (demo::ActionClient::*(demo::ActionClient*, std::_Placeholder<1>))(std::shared_future<std::shared_ptr<rclcpp_action::ClientGoalHandle<om_aiv_msg::action::Action> > >)>&, std::shared_ptr<rclcpp_action::ClientGoalHandle<om_aiv_msg::action::Action> > > >; _Tp = std::function<void(std::shared_ptr<rclcpp_action::ClientGoalHandle<om_aiv_msg::action::Action> >)>&; _Res = void; _ArgTypes = {std::shared_ptr<rclcpp_action::ClientGoalHandle<om_aiv_msg::action::Action> >}][m[K[m[K’
[8.205s] [01m[K/usr/include/c++/13/bits/std_function.h:531:2:[m[K   required by substitution of ‘[01m[Ktemplate<class _Functor> std::function<void(std::shared_ptr<rclcpp_action::ClientGoalHandle<om_aiv_msg::action::Action> >)>::_Requires<std::function<void(std::shared_ptr<rclcpp_action::ClientGoalHandle<om_aiv_msg::action::Action> >)>::_Callable<_Functor, typename std::enable_if<(! std::is_same<typename std::remove_cv<typename std::remove_reference<_Tp>::type>::type, std::function<void(std::shared_ptr<rclcpp_action::ClientGoalHandle<om_aiv_msg::action::Action> >)> >::value), std::decay<_Ex> >::type::type, std::__invoke_result<typename std::enable_if<(! std::is_same<typename std::remove_cv<typename std::remove_reference<_Tp>::type>::type, std::function<void(std::shared_ptr<rclcpp_action::ClientGoalHandle<om_aiv_msg::action::Action> >)> >::value), std::decay<_Ex> >::type::type&, std::shared_ptr<rclcpp_action::ClientGoalHandle<om_aiv_msg::action::Action> > > >, std::function<void(std::shared_ptr<rclcpp_action::ClientGoalHandle<om_aiv_msg::action::Action> >)>&> std::function<void(std::shared_ptr<rclcpp_action::ClientGoalHandle<om_aiv_msg::action::Action> >)>::[01;32m[Koperator=[m[K(_Functor&&) [35m[K[with _Functor = std::_Bind<void (demo::ActionClient::*(demo::ActionClient*, std::_Placeholder<1>))(std::shared_future<std::shared_ptr<rclcpp_action::ClientGoalHandle<om_aiv_msg::action::Action> > >)>][m[K[m[K’
[8.206s] [01m[K/home/administrator/Masterproject2/20_ROS/src/Robots/Omron_AMR/src/demo/src/demo_execute_macro.cpp:57:64:[m[K   required from here
[8.206s] [01m[K/usr/include/c++/13/type_traits:116:11:[m[K [01;31m[Kerror: [m[Kno type named ‘[01m[Ktype[m[K’ in ‘[01m[Kstruct std::enable_if<false, std::function<void(std::shared_ptr<rclcpp_action::ClientGoalHandle<om_aiv_msg::action::Action> >)>&>[m[K’
[8.206s]   116 |     using [01;31m[K__enable_if_t[m[K = typename enable_if<_Cond, _Tp>::type;
[8.206s]       |           [01;31m[K^~~~~~~~~~~~~[m[K
[8.206s] [01m[K/usr/include/c++/13/bits/std_function.h:541:9:[m[K [01;36m[Knote: [m[Kcandidate: ‘[01m[Ktemplate<class _Functor> std::function<_Res(_ArgTypes ...)>& std::function<_Res(_ArgTypes ...)>::[01;32m[Koperator=[m[K(std::reference_wrapper<_Functor>) [35m[K[with _Res = void; _ArgTypes = {std::shared_ptr<rclcpp_action::ClientGoalHandle<om_aiv_msg::action::Action> >}][m[K[m[K’
[8.206s]   541 |         [01;36m[Koperator[m[K=(reference_wrapper<_Functor> __f) noexcept
[8.206s]       |         [01;36m[K^~~~~~~~[m[K
[8.206s] [01m[K/usr/include/c++/13/bits/std_function.h:541:9:[m[K [01;36m[Knote: [m[K  template argument deduction/substitution failed:
[8.206s] [01m[K/home/administrator/Masterproject2/20_ROS/src/Robots/Omron_AMR/src/demo/src/demo_execute_macro.cpp:57:64:[m[K [01;36m[Knote: [m[K  ‘[01m[Kstd::_Bind<void (demo::ActionClient::*(demo::ActionClient*, std::_Placeholder<1>))(std::shared_future<std::shared_ptr<rclcpp_action::ClientGoalHandle<om_aiv_msg::action::Action> > >)>[m[K’ is not derived from ‘[01m[Kstd::reference_wrapper<_Tp>[m[K’
[8.206s]    57 |       std::bind(&ActionClient::goal_response_callback, this, _1[01;36m[K)[m[K;
[8.206s]       |                                                                [01;36m[K^[m[K
[8.206s] [01m[K/usr/include/c++/13/bits/std_function.h:469:7:[m[K [01;36m[Knote: [m[Kcandidate: ‘[01m[Kstd::function<_Res(_ArgTypes ...)>& std::function<_Res(_ArgTypes ...)>::[01;32m[Koperator=[m[K(const std::function<_Res(_ArgTypes ...)>&) [35m[K[with _Res = void; _ArgTypes = {std::shared_ptr<rclcpp_action::ClientGoalHandle<om_aiv_msg::action::Action> >}][m[K[m[K’
[8.206s]   469 |       [01;36m[Koperator[m[K=(const function& __x)
[8.206s]       |       [01;36m[K^~~~~~~~[m[K
[8.206s] [01m[K/usr/include/c++/13/bits/std_function.h:469:33:[m[K [01;36m[Knote: [m[K  no known conversion for argument 1 from ‘[01m[Kstd::_Bind_helper<false, void (demo::ActionClient::*)(std::shared_future<std::shared_ptr<rclcpp_action::ClientGoalHandle<om_aiv_msg::action::Action> > >), demo::ActionClient*, const std::_Placeholder<1>&>::type[m[K’ to ‘[01m[Kconst std::function<void(std::shared_ptr<rclcpp_action::ClientGoalHandle<om_aiv_msg::action::Action> >)>&[m[K’
[8.206s]   469 |       operator=([01;36m[Kconst function& __x[m[K)
[8.207s]       |                 [01;36m[K~~~~~~~~~~~~~~~~^~~[m[K
[8.207s] [01m[K/usr/include/c++/13/bits/std_function.h:487:7:[m[K [01;36m[Knote: [m[Kcandidate: ‘[01m[Kstd::function<_Res(_ArgTypes ...)>& std::function<_Res(_ArgTypes ...)>::[01;32m[Koperator=[m[K(std::function<_Res(_ArgTypes ...)>&&) [35m[K[with _Res = void; _ArgTypes = {std::shared_ptr<rclcpp_action::ClientGoalHandle<om_aiv_msg::action::Action> >}][m[K[m[K’
[8.207s]   487 |       [01;36m[Koperator[m[K=(function&& __x) noexcept
[8.207s]       |       [01;36m[K^~~~~~~~[m[K
[8.207s] [01m[K/usr/include/c++/13/bits/std_function.h:487:28:[m[K [01;36m[Knote: [m[K  no known conversion for argument 1 from ‘[01m[Kstd::_Bind_helper<false, void (demo::ActionClient::*)(std::shared_future<std::shared_ptr<rclcpp_action::ClientGoalHandle<om_aiv_msg::action::Action> > >), demo::ActionClient*, const std::_Placeholder<1>&>::type[m[K’ to ‘[01m[Kstd::function<void(std::shared_ptr<rclcpp_action::ClientGoalHandle<om_aiv_msg::action::Action> >)>&&[m[K’
[8.208s]   487 |       operator=([01;36m[Kfunction&& __x[m[K) noexcept
[8.208s]       |                 [01;36m[K~~~~~~~~~~~^~~[m[K
[8.208s] [01m[K/usr/include/c++/13/bits/std_function.h:501:7:[m[K [01;36m[Knote: [m[Kcandidate: ‘[01m[Kstd::function<_Res(_ArgTypes ...)>& std::function<_Res(_ArgTypes ...)>::[01;32m[Koperator=[m[K(std::nullptr_t) [35m[K[with _Res = void; _ArgTypes = {std::shared_ptr<rclcpp_action::ClientGoalHandle<om_aiv_msg::action::Action> >}; std::nullptr_t = std::nullptr_t][m[K[m[K’
[8.208s]   501 |       [01;36m[Koperator[m[K=(nullptr_t) noexcept
[8.208s]       |       [01;36m[K^~~~~~~~[m[K
[8.208s] [01m[K/usr/include/c++/13/bits/std_function.h:501:17:[m[K [01;36m[Knote: [m[K  no known conversion for argument 1 from ‘[01m[Kstd::_Bind_helper<false, void (demo::ActionClient::*)(std::shared_future<std::shared_ptr<rclcpp_action::ClientGoalHandle<om_aiv_msg::action::Action> > >), demo::ActionClient*, const std::_Placeholder<1>&>::type[m[K’ to ‘[01m[Kstd::nullptr_t[m[K’
[8.208s]   501 |       operator=([01;36m[Knullptr_t[m[K) noexcept
[8.208s]       |                 [01;36m[K^~~~~~~~~[m[K
[8.223s] In file included from [01m[K/opt/ros/kilted/include/rclcpp/rclcpp/logging.hpp:24[m[K,
[8.223s]                  from [01m[K/opt/ros/kilted/include/rclcpp/rclcpp/copy_all_parameter_values.hpp:27[m[K,
[8.223s]                  from [01m[K/opt/ros/kilted/include/rclcpp/rclcpp/rclcpp.hpp:171[m[K,
[8.223s]                  from [01m[K/home/administrator/Masterproject2/20_ROS/src/Robots/Omron_AMR/src/demo/src/demo_execute_macro.cpp:10[m[K:
[8.223s] [01m[K/home/administrator/Masterproject2/20_ROS/src/Robots/Omron_AMR/src/demo/src/demo_execute_macro.cpp:[m[K In member function ‘[01m[Kvoid demo::ActionClient::[01;32m[Kfeedback_callback[m[K(rclcpp_action::ClientGoalHandle<om_aiv_msg::action::Action>::SharedPtr, std::shared_ptr<const om_aiv_msg::action::Action_Feedback_<std::allocator<void> > >)[m[K’:
[8.223s] [01m[K/home/administrator/Masterproject2/20_ROS/src/Robots/Omron_AMR/src/demo/src/demo_execute_macro.cpp:82:51:[m[K [01;31m[Kerror: [m[Kcannot convert ‘[01m[Kconst om_aiv_msg::action::Action_Feedback_<std::allocator<void> >::_feed_msg_type[m[K’ {aka ‘[01m[Kconst std::__cxx11::basic_string<char>[m[K’} to ‘[01m[Kconst char*[m[K’
[8.223s]    82 |         RCLCPP_INFO(this->get_logger(), [01;31m[Kfeedback->feed_msg[m[K);
[8.223s]       |                                         [01;31m[K~~~~~~~~~~^~~~~~~~[m[K
[8.223s]       |                                                   [01;31m[K|[m[K
[8.223s]       |                                                   [01;31m[Kconst om_aiv_msg::action::Action_Feedback_<std::allocator<void> >::_feed_msg_type {aka const std::__cxx11::basic_string<char>}[m[K
[8.224s] In file included from [01m[K/opt/ros/kilted/include/rmw/rmw/types.h:28[m[K,
[8.224s]                  from [01m[K/opt/ros/kilted/include/rcl/rcl/types.h:20[m[K,
[8.224s]                  from [01m[K/opt/ros/kilted/include/rclcpp/rclcpp/exceptions/exceptions.hpp:23[m[K,
[8.224s]                  from [01m[K/opt/ros/kilted/include/rclcpp/rclcpp/exceptions.hpp:18[m[K,
[8.224s]                  from [01m[K/opt/ros/kilted/include/rclcpp/rclcpp/parameter.hpp:25[m[K,
[8.224s]                  from [01m[K/opt/ros/kilted/include/rclcpp/rclcpp/copy_all_parameter_values.hpp:25[m[K:
[8.224s] [01m[K/opt/ros/kilted/include/rcutils/rcutils/logging.h:474:16:[m[K [01;36m[Knote: [m[K  initializing argument 4 of ‘[01m[Kvoid[01;32m[K rcutils_log_internal[m[K(const rcutils_log_location_t*, int, const char*, const char*, ...)[m[K’
[8.224s]   474 |   [01;36m[Kconst char * format[m[K,
[8.224s]       |   [01;36m[K~~~~~~~~~~~~~^~~~~~[m[K
[8.228s] [01m[K/home/administrator/Masterproject2/20_ROS/src/Robots/Omron_AMR/src/demo/src/demo_execute_macro.cpp:[m[K In member function ‘[01m[Kvoid demo::ActionClient::[01;32m[Kresult_callback[m[K(const rclcpp_action::ClientGoalHandle<om_aiv_msg::action::Action>::WrappedResult&)[m[K’:
[8.228s] [01m[K/home/administrator/Masterproject2/20_ROS/src/Robots/Omron_AMR/src/demo/src/demo_execute_macro.cpp:100:52:[m[K [01;31m[Kerror: [m[Kcannot convert ‘[01m[Kom_aiv_msg::action::Action_Result_<std::allocator<void> >::_res_msg_type[m[K’ {aka ‘[01m[Kstd::__cxx11::basic_string<char>[m[K’} to ‘[01m[Kconst char*[m[K’
[8.228s]   100 |     RCLCPP_INFO(this->get_logger(), [01;31m[Kresult.result->res_msg[m[K);
[8.228s]       |                                     [01;31m[K~~~~~~~~~~~~~~~^~~~~~~[m[K
[8.228s]       |                                                    [01;31m[K|[m[K
[8.229s]       |                                                    [01;31m[Kom_aiv_msg::action::Action_Result_<std::allocator<void> >::_res_msg_type {aka std::__cxx11::basic_string<char>}[m[K
[8.229s] [01m[K/opt/ros/kilted/include/rcutils/rcutils/logging.h:474:16:[m[K [01;36m[Knote: [m[K  initializing argument 4 of ‘[01m[Kvoid[01;32m[K rcutils_log_internal[m[K(const rcutils_log_location_t*, int, const char*, const char*, ...)[m[K’
[8.229s]   474 |   [01;36m[Kconst char * format[m[K,
[8.229s]       |   [01;36m[K~~~~~~~~~~~~~^~~~~~[m[K
[9.308s] [ 83%] [32m[1mLinking CXX executable execute_macro[0m
[9.333s] gmake[2]: *** [CMakeFiles/action_client.dir/build.make:76: CMakeFiles/action_client.dir/src/demo_execute_macro.cpp.o] Error 1
[9.333s] gmake[1]: *** [CMakeFiles/Makefile2:167: CMakeFiles/action_client.dir/all] Error 2
[9.334s] gmake[1]: *** Waiting for unfinished jobs....
[9.546s] [ 83%] Built target execute_macro
[9.547s] gmake: *** [Makefile:146: all] Error 2
[9.548s] Invoked command in '/home/administrator/Masterproject2/20_ROS/src/Robots/build/demo' returned '2': AMENT_PREFIX_PATH=/home/administrator/Masterproject2/20_ROS/src/Robots/install/om_aiv_msg:${AMENT_PREFIX_PATH} CMAKE_PREFIX_PATH=/home/administrator/Masterproject2/20_ROS/src/Robots/install/om_aiv_msg:/opt/ros/kilted/opt/sdformat_vendor:/opt/ros/kilted/opt/gz_math_vendor:/opt/ros/kilted/opt/gz_utils_vendor:/opt/ros/kilted/opt/gz_tools_vendor:/opt/ros/kilted/opt/gz_cmake_vendor:/opt/ros/kilted DEBUGINFOD_URLS=https://debuginfod.ubuntu.com LD_LIBRARY_PATH=/home/administrator/Masterproject2/20_ROS/src/Robots/install/om_aiv_msg/lib:${LD_LIBRARY_PATH} PYTHONPATH=/home/administrator/Masterproject2/20_ROS/src/Robots/install/om_aiv_msg/lib/python3.12/site-packages:${PYTHONPATH} /usr/bin/cmake --build /home/administrator/Masterproject2/20_ROS/src/Robots/build/demo -- -j14 -l14
