[0.032s] Invoking command in '/home/administrator/Masterproject2/20_ROS/src/Robots/build/ur_description': CMAKE_PREFIX_PATH=${CMAKE_PREFIX_PATH}:/opt/ros/kilted DEBUGINFOD_URLS=https://debuginfod.ubuntu.com /usr/bin/cmake /home/administrator/Masterproject2/20_ROS/src/Robots/UR_Description -DCMAKE_INSTALL_PREFIX=/home/administrator/Masterproject2/20_ROS/src/Robots/install/ur_description
[0.086s] -- The C compiler identification is GNU 13.3.0
[0.142s] -- The CXX compiler identification is GNU 13.3.0
[0.163s] -- Detecting C compiler ABI info
[0.271s] -- Detecting C compiler ABI info - done
[0.280s] -- Check for working C compiler: /usr/bin/cc - skipped
[0.280s] -- Detecting C compile features
[0.280s] -- Detecting C compile features - done
[0.303s] -- Detecting CXX compiler ABI info
[0.411s] -- Detecting CXX compiler ABI info - done
[0.417s] -- Check for working CXX compiler: /usr/bin/c++ - skipped
[0.417s] -- Detecting CXX compile features
[0.417s] -- Detecting CXX compile features - done
[0.418s] -- Found ament_cmake: 2.7.5 (/opt/ros/kilted/share/ament_cmake/cmake)
[0.539s] -- Found Python3: /usr/bin/python3 (found version "3.12.3") found components: Interpreter 
[0.649s] -- Found ament_cmake_pytest: 2.7.5 (/opt/ros/kilted/share/ament_cmake_pytest/cmake)
[1.184s] -- Configuring done (1.1s)
[1.188s] -- Generating done (0.0s)
[1.190s] -- Build files have been written to: /home/administrator/Masterproject2/20_ROS/src/Robots/build/ur_description
[1.196s] Invoked command in '/home/administrator/Masterproject2/20_ROS/src/Robots/build/ur_description' returned '0': CMAKE_PREFIX_PATH=${CMAKE_PREFIX_PATH}:/opt/ros/kilted DEBUGINFOD_URLS=https://debuginfod.ubuntu.com /usr/bin/cmake /home/administrator/Masterproject2/20_ROS/src/Robots/UR_Description -DCMAKE_INSTALL_PREFIX=/home/administrator/Masterproject2/20_ROS/src/Robots/install/ur_description
[1.197s] Invoking command in '/home/administrator/Masterproject2/20_ROS/src/Robots/build/ur_description': CMAKE_PREFIX_PATH=${CMAKE_PREFIX_PATH}:/opt/ros/kilted DEBUGINFOD_URLS=https://debuginfod.ubuntu.com /usr/bin/cmake --build /home/administrator/Masterproject2/20_ROS/src/Robots/build/ur_description -- -j14 -l14
[1.223s] Invoked command in '/home/administrator/Masterproject2/20_ROS/src/Robots/build/ur_description' returned '0': CMAKE_PREFIX_PATH=${CMAKE_PREFIX_PATH}:/opt/ros/kilted DEBUGINFOD_URLS=https://debuginfod.ubuntu.com /usr/bin/cmake --build /home/administrator/Masterproject2/20_ROS/src/Robots/build/ur_description -- -j14 -l14
[1.224s] Invoking command in '/home/administrator/Masterproject2/20_ROS/src/Robots/build/ur_description': CMAKE_PREFIX_PATH=${CMAKE_PREFIX_PATH}:/opt/ros/kilted DEBUGINFOD_URLS=https://debuginfod.ubuntu.com /usr/bin/cmake --install /home/administrator/Masterproject2/20_ROS/src/Robots/build/ur_description
[1.229s] -- Install configuration: ""
[1.229s] -- Installing: /home/administrator/Masterproject2/20_ROS/src/Robots/install/ur_description/share/ur_description/config
[1.230s] -- Installing: /home/administrator/Masterproject2/20_ROS/src/Robots/install/ur_description/share/ur_description/config/ur20
[1.230s] -- Installing: /home/administrator/Masterproject2/20_ROS/src/Robots/install/ur_description/share/ur_description/config/ur20/joint_limits.yaml
[1.230s] -- Installing: /home/administrator/Masterproject2/20_ROS/src/Robots/install/ur_description/share/ur_description/config/ur20/physical_parameters.yaml
[1.230s] -- Installing: /home/administrator/Masterproject2/20_ROS/src/Robots/install/ur_description/share/ur_description/config/ur20/default_kinematics.yaml
[1.230s] -- Installing: /home/administrator/Masterproject2/20_ROS/src/Robots/install/ur_description/share/ur_description/config/ur20/visual_parameters.yaml
[1.230s] -- Installing: /home/administrator/Masterproject2/20_ROS/src/Robots/install/ur_description/share/ur_description/config/ur30
[1.230s] -- Installing: /home/administrator/Masterproject2/20_ROS/src/Robots/install/ur_description/share/ur_description/config/ur30/joint_limits.yaml
[1.230s] -- Installing: /home/administrator/Masterproject2/20_ROS/src/Robots/install/ur_description/share/ur_description/config/ur30/physical_parameters.yaml
[1.230s] -- Installing: /home/administrator/Masterproject2/20_ROS/src/Robots/install/ur_description/share/ur_description/config/ur30/default_kinematics.yaml
[1.230s] -- Installing: /home/administrator/Masterproject2/20_ROS/src/Robots/install/ur_description/share/ur_description/config/ur30/visual_parameters.yaml
[1.230s] -- Installing: /home/administrator/Masterproject2/20_ROS/src/Robots/install/ur_description/share/ur_description/config/ur12e
[1.231s] -- Installing: /home/administrator/Masterproject2/20_ROS/src/Robots/install/ur_description/share/ur_description/config/ur12e/joint_limits.yaml
[1.231s] -- Installing: /home/administrator/Masterproject2/20_ROS/src/Robots/install/ur_description/share/ur_description/config/ur12e/physical_parameters.yaml
[1.231s] -- Installing: /home/administrator/Masterproject2/20_ROS/src/Robots/install/ur_description/share/ur_description/config/ur12e/default_kinematics.yaml
[1.231s] -- Installing: /home/administrator/Masterproject2/20_ROS/src/Robots/install/ur_description/share/ur_description/config/ur12e/visual_parameters.yaml
[1.231s] -- Installing: /home/administrator/Masterproject2/20_ROS/src/Robots/install/ur_description/share/ur_description/config/ur10
[1.231s] -- Installing: /home/administrator/Masterproject2/20_ROS/src/Robots/install/ur_description/share/ur_description/config/ur10/joint_limits.yaml
[1.231s] -- Installing: /home/administrator/Masterproject2/20_ROS/src/Robots/install/ur_description/share/ur_description/config/ur10/physical_parameters.yaml
[1.231s] -- Installing: /home/administrator/Masterproject2/20_ROS/src/Robots/install/ur_description/share/ur_description/config/ur10/default_kinematics.yaml
[1.231s] -- Installing: /home/administrator/Masterproject2/20_ROS/src/Robots/install/ur_description/share/ur_description/config/ur10/visual_parameters.yaml
[1.231s] -- Installing: /home/administrator/Masterproject2/20_ROS/src/Robots/install/ur_description/share/ur_description/config/ur5e
[1.231s] -- Installing: /home/administrator/Masterproject2/20_ROS/src/Robots/install/ur_description/share/ur_description/config/ur5e/joint_limits.yaml
[1.231s] -- Installing: /home/administrator/Masterproject2/20_ROS/src/Robots/install/ur_description/share/ur_description/config/ur5e/physical_parameters.yaml
[1.231s] -- Installing: /home/administrator/Masterproject2/20_ROS/src/Robots/install/ur_description/share/ur_description/config/ur5e/default_kinematics.yaml
[1.231s] -- Installing: /home/administrator/Masterproject2/20_ROS/src/Robots/install/ur_description/share/ur_description/config/ur5e/visual_parameters.yaml
[1.231s] -- Installing: /home/administrator/Masterproject2/20_ROS/src/Robots/install/ur_description/share/ur_description/config/ur15
[1.231s] -- Installing: /home/administrator/Masterproject2/20_ROS/src/Robots/install/ur_description/share/ur_description/config/ur15/joint_limits.yaml
[1.232s] -- Installing: /home/administrator/Masterproject2/20_ROS/src/Robots/install/ur_description/share/ur_description/config/ur15/physical_parameters.yaml
[1.232s] -- Installing: /home/administrator/Masterproject2/20_ROS/src/Robots/install/ur_description/share/ur_description/config/ur15/default_kinematics.yaml
[1.232s] -- Installing: /home/administrator/Masterproject2/20_ROS/src/Robots/install/ur_description/share/ur_description/config/ur15/visual_parameters.yaml
[1.232s] -- Installing: /home/administrator/Masterproject2/20_ROS/src/Robots/install/ur_description/share/ur_description/config/ur10e
[1.232s] -- Installing: /home/administrator/Masterproject2/20_ROS/src/Robots/install/ur_description/share/ur_description/config/ur10e/joint_limits.yaml
[1.232s] -- Installing: /home/administrator/Masterproject2/20_ROS/src/Robots/install/ur_description/share/ur_description/config/ur10e/physical_parameters.yaml
[1.232s] -- Installing: /home/administrator/Masterproject2/20_ROS/src/Robots/install/ur_description/share/ur_description/config/ur10e/default_kinematics.yaml
[1.232s] -- Installing: /home/administrator/Masterproject2/20_ROS/src/Robots/install/ur_description/share/ur_description/config/ur10e/visual_parameters.yaml
[1.232s] -- Installing: /home/administrator/Masterproject2/20_ROS/src/Robots/install/ur_description/share/ur_description/config/ur8long
[1.232s] -- Installing: /home/administrator/Masterproject2/20_ROS/src/Robots/install/ur_description/share/ur_description/config/ur8long/joint_limits.yaml
[1.232s] -- Installing: /home/administrator/Masterproject2/20_ROS/src/Robots/install/ur_description/share/ur_description/config/ur8long/physical_parameters.yaml
[1.232s] -- Installing: /home/administrator/Masterproject2/20_ROS/src/Robots/install/ur_description/share/ur_description/config/ur8long/default_kinematics.yaml
[1.232s] -- Installing: /home/administrator/Masterproject2/20_ROS/src/Robots/install/ur_description/share/ur_description/config/ur8long/visual_parameters.yaml
[1.232s] -- Installing: /home/administrator/Masterproject2/20_ROS/src/Robots/install/ur_description/share/ur_description/config/ur3e
[1.232s] -- Installing: /home/administrator/Masterproject2/20_ROS/src/Robots/install/ur_description/share/ur_description/config/ur3e/joint_limits.yaml
[1.232s] -- Installing: /home/administrator/Masterproject2/20_ROS/src/Robots/install/ur_description/share/ur_description/config/ur3e/physical_parameters.yaml
[1.232s] -- Installing: /home/administrator/Masterproject2/20_ROS/src/Robots/install/ur_description/share/ur_description/config/ur3e/default_kinematics.yaml
[1.232s] -- Installing: /home/administrator/Masterproject2/20_ROS/src/Robots/install/ur_description/share/ur_description/config/ur3e/visual_parameters.yaml
[1.232s] -- Installing: /home/administrator/Masterproject2/20_ROS/src/Robots/install/ur_description/share/ur_description/config/ur5
[1.232s] -- Installing: /home/administrator/Masterproject2/20_ROS/src/Robots/install/ur_description/share/ur_description/config/ur5/joint_limits.yaml
[1.233s] -- Installing: /home/administrator/Masterproject2/20_ROS/src/Robots/install/ur_description/share/ur_description/config/ur5/physical_parameters.yaml
[1.233s] -- Installing: /home/administrator/Masterproject2/20_ROS/src/Robots/install/ur_description/share/ur_description/config/ur5/default_kinematics.yaml
[1.233s] -- Installing: /home/administrator/Masterproject2/20_ROS/src/Robots/install/ur_description/share/ur_description/config/ur5/visual_parameters.yaml
[1.233s] -- Installing: /home/administrator/Masterproject2/20_ROS/src/Robots/install/ur_description/share/ur_description/config/ur3
[1.233s] -- Installing: /home/administrator/Masterproject2/20_ROS/src/Robots/install/ur_description/share/ur_description/config/ur3/joint_limits.yaml
[1.233s] -- Installing: /home/administrator/Masterproject2/20_ROS/src/Robots/install/ur_description/share/ur_description/config/ur3/physical_parameters.yaml
[1.233s] -- Installing: /home/administrator/Masterproject2/20_ROS/src/Robots/install/ur_description/share/ur_description/config/ur3/default_kinematics.yaml
[1.233s] -- Installing: /home/administrator/Masterproject2/20_ROS/src/Robots/install/ur_description/share/ur_description/config/ur3/visual_parameters.yaml
[1.233s] -- Installing: /home/administrator/Masterproject2/20_ROS/src/Robots/install/ur_description/share/ur_description/config/ur18
[1.233s] -- Installing: /home/administrator/Masterproject2/20_ROS/src/Robots/install/ur_description/share/ur_description/config/ur18/joint_limits.yaml
[1.233s] -- Installing: /home/administrator/Masterproject2/20_ROS/src/Robots/install/ur_description/share/ur_description/config/ur18/physical_parameters.yaml
[1.233s] -- Installing: /home/administrator/Masterproject2/20_ROS/src/Robots/install/ur_description/share/ur_description/config/ur18/default_kinematics.yaml
[1.233s] -- Installing: /home/administrator/Masterproject2/20_ROS/src/Robots/install/ur_description/share/ur_description/config/ur18/visual_parameters.yaml
[1.233s] -- Installing: /home/administrator/Masterproject2/20_ROS/src/Robots/install/ur_description/share/ur_description/config/ur16e
[1.233s] -- Installing: /home/administrator/Masterproject2/20_ROS/src/Robots/install/ur_description/share/ur_description/config/ur16e/joint_limits.yaml
[1.233s] -- Installing: /home/administrator/Masterproject2/20_ROS/src/Robots/install/ur_description/share/ur_description/config/ur16e/physical_parameters.yaml
[1.233s] -- Installing: /home/administrator/Masterproject2/20_ROS/src/Robots/install/ur_description/share/ur_description/config/ur16e/default_kinematics.yaml
[1.233s] -- Installing: /home/administrator/Masterproject2/20_ROS/src/Robots/install/ur_description/share/ur_description/config/ur16e/visual_parameters.yaml
[1.233s] -- Installing: /home/administrator/Masterproject2/20_ROS/src/Robots/install/ur_description/share/ur_description/config/initial_positions.yaml
[1.233s] -- Installing: /home/administrator/Masterproject2/20_ROS/src/Robots/install/ur_description/share/ur_description/config/ur7e
[1.233s] -- Installing: /home/administrator/Masterproject2/20_ROS/src/Robots/install/ur_description/share/ur_description/config/ur7e/joint_limits.yaml
[1.233s] -- Installing: /home/administrator/Masterproject2/20_ROS/src/Robots/install/ur_description/share/ur_description/config/ur7e/physical_parameters.yaml
[1.234s] -- Installing: /home/administrator/Masterproject2/20_ROS/src/Robots/install/ur_description/share/ur_description/config/ur7e/default_kinematics.yaml
[1.234s] -- Installing: /home/administrator/Masterproject2/20_ROS/src/Robots/install/ur_description/share/ur_description/config/ur7e/visual_parameters.yaml
[1.234s] -- Installing: /home/administrator/Masterproject2/20_ROS/src/Robots/install/ur_description/share/ur_description/launch
[1.234s] -- Installing: /home/administrator/Masterproject2/20_ROS/src/Robots/install/ur_description/share/ur_description/launch/view_ur.launch.py
[1.234s] -- Installing: /home/administrator/Masterproject2/20_ROS/src/Robots/install/ur_description/share/ur_description/launch/view_ur.launch.xml
[1.234s] -- Installing: /home/administrator/Masterproject2/20_ROS/src/Robots/install/ur_description/share/ur_description/meshes
[1.234s] -- Installing: /home/administrator/Masterproject2/20_ROS/src/Robots/install/ur_description/share/ur_description/meshes/ur20
[1.234s] -- Installing: /home/administrator/Masterproject2/20_ROS/src/Robots/install/ur_description/share/ur_description/meshes/ur20/visual
[1.234s] -- Installing: /home/administrator/Masterproject2/20_ROS/src/Robots/install/ur_description/share/ur_description/meshes/ur20/visual/wrist3.dae
[1.234s] -- Installing: /home/administrator/Masterproject2/20_ROS/src/Robots/install/ur_description/share/ur_description/meshes/ur20/visual/upperarm.dae
[1.234s] -- Installing: /home/administrator/Masterproject2/20_ROS/src/Robots/install/ur_description/share/ur_description/meshes/ur20/visual/wrist1.dae
[1.234s] -- Installing: /home/administrator/Masterproject2/20_ROS/src/Robots/install/ur_description/share/ur_description/meshes/ur20/visual/shoulder.dae
[1.234s] -- Installing: /home/administrator/Masterproject2/20_ROS/src/Robots/install/ur_description/share/ur_description/meshes/ur20/visual/forearm.dae
[1.234s] -- Installing: /home/administrator/Masterproject2/20_ROS/src/Robots/install/ur_description/share/ur_description/meshes/ur20/visual/base.dae
[1.234s] -- Installing: /home/administrator/Masterproject2/20_ROS/src/Robots/install/ur_description/share/ur_description/meshes/ur20/visual/UR20_DIFF_8bit_2K.png
[1.234s] -- Installing: /home/administrator/Masterproject2/20_ROS/src/Robots/install/ur_description/share/ur_description/meshes/ur20/visual/wrist2.dae
[1.235s] -- Installing: /home/administrator/Masterproject2/20_ROS/src/Robots/install/ur_description/share/ur_description/meshes/ur20/collision
[1.235s] -- Installing: /home/administrator/Masterproject2/20_ROS/src/Robots/install/ur_description/share/ur_description/meshes/ur20/collision/wrist1.stl
[1.235s] -- Installing: /home/administrator/Masterproject2/20_ROS/src/Robots/install/ur_description/share/ur_description/meshes/ur20/collision/upperarm.stl
[1.236s] -- Installing: /home/administrator/Masterproject2/20_ROS/src/Robots/install/ur_description/share/ur_description/meshes/ur20/collision/forearm.stl
[1.236s] -- Installing: /home/administrator/Masterproject2/20_ROS/src/Robots/install/ur_description/share/ur_description/meshes/ur20/collision/wrist2.stl
[1.236s] -- Installing: /home/administrator/Masterproject2/20_ROS/src/Robots/install/ur_description/share/ur_description/meshes/ur20/collision/base.stl
[1.236s] -- Installing: /home/administrator/Masterproject2/20_ROS/src/Robots/install/ur_description/share/ur_description/meshes/ur20/collision/wrist3.stl
[1.236s] -- Installing: /home/administrator/Masterproject2/20_ROS/src/Robots/install/ur_description/share/ur_description/meshes/ur20/collision/shoulder.stl
[1.236s] -- Installing: /home/administrator/Masterproject2/20_ROS/src/Robots/install/ur_description/share/ur_description/meshes/ur20/LICENSE.txt
[1.236s] -- Installing: /home/administrator/Masterproject2/20_ROS/src/Robots/install/ur_description/share/ur_description/meshes/ur30
[1.236s] -- Installing: /home/administrator/Masterproject2/20_ROS/src/Robots/install/ur_description/share/ur_description/meshes/ur30/visual
[1.236s] -- Installing: /home/administrator/Masterproject2/20_ROS/src/Robots/install/ur_description/share/ur_description/meshes/ur30/visual/upperarm.dae
[1.236s] -- Installing: /home/administrator/Masterproject2/20_ROS/src/Robots/install/ur_description/share/ur_description/meshes/ur30/visual/forearm.dae
[1.237s] -- Installing: /home/administrator/Masterproject2/20_ROS/src/Robots/install/ur_description/share/ur_description/meshes/ur30/visual/UR30_DIFF_8bit_2K.png
[1.237s] -- Installing: /home/administrator/Masterproject2/20_ROS/src/Robots/install/ur_description/share/ur_description/meshes/ur30/collision
[1.237s] -- Installing: /home/administrator/Masterproject2/20_ROS/src/Robots/install/ur_description/share/ur_description/meshes/ur30/collision/upperarm.stl
[1.237s] -- Installing: /home/administrator/Masterproject2/20_ROS/src/Robots/install/ur_description/share/ur_description/meshes/ur30/collision/forearm.stl
[1.237s] -- Installing: /home/administrator/Masterproject2/20_ROS/src/Robots/install/ur_description/share/ur_description/meshes/ur30/LICENSE.txt
[1.237s] -- Installing: /home/administrator/Masterproject2/20_ROS/src/Robots/install/ur_description/share/ur_description/meshes/ur10
[1.237s] -- Installing: /home/administrator/Masterproject2/20_ROS/src/Robots/install/ur_description/share/ur_description/meshes/ur10/visual
[1.237s] -- Installing: /home/administrator/Masterproject2/20_ROS/src/Robots/install/ur_description/share/ur_description/meshes/ur10/visual/wrist3.dae
[1.237s] -- Installing: /home/administrator/Masterproject2/20_ROS/src/Robots/install/ur_description/share/ur_description/meshes/ur10/visual/upperarm.dae
[1.239s] -- Installing: /home/administrator/Masterproject2/20_ROS/src/Robots/install/ur_description/share/ur_description/meshes/ur10/visual/wrist1.dae
[1.239s] -- Installing: /home/administrator/Masterproject2/20_ROS/src/Robots/install/ur_description/share/ur_description/meshes/ur10/visual/shoulder.dae
[1.240s] -- Installing: /home/administrator/Masterproject2/20_ROS/src/Robots/install/ur_description/share/ur_description/meshes/ur10/visual/forearm.dae
[1.241s] -- Installing: /home/administrator/Masterproject2/20_ROS/src/Robots/install/ur_description/share/ur_description/meshes/ur10/visual/base.dae
[1.242s] -- Installing: /home/administrator/Masterproject2/20_ROS/src/Robots/install/ur_description/share/ur_description/meshes/ur10/visual/wrist2.dae
[1.243s] -- Installing: /home/administrator/Masterproject2/20_ROS/src/Robots/install/ur_description/share/ur_description/meshes/ur10/collision
[1.243s] -- Installing: /home/administrator/Masterproject2/20_ROS/src/Robots/install/ur_description/share/ur_description/meshes/ur10/collision/wrist1.stl
[1.243s] -- Installing: /home/administrator/Masterproject2/20_ROS/src/Robots/install/ur_description/share/ur_description/meshes/ur10/collision/upperarm.stl
[1.243s] -- Installing: /home/administrator/Masterproject2/20_ROS/src/Robots/install/ur_description/share/ur_description/meshes/ur10/collision/forearm.stl
[1.243s] -- Installing: /home/administrator/Masterproject2/20_ROS/src/Robots/install/ur_description/share/ur_description/meshes/ur10/collision/wrist2.stl
[1.243s] -- Installing: /home/administrator/Masterproject2/20_ROS/src/Robots/install/ur_description/share/ur_description/meshes/ur10/collision/base.stl
[1.243s] -- Installing: /home/administrator/Masterproject2/20_ROS/src/Robots/install/ur_description/share/ur_description/meshes/ur10/collision/wrist3.stl
[1.244s] -- Installing: /home/administrator/Masterproject2/20_ROS/src/Robots/install/ur_description/share/ur_description/meshes/ur10/collision/shoulder.stl
[1.244s] -- Installing: /home/administrator/Masterproject2/20_ROS/src/Robots/install/ur_description/share/ur_description/meshes/ur5e
[1.244s] -- Installing: /home/administrator/Masterproject2/20_ROS/src/Robots/install/ur_description/share/ur_description/meshes/ur5e/visual
[1.244s] -- Installing: /home/administrator/Masterproject2/20_ROS/src/Robots/install/ur_description/share/ur_description/meshes/ur5e/visual/wrist3.dae
[1.244s] -- Installing: /home/administrator/Masterproject2/20_ROS/src/Robots/install/ur_description/share/ur_description/meshes/ur5e/visual/upperarm.dae
[1.244s] -- Installing: /home/administrator/Masterproject2/20_ROS/src/Robots/install/ur_description/share/ur_description/meshes/ur5e/visual/wrist1.dae
[1.245s] -- Installing: /home/administrator/Masterproject2/20_ROS/src/Robots/install/ur_description/share/ur_description/meshes/ur5e/visual/shoulder.dae
[1.246s] -- Installing: /home/administrator/Masterproject2/20_ROS/src/Robots/install/ur_description/share/ur_description/meshes/ur5e/visual/forearm.dae
[1.246s] -- Installing: /home/administrator/Masterproject2/20_ROS/src/Robots/install/ur_description/share/ur_description/meshes/ur5e/visual/base.dae
[1.246s] -- Installing: /home/administrator/Masterproject2/20_ROS/src/Robots/install/ur_description/share/ur_description/meshes/ur5e/visual/wrist2.dae
[1.247s] -- Installing: /home/administrator/Masterproject2/20_ROS/src/Robots/install/ur_description/share/ur_description/meshes/ur5e/collision
[1.248s] -- Installing: /home/administrator/Masterproject2/20_ROS/src/Robots/install/ur_description/share/ur_description/meshes/ur5e/collision/wrist1.stl
[1.248s] -- Installing: /home/administrator/Masterproject2/20_ROS/src/Robots/install/ur_description/share/ur_description/meshes/ur5e/collision/upperarm.stl
[1.248s] -- Installing: /home/administrator/Masterproject2/20_ROS/src/Robots/install/ur_description/share/ur_description/meshes/ur5e/collision/forearm.stl
[1.248s] -- Installing: /home/administrator/Masterproject2/20_ROS/src/Robots/install/ur_description/share/ur_description/meshes/ur5e/collision/wrist2.stl
[1.249s] -- Installing: /home/administrator/Masterproject2/20_ROS/src/Robots/install/ur_description/share/ur_description/meshes/ur5e/collision/base.stl
[1.249s] -- Installing: /home/administrator/Masterproject2/20_ROS/src/Robots/install/ur_description/share/ur_description/meshes/ur5e/collision/wrist3.stl
[1.249s] -- Installing: /home/administrator/Masterproject2/20_ROS/src/Robots/install/ur_description/share/ur_description/meshes/ur5e/collision/shoulder.stl
[1.249s] -- Installing: /home/administrator/Masterproject2/20_ROS/src/Robots/install/ur_description/share/ur_description/meshes/ur15
[1.249s] -- Installing: /home/administrator/Masterproject2/20_ROS/src/Robots/install/ur_description/share/ur_description/meshes/ur15/visual
[1.250s] -- Installing: /home/administrator/Masterproject2/20_ROS/src/Robots/install/ur_description/share/ur_description/meshes/ur15/visual/wrist3.dae
[1.250s] -- Installing: /home/administrator/Masterproject2/20_ROS/src/Robots/install/ur_description/share/ur_description/meshes/ur15/visual/upperarm.dae
[1.250s] -- Installing: /home/administrator/Masterproject2/20_ROS/src/Robots/install/ur_description/share/ur_description/meshes/ur15/visual/wrist1.dae
[1.250s] -- Installing: /home/administrator/Masterproject2/20_ROS/src/Robots/install/ur_description/share/ur_description/meshes/ur15/visual/shoulder.dae
[1.250s] -- Installing: /home/administrator/Masterproject2/20_ROS/src/Robots/install/ur_description/share/ur_description/meshes/ur15/visual/UR15_DIFF_8bit_2K.jpg
[1.251s] -- Installing: /home/administrator/Masterproject2/20_ROS/src/Robots/install/ur_description/share/ur_description/meshes/ur15/visual/forearm.dae
[1.251s] -- Installing: /home/administrator/Masterproject2/20_ROS/src/Robots/install/ur_description/share/ur_description/meshes/ur15/visual/base.dae
[1.251s] -- Installing: /home/administrator/Masterproject2/20_ROS/src/Robots/install/ur_description/share/ur_description/meshes/ur15/visual/wrist2.dae
[1.251s] -- Installing: /home/administrator/Masterproject2/20_ROS/src/Robots/install/ur_description/share/ur_description/meshes/ur15/collision
[1.251s] -- Installing: /home/administrator/Masterproject2/20_ROS/src/Robots/install/ur_description/share/ur_description/meshes/ur15/collision/wrist1.stl
[1.251s] -- Installing: /home/administrator/Masterproject2/20_ROS/src/Robots/install/ur_description/share/ur_description/meshes/ur15/collision/upperarm.stl
[1.252s] -- Installing: /home/administrator/Masterproject2/20_ROS/src/Robots/install/ur_description/share/ur_description/meshes/ur15/collision/forearm.stl
[1.252s] -- Installing: /home/administrator/Masterproject2/20_ROS/src/Robots/install/ur_description/share/ur_description/meshes/ur15/collision/wrist2.stl
[1.252s] -- Installing: /home/administrator/Masterproject2/20_ROS/src/Robots/install/ur_description/share/ur_description/meshes/ur15/collision/base.stl
[1.252s] -- Installing: /home/administrator/Masterproject2/20_ROS/src/Robots/install/ur_description/share/ur_description/meshes/ur15/collision/wrist3.stl
[1.252s] -- Installing: /home/administrator/Masterproject2/20_ROS/src/Robots/install/ur_description/share/ur_description/meshes/ur15/collision/shoulder.stl
[1.252s] -- Installing: /home/administrator/Masterproject2/20_ROS/src/Robots/install/ur_description/share/ur_description/meshes/ur15/LICENSE.txt
[1.253s] -- Installing: /home/administrator/Masterproject2/20_ROS/src/Robots/install/ur_description/share/ur_description/meshes/ur10e
[1.253s] -- Installing: /home/administrator/Masterproject2/20_ROS/src/Robots/install/ur_description/share/ur_description/meshes/ur10e/visual
[1.253s] -- Installing: /home/administrator/Masterproject2/20_ROS/src/Robots/install/ur_description/share/ur_description/meshes/ur10e/visual/wrist3.dae
[1.253s] -- Installing: /home/administrator/Masterproject2/20_ROS/src/Robots/install/ur_description/share/ur_description/meshes/ur10e/visual/upperarm.dae
[1.253s] -- Installing: /home/administrator/Masterproject2/20_ROS/src/Robots/install/ur_description/share/ur_description/meshes/ur10e/visual/wrist1.dae
[1.253s] -- Installing: /home/administrator/Masterproject2/20_ROS/src/Robots/install/ur_description/share/ur_description/meshes/ur10e/visual/shoulder.dae
[1.254s] -- Installing: /home/administrator/Masterproject2/20_ROS/src/Robots/install/ur_description/share/ur_description/meshes/ur10e/visual/forearm.dae
[1.255s] -- Installing: /home/administrator/Masterproject2/20_ROS/src/Robots/install/ur_description/share/ur_description/meshes/ur10e/visual/base.dae
[1.255s] -- Installing: /home/administrator/Masterproject2/20_ROS/src/Robots/install/ur_description/share/ur_description/meshes/ur10e/visual/wrist2.dae
[1.256s] -- Installing: /home/administrator/Masterproject2/20_ROS/src/Robots/install/ur_description/share/ur_description/meshes/ur10e/collision
[1.256s] -- Installing: /home/administrator/Masterproject2/20_ROS/src/Robots/install/ur_description/share/ur_description/meshes/ur10e/collision/wrist1.stl
[1.256s] -- Installing: /home/administrator/Masterproject2/20_ROS/src/Robots/install/ur_description/share/ur_description/meshes/ur10e/collision/upperarm.stl
[1.257s] -- Installing: /home/administrator/Masterproject2/20_ROS/src/Robots/install/ur_description/share/ur_description/meshes/ur10e/collision/forearm.stl
[1.257s] -- Installing: /home/administrator/Masterproject2/20_ROS/src/Robots/install/ur_description/share/ur_description/meshes/ur10e/collision/wrist2.stl
[1.257s] -- Installing: /home/administrator/Masterproject2/20_ROS/src/Robots/install/ur_description/share/ur_description/meshes/ur10e/collision/base.stl
[1.257s] -- Installing: /home/administrator/Masterproject2/20_ROS/src/Robots/install/ur_description/share/ur_description/meshes/ur10e/collision/wrist3.stl
[1.258s] -- Installing: /home/administrator/Masterproject2/20_ROS/src/Robots/install/ur_description/share/ur_description/meshes/ur10e/collision/shoulder.stl
[1.258s] -- Installing: /home/administrator/Masterproject2/20_ROS/src/Robots/install/ur_description/share/ur_description/meshes/ur8long
[1.258s] -- Installing: /home/administrator/Masterproject2/20_ROS/src/Robots/install/ur_description/share/ur_description/meshes/ur8long/visual
[1.258s] -- Installing: /home/administrator/Masterproject2/20_ROS/src/Robots/install/ur_description/share/ur_description/meshes/ur8long/visual/upperarm.dae
[1.258s] -- Installing: /home/administrator/Masterproject2/20_ROS/src/Robots/install/ur_description/share/ur_description/meshes/ur8long/visual/forearm.dae
[1.258s] -- Installing: /home/administrator/Masterproject2/20_ROS/src/Robots/install/ur_description/share/ur_description/meshes/ur8long/visual/UR8Long_DIFF_8bit_2K.jpg
[1.258s] -- Installing: /home/administrator/Masterproject2/20_ROS/src/Robots/install/ur_description/share/ur_description/meshes/ur8long/collision
[1.259s] -- Installing: /home/administrator/Masterproject2/20_ROS/src/Robots/install/ur_description/share/ur_description/meshes/ur8long/collision/upperarm.stl
[1.259s] -- Installing: /home/administrator/Masterproject2/20_ROS/src/Robots/install/ur_description/share/ur_description/meshes/ur8long/collision/forearm.stl
[1.259s] -- Installing: /home/administrator/Masterproject2/20_ROS/src/Robots/install/ur_description/share/ur_description/meshes/ur8long/LICENSE.txt
[1.259s] -- Installing: /home/administrator/Masterproject2/20_ROS/src/Robots/install/ur_description/share/ur_description/meshes/ur3e
[1.259s] -- Installing: /home/administrator/Masterproject2/20_ROS/src/Robots/install/ur_description/share/ur_description/meshes/ur3e/visual
[1.259s] -- Installing: /home/administrator/Masterproject2/20_ROS/src/Robots/install/ur_description/share/ur_description/meshes/ur3e/visual/wrist3.dae
[1.259s] -- Installing: /home/administrator/Masterproject2/20_ROS/src/Robots/install/ur_description/share/ur_description/meshes/ur3e/visual/upperarm.dae
[1.260s] -- Installing: /home/administrator/Masterproject2/20_ROS/src/Robots/install/ur_description/share/ur_description/meshes/ur3e/visual/wrist1.dae
[1.260s] -- Installing: /home/administrator/Masterproject2/20_ROS/src/Robots/install/ur_description/share/ur_description/meshes/ur3e/visual/shoulder.dae
[1.261s] -- Installing: /home/administrator/Masterproject2/20_ROS/src/Robots/install/ur_description/share/ur_description/meshes/ur3e/visual/forearm.dae
[1.262s] -- Installing: /home/administrator/Masterproject2/20_ROS/src/Robots/install/ur_description/share/ur_description/meshes/ur3e/visual/base.dae
[1.262s] -- Installing: /home/administrator/Masterproject2/20_ROS/src/Robots/install/ur_description/share/ur_description/meshes/ur3e/visual/wrist2.dae
[1.263s] -- Installing: /home/administrator/Masterproject2/20_ROS/src/Robots/install/ur_description/share/ur_description/meshes/ur3e/collision
[1.263s] -- Installing: /home/administrator/Masterproject2/20_ROS/src/Robots/install/ur_description/share/ur_description/meshes/ur3e/collision/wrist1.stl
[1.263s] -- Installing: /home/administrator/Masterproject2/20_ROS/src/Robots/install/ur_description/share/ur_description/meshes/ur3e/collision/upperarm.stl
[1.263s] -- Installing: /home/administrator/Masterproject2/20_ROS/src/Robots/install/ur_description/share/ur_description/meshes/ur3e/collision/forearm.stl
[1.263s] -- Installing: /home/administrator/Masterproject2/20_ROS/src/Robots/install/ur_description/share/ur_description/meshes/ur3e/collision/wrist2.stl
[1.263s] -- Installing: /home/administrator/Masterproject2/20_ROS/src/Robots/install/ur_description/share/ur_description/meshes/ur3e/collision/base.stl
[1.263s] -- Installing: /home/administrator/Masterproject2/20_ROS/src/Robots/install/ur_description/share/ur_description/meshes/ur3e/collision/wrist3.stl
[1.263s] -- Installing: /home/administrator/Masterproject2/20_ROS/src/Robots/install/ur_description/share/ur_description/meshes/ur3e/collision/shoulder.stl
[1.264s] -- Installing: /home/administrator/Masterproject2/20_ROS/src/Robots/install/ur_description/share/ur_description/meshes/ur5
[1.264s] -- Installing: /home/administrator/Masterproject2/20_ROS/src/Robots/install/ur_description/share/ur_description/meshes/ur5/visual
[1.264s] -- Installing: /home/administrator/Masterproject2/20_ROS/src/Robots/install/ur_description/share/ur_description/meshes/ur5/visual/wrist3.dae
[1.264s] -- Installing: /home/administrator/Masterproject2/20_ROS/src/Robots/install/ur_description/share/ur_description/meshes/ur5/visual/upperarm.dae
[1.264s] -- Installing: /home/administrator/Masterproject2/20_ROS/src/Robots/install/ur_description/share/ur_description/meshes/ur5/visual/wrist1.dae
[1.265s] -- Installing: /home/administrator/Masterproject2/20_ROS/src/Robots/install/ur_description/share/ur_description/meshes/ur5/visual/shoulder.dae
[1.265s] -- Installing: /home/administrator/Masterproject2/20_ROS/src/Robots/install/ur_description/share/ur_description/meshes/ur5/visual/forearm.dae
[1.266s] -- Installing: /home/administrator/Masterproject2/20_ROS/src/Robots/install/ur_description/share/ur_description/meshes/ur5/visual/base.dae
[1.266s] -- Installing: /home/administrator/Masterproject2/20_ROS/src/Robots/install/ur_description/share/ur_description/meshes/ur5/visual/wrist2.dae
[1.267s] -- Installing: /home/administrator/Masterproject2/20_ROS/src/Robots/install/ur_description/share/ur_description/meshes/ur5/collision
[1.267s] -- Installing: /home/administrator/Masterproject2/20_ROS/src/Robots/install/ur_description/share/ur_description/meshes/ur5/collision/wrist1.stl
[1.267s] -- Installing: /home/administrator/Masterproject2/20_ROS/src/Robots/install/ur_description/share/ur_description/meshes/ur5/collision/upperarm.stl
[1.267s] -- Installing: /home/administrator/Masterproject2/20_ROS/src/Robots/install/ur_description/share/ur_description/meshes/ur5/collision/forearm.stl
[1.267s] -- Installing: /home/administrator/Masterproject2/20_ROS/src/Robots/install/ur_description/share/ur_description/meshes/ur5/collision/wrist2.stl
[1.267s] -- Installing: /home/administrator/Masterproject2/20_ROS/src/Robots/install/ur_description/share/ur_description/meshes/ur5/collision/base.stl
[1.267s] -- Installing: /home/administrator/Masterproject2/20_ROS/src/Robots/install/ur_description/share/ur_description/meshes/ur5/collision/wrist3.stl
[1.268s] -- Installing: /home/administrator/Masterproject2/20_ROS/src/Robots/install/ur_description/share/ur_description/meshes/ur5/collision/shoulder.stl
[1.268s] -- Installing: /home/administrator/Masterproject2/20_ROS/src/Robots/install/ur_description/share/ur_description/meshes/ur3
[1.268s] -- Installing: /home/administrator/Masterproject2/20_ROS/src/Robots/install/ur_description/share/ur_description/meshes/ur3/visual
[1.268s] -- Installing: /home/administrator/Masterproject2/20_ROS/src/Robots/install/ur_description/share/ur_description/meshes/ur3/visual/wrist3.dae
[1.268s] -- Installing: /home/administrator/Masterproject2/20_ROS/src/Robots/install/ur_description/share/ur_description/meshes/ur3/visual/upperarm.dae
[1.269s] -- Installing: /home/administrator/Masterproject2/20_ROS/src/Robots/install/ur_description/share/ur_description/meshes/ur3/visual/wrist1.dae
[1.269s] -- Installing: /home/administrator/Masterproject2/20_ROS/src/Robots/install/ur_description/share/ur_description/meshes/ur3/visual/shoulder.dae
[1.270s] -- Installing: /home/administrator/Masterproject2/20_ROS/src/Robots/install/ur_description/share/ur_description/meshes/ur3/visual/forearm.dae
[1.270s] -- Installing: /home/administrator/Masterproject2/20_ROS/src/Robots/install/ur_description/share/ur_description/meshes/ur3/visual/base.dae
[1.271s] -- Installing: /home/administrator/Masterproject2/20_ROS/src/Robots/install/ur_description/share/ur_description/meshes/ur3/visual/wrist2.dae
[1.271s] -- Installing: /home/administrator/Masterproject2/20_ROS/src/Robots/install/ur_description/share/ur_description/meshes/ur3/collision
[1.271s] -- Installing: /home/administrator/Masterproject2/20_ROS/src/Robots/install/ur_description/share/ur_description/meshes/ur3/collision/wrist1.stl
[1.271s] -- Installing: /home/administrator/Masterproject2/20_ROS/src/Robots/install/ur_description/share/ur_description/meshes/ur3/collision/upperarm.stl
[1.271s] -- Installing: /home/administrator/Masterproject2/20_ROS/src/Robots/install/ur_description/share/ur_description/meshes/ur3/collision/forearm.stl
[1.272s] -- Installing: /home/administrator/Masterproject2/20_ROS/src/Robots/install/ur_description/share/ur_description/meshes/ur3/collision/wrist2.stl
[1.272s] -- Installing: /home/administrator/Masterproject2/20_ROS/src/Robots/install/ur_description/share/ur_description/meshes/ur3/collision/base.stl
[1.272s] -- Installing: /home/administrator/Masterproject2/20_ROS/src/Robots/install/ur_description/share/ur_description/meshes/ur3/collision/wrist3.stl
[1.272s] -- Installing: /home/administrator/Masterproject2/20_ROS/src/Robots/install/ur_description/share/ur_description/meshes/ur3/collision/shoulder.stl
[1.273s] -- Installing: /home/administrator/Masterproject2/20_ROS/src/Robots/install/ur_description/share/ur_description/meshes/ur18
[1.273s] -- Installing: /home/administrator/Masterproject2/20_ROS/src/Robots/install/ur_description/share/ur_description/meshes/ur18/visual
[1.273s] -- Installing: /home/administrator/Masterproject2/20_ROS/src/Robots/install/ur_description/share/ur_description/meshes/ur18/visual/upperarm.dae
[1.273s] -- Installing: /home/administrator/Masterproject2/20_ROS/src/Robots/install/ur_description/share/ur_description/meshes/ur18/visual/forearm.dae
[1.273s] -- Installing: /home/administrator/Masterproject2/20_ROS/src/Robots/install/ur_description/share/ur_description/meshes/ur18/visual/UR18_DIFF_8bit_2K.jpg
[1.273s] -- Installing: /home/administrator/Masterproject2/20_ROS/src/Robots/install/ur_description/share/ur_description/meshes/ur18/collision
[1.273s] -- Installing: /home/administrator/Masterproject2/20_ROS/src/Robots/install/ur_description/share/ur_description/meshes/ur18/collision/upperarm.stl
[1.274s] -- Installing: /home/administrator/Masterproject2/20_ROS/src/Robots/install/ur_description/share/ur_description/meshes/ur18/collision/forearm.stl
[1.274s] -- Installing: /home/administrator/Masterproject2/20_ROS/src/Robots/install/ur_description/share/ur_description/meshes/ur18/LICENSE.txt
[1.274s] -- Installing: /home/administrator/Masterproject2/20_ROS/src/Robots/install/ur_description/share/ur_description/meshes/ur16e
[1.274s] -- Installing: /home/administrator/Masterproject2/20_ROS/src/Robots/install/ur_description/share/ur_description/meshes/ur16e/visual
[1.274s] -- Installing: /home/administrator/Masterproject2/20_ROS/src/Robots/install/ur_description/share/ur_description/meshes/ur16e/visual/upperarm.dae
[1.275s] -- Installing: /home/administrator/Masterproject2/20_ROS/src/Robots/install/ur_description/share/ur_description/meshes/ur16e/visual/forearm.dae
[1.276s] -- Installing: /home/administrator/Masterproject2/20_ROS/src/Robots/install/ur_description/share/ur_description/meshes/ur16e/collision
[1.276s] -- Installing: /home/administrator/Masterproject2/20_ROS/src/Robots/install/ur_description/share/ur_description/meshes/ur16e/collision/upperarm.stl
[1.276s] -- Installing: /home/administrator/Masterproject2/20_ROS/src/Robots/install/ur_description/share/ur_description/meshes/ur16e/collision/forearm.stl
[1.276s] -- Installing: /home/administrator/Masterproject2/20_ROS/src/Robots/install/ur_description/share/ur_description/rviz
[1.276s] -- Installing: /home/administrator/Masterproject2/20_ROS/src/Robots/install/ur_description/share/ur_description/rviz/view_robot.rviz
[1.276s] -- Installing: /home/administrator/Masterproject2/20_ROS/src/Robots/install/ur_description/share/ur_description/urdf
[1.277s] -- Installing: /home/administrator/Masterproject2/20_ROS/src/Robots/install/ur_description/share/ur_description/urdf/ur_mocked.urdf.xacro
[1.277s] -- Installing: /home/administrator/Masterproject2/20_ROS/src/Robots/install/ur_description/share/ur_description/urdf/ur_macro.xacro
[1.277s] -- Installing: /home/administrator/Masterproject2/20_ROS/src/Robots/install/ur_description/share/ur_description/urdf/ur.urdf.xacro
[1.277s] -- Installing: /home/administrator/Masterproject2/20_ROS/src/Robots/install/ur_description/share/ur_description/urdf/ros2_control_mock_hardware.xacro
[1.277s] -- Installing: /home/administrator/Masterproject2/20_ROS/src/Robots/install/ur_description/share/ur_description/urdf/inc
[1.277s] -- Installing: /home/administrator/Masterproject2/20_ROS/src/Robots/install/ur_description/share/ur_description/urdf/inc/ur_common.xacro
[1.278s] -- Installing: /home/administrator/Masterproject2/20_ROS/src/Robots/install/ur_description/share/ur_description/urdf/inc/ur_sensors.xacro
[1.278s] -- Installing: /home/administrator/Masterproject2/20_ROS/src/Robots/install/ur_description/share/ur_description/urdf/inc/ur_transmissions.xacro
[1.278s] -- Installing: /home/administrator/Masterproject2/20_ROS/src/Robots/install/ur_description/share/ur_description/urdf/inc/ur_joint_control.xacro
[1.278s] -- Installing: /home/administrator/Masterproject2/20_ROS/src/Robots/install/ur_description/share/ur_description/test
[1.278s] -- Installing: /home/administrator/Masterproject2/20_ROS/src/Robots/install/ur_description/share/ur_description/test/test_ur_urdf_xacro.py
[1.278s] -- Installing: /home/administrator/Masterproject2/20_ROS/src/Robots/install/ur_description/share/ur_description/test/test_view_ur_launch.py
[1.278s] -- Installing: /home/administrator/Masterproject2/20_ROS/src/Robots/install/ur_description/share/ament_index/resource_index/package_run_dependencies/ur_description
[1.279s] -- Installing: /home/administrator/Masterproject2/20_ROS/src/Robots/install/ur_description/share/ament_index/resource_index/parent_prefix_path/ur_description
[1.279s] -- Installing: /home/administrator/Masterproject2/20_ROS/src/Robots/install/ur_description/share/ur_description/environment/ament_prefix_path.sh
[1.279s] -- Installing: /home/administrator/Masterproject2/20_ROS/src/Robots/install/ur_description/share/ur_description/environment/ament_prefix_path.dsv
[1.280s] -- Installing: /home/administrator/Masterproject2/20_ROS/src/Robots/install/ur_description/share/ur_description/environment/path.sh
[1.281s] -- Installing: /home/administrator/Masterproject2/20_ROS/src/Robots/install/ur_description/share/ur_description/environment/path.dsv
[1.281s] -- Installing: /home/administrator/Masterproject2/20_ROS/src/Robots/install/ur_description/share/ur_description/local_setup.bash
[1.281s] -- Installing: /home/administrator/Masterproject2/20_ROS/src/Robots/install/ur_description/share/ur_description/local_setup.sh
[1.281s] -- Installing: /home/administrator/Masterproject2/20_ROS/src/Robots/install/ur_description/share/ur_description/local_setup.zsh
[1.282s] -- Installing: /home/administrator/Masterproject2/20_ROS/src/Robots/install/ur_description/share/ur_description/local_setup.dsv
[1.282s] -- Installing: /home/administrator/Masterproject2/20_ROS/src/Robots/install/ur_description/share/ur_description/package.dsv
[1.282s] -- Installing: /home/administrator/Masterproject2/20_ROS/src/Robots/install/ur_description/share/ament_index/resource_index/packages/ur_description
[1.283s] -- Installing: /home/administrator/Masterproject2/20_ROS/src/Robots/install/ur_description/share/ur_description/cmake/ur_descriptionConfig.cmake
[1.283s] -- Installing: /home/administrator/Masterproject2/20_ROS/src/Robots/install/ur_description/share/ur_description/cmake/ur_descriptionConfig-version.cmake
[1.284s] -- Installing: /home/administrator/Masterproject2/20_ROS/src/Robots/install/ur_description/share/ur_description/package.xml
[1.284s] Invoked command in '/home/administrator/Masterproject2/20_ROS/src/Robots/build/ur_description' returned '0': CMAKE_PREFIX_PATH=${CMAKE_PREFIX_PATH}:/opt/ros/kilted DEBUGINFOD_URLS=https://debuginfod.ubuntu.com /usr/bin/cmake --install /home/administrator/Masterproject2/20_ROS/src/Robots/build/ur_description
