-- The C compiler identification is GNU 13.3.0
-- The CXX compiler identification is GNU 13.3.0
-- Detecting C compiler ABI info
-- Detecting C compiler ABI info - done
-- Check for working C compiler: /usr/bin/cc - skipped
-- Detecting C compile features
-- Detecting C compile features - done
-- Detecting CXX compiler ABI info
-- Detecting CXX compiler ABI info - done
-- Check for working CXX compiler: /usr/bin/c++ - skipped
-- Detecting CXX compile features
-- Detecting CXX compile features - done
-- Found ament_cmake: 2.7.5 (/opt/ros/kilted/share/ament_cmake/cmake)
-- Found Python3: /usr/bin/python3 (found version "3.12.3") found components: Interpreter 
-- Found rclcpp: 29.5.8 (/opt/ros/kilted/share/rclcpp/cmake)
-- Found rosidl_generator_c: 4.9.6 (/opt/ros/kilted/share/rosidl_generator_c/cmake)
-- Found rosidl_generator_cpp: 4.9.6 (/opt/ros/kilted/share/rosidl_generator_cpp/cmake)
-- Using all available rosidl_typesupport_c: rosidl_typesupport_fastrtps_c;rosidl_typesupport_introspection_c
-- Using all available rosidl_typesupport_cpp: rosidl_typesupport_fastrtps_cpp;rosidl_typesupport_introspection_cpp
-- Found rmw_implementation_cmake: 7.8.2 (/opt/ros/kilted/share/rmw_implementation_cmake/cmake)
-- Found rmw_fastrtps_cpp: 9.3.4 (/opt/ros/kilted/share/rmw_fastrtps_cpp/cmake)
-- Found OpenSSL: /usr/lib/x86_64-linux-gnu/libcrypto.so (found version "3.0.13")  
-- Using RMW implementation 'rmw_fastrtps_cpp' as default
-- Found std_msgs: 5.5.2 (/opt/ros/kilted/share/std_msgs/cmake)
-- Found sensor_msgs: 5.5.2 (/opt/ros/kilted/share/sensor_msgs/cmake)
-- Found control_msgs: 6.9.0 (/opt/ros/kilted/share/control_msgs/cmake)
-- Found visualization_msgs: 5.5.2 (/opt/ros/kilted/share/visualization_msgs/cmake)
-- Found tf2_ros: 0.41.7 (/opt/ros/kilted/share/tf2_ros/cmake)
-- Found om_aiv_msg: 0.0.0 (/home/administrator/Masterproject2/20_ROS/src/Robots/install/om_aiv_msg/share/om_aiv_msg/cmake)
-- Found nav_msgs: 5.5.2 (/opt/ros/kilted/share/nav_msgs/cmake)
-- Found ament_lint_auto: 0.19.3 (/opt/ros/kilted/share/ament_lint_auto/cmake)
[0mCMake Deprecation Warning at /opt/ros/kilted/share/ament_cmake_target_dependencies/cmake/ament_target_dependencies.cmake:87 (message):
  ament_target_dependencies() is deprecated.  Use target_link_libraries()
  with modern CMake targets instead.  Try replacing this call with:

    target_link_libraries(joints_publisher PUBLIC
      ${control_msgs_TARGETS}
      ${geometry_msgs_TARGETS}
      ${om_aiv_msg_TARGETS}
      ${sensor_msgs_TARGETS}
      ${std_msgs_TARGETS}
      rclcpp::rclcpp
      sensor_msgs::sensor_msgs_library
      tf2_ros::static_transform_broadcaster_node
      tf2_ros::tf2_ros
    )

Call Stack (most recent call first):
  CMakeLists.txt:62 (ament_target_dependencies)

[0m
[0mCMake Deprecation Warning at /opt/ros/kilted/share/ament_cmake_target_dependencies/cmake/ament_target_dependencies.cmake:87 (message):
  ament_target_dependencies() is deprecated.  Use target_link_libraries()
  with modern CMake targets instead.  Try replacing this call with:

    target_link_libraries(goals_marker PUBLIC
      ${geometry_msgs_TARGETS}
      ${om_aiv_msg_TARGETS}
      ${std_msgs_TARGETS}
      ${visualization_msgs_TARGETS}
      rclcpp::rclcpp
      tf2_ros::static_transform_broadcaster_node
      tf2_ros::tf2_ros
    )

Call Stack (most recent call first):
  CMakeLists.txt:76 (ament_target_dependencies)

[0m
[0mCMake Deprecation Warning at /opt/ros/kilted/share/ament_cmake_target_dependencies/cmake/ament_target_dependencies.cmake:87 (message):
  ament_target_dependencies() is deprecated.  Use target_link_libraries()
  with modern CMake targets instead.  Try replacing this call with:

    target_link_libraries(data_points_marker PUBLIC
      ${control_msgs_TARGETS}
      ${geometry_msgs_TARGETS}
      ${nav_msgs_TARGETS}
      ${om_aiv_msg_TARGETS}
      ${sensor_msgs_TARGETS}
      ${std_msgs_TARGETS}
      ${visualization_msgs_TARGETS}
      rclcpp::rclcpp
      sensor_msgs::sensor_msgs_library
      tf2_ros::static_transform_broadcaster_node
      tf2_ros::tf2_ros
    )

Call Stack (most recent call first):
  CMakeLists.txt:89 (ament_target_dependencies)

[0m
[0mCMake Deprecation Warning at /opt/ros/kilted/share/ament_cmake_target_dependencies/cmake/ament_target_dependencies.cmake:87 (message):
  ament_target_dependencies() is deprecated.  Use target_link_libraries()
  with modern CMake targets instead.  Try replacing this call with:

    target_link_libraries(laser_scans PUBLIC
      ${control_msgs_TARGETS}
      ${geometry_msgs_TARGETS}
      ${nav_msgs_TARGETS}
      ${om_aiv_msg_TARGETS}
      ${sensor_msgs_TARGETS}
      ${std_msgs_TARGETS}
      ${visualization_msgs_TARGETS}
      rclcpp::rclcpp
      sensor_msgs::sensor_msgs_library
      tf2_ros::static_transform_broadcaster_node
      tf2_ros::tf2_ros
    )

Call Stack (most recent call first):
  CMakeLists.txt:105 (ament_target_dependencies)

[0m
-- Added test 'copyright' to check source files copyright and LICENSE
-- Added test 'cppcheck' to perform static code analysis on C / C++ code
-- Configured cppcheck include dirs: /home/administrator/Masterproject2/20_ROS/src/Robots/Omron_AMR/src/amr_visualisation/include
-- Configured cppcheck exclude dirs and/or files: 
-- Added test 'cpplint' to check C / C++ code against the Google style
-- Configured cpplint exclude dirs and/or files: 
-- Added test 'flake8' to check Python code syntax and style conventions
-- Configured 'flake8' exclude dirs and/or files: 
-- Added test 'lint_cmake' to check CMake code style
-- Added test 'pep257' to check Python code against some of the docstring style conventions in PEP 257
-- Added test 'uncrustify' to check C / C++ code style
-- Configured uncrustify additional arguments: 
-- Added test 'xmllint' to check XML markup files
-- Configuring done (2.8s)
-- Generating done (0.1s)
-- Build files have been written to: /home/administrator/Masterproject2/20_ROS/src/Robots/build/amr_visualisation
[ 12%] [32mBuilding CXX object CMakeFiles/data_points_marker.dir/src/data_points_marker.cpp.o[0m
[ 25%] [32mBuilding CXX object CMakeFiles/goals_marker.dir/src/goals_marker.cpp.o[0m
[ 37%] [32mBuilding CXX object CMakeFiles/joints_publisher.dir/src/joints_publisher.cpp.o[0m
[ 50%] [32mBuilding CXX object CMakeFiles/laser_scans.dir/src/laser_scans.cpp.o[0m
In file included from [01m[K/home/administrator/Masterproject2/20_ROS/src/Robots/Omron_AMR/src/amr_visualisation/src/data_points_marker.cpp:1[m[K:
[01m[K/home/administrator/Masterproject2/20_ROS/src/Robots/Omron_AMR/src/amr_visualisation/include/amr_visualisation/data_points_marker.hpp:2:10:[m[K [01;31m[Kfatal error: [m[Kament_index_cpp/get_package_share_directory.hpp: No such file or directory
    2 | #include [01;31m[K<ament_index_cpp/get_package_share_directory.hpp>[m[K
      |          [01;31m[K^~~~~~~~~~~~~~~~~~~~~~~~~~~~~~~~~~~~~~~~~~~~~~~~~[m[K
compilation terminated.
gmake[2]: *** [CMakeFiles/data_points_marker.dir/build.make:76: CMakeFiles/data_points_marker.dir/src/data_points_marker.cpp.o] Error 1
gmake[1]: *** [CMakeFiles/Makefile2:195: CMakeFiles/data_points_marker.dir/all] Error 2
gmake[1]: *** Waiting for unfinished jobs....
In file included from [01m[K/home/administrator/Masterproject2/20_ROS/src/Robots/Omron_AMR/src/amr_visualisation/src/laser_scans.cpp:1[m[K:
[01m[K/home/administrator/Masterproject2/20_ROS/src/Robots/Omron_AMR/src/amr_visualisation/include/amr_visualisation/laser_scans.hpp:2:10:[m[K [01;31m[Kfatal error: [m[Kament_index_cpp/get_package_share_directory.hpp: No such file or directory
    2 | #include [01;31m[K<ament_index_cpp/get_package_share_directory.hpp>[m[K
      |          [01;31m[K^~~~~~~~~~~~~~~~~~~~~~~~~~~~~~~~~~~~~~~~~~~~~~~~~[m[K
compilation terminated.
gmake[2]: *** [CMakeFiles/laser_scans.dir/build.make:76: CMakeFiles/laser_scans.dir/src/laser_scans.cpp.o] Error 1
gmake[1]: *** [CMakeFiles/Makefile2:221: CMakeFiles/laser_scans.dir/all] Error 2
[ 62%] [32m[1mLinking CXX executable goals_marker[0m
[ 75%] [32m[1mLinking CXX executable joints_publisher[0m
[ 75%] Built target goals_marker
[ 75%] Built target joints_publisher
gmake: *** [Makefile:146: all] Error 2
