[0.029s] Invoking command in '/home/administrator/Masterproject2/20_ROS/src/Robots/build/amr_visualisation': AMENT_PREFIX_PATH=/home/administrator/Masterproject2/20_ROS/src/Robots/install/om_aiv_msg:${AMENT_PREFIX_PATH} CMAKE_PREFIX_PATH=/home/administrator/Masterproject2/20_ROS/src/Robots/install/om_aiv_msg:/opt/ros/kilted/opt/sdformat_vendor:/opt/ros/kilted/opt/gz_math_vendor:/opt/ros/kilted/opt/gz_utils_vendor:/opt/ros/kilted/opt/gz_tools_vendor:/opt/ros/kilted/opt/gz_cmake_vendor:/opt/ros/kilted DEBUGINFOD_URLS=https://debuginfod.ubuntu.com LD_LIBRARY_PATH=/home/administrator/Masterproject2/20_ROS/src/Robots/install/om_aiv_msg/lib:${LD_LIBRARY_PATH} PYTHONPATH=/home/administrator/Masterproject2/20_ROS/src/Robots/install/om_aiv_msg/lib/python3.12/site-packages:${PYTHONPATH} /usr/bin/cmake /home/administrator/Masterproject2/20_ROS/src/Robots/Omron_AMR/src/amr_visualisation -DCMAKE_INSTALL_PREFIX=/home/administrator/Masterproject2/20_ROS/src/Robots/install/amr_visualisation
[0.135s] -- The C compiler identification is GNU 13.3.0
[0.223s] -- The CXX compiler identification is GNU 13.3.0
[0.245s] -- Detecting C compiler ABI info
[0.422s] -- Detecting C compiler ABI info - done
[0.439s] -- Check for working C compiler: /usr/bin/cc - skipped
[0.439s] -- Detecting C compile features
[0.440s] -- Detecting C compile features - done
[0.456s] -- Detecting CXX compiler ABI info
[0.613s] -- Detecting CXX compiler ABI info - done
[0.633s] -- Check for working CXX compiler: /usr/bin/c++ - skipped
[0.633s] -- Detecting CXX compile features
[0.634s] -- Detecting CXX compile features - done
[0.638s] -- Found ament_cmake: 2.7.5 (/opt/ros/kilted/share/ament_cmake/cmake)
[0.874s] -- Found Python3: /usr/bin/python3 (found version "3.12.3") found components: Interpreter 
[1.031s] -- Found rclcpp: 29.5.8 (/opt/ros/kilted/share/rclcpp/cmake)
[1.091s] -- Found rosidl_generator_c: 4.9.6 (/opt/ros/kilted/share/rosidl_generator_c/cmake)
[1.114s] -- Found rosidl_generator_cpp: 4.9.6 (/opt/ros/kilted/share/rosidl_generator_cpp/cmake)
[1.140s] -- Using all available rosidl_typesupport_c: rosidl_typesupport_fastrtps_c;rosidl_typesupport_introspection_c
[1.170s] -- Using all available rosidl_typesupport_cpp: rosidl_typesupport_fastrtps_cpp;rosidl_typesupport_introspection_cpp
[1.262s] -- Found rmw_implementation_cmake: 7.8.2 (/opt/ros/kilted/share/rmw_implementation_cmake/cmake)
[1.265s] -- Found rmw_fastrtps_cpp: 9.3.4 (/opt/ros/kilted/share/rmw_fastrtps_cpp/cmake)
[1.429s] -- Found OpenSSL: /usr/lib/x86_64-linux-gnu/libcrypto.so (found version "3.0.13")  
[1.453s] -- Using RMW implementation 'rmw_fastrtps_cpp' as default
[1.657s] -- Found std_msgs: 5.5.2 (/opt/ros/kilted/share/std_msgs/cmake)
[1.687s] -- Found sensor_msgs: 5.5.2 (/opt/ros/kilted/share/sensor_msgs/cmake)
[1.768s] -- Found control_msgs: 6.9.0 (/opt/ros/kilted/share/control_msgs/cmake)
[2.082s] -- Found visualization_msgs: 5.5.2 (/opt/ros/kilted/share/visualization_msgs/cmake)
[2.153s] -- Found tf2_ros: 0.41.7 (/opt/ros/kilted/share/tf2_ros/cmake)
[2.351s] -- Found om_aiv_msg: 0.0.0 (/home/administrator/Masterproject2/20_ROS/src/Robots/install/om_aiv_msg/share/om_aiv_msg/cmake)
[2.413s] -- Found nav_msgs: 5.5.2 (/opt/ros/kilted/share/nav_msgs/cmake)
[2.504s] -- Found ament_lint_auto: 0.19.3 (/opt/ros/kilted/share/ament_lint_auto/cmake)
[2.727s] [0mCMake Deprecation Warning at /opt/ros/kilted/share/ament_cmake_target_dependencies/cmake/ament_target_dependencies.cmake:87 (message):
[2.727s]   ament_target_dependencies() is deprecated.  Use target_link_libraries()
[2.727s]   with modern CMake targets instead.  Try replacing this call with:
[2.727s] 
[2.727s]     target_link_libraries(joints_publisher PUBLIC
[2.727s]       ${control_msgs_TARGETS}
[2.727s]       ${geometry_msgs_TARGETS}
[2.727s]       ${om_aiv_msg_TARGETS}
[2.727s]       ${sensor_msgs_TARGETS}
[2.727s]       ${std_msgs_TARGETS}
[2.727s]       rclcpp::rclcpp
[2.727s]       sensor_msgs::sensor_msgs_library
[2.727s]       tf2_ros::static_transform_broadcaster_node
[2.727s]       tf2_ros::tf2_ros
[2.727s]     )
[2.727s] 
[2.727s] Call Stack (most recent call first):
[2.727s]   CMakeLists.txt:62 (ament_target_dependencies)
[2.727s] 
[2.727s] [0m
[2.740s] [0mCMake Deprecation Warning at /opt/ros/kilted/share/ament_cmake_target_dependencies/cmake/ament_target_dependencies.cmake:87 (message):
[2.740s]   ament_target_dependencies() is deprecated.  Use target_link_libraries()
[2.740s]   with modern CMake targets instead.  Try replacing this call with:
[2.740s] 
[2.740s]     target_link_libraries(goals_marker PUBLIC
[2.740s]       ${geometry_msgs_TARGETS}
[2.740s]       ${om_aiv_msg_TARGETS}
[2.740s]       ${std_msgs_TARGETS}
[2.740s]       ${visualization_msgs_TARGETS}
[2.740s]       rclcpp::rclcpp
[2.740s]       tf2_ros::static_transform_broadcaster_node
[2.740s]       tf2_ros::tf2_ros
[2.740s]     )
[2.740s] 
[2.740s] Call Stack (most recent call first):
[2.740s]   CMakeLists.txt:76 (ament_target_dependencies)
[2.740s] 
[2.740s] [0m
[2.753s] [0mCMake Deprecation Warning at /opt/ros/kilted/share/ament_cmake_target_dependencies/cmake/ament_target_dependencies.cmake:87 (message):
[2.753s]   ament_target_dependencies() is deprecated.  Use target_link_libraries()
[2.753s]   with modern CMake targets instead.  Try replacing this call with:
[2.753s] 
[2.753s]     target_link_libraries(data_points_marker PUBLIC
[2.753s]       ${control_msgs_TARGETS}
[2.753s]       ${geometry_msgs_TARGETS}
[2.753s]       ${nav_msgs_TARGETS}
[2.753s]       ${om_aiv_msg_TARGETS}
[2.753s]       ${sensor_msgs_TARGETS}
[2.753s]       ${std_msgs_TARGETS}
[2.753s]       ${visualization_msgs_TARGETS}
[2.753s]       rclcpp::rclcpp
[2.753s]       sensor_msgs::sensor_msgs_library
[2.753s]       tf2_ros::static_transform_broadcaster_node
[2.753s]       tf2_ros::tf2_ros
[2.753s]     )
[2.753s] 
[2.753s] Call Stack (most recent call first):
[2.753s]   CMakeLists.txt:89 (ament_target_dependencies)
[2.754s] 
[2.754s] [0m
[2.762s] [0mCMake Deprecation Warning at /opt/ros/kilted/share/ament_cmake_target_dependencies/cmake/ament_target_dependencies.cmake:87 (message):
[2.762s]   ament_target_dependencies() is deprecated.  Use target_link_libraries()
[2.762s]   with modern CMake targets instead.  Try replacing this call with:
[2.762s] 
[2.762s]     target_link_libraries(laser_scans PUBLIC
[2.762s]       ${control_msgs_TARGETS}
[2.763s]       ${geometry_msgs_TARGETS}
[2.763s]       ${nav_msgs_TARGETS}
[2.763s]       ${om_aiv_msg_TARGETS}
[2.763s]       ${sensor_msgs_TARGETS}
[2.763s]       ${std_msgs_TARGETS}
[2.763s]       ${visualization_msgs_TARGETS}
[2.763s]       rclcpp::rclcpp
[2.763s]       sensor_msgs::sensor_msgs_library
[2.763s]       tf2_ros::static_transform_broadcaster_node
[2.763s]       tf2_ros::tf2_ros
[2.763s]     )
[2.763s] 
[2.763s] Call Stack (most recent call first):
[2.763s]   CMakeLists.txt:105 (ament_target_dependencies)
[2.763s] 
[2.763s] [0m
[2.777s] -- Added test 'copyright' to check source files copyright and LICENSE
[2.784s] -- Added test 'cppcheck' to perform static code analysis on C / C++ code
[2.786s] -- Configured cppcheck include dirs: /home/administrator/Masterproject2/20_ROS/src/Robots/Omron_AMR/src/amr_visualisation/include
[2.786s] -- Configured cppcheck exclude dirs and/or files: 
[2.793s] -- Added test 'cpplint' to check C / C++ code against the Google style
[2.794s] -- Configured cpplint exclude dirs and/or files: 
[2.798s] -- Added test 'flake8' to check Python code syntax and style conventions
[2.798s] -- Configured 'flake8' exclude dirs and/or files: 
[2.798s] -- Added test 'lint_cmake' to check CMake code style
[2.798s] -- Added test 'pep257' to check Python code against some of the docstring style conventions in PEP 257
[2.804s] -- Added test 'uncrustify' to check C / C++ code style
[2.804s] -- Configured uncrustify additional arguments: 
[2.804s] -- Added test 'xmllint' to check XML markup files
[2.804s] -- Configuring done (2.8s)
[2.925s] -- Generating done (0.1s)
[2.962s] -- Build files have been written to: /home/administrator/Masterproject2/20_ROS/src/Robots/build/amr_visualisation
[3.011s] Invoked command in '/home/administrator/Masterproject2/20_ROS/src/Robots/build/amr_visualisation' returned '0': AMENT_PREFIX_PATH=/home/administrator/Masterproject2/20_ROS/src/Robots/install/om_aiv_msg:${AMENT_PREFIX_PATH} CMAKE_PREFIX_PATH=/home/administrator/Masterproject2/20_ROS/src/Robots/install/om_aiv_msg:/opt/ros/kilted/opt/sdformat_vendor:/opt/ros/kilted/opt/gz_math_vendor:/opt/ros/kilted/opt/gz_utils_vendor:/opt/ros/kilted/opt/gz_tools_vendor:/opt/ros/kilted/opt/gz_cmake_vendor:/opt/ros/kilted DEBUGINFOD_URLS=https://debuginfod.ubuntu.com LD_LIBRARY_PATH=/home/administrator/Masterproject2/20_ROS/src/Robots/install/om_aiv_msg/lib:${LD_LIBRARY_PATH} PYTHONPATH=/home/administrator/Masterproject2/20_ROS/src/Robots/install/om_aiv_msg/lib/python3.12/site-packages:${PYTHONPATH} /usr/bin/cmake /home/administrator/Masterproject2/20_ROS/src/Robots/Omron_AMR/src/amr_visualisation -DCMAKE_INSTALL_PREFIX=/home/administrator/Masterproject2/20_ROS/src/Robots/install/amr_visualisation
[3.011s] Invoking command in '/home/administrator/Masterproject2/20_ROS/src/Robots/build/amr_visualisation': AMENT_PREFIX_PATH=/home/administrator/Masterproject2/20_ROS/src/Robots/install/om_aiv_msg:${AMENT_PREFIX_PATH} CMAKE_PREFIX_PATH=/home/administrator/Masterproject2/20_ROS/src/Robots/install/om_aiv_msg:/opt/ros/kilted/opt/sdformat_vendor:/opt/ros/kilted/opt/gz_math_vendor:/opt/ros/kilted/opt/gz_utils_vendor:/opt/ros/kilted/opt/gz_tools_vendor:/opt/ros/kilted/opt/gz_cmake_vendor:/opt/ros/kilted DEBUGINFOD_URLS=https://debuginfod.ubuntu.com LD_LIBRARY_PATH=/home/administrator/Masterproject2/20_ROS/src/Robots/install/om_aiv_msg/lib:${LD_LIBRARY_PATH} PYTHONPATH=/home/administrator/Masterproject2/20_ROS/src/Robots/install/om_aiv_msg/lib/python3.12/site-packages:${PYTHONPATH} /usr/bin/cmake --build /home/administrator/Masterproject2/20_ROS/src/Robots/build/amr_visualisation -- -j14 -l14
[3.123s] [ 12%] [32mBuilding CXX object CMakeFiles/data_points_marker.dir/src/data_points_marker.cpp.o[0m
[3.128s] [ 25%] [32mBuilding CXX object CMakeFiles/goals_marker.dir/src/goals_marker.cpp.o[0m
[3.136s] [ 37%] [32mBuilding CXX object CMakeFiles/joints_publisher.dir/src/joints_publisher.cpp.o[0m
[3.138s] [ 50%] [32mBuilding CXX object CMakeFiles/laser_scans.dir/src/laser_scans.cpp.o[0m
[3.760s] In file included from [01m[K/home/administrator/Masterproject2/20_ROS/src/Robots/Omron_AMR/src/amr_visualisation/src/data_points_marker.cpp:1[m[K:
[3.760s] [01m[K/home/administrator/Masterproject2/20_ROS/src/Robots/Omron_AMR/src/amr_visualisation/include/amr_visualisation/data_points_marker.hpp:2:10:[m[K [01;31m[Kfatal error: [m[Kament_index_cpp/get_package_share_directory.hpp: No such file or directory
[3.760s]     2 | #include [01;31m[K<ament_index_cpp/get_package_share_directory.hpp>[m[K
[3.761s]       |          [01;31m[K^~~~~~~~~~~~~~~~~~~~~~~~~~~~~~~~~~~~~~~~~~~~~~~~~[m[K
[3.761s] compilation terminated.
[3.780s] gmake[2]: *** [CMakeFiles/data_points_marker.dir/build.make:76: CMakeFiles/data_points_marker.dir/src/data_points_marker.cpp.o] Error 1
[3.781s] gmake[1]: *** [CMakeFiles/Makefile2:195: CMakeFiles/data_points_marker.dir/all] Error 2
[3.781s] gmake[1]: *** Waiting for unfinished jobs....
[4.230s] In file included from [01m[K/home/administrator/Masterproject2/20_ROS/src/Robots/Omron_AMR/src/amr_visualisation/src/laser_scans.cpp:1[m[K:
[4.230s] [01m[K/home/administrator/Masterproject2/20_ROS/src/Robots/Omron_AMR/src/amr_visualisation/include/amr_visualisation/laser_scans.hpp:2:10:[m[K [01;31m[Kfatal error: [m[Kament_index_cpp/get_package_share_directory.hpp: No such file or directory
[4.230s]     2 | #include [01;31m[K<ament_index_cpp/get_package_share_directory.hpp>[m[K
[4.230s]       |          [01;31m[K^~~~~~~~~~~~~~~~~~~~~~~~~~~~~~~~~~~~~~~~~~~~~~~~~[m[K
[4.230s] compilation terminated.
[4.237s] gmake[2]: *** [CMakeFiles/laser_scans.dir/build.make:76: CMakeFiles/laser_scans.dir/src/laser_scans.cpp.o] Error 1
[4.238s] gmake[1]: *** [CMakeFiles/Makefile2:221: CMakeFiles/laser_scans.dir/all] Error 2
[14.027s] [ 62%] [32m[1mLinking CXX executable goals_marker[0m
[14.056s] [ 75%] [32m[1mLinking CXX executable joints_publisher[0m
[14.281s] [ 75%] Built target goals_marker
[14.306s] [ 75%] Built target joints_publisher
[14.307s] gmake: *** [Makefile:146: all] Error 2
