-- Install configuration: ""
-- Execute custom install script
-- Up-to-date symlink: /home/administrator/Masterproject2/20_ROS/src/Robots/install/meca500_description/share/meca500_description/urdf/meca500.ros2_control.xacro
-- Up-to-date symlink: /home/administrator/Masterproject2/20_ROS/src/Robots/install/meca500_description/share/meca500_description/urdf/meca500.urdf
-- Up-to-date symlink: /home/administrator/Masterproject2/20_ROS/src/Robots/install/meca500_description/share/meca500_description/urdf/meca500.urdf.xacro
-- Up-to-date symlink: /home/administrator/Masterproject2/20_ROS/src/Robots/install/meca500_description/share/meca500_description/urdf/meca500_macro.xacro
-- Up-to-date symlink: /home/administrator/Masterproject2/20_ROS/src/Robots/install/meca500_description/share/meca500_description/meshes/link_0.dae
-- Up-to-date symlink: /home/administrator/Masterproject2/20_ROS/src/Robots/install/meca500_description/share/meca500_description/meshes/link_1.dae
-- Up-to-date symlink: /home/administrator/Masterproject2/20_ROS/src/Robots/install/meca500_description/share/meca500_description/meshes/link_2.dae
-- Up-to-date symlink: /home/administrator/Masterproject2/20_ROS/src/Robots/install/meca500_description/share/meca500_description/meshes/link_3.dae
-- Up-to-date symlink: /home/administrator/Masterproject2/20_ROS/src/Robots/install/meca500_description/share/meca500_description/meshes/link_4.dae
-- Up-to-date symlink: /home/administrator/Masterproject2/20_ROS/src/Robots/install/meca500_description/share/meca500_description/meshes/link_5.dae
-- Up-to-date symlink: /home/administrator/Masterproject2/20_ROS/src/Robots/install/meca500_description/share/meca500_description/meshes/link_6.dae
-- Up-to-date symlink: /home/administrator/Masterproject2/20_ROS/src/Robots/install/meca500_description/share/meca500_description/launch/view_robot.launch.py
-- Symlinking: /home/administrator/Masterproject2/20_ROS/src/Robots/install/meca500_description/share/ament_index/resource_index/package_run_dependencies/meca500_description
-- Symlinking: /home/administrator/Masterproject2/20_ROS/src/Robots/install/meca500_description/share/ament_index/resource_index/parent_prefix_path/meca500_description
-- Symlinking: /home/administrator/Masterproject2/20_ROS/src/Robots/install/meca500_description/share/meca500_description/environment/ament_prefix_path.sh
-- Symlinking: /home/administrator/Masterproject2/20_ROS/src/Robots/install/meca500_description/share/meca500_description/environment/ament_prefix_path.dsv
-- Symlinking: /home/administrator/Masterproject2/20_ROS/src/Robots/install/meca500_description/share/meca500_description/environment/path.sh
-- Symlinking: /home/administrator/Masterproject2/20_ROS/src/Robots/install/meca500_description/share/meca500_description/environment/path.dsv
-- Symlinking: /home/administrator/Masterproject2/20_ROS/src/Robots/install/meca500_description/share/meca500_description/local_setup.bash
-- Symlinking: /home/administrator/Masterproject2/20_ROS/src/Robots/install/meca500_description/share/meca500_description/local_setup.sh
-- Symlinking: /home/administrator/Masterproject2/20_ROS/src/Robots/install/meca500_description/share/meca500_description/local_setup.zsh
-- Symlinking: /home/administrator/Masterproject2/20_ROS/src/Robots/install/meca500_description/share/meca500_description/local_setup.dsv
-- Symlinking: /home/administrator/Masterproject2/20_ROS/src/Robots/install/meca500_description/share/meca500_description/package.dsv
-- Symlinking: /home/administrator/Masterproject2/20_ROS/src/Robots/install/meca500_description/share/ament_index/resource_index/packages/meca500_description
-- Symlinking: /home/administrator/Masterproject2/20_ROS/src/Robots/install/meca500_description/share/meca500_description/cmake/meca500_descriptionConfig.cmake
-- Symlinking: /home/administrator/Masterproject2/20_ROS/src/Robots/install/meca500_description/share/meca500_description/cmake/meca500_descriptionConfig-version.cmake
-- Symlinking: /home/administrator/Masterproject2/20_ROS/src/Robots/install/meca500_description/share/meca500_description/package.xml
