[0.115s] Invoking command in '/home/administrator/Masterproject2/20_ROS/src/Robots/build/ur_controllers': AMENT_PREFIX_PATH=/home/administrator/Masterproject2/20_ROS/src/Robots/install/ur_dashboard_msgs:${AMENT_PREFIX_PATH} CMAKE_PREFIX_PATH=/home/administrator/Masterproject2/20_ROS/src/Robots/install/ur_dashboard_msgs:/opt/ros/kilted/opt/sdformat_vendor:/opt/ros/kilted/opt/gz_math_vendor:/opt/ros/kilted/opt/gz_utils_vendor:/opt/ros/kilted/opt/gz_tools_vendor:/opt/ros/kilted/opt/gz_cmake_vendor:/opt/ros/kilted DEBUGINFOD_URLS=https://debuginfod.ubuntu.com LD_LIBRARY_PATH=/home/administrator/Masterproject2/20_ROS/src/Robots/install/ur_dashboard_msgs/lib:${LD_LIBRARY_PATH} PYTHONPATH=/home/administrator/Masterproject2/20_ROS/src/Robots/install/ur_dashboard_msgs/lib/python3.12/site-packages:${PYTHONPATH} /usr/bin/cmake /home/administrator/Masterproject2/20_ROS/src/Robots/UR_Driver/ur_controllers -DCMAKE_INSTALL_PREFIX=/home/administrator/Masterproject2/20_ROS/src/Robots/install/ur_controllers
[0.153s] -- The C compiler identification is GNU 13.3.0
[0.197s] -- The CXX compiler identification is GNU 13.3.0
[0.210s] -- Detecting C compiler ABI info
[0.273s] -- Detecting C compiler ABI info - done
[0.280s] -- Check for working C compiler: /usr/bin/cc - skipped
[0.280s] -- Detecting C compile features
[0.280s] -- Detecting C compile features - done
[0.288s] -- Detecting CXX compiler ABI info
[0.364s] -- Detecting CXX compiler ABI info - done
[0.371s] -- Check for working CXX compiler: /usr/bin/c++ - skipped
[0.371s] -- Detecting CXX compile features
[0.371s] -- Detecting CXX compile features - done
[0.373s] -- Found ament_cmake: 2.7.5 (/opt/ros/kilted/share/ament_cmake/cmake)
[0.479s] -- Found Python3: /usr/bin/python3 (found version "3.12.3") found components: Interpreter 
[0.560s] -- Found angles: 1.16.1 (/opt/ros/kilted/share/angles/cmake)
[0.566s] -- Configuring incomplete, errors occurred!
[0.566s] [31mCMake Error at CMakeLists.txt:11 (find_package):
[0.567s]   By not providing "Findcontroller_interface.cmake" in CMAKE_MODULE_PATH this
[0.567s]   project has asked CMake to find a package configuration file provided by
[0.567s]   "controller_interface", but CMake did not find one.
[0.567s] 
[0.567s]   Could not find a package configuration file provided by
[0.567s]   "controller_interface" with any of the following names:
[0.567s] 
[0.567s]     controller_interfaceConfig.cmake
[0.567s]     controller_interface-config.cmake
[0.567s] 
[0.567s]   Add the installation prefix of "controller_interface" to CMAKE_PREFIX_PATH
[0.567s]   or set "controller_interface_DIR" to a directory containing one of the
[0.567s]   above files.  If "controller_interface" provides a separate development
[0.567s]   package or SDK, be sure it has been installed.
[0.567s] 
[0.567s] [0m
[0.572s] Invoked command in '/home/administrator/Masterproject2/20_ROS/src/Robots/build/ur_controllers' returned '1': AMENT_PREFIX_PATH=/home/administrator/Masterproject2/20_ROS/src/Robots/install/ur_dashboard_msgs:${AMENT_PREFIX_PATH} CMAKE_PREFIX_PATH=/home/administrator/Masterproject2/20_ROS/src/Robots/install/ur_dashboard_msgs:/opt/ros/kilted/opt/sdformat_vendor:/opt/ros/kilted/opt/gz_math_vendor:/opt/ros/kilted/opt/gz_utils_vendor:/opt/ros/kilted/opt/gz_tools_vendor:/opt/ros/kilted/opt/gz_cmake_vendor:/opt/ros/kilted DEBUGINFOD_URLS=https://debuginfod.ubuntu.com LD_LIBRARY_PATH=/home/administrator/Masterproject2/20_ROS/src/Robots/install/ur_dashboard_msgs/lib:${LD_LIBRARY_PATH} PYTHONPATH=/home/administrator/Masterproject2/20_ROS/src/Robots/install/ur_dashboard_msgs/lib/python3.12/site-packages:${PYTHONPATH} /usr/bin/cmake /home/administrator/Masterproject2/20_ROS/src/Robots/UR_Driver/ur_controllers -DCMAKE_INSTALL_PREFIX=/home/administrator/Masterproject2/20_ROS/src/Robots/install/ur_controllers
