[0.022s] Invoking command in '/home/administrator/Masterproject2/20_ROS/src/Robots/build/mir_description': DEBUGINFOD_URLS=https://debuginfod.ubuntu.com /usr/bin/cmake /home/administrator/Masterproject2/20_ROS/src/Robots/MIR/mir_description -DCATKIN_INSTALL_INTO_PREFIX_ROOT=0 -DCATKIN_SYMLINK_INSTALL=ON -DCMAKE_INSTALL_PREFIX=/home/administrator/Masterproject2/20_ROS/src/Robots/install/mir_description
[0.188s] -- The C compiler identification is GNU 13.3.0
[0.303s] -- The CXX compiler identification is GNU 13.3.0
[0.315s] -- Detecting C compiler ABI info
[0.382s] -- Detecting C compiler ABI info - done
[0.389s] -- Check for working C compiler: /usr/bin/cc - skipped
[0.389s] -- Detecting C compile features
[0.389s] -- Detecting C compile features - done
[0.394s] -- Detecting CXX compiler ABI info
[0.460s] -- Detecting CXX compiler ABI info - done
[0.469s] -- Check for working CXX compiler: /usr/bin/c++ - skipped
[0.470s] -- Detecting CXX compile features
[0.470s] -- Detecting CXX compile features - done
[0.477s] [31mCMake Error at CMakeLists.txt:4 (find_package):
[0.477s]   By not providing "Findcatkin.cmake" in CMAKE_MODULE_PATH this project has
[0.477s]   asked CMake to find a package configuration file provided by "catkin", but
[0.477s]   CMake did not find one.
[0.477s] 
[0.477s]   Could not find a package configuration file provided by "catkin" with any
[0.477s]   of the following names:
[0.477s] 
[0.477s]     catkinConfig.cmake
[0.477s]     catkin-config.cmake
[0.477s] 
[0.477s]   Add the installation prefix of "catkin" to CMAKE_PREFIX_PATH or set
[0.477s]   "catkin_DIR" to a directory containing one of the above files.  If "catkin"
[0.477s]   provides a separate development package or SDK, be sure it has been
[0.477s]   installed.
[0.478s] 
[0.478s] [0m
[0.478s] -- Configuring incomplete, errors occurred!
[0.498s] Invoked command in '/home/administrator/Masterproject2/20_ROS/src/Robots/build/mir_description' returned '1': DEBUGINFOD_URLS=https://debuginfod.ubuntu.com /usr/bin/cmake /home/administrator/Masterproject2/20_ROS/src/Robots/MIR/mir_description -DCATKIN_INSTALL_INTO_PREFIX_ROOT=0 -DCATKIN_SYMLINK_INSTALL=ON -DCMAKE_INSTALL_PREFIX=/home/administrator/Masterproject2/20_ROS/src/Robots/install/mir_description
