[0.020s] Invoking command in '/home/administrator/Masterproject2/20_ROS/src/Robots/build/mir_description': CMAKE_PREFIX_PATH=${CMAKE_PREFIX_PATH}:/opt/ros/kilted DEBUGINFOD_URLS=https://debuginfod.ubuntu.com /usr/bin/cmake --build /home/administrator/Masterproject2/20_ROS/src/Robots/build/mir_description -- -j14 -l14
[0.192s] Invoked command in '/home/administrator/Masterproject2/20_ROS/src/Robots/build/mir_description' returned '0': CMAKE_PREFIX_PATH=${CMAKE_PREFIX_PATH}:/opt/ros/kilted DEBUGINFOD_URLS=https://debuginfod.ubuntu.com /usr/bin/cmake --build /home/administrator/Masterproject2/20_ROS/src/Robots/build/mir_description -- -j14 -l14
[0.200s] Invoking command in '/home/administrator/Masterproject2/20_ROS/src/Robots/build/mir_description': CMAKE_PREFIX_PATH=${CMAKE_PREFIX_PATH}:/opt/ros/kilted DEBUGINFOD_URLS=https://debuginfod.ubuntu.com /usr/bin/cmake --install /home/administrator/Masterproject2/20_ROS/src/Robots/build/mir_description
[0.207s] -- Install configuration: ""
[0.207s] -- Up-to-date: /home/administrator/Masterproject2/20_ROS/src/Robots/install/mir_description/share/mir_description/config
[0.213s] -- Up-to-date: /home/administrator/Masterproject2/20_ROS/src/Robots/install/mir_description/share/mir_description/config/joint_state_controller.yaml
[0.213s] -- Up-to-date: /home/administrator/Masterproject2/20_ROS/src/Robots/install/mir_description/share/mir_description/config/diffdrive_controller.yaml
[0.213s] -- Up-to-date: /home/administrator/Masterproject2/20_ROS/src/Robots/install/mir_description/share/mir_description/launch
[0.213s] -- Up-to-date: /home/administrator/Masterproject2/20_ROS/src/Robots/install/mir_description/share/mir_description/launch/upload_mir_urdf.launch
[0.213s] -- Up-to-date: /home/administrator/Masterproject2/20_ROS/src/Robots/install/mir_description/share/mir_description/launch/mir_debug_urdf.launch
[0.213s] -- Up-to-date: /home/administrator/Masterproject2/20_ROS/src/Robots/install/mir_description/share/mir_description/meshes
[0.213s] -- Up-to-date: /home/administrator/Masterproject2/20_ROS/src/Robots/install/mir_description/share/mir_description/meshes/visual
[0.213s] -- Up-to-date: /home/administrator/Masterproject2/20_ROS/src/Robots/install/mir_description/share/mir_description/meshes/visual/wheel.stl
[0.213s] -- Up-to-date: /home/administrator/Masterproject2/20_ROS/src/Robots/install/mir_description/share/mir_description/meshes/visual/sick_lms-100.stl
[0.213s] -- Up-to-date: /home/administrator/Masterproject2/20_ROS/src/Robots/install/mir_description/share/mir_description/meshes/visual/mir_100_base.stl
[0.213s] -- Up-to-date: /home/administrator/Masterproject2/20_ROS/src/Robots/install/mir_description/share/mir_description/meshes/visual/caster_wheel_base.stl
[0.213s] -- Up-to-date: /home/administrator/Masterproject2/20_ROS/src/Robots/install/mir_description/share/mir_description/meshes/collision
[0.213s] -- Up-to-date: /home/administrator/Masterproject2/20_ROS/src/Robots/install/mir_description/share/mir_description/meshes/collision/mir_100_base.stl
[0.213s] -- Up-to-date: /home/administrator/Masterproject2/20_ROS/src/Robots/install/mir_description/share/mir_description/meshes/collision/caster_wheel_base.stl
[0.213s] -- Up-to-date: /home/administrator/Masterproject2/20_ROS/src/Robots/install/mir_description/share/mir_description/rviz
[0.213s] -- Up-to-date: /home/administrator/Masterproject2/20_ROS/src/Robots/install/mir_description/share/mir_description/rviz/mir_description.rviz
[0.213s] -- Up-to-date: /home/administrator/Masterproject2/20_ROS/src/Robots/install/mir_description/share/mir_description/urdf
[0.214s] -- Up-to-date: /home/administrator/Masterproject2/20_ROS/src/Robots/install/mir_description/share/mir_description/urdf/include
[0.214s] -- Up-to-date: /home/administrator/Masterproject2/20_ROS/src/Robots/install/mir_description/share/mir_description/urdf/include/mir_100_v1.urdf.xacro
[0.214s] -- Up-to-date: /home/administrator/Masterproject2/20_ROS/src/Robots/install/mir_description/share/mir_description/urdf/include/sick_s300.urdf.xacro
[0.214s] -- Up-to-date: /home/administrator/Masterproject2/20_ROS/src/Robots/install/mir_description/share/mir_description/urdf/include/mir_100.transmission.xacro
[0.214s] -- Up-to-date: /home/administrator/Masterproject2/20_ROS/src/Robots/install/mir_description/share/mir_description/urdf/include/imu.gazebo.urdf.xacro
[0.214s] -- Up-to-date: /home/administrator/Masterproject2/20_ROS/src/Robots/install/mir_description/share/mir_description/urdf/include/common_properties.urdf.xacro
[0.214s] -- Up-to-date: /home/administrator/Masterproject2/20_ROS/src/Robots/install/mir_description/share/mir_description/urdf/include/mir_100.gazebo.xacro
[0.214s] -- Up-to-date: /home/administrator/Masterproject2/20_ROS/src/Robots/install/mir_description/share/mir_description/urdf/include/common.gazebo.xacro
[0.214s] -- Up-to-date: /home/administrator/Masterproject2/20_ROS/src/Robots/install/mir_description/share/mir_description/urdf/mir.urdf.xacro
[0.214s] -- Up-to-date: /home/administrator/Masterproject2/20_ROS/src/Robots/install/mir_description/share/ament_index/resource_index/package_run_dependencies/mir_description
[0.214s] -- Up-to-date: /home/administrator/Masterproject2/20_ROS/src/Robots/install/mir_description/share/ament_index/resource_index/parent_prefix_path/mir_description
[0.214s] -- Up-to-date: /home/administrator/Masterproject2/20_ROS/src/Robots/install/mir_description/share/mir_description/environment/ament_prefix_path.sh
[0.214s] -- Up-to-date: /home/administrator/Masterproject2/20_ROS/src/Robots/install/mir_description/share/mir_description/environment/ament_prefix_path.dsv
[0.214s] -- Up-to-date: /home/administrator/Masterproject2/20_ROS/src/Robots/install/mir_description/share/mir_description/environment/path.sh
[0.214s] -- Up-to-date: /home/administrator/Masterproject2/20_ROS/src/Robots/install/mir_description/share/mir_description/environment/path.dsv
[0.214s] -- Up-to-date: /home/administrator/Masterproject2/20_ROS/src/Robots/install/mir_description/share/mir_description/local_setup.bash
[0.214s] -- Up-to-date: /home/administrator/Masterproject2/20_ROS/src/Robots/install/mir_description/share/mir_description/local_setup.sh
[0.214s] -- Up-to-date: /home/administrator/Masterproject2/20_ROS/src/Robots/install/mir_description/share/mir_description/local_setup.zsh
[0.214s] -- Up-to-date: /home/administrator/Masterproject2/20_ROS/src/Robots/install/mir_description/share/mir_description/local_setup.dsv
[0.214s] -- Installing: /home/administrator/Masterproject2/20_ROS/src/Robots/install/mir_description/share/mir_description/package.dsv
[0.214s] -- Up-to-date: /home/administrator/Masterproject2/20_ROS/src/Robots/install/mir_description/share/ament_index/resource_index/packages/mir_description
[0.214s] -- Up-to-date: /home/administrator/Masterproject2/20_ROS/src/Robots/install/mir_description/share/mir_description/cmake/mir_descriptionConfig.cmake
[0.214s] -- Up-to-date: /home/administrator/Masterproject2/20_ROS/src/Robots/install/mir_description/share/mir_description/cmake/mir_descriptionConfig-version.cmake
[0.214s] -- Up-to-date: /home/administrator/Masterproject2/20_ROS/src/Robots/install/mir_description/share/mir_description/package.xml
[0.235s] Invoked command in '/home/administrator/Masterproject2/20_ROS/src/Robots/build/mir_description' returned '0': CMAKE_PREFIX_PATH=${CMAKE_PREFIX_PATH}:/opt/ros/kilted DEBUGINFOD_URLS=https://debuginfod.ubuntu.com /usr/bin/cmake --install /home/administrator/Masterproject2/20_ROS/src/Robots/build/mir_description
