[ 50%] [32mBuilding CXX object CMakeFiles/meca500_hardware.dir/src/meca500_system.cpp.o[0m
[100%] [32m[1mLinking CXX shared library libmeca500_hardware.so[0m
[100%] Built target meca500_hardware
-- Install configuration: ""
-- Execute custom install script
-- Symlinking: /home/administrator/Masterproject2/20_ROS/src/Robots/install/meca500_hardware/share/meca500_hardware//meca500_hardware.xml
-- Symlinking: /home/administrator/Masterproject2/20_ROS/src/Robots/install/meca500_hardware/lib/libmeca500_hardware.so
-- Symlinking: /home/administrator/Masterproject2/20_ROS/src/Robots/install/meca500_hardware/include/meca500_hardware/meca500_system.hpp
-- Symlinking: /home/administrator/Masterproject2/20_ROS/src/Robots/install/meca500_hardware/share/ament_index/resource_index/package_run_dependencies/meca500_hardware
-- Symlinking: /home/administrator/Masterproject2/20_ROS/src/Robots/install/meca500_hardware/share/ament_index/resource_index/parent_prefix_path/meca500_hardware
-- Symlinking: /home/administrator/Masterproject2/20_ROS/src/Robots/install/meca500_hardware/share/meca500_hardware/environment/ament_prefix_path.sh
-- Symlinking: /home/administrator/Masterproject2/20_ROS/src/Robots/install/meca500_hardware/share/meca500_hardware/environment/ament_prefix_path.dsv
-- Symlinking: /home/administrator/Masterproject2/20_ROS/src/Robots/install/meca500_hardware/share/meca500_hardware/environment/path.sh
-- Symlinking: /home/administrator/Masterproject2/20_ROS/src/Robots/install/meca500_hardware/share/meca500_hardware/environment/path.dsv
-- Symlinking: /home/administrator/Masterproject2/20_ROS/src/Robots/install/meca500_hardware/share/meca500_hardware/local_setup.bash
-- Symlinking: /home/administrator/Masterproject2/20_ROS/src/Robots/install/meca500_hardware/share/meca500_hardware/local_setup.sh
-- Symlinking: /home/administrator/Masterproject2/20_ROS/src/Robots/install/meca500_hardware/share/meca500_hardware/local_setup.zsh
-- Symlinking: /home/administrator/Masterproject2/20_ROS/src/Robots/install/meca500_hardware/share/meca500_hardware/local_setup.dsv
-- Symlinking: /home/administrator/Masterproject2/20_ROS/src/Robots/install/meca500_hardware/share/meca500_hardware/package.dsv
-- Symlinking: /home/administrator/Masterproject2/20_ROS/src/Robots/install/meca500_hardware/share/ament_index/resource_index/packages/meca500_hardware
-- Symlinking: /home/administrator/Masterproject2/20_ROS/src/Robots/install/meca500_hardware/share/ament_index/resource_index/hardware_interface__pluginlib__plugin/meca500_hardware
-- Symlinking: /home/administrator/Masterproject2/20_ROS/src/Robots/install/meca500_hardware/share/meca500_hardware/cmake/meca500_hardwareConfig.cmake
-- Symlinking: /home/administrator/Masterproject2/20_ROS/src/Robots/install/meca500_hardware/share/meca500_hardware/cmake/meca500_hardwareConfig-version.cmake
-- Symlinking: /home/administrator/Masterproject2/20_ROS/src/Robots/install/meca500_hardware/share/meca500_hardware/package.xml
