[ 50%] [32mBuilding CXX object CMakeFiles/meca500_hardware.dir/src/meca500_system.cpp.o[0m
[01m[K/home/administrator/Masterproject2/20_ROS/src/Robots/Mecademic/meca500_hardware/src/meca500_system.cpp:[m[K In member function ‘[01m[Kvirtual hardware_interface::CallbackReturn meca500_hardware::Meca500SystemHardware::[01;32m[Kon_init[m[K(const hardware_interface::HardwareInfo&)[m[K’:
[01m[K/home/administrator/Masterproject2/20_ROS/src/Robots/Mecademic/meca500_hardware/src/meca500_system.cpp:239:51:[m[K [01;35m[Kwarning: [m[K‘[01m[Kvirtual rclcpp_lifecycle::node_interfaces::LifecycleNodeInterface::CallbackReturn hardware_interface::HardwareComponentInterface::[01;32m[Kon_init[m[K(const hardware_interface::HardwareInfo&)[m[K’ is deprecated: Use on_init(const HardwareComponentInterfaceParams & params) instead. [[01;35m[K]8;;https://gcc.gnu.org/onlinedocs/gcc/Warning-Options.html#index-Wdeprecated-declarations-Wdeprecated-declarations]8;;[m[K]
  239 |   if ([01;35m[Khardware_interface::SystemInterface::on_init(info)[m[K !=
      |       [01;35m[K~~~~~~~~~~~~~~~~~~~~~~~~~~~~~~~~~~~~~~~~~~~~^~~~~~[m[K
In file included from [01m[K/opt/ros/kilted/include/hardware_interface/hardware_interface/system_interface.hpp:18[m[K,
                 from [01m[K/home/administrator/Masterproject2/20_ROS/src/Robots/Mecademic/meca500_hardware/include/meca500_hardware/meca500_system.hpp:14[m[K,
                 from [01m[K/home/administrator/Masterproject2/20_ROS/src/Robots/Mecademic/meca500_hardware/src/meca500_system.cpp:1[m[K:
[01m[K/opt/ros/kilted/include/hardware_interface/hardware_interface/hardware_component_interface.hpp:146:26:[m[K [01;36m[Knote: [m[Kdeclared here
  146 |   virtual CallbackReturn [01;36m[Kon_init[m[K(const HardwareInfo & hardware_info);
      |                          [01;36m[K^~~~~~~[m[K
[100%] [32m[1mLinking CXX shared library libmeca500_hardware.so[0m
[100%] Built target meca500_hardware
-- Install configuration: ""
-- Execute custom install script
-- Symlinking: /home/administrator/Masterproject2/20_ROS/src/Robots/install/meca500_hardware/share/meca500_hardware//meca500_hardware.xml
-- Symlinking: /home/administrator/Masterproject2/20_ROS/src/Robots/install/meca500_hardware/lib/libmeca500_hardware.so
-- Symlinking: /home/administrator/Masterproject2/20_ROS/src/Robots/install/meca500_hardware/include/meca500_hardware/meca500_system.hpp
-- Symlinking: /home/administrator/Masterproject2/20_ROS/src/Robots/install/meca500_hardware/share/ament_index/resource_index/package_run_dependencies/meca500_hardware
-- Symlinking: /home/administrator/Masterproject2/20_ROS/src/Robots/install/meca500_hardware/share/ament_index/resource_index/parent_prefix_path/meca500_hardware
-- Symlinking: /home/administrator/Masterproject2/20_ROS/src/Robots/install/meca500_hardware/share/meca500_hardware/environment/ament_prefix_path.sh
-- Symlinking: /home/administrator/Masterproject2/20_ROS/src/Robots/install/meca500_hardware/share/meca500_hardware/environment/ament_prefix_path.dsv
-- Symlinking: /home/administrator/Masterproject2/20_ROS/src/Robots/install/meca500_hardware/share/meca500_hardware/environment/path.sh
-- Symlinking: /home/administrator/Masterproject2/20_ROS/src/Robots/install/meca500_hardware/share/meca500_hardware/environment/path.dsv
-- Symlinking: /home/administrator/Masterproject2/20_ROS/src/Robots/install/meca500_hardware/share/meca500_hardware/local_setup.bash
-- Symlinking: /home/administrator/Masterproject2/20_ROS/src/Robots/install/meca500_hardware/share/meca500_hardware/local_setup.sh
-- Symlinking: /home/administrator/Masterproject2/20_ROS/src/Robots/install/meca500_hardware/share/meca500_hardware/local_setup.zsh
-- Symlinking: /home/administrator/Masterproject2/20_ROS/src/Robots/install/meca500_hardware/share/meca500_hardware/local_setup.dsv
-- Symlinking: /home/administrator/Masterproject2/20_ROS/src/Robots/install/meca500_hardware/share/meca500_hardware/package.dsv
-- Symlinking: /home/administrator/Masterproject2/20_ROS/src/Robots/install/meca500_hardware/share/ament_index/resource_index/packages/meca500_hardware
-- Symlinking: /home/administrator/Masterproject2/20_ROS/src/Robots/install/meca500_hardware/share/ament_index/resource_index/hardware_interface__pluginlib__plugin/meca500_hardware
-- Symlinking: /home/administrator/Masterproject2/20_ROS/src/Robots/install/meca500_hardware/share/meca500_hardware/cmake/meca500_hardwareConfig.cmake
-- Symlinking: /home/administrator/Masterproject2/20_ROS/src/Robots/install/meca500_hardware/share/meca500_hardware/cmake/meca500_hardwareConfig-version.cmake
-- Symlinking: /home/administrator/Masterproject2/20_ROS/src/Robots/install/meca500_hardware/share/meca500_hardware/package.xml
