[0.017s] Invoking command in '/home/administrator/Masterproject2/20_ROS/src/Robots/build/meca500_description': CMAKE_PREFIX_PATH=${CMAKE_PREFIX_PATH}:/opt/ros/kilted DEBUGINFOD_URLS=https://debuginfod.ubuntu.com /usr/bin/cmake --build /home/administrator/Masterproject2/20_ROS/src/Robots/build/meca500_description -- -j14 -l14
[0.047s] -- Found ament_cmake: 2.7.5 (/opt/ros/kilted/share/ament_cmake/cmake)
[0.331s] -- Override CMake install command with custom implementation using symlinks instead of copying resources
[0.331s] -- Found ament_lint_auto: 0.19.3 (/opt/ros/kilted/share/ament_lint_auto/cmake)
[0.418s] -- Added test 'flake8' to check Python code syntax and style conventions
[0.419s] -- Configured 'flake8' exclude dirs and/or files: 
[0.419s] -- Added test 'lint_cmake' to check CMake code style
[0.420s] -- Added test 'pep257' to check Python code against some of the docstring style conventions in PEP 257
[0.420s] -- Added test 'xmllint' to check XML markup files
[0.420s] -- Configuring done (0.4s)
[0.423s] -- Generating done (0.0s)
[0.423s] -- Build files have been written to: /home/administrator/Masterproject2/20_ROS/src/Robots/build/meca500_description
[0.471s] Invoked command in '/home/administrator/Masterproject2/20_ROS/src/Robots/build/meca500_description' returned '0': CMAKE_PREFIX_PATH=${CMAKE_PREFIX_PATH}:/opt/ros/kilted DEBUGINFOD_URLS=https://debuginfod.ubuntu.com /usr/bin/cmake --build /home/administrator/Masterproject2/20_ROS/src/Robots/build/meca500_description -- -j14 -l14
[0.472s] Invoking command in '/home/administrator/Masterproject2/20_ROS/src/Robots/build/meca500_description': CMAKE_PREFIX_PATH=${CMAKE_PREFIX_PATH}:/opt/ros/kilted DEBUGINFOD_URLS=https://debuginfod.ubuntu.com /usr/bin/cmake --install /home/administrator/Masterproject2/20_ROS/src/Robots/build/meca500_description
[0.478s] -- Install configuration: ""
[0.478s] -- Execute custom install script
[0.478s] -- Up-to-date symlink: /home/administrator/Masterproject2/20_ROS/src/Robots/install/meca500_description/share/meca500_description/urdf/meca500.ros2_control.xacro
[0.478s] -- Up-to-date symlink: /home/administrator/Masterproject2/20_ROS/src/Robots/install/meca500_description/share/meca500_description/urdf/meca500.urdf
[0.479s] -- Up-to-date symlink: /home/administrator/Masterproject2/20_ROS/src/Robots/install/meca500_description/share/meca500_description/urdf/meca500.urdf.xacro
[0.479s] -- Up-to-date symlink: /home/administrator/Masterproject2/20_ROS/src/Robots/install/meca500_description/share/meca500_description/urdf/meca500_macro.xacro
[0.479s] -- Up-to-date symlink: /home/administrator/Masterproject2/20_ROS/src/Robots/install/meca500_description/share/meca500_description/meshes/link_0.dae
[0.479s] -- Up-to-date symlink: /home/administrator/Masterproject2/20_ROS/src/Robots/install/meca500_description/share/meca500_description/meshes/link_1.dae
[0.479s] -- Up-to-date symlink: /home/administrator/Masterproject2/20_ROS/src/Robots/install/meca500_description/share/meca500_description/meshes/link_2.dae
[0.479s] -- Up-to-date symlink: /home/administrator/Masterproject2/20_ROS/src/Robots/install/meca500_description/share/meca500_description/meshes/link_3.dae
[0.479s] -- Up-to-date symlink: /home/administrator/Masterproject2/20_ROS/src/Robots/install/meca500_description/share/meca500_description/meshes/link_4.dae
[0.479s] -- Up-to-date symlink: /home/administrator/Masterproject2/20_ROS/src/Robots/install/meca500_description/share/meca500_description/meshes/link_5.dae
[0.479s] -- Up-to-date symlink: /home/administrator/Masterproject2/20_ROS/src/Robots/install/meca500_description/share/meca500_description/meshes/link_6.dae
[0.479s] -- Up-to-date symlink: /home/administrator/Masterproject2/20_ROS/src/Robots/install/meca500_description/share/meca500_description/launch/view_robot.launch.py
[0.480s] -- Up-to-date symlink: /home/administrator/Masterproject2/20_ROS/src/Robots/install/meca500_description/share/ament_index/resource_index/package_run_dependencies/meca500_description
[0.480s] -- Up-to-date symlink: /home/administrator/Masterproject2/20_ROS/src/Robots/install/meca500_description/share/ament_index/resource_index/parent_prefix_path/meca500_description
[0.480s] -- Up-to-date symlink: /home/administrator/Masterproject2/20_ROS/src/Robots/install/meca500_description/share/meca500_description/environment/ament_prefix_path.sh
[0.480s] -- Up-to-date symlink: /home/administrator/Masterproject2/20_ROS/src/Robots/install/meca500_description/share/meca500_description/environment/ament_prefix_path.dsv
[0.480s] -- Up-to-date symlink: /home/administrator/Masterproject2/20_ROS/src/Robots/install/meca500_description/share/meca500_description/environment/path.sh
[0.480s] -- Up-to-date symlink: /home/administrator/Masterproject2/20_ROS/src/Robots/install/meca500_description/share/meca500_description/environment/path.dsv
[0.480s] -- Up-to-date symlink: /home/administrator/Masterproject2/20_ROS/src/Robots/install/meca500_description/share/meca500_description/local_setup.bash
[0.481s] -- Up-to-date symlink: /home/administrator/Masterproject2/20_ROS/src/Robots/install/meca500_description/share/meca500_description/local_setup.sh
[0.481s] -- Up-to-date symlink: /home/administrator/Masterproject2/20_ROS/src/Robots/install/meca500_description/share/meca500_description/local_setup.zsh
[0.481s] -- Up-to-date symlink: /home/administrator/Masterproject2/20_ROS/src/Robots/install/meca500_description/share/meca500_description/local_setup.dsv
[0.481s] -- Symlinking: /home/administrator/Masterproject2/20_ROS/src/Robots/install/meca500_description/share/meca500_description/package.dsv
[0.491s] -- Up-to-date symlink: /home/administrator/Masterproject2/20_ROS/src/Robots/install/meca500_description/share/ament_index/resource_index/packages/meca500_description
[0.491s] -- Up-to-date symlink: /home/administrator/Masterproject2/20_ROS/src/Robots/install/meca500_description/share/meca500_description/cmake/meca500_descriptionConfig.cmake
[0.491s] -- Up-to-date symlink: /home/administrator/Masterproject2/20_ROS/src/Robots/install/meca500_description/share/meca500_description/cmake/meca500_descriptionConfig-version.cmake
[0.491s] -- Up-to-date symlink: /home/administrator/Masterproject2/20_ROS/src/Robots/install/meca500_description/share/meca500_description/package.xml
[0.655s] Invoked command in '/home/administrator/Masterproject2/20_ROS/src/Robots/build/meca500_description' returned '0': CMAKE_PREFIX_PATH=${CMAKE_PREFIX_PATH}:/opt/ros/kilted DEBUGINFOD_URLS=https://debuginfod.ubuntu.com /usr/bin/cmake --install /home/administrator/Masterproject2/20_ROS/src/Robots/build/meca500_description
