/home/administrator/Masterproject2/20_ROS/src/Robots/install/om_aiv_util/lib/python3.12/site-packages/om_aiv_util/arcl_api_server.py
/home/administrator/Masterproject2/20_ROS/src/Robots/install/om_aiv_util/lib/python3.12/site-packages/om_aiv_util/__init__.py
/home/administrator/Masterproject2/20_ROS/src/Robots/install/om_aiv_util/lib/python3.12/site-packages/om_aiv_util/socket_driver.py
/home/administrator/Masterproject2/20_ROS/src/Robots/install/om_aiv_util/lib/python3.12/site-packages/om_aiv_util/socket_taskmaster.py
/home/administrator/Masterproject2/20_ROS/src/Robots/install/om_aiv_util/lib/python3.12/site-packages/om_aiv_util/ld_states_publisher.py
/home/administrator/Masterproject2/20_ROS/src/Robots/install/om_aiv_util/lib/python3.12/site-packages/om_aiv_util/socket_listener.py
/home/administrator/Masterproject2/20_ROS/src/Robots/install/om_aiv_util/lib/python3.12/site-packages/om_aiv_util/parser.py
/home/administrator/Masterproject2/20_ROS/src/Robots/install/om_aiv_util/lib/python3.12/site-packages/om_aiv_util/socketconnection_class.py
/home/administrator/Masterproject2/20_ROS/src/Robots/install/om_aiv_util/lib/python3.12/site-packages/om_aiv_util/__pycache__/arcl_api_server.cpython-312.pyc
/home/administrator/Masterproject2/20_ROS/src/Robots/install/om_aiv_util/lib/python3.12/site-packages/om_aiv_util/__pycache__/__init__.cpython-312.pyc
/home/administrator/Masterproject2/20_ROS/src/Robots/install/om_aiv_util/lib/python3.12/site-packages/om_aiv_util/__pycache__/socket_driver.cpython-312.pyc
/home/administrator/Masterproject2/20_ROS/src/Robots/install/om_aiv_util/lib/python3.12/site-packages/om_aiv_util/__pycache__/socket_taskmaster.cpython-312.pyc
/home/administrator/Masterproject2/20_ROS/src/Robots/install/om_aiv_util/lib/python3.12/site-packages/om_aiv_util/__pycache__/ld_states_publisher.cpython-312.pyc
/home/administrator/Masterproject2/20_ROS/src/Robots/install/om_aiv_util/lib/python3.12/site-packages/om_aiv_util/__pycache__/socket_listener.cpython-312.pyc
/home/administrator/Masterproject2/20_ROS/src/Robots/install/om_aiv_util/lib/python3.12/site-packages/om_aiv_util/__pycache__/parser.cpython-312.pyc
/home/administrator/Masterproject2/20_ROS/src/Robots/install/om_aiv_util/lib/python3.12/site-packages/om_aiv_util/__pycache__/socketconnection_class.cpython-312.pyc
/home/administrator/Masterproject2/20_ROS/src/Robots/install/om_aiv_util/share/ament_index/resource_index/packages/om_aiv_util
/home/administrator/Masterproject2/20_ROS/src/Robots/install/om_aiv_util/share/om_aiv_util/package.xml
/home/administrator/Masterproject2/20_ROS/src/Robots/install/om_aiv_util/share/om_aiv_util/server.launch.py
/home/administrator/Masterproject2/20_ROS/src/Robots/install/om_aiv_util/share/om_aiv_util/config/main_param.yaml
/home/administrator/Masterproject2/20_ROS/src/Robots/install/om_aiv_util/lib/python3.12/site-packages/om_aiv_util-0.0.0-py3.12.egg-info/zip-safe
/home/administrator/Masterproject2/20_ROS/src/Robots/install/om_aiv_util/lib/python3.12/site-packages/om_aiv_util-0.0.0-py3.12.egg-info/dependency_links.txt
/home/administrator/Masterproject2/20_ROS/src/Robots/install/om_aiv_util/lib/python3.12/site-packages/om_aiv_util-0.0.0-py3.12.egg-info/requires.txt
/home/administrator/Masterproject2/20_ROS/src/Robots/install/om_aiv_util/lib/python3.12/site-packages/om_aiv_util-0.0.0-py3.12.egg-info/top_level.txt
/home/administrator/Masterproject2/20_ROS/src/Robots/install/om_aiv_util/lib/python3.12/site-packages/om_aiv_util-0.0.0-py3.12.egg-info/entry_points.txt
/home/administrator/Masterproject2/20_ROS/src/Robots/install/om_aiv_util/lib/python3.12/site-packages/om_aiv_util-0.0.0-py3.12.egg-info/SOURCES.txt
/home/administrator/Masterproject2/20_ROS/src/Robots/install/om_aiv_util/lib/python3.12/site-packages/om_aiv_util-0.0.0-py3.12.egg-info/PKG-INFO
/home/administrator/Masterproject2/20_ROS/src/Robots/install/om_aiv_util/lib/om_aiv_util/arcl_api_server
/home/administrator/Masterproject2/20_ROS/src/Robots/install/om_aiv_util/lib/om_aiv_util/ld_states_publisher
