[0.008s] Invoking command in '/home/administrator/Masterproject2/20_ROS/src/Robots/build/amr_visualisation': AMENT_PREFIX_PATH=/home/administrator/Masterproject2/20_ROS/src/Robots/install/om_aiv_msg:${AMENT_PREFIX_PATH} CMAKE_PREFIX_PATH=/home/administrator/Masterproject2/20_ROS/src/Robots/install/om_aiv_msg:/opt/ros/kilted/opt/sdformat_vendor:/opt/ros/kilted/opt/gz_math_vendor:/opt/ros/kilted/opt/gz_utils_vendor:/opt/ros/kilted/opt/gz_tools_vendor:/opt/ros/kilted/opt/gz_cmake_vendor:/opt/ros/kilted DEBUGINFOD_URLS=https://debuginfod.ubuntu.com LD_LIBRARY_PATH=/home/administrator/Masterproject2/20_ROS/src/Robots/install/om_aiv_msg/lib:${LD_LIBRARY_PATH} PYTHONPATH=/home/administrator/Masterproject2/20_ROS/src/Robots/install/om_aiv_msg/lib/python3.12/site-packages:${PYTHONPATH} /usr/bin/cmake --build /home/administrator/Masterproject2/20_ROS/src/Robots/build/amr_visualisation -- -j14 -l14
[0.130s] [ 25%] Built target joints_publisher
[0.131s] [ 50%] Built target goals_marker
[0.135s] [ 75%] Built target laser_scans
[0.137s] [100%] Built target data_points_marker
[0.137s] Invoked command in '/home/administrator/Masterproject2/20_ROS/src/Robots/build/amr_visualisation' returned '0': AMENT_PREFIX_PATH=/home/administrator/Masterproject2/20_ROS/src/Robots/install/om_aiv_msg:${AMENT_PREFIX_PATH} CMAKE_PREFIX_PATH=/home/administrator/Masterproject2/20_ROS/src/Robots/install/om_aiv_msg:/opt/ros/kilted/opt/sdformat_vendor:/opt/ros/kilted/opt/gz_math_vendor:/opt/ros/kilted/opt/gz_utils_vendor:/opt/ros/kilted/opt/gz_tools_vendor:/opt/ros/kilted/opt/gz_cmake_vendor:/opt/ros/kilted DEBUGINFOD_URLS=https://debuginfod.ubuntu.com LD_LIBRARY_PATH=/home/administrator/Masterproject2/20_ROS/src/Robots/install/om_aiv_msg/lib:${LD_LIBRARY_PATH} PYTHONPATH=/home/administrator/Masterproject2/20_ROS/src/Robots/install/om_aiv_msg/lib/python3.12/site-packages:${PYTHONPATH} /usr/bin/cmake --build /home/administrator/Masterproject2/20_ROS/src/Robots/build/amr_visualisation -- -j14 -l14
[0.138s] Invoking command in '/home/administrator/Masterproject2/20_ROS/src/Robots/build/amr_visualisation': AMENT_PREFIX_PATH=/home/administrator/Masterproject2/20_ROS/src/Robots/install/om_aiv_msg:${AMENT_PREFIX_PATH} CMAKE_PREFIX_PATH=/home/administrator/Masterproject2/20_ROS/src/Robots/install/om_aiv_msg:/opt/ros/kilted/opt/sdformat_vendor:/opt/ros/kilted/opt/gz_math_vendor:/opt/ros/kilted/opt/gz_utils_vendor:/opt/ros/kilted/opt/gz_tools_vendor:/opt/ros/kilted/opt/gz_cmake_vendor:/opt/ros/kilted DEBUGINFOD_URLS=https://debuginfod.ubuntu.com LD_LIBRARY_PATH=/home/administrator/Masterproject2/20_ROS/src/Robots/install/om_aiv_msg/lib:${LD_LIBRARY_PATH} PYTHONPATH=/home/administrator/Masterproject2/20_ROS/src/Robots/install/om_aiv_msg/lib/python3.12/site-packages:${PYTHONPATH} /usr/bin/cmake --install /home/administrator/Masterproject2/20_ROS/src/Robots/build/amr_visualisation
[0.153s] -- Install configuration: ""
[0.153s] -- Up-to-date: /home/administrator/Masterproject2/20_ROS/src/Robots/install/amr_visualisation/lib/amr_visualisation/joints_publisher
[0.154s] -- Up-to-date: /home/administrator/Masterproject2/20_ROS/src/Robots/install/amr_visualisation/lib/amr_visualisation/data_points_marker
[0.154s] -- Up-to-date: /home/administrator/Masterproject2/20_ROS/src/Robots/install/amr_visualisation/lib/amr_visualisation/goals_marker
[0.154s] -- Up-to-date: /home/administrator/Masterproject2/20_ROS/src/Robots/install/amr_visualisation/lib/amr_visualisation/laser_scans
[0.154s] -- Up-to-date: /home/administrator/Masterproject2/20_ROS/src/Robots/install/amr_visualisation/share/amr_visualisation/launch
[0.154s] -- Up-to-date: /home/administrator/Masterproject2/20_ROS/src/Robots/install/amr_visualisation/share/amr_visualisation/launch/display.launch.py
[0.154s] -- Up-to-date: /home/administrator/Masterproject2/20_ROS/src/Robots/install/amr_visualisation/share/amr_visualisation/config
[0.154s] -- Up-to-date: /home/administrator/Masterproject2/20_ROS/src/Robots/install/amr_visualisation/share/amr_visualisation/config/amr_rviz.rviz
[0.155s] -- Up-to-date: /home/administrator/Masterproject2/20_ROS/src/Robots/install/amr_visualisation/share/amr_visualisation/map
[0.155s] -- Up-to-date: /home/administrator/Masterproject2/20_ROS/src/Robots/install/amr_visualisation/share/amr_visualisation/map/data.map
[0.155s] -- Up-to-date: /home/administrator/Masterproject2/20_ROS/src/Robots/install/amr_visualisation/share/amr_visualisation/meshes
[0.155s] -- Up-to-date: /home/administrator/Masterproject2/20_ROS/src/Robots/install/amr_visualisation/share/amr_visualisation/meshes/LD90.mtl
[0.155s] -- Up-to-date: /home/administrator/Masterproject2/20_ROS/src/Robots/install/amr_visualisation/share/amr_visualisation/meshes/LD250.mtl
[0.155s] -- Up-to-date: /home/administrator/Masterproject2/20_ROS/src/Robots/install/amr_visualisation/share/amr_visualisation/meshes/AMR_Platform.STL
[0.155s] -- Up-to-date: /home/administrator/Masterproject2/20_ROS/src/Robots/install/amr_visualisation/share/amr_visualisation/meshes/LD250.obj
[0.155s] -- Up-to-date: /home/administrator/Masterproject2/20_ROS/src/Robots/install/amr_visualisation/share/amr_visualisation/meshes/LD90.obj
[0.155s] -- Up-to-date: /home/administrator/Masterproject2/20_ROS/src/Robots/install/amr_visualisation/share/amr_visualisation/param
[0.155s] -- Up-to-date: /home/administrator/Masterproject2/20_ROS/src/Robots/install/amr_visualisation/share/amr_visualisation/param/vis_param.yaml
[0.155s] -- Up-to-date: /home/administrator/Masterproject2/20_ROS/src/Robots/install/amr_visualisation/share/amr_visualisation/urdf
[0.155s] -- Up-to-date: /home/administrator/Masterproject2/20_ROS/src/Robots/install/amr_visualisation/share/amr_visualisation/urdf/LD250.urdf
[0.155s] -- Up-to-date: /home/administrator/Masterproject2/20_ROS/src/Robots/install/amr_visualisation/share/amr_visualisation/urdf/AMR_Platform.urdf
[0.155s] -- Up-to-date: /home/administrator/Masterproject2/20_ROS/src/Robots/install/amr_visualisation/share/amr_visualisation/urdf/LD90.urdf
[0.155s] -- Up-to-date: /home/administrator/Masterproject2/20_ROS/src/Robots/install/amr_visualisation/share/ament_index/resource_index/package_run_dependencies/amr_visualisation
[0.155s] -- Up-to-date: /home/administrator/Masterproject2/20_ROS/src/Robots/install/amr_visualisation/share/ament_index/resource_index/parent_prefix_path/amr_visualisation
[0.155s] -- Up-to-date: /home/administrator/Masterproject2/20_ROS/src/Robots/install/amr_visualisation/share/amr_visualisation/environment/ament_prefix_path.sh
[0.155s] -- Up-to-date: /home/administrator/Masterproject2/20_ROS/src/Robots/install/amr_visualisation/share/amr_visualisation/environment/ament_prefix_path.dsv
[0.156s] -- Up-to-date: /home/administrator/Masterproject2/20_ROS/src/Robots/install/amr_visualisation/share/amr_visualisation/environment/path.sh
[0.156s] -- Up-to-date: /home/administrator/Masterproject2/20_ROS/src/Robots/install/amr_visualisation/share/amr_visualisation/environment/path.dsv
[0.156s] -- Up-to-date: /home/administrator/Masterproject2/20_ROS/src/Robots/install/amr_visualisation/share/amr_visualisation/local_setup.bash
[0.156s] -- Up-to-date: /home/administrator/Masterproject2/20_ROS/src/Robots/install/amr_visualisation/share/amr_visualisation/local_setup.sh
[0.156s] -- Up-to-date: /home/administrator/Masterproject2/20_ROS/src/Robots/install/amr_visualisation/share/amr_visualisation/local_setup.zsh
[0.156s] -- Up-to-date: /home/administrator/Masterproject2/20_ROS/src/Robots/install/amr_visualisation/share/amr_visualisation/local_setup.dsv
[0.156s] -- Installing: /home/administrator/Masterproject2/20_ROS/src/Robots/install/amr_visualisation/share/amr_visualisation/package.dsv
[0.157s] -- Up-to-date: /home/administrator/Masterproject2/20_ROS/src/Robots/install/amr_visualisation/share/ament_index/resource_index/packages/amr_visualisation
[0.157s] -- Up-to-date: /home/administrator/Masterproject2/20_ROS/src/Robots/install/amr_visualisation/share/amr_visualisation/cmake/amr_visualisationConfig.cmake
[0.157s] -- Up-to-date: /home/administrator/Masterproject2/20_ROS/src/Robots/install/amr_visualisation/share/amr_visualisation/cmake/amr_visualisationConfig-version.cmake
[0.157s] -- Up-to-date: /home/administrator/Masterproject2/20_ROS/src/Robots/install/amr_visualisation/share/amr_visualisation/package.xml
[0.304s] Invoked command in '/home/administrator/Masterproject2/20_ROS/src/Robots/build/amr_visualisation' returned '0': AMENT_PREFIX_PATH=/home/administrator/Masterproject2/20_ROS/src/Robots/install/om_aiv_msg:${AMENT_PREFIX_PATH} CMAKE_PREFIX_PATH=/home/administrator/Masterproject2/20_ROS/src/Robots/install/om_aiv_msg:/opt/ros/kilted/opt/sdformat_vendor:/opt/ros/kilted/opt/gz_math_vendor:/opt/ros/kilted/opt/gz_utils_vendor:/opt/ros/kilted/opt/gz_tools_vendor:/opt/ros/kilted/opt/gz_cmake_vendor:/opt/ros/kilted DEBUGINFOD_URLS=https://debuginfod.ubuntu.com LD_LIBRARY_PATH=/home/administrator/Masterproject2/20_ROS/src/Robots/install/om_aiv_msg/lib:${LD_LIBRARY_PATH} PYTHONPATH=/home/administrator/Masterproject2/20_ROS/src/Robots/install/om_aiv_msg/lib/python3.12/site-packages:${PYTHONPATH} /usr/bin/cmake --install /home/administrator/Masterproject2/20_ROS/src/Robots/build/amr_visualisation
