[0.024s] Invoking command in '/home/administrator/Masterproject2/20_ROS/src/Robots/build/mir_msgs': DEBUGINFOD_URLS=https://debuginfod.ubuntu.com /usr/bin/cmake /home/administrator/Masterproject2/20_ROS/src/Robots/MIR/mir_msgs -DCATKIN_INSTALL_INTO_PREFIX_ROOT=0 -DCATKIN_SYMLINK_INSTALL=ON -DCMAKE_INSTALL_PREFIX=/home/administrator/Masterproject2/20_ROS/src/Robots/install/mir_msgs
[0.197s] -- The C compiler identification is GNU 13.3.0
[0.311s] -- The CXX compiler identification is GNU 13.3.0
[0.323s] -- Detecting C compiler ABI info
[0.389s] -- Detecting C compiler ABI info - done
[0.396s] -- Check for working C compiler: /usr/bin/cc - skipped
[0.397s] -- Detecting C compile features
[0.397s] -- Detecting C compile features - done
[0.403s] -- Detecting CXX compiler ABI info
[0.468s] -- Detecting CXX compiler ABI info - done
[0.476s] -- Check for working CXX compiler: /usr/bin/c++ - skipped
[0.476s] -- Detecting CXX compile features
[0.480s] -- Detecting CXX compile features - done
[0.483s] -- Configuring incomplete, errors occurred!
[0.484s] [31mCMake Error at CMakeLists.txt:4 (find_package):
[0.484s]   By not providing "Findcatkin.cmake" in CMAKE_MODULE_PATH this project has
[0.484s]   asked CMake to find a package configuration file provided by "catkin", but
[0.484s]   CMake did not find one.
[0.484s] 
[0.484s]   Could not find a package configuration file provided by "catkin" with any
[0.484s]   of the following names:
[0.484s] 
[0.484s]     catkinConfig.cmake
[0.484s]     catkin-config.cmake
[0.484s] 
[0.484s]   Add the installation prefix of "catkin" to CMAKE_PREFIX_PATH or set
[0.484s]   "catkin_DIR" to a directory containing one of the above files.  If "catkin"
[0.484s]   provides a separate development package or SDK, be sure it has been
[0.484s]   installed.
[0.484s] 
[0.484s] [0m
