[0.232s] Invoking command in '/home/administrator/Masterproject2/20_ROS/src/Robots/build/meca500_bringup': AMENT_PREFIX_PATH=/home/administrator/Masterproject2/20_ROS/src/Robots/install/meca500_hardware:/home/administrator/Masterproject2/20_ROS/src/Robots/install/meca500_description:${AMENT_PREFIX_PATH} CMAKE_PREFIX_PATH=/home/administrator/Masterproject2/20_ROS/src/Robots/install/meca500_hardware:/home/administrator/Masterproject2/20_ROS/src/Robots/install/meca500_description:/opt/ros/kilted/opt/sdformat_vendor:/opt/ros/kilted/opt/gz_math_vendor:/opt/ros/kilted/opt/gz_utils_vendor:/opt/ros/kilted/opt/gz_tools_vendor:/opt/ros/kilted/opt/gz_cmake_vendor:/opt/ros/kilted DEBUGINFOD_URLS=https://debuginfod.ubuntu.com LD_LIBRARY_PATH=/home/administrator/Masterproject2/20_ROS/src/Robots/install/meca500_hardware/lib:${LD_LIBRARY_PATH} /usr/bin/cmake --build /home/administrator/Masterproject2/20_ROS/src/Robots/build/meca500_bringup -- -j14 -l14
[0.473s] Invoked command in '/home/administrator/Masterproject2/20_ROS/src/Robots/build/meca500_bringup' returned '0': AMENT_PREFIX_PATH=/home/administrator/Masterproject2/20_ROS/src/Robots/install/meca500_hardware:/home/administrator/Masterproject2/20_ROS/src/Robots/install/meca500_description:${AMENT_PREFIX_PATH} CMAKE_PREFIX_PATH=/home/administrator/Masterproject2/20_ROS/src/Robots/install/meca500_hardware:/home/administrator/Masterproject2/20_ROS/src/Robots/install/meca500_description:/opt/ros/kilted/opt/sdformat_vendor:/opt/ros/kilted/opt/gz_math_vendor:/opt/ros/kilted/opt/gz_utils_vendor:/opt/ros/kilted/opt/gz_tools_vendor:/opt/ros/kilted/opt/gz_cmake_vendor:/opt/ros/kilted DEBUGINFOD_URLS=https://debuginfod.ubuntu.com LD_LIBRARY_PATH=/home/administrator/Masterproject2/20_ROS/src/Robots/install/meca500_hardware/lib:${LD_LIBRARY_PATH} /usr/bin/cmake --build /home/administrator/Masterproject2/20_ROS/src/Robots/build/meca500_bringup -- -j14 -l14
[0.478s] Invoking command in '/home/administrator/Masterproject2/20_ROS/src/Robots/build/meca500_bringup': AMENT_PREFIX_PATH=/home/administrator/Masterproject2/20_ROS/src/Robots/install/meca500_hardware:/home/administrator/Masterproject2/20_ROS/src/Robots/install/meca500_description:${AMENT_PREFIX_PATH} CMAKE_PREFIX_PATH=/home/administrator/Masterproject2/20_ROS/src/Robots/install/meca500_hardware:/home/administrator/Masterproject2/20_ROS/src/Robots/install/meca500_description:/opt/ros/kilted/opt/sdformat_vendor:/opt/ros/kilted/opt/gz_math_vendor:/opt/ros/kilted/opt/gz_utils_vendor:/opt/ros/kilted/opt/gz_tools_vendor:/opt/ros/kilted/opt/gz_cmake_vendor:/opt/ros/kilted DEBUGINFOD_URLS=https://debuginfod.ubuntu.com LD_LIBRARY_PATH=/home/administrator/Masterproject2/20_ROS/src/Robots/install/meca500_hardware/lib:${LD_LIBRARY_PATH} /usr/bin/cmake --install /home/administrator/Masterproject2/20_ROS/src/Robots/build/meca500_bringup
[0.526s] -- Install configuration: ""
[0.526s] -- Up-to-date: /home/administrator/Masterproject2/20_ROS/src/Robots/install/meca500_bringup/share/meca500_bringup/launch
[0.526s] -- Up-to-date: /home/administrator/Masterproject2/20_ROS/src/Robots/install/meca500_bringup/share/meca500_bringup/launch/meca500.launch.py
[0.527s] -- Up-to-date: /home/administrator/Masterproject2/20_ROS/src/Robots/install/meca500_bringup/share/meca500_bringup/config
[0.527s] -- Up-to-date: /home/administrator/Masterproject2/20_ROS/src/Robots/install/meca500_bringup/share/meca500_bringup/config/meca500_controllers.yaml
[0.527s] -- Up-to-date: /home/administrator/Masterproject2/20_ROS/src/Robots/install/meca500_bringup/share/ament_index/resource_index/package_run_dependencies/meca500_bringup
[0.528s] -- Up-to-date: /home/administrator/Masterproject2/20_ROS/src/Robots/install/meca500_bringup/share/ament_index/resource_index/parent_prefix_path/meca500_bringup
[0.528s] -- Up-to-date: /home/administrator/Masterproject2/20_ROS/src/Robots/install/meca500_bringup/share/meca500_bringup/environment/ament_prefix_path.sh
[0.528s] -- Up-to-date: /home/administrator/Masterproject2/20_ROS/src/Robots/install/meca500_bringup/share/meca500_bringup/environment/ament_prefix_path.dsv
[0.528s] -- Up-to-date: /home/administrator/Masterproject2/20_ROS/src/Robots/install/meca500_bringup/share/meca500_bringup/environment/path.sh
[0.528s] -- Up-to-date: /home/administrator/Masterproject2/20_ROS/src/Robots/install/meca500_bringup/share/meca500_bringup/environment/path.dsv
[0.528s] -- Up-to-date: /home/administrator/Masterproject2/20_ROS/src/Robots/install/meca500_bringup/share/meca500_bringup/local_setup.bash
[0.528s] -- Up-to-date: /home/administrator/Masterproject2/20_ROS/src/Robots/install/meca500_bringup/share/meca500_bringup/local_setup.sh
[0.528s] -- Up-to-date: /home/administrator/Masterproject2/20_ROS/src/Robots/install/meca500_bringup/share/meca500_bringup/local_setup.zsh
[0.529s] -- Up-to-date: /home/administrator/Masterproject2/20_ROS/src/Robots/install/meca500_bringup/share/meca500_bringup/local_setup.dsv
[0.529s] -- Installing: /home/administrator/Masterproject2/20_ROS/src/Robots/install/meca500_bringup/share/meca500_bringup/package.dsv
[0.529s] -- Up-to-date: /home/administrator/Masterproject2/20_ROS/src/Robots/install/meca500_bringup/share/ament_index/resource_index/packages/meca500_bringup
[0.529s] -- Up-to-date: /home/administrator/Masterproject2/20_ROS/src/Robots/install/meca500_bringup/share/meca500_bringup/cmake/meca500_bringupConfig.cmake
[0.529s] -- Up-to-date: /home/administrator/Masterproject2/20_ROS/src/Robots/install/meca500_bringup/share/meca500_bringup/cmake/meca500_bringupConfig-version.cmake
[0.529s] -- Up-to-date: /home/administrator/Masterproject2/20_ROS/src/Robots/install/meca500_bringup/share/meca500_bringup/package.xml
[0.624s] Invoked command in '/home/administrator/Masterproject2/20_ROS/src/Robots/build/meca500_bringup' returned '0': AMENT_PREFIX_PATH=/home/administrator/Masterproject2/20_ROS/src/Robots/install/meca500_hardware:/home/administrator/Masterproject2/20_ROS/src/Robots/install/meca500_description:${AMENT_PREFIX_PATH} CMAKE_PREFIX_PATH=/home/administrator/Masterproject2/20_ROS/src/Robots/install/meca500_hardware:/home/administrator/Masterproject2/20_ROS/src/Robots/install/meca500_description:/opt/ros/kilted/opt/sdformat_vendor:/opt/ros/kilted/opt/gz_math_vendor:/opt/ros/kilted/opt/gz_utils_vendor:/opt/ros/kilted/opt/gz_tools_vendor:/opt/ros/kilted/opt/gz_cmake_vendor:/opt/ros/kilted DEBUGINFOD_URLS=https://debuginfod.ubuntu.com LD_LIBRARY_PATH=/home/administrator/Masterproject2/20_ROS/src/Robots/install/meca500_hardware/lib:${LD_LIBRARY_PATH} /usr/bin/cmake --install /home/administrator/Masterproject2/20_ROS/src/Robots/build/meca500_bringup
