running egg_info
creating ../../../build/om_aiv_util/om_aiv_util.egg-info
writing ../../../build/om_aiv_util/om_aiv_util.egg-info/PKG-INFO
writing dependency_links to ../../../build/om_aiv_util/om_aiv_util.egg-info/dependency_links.txt
writing entry points to ../../../build/om_aiv_util/om_aiv_util.egg-info/entry_points.txt
writing requirements to ../../../build/om_aiv_util/om_aiv_util.egg-info/requires.txt
writing top-level names to ../../../build/om_aiv_util/om_aiv_util.egg-info/top_level.txt
writing manifest file '../../../build/om_aiv_util/om_aiv_util.egg-info/SOURCES.txt'
reading manifest file '../../../build/om_aiv_util/om_aiv_util.egg-info/SOURCES.txt'
writing manifest file '../../../build/om_aiv_util/om_aiv_util.egg-info/SOURCES.txt'
running build
running build_py
creating /home/administrator/Masterproject2/20_ROS/src/Robots/build/om_aiv_util/build
creating /home/administrator/Masterproject2/20_ROS/src/Robots/build/om_aiv_util/build/lib
creating /home/administrator/Masterproject2/20_ROS/src/Robots/build/om_aiv_util/build/lib/om_aiv_util
copying om_aiv_util/arcl_api_server.py -> /home/administrator/Masterproject2/20_ROS/src/Robots/build/om_aiv_util/build/lib/om_aiv_util
copying om_aiv_util/__init__.py -> /home/administrator/Masterproject2/20_ROS/src/Robots/build/om_aiv_util/build/lib/om_aiv_util
copying om_aiv_util/socket_driver.py -> /home/administrator/Masterproject2/20_ROS/src/Robots/build/om_aiv_util/build/lib/om_aiv_util
copying om_aiv_util/socket_taskmaster.py -> /home/administrator/Masterproject2/20_ROS/src/Robots/build/om_aiv_util/build/lib/om_aiv_util
copying om_aiv_util/ld_states_publisher.py -> /home/administrator/Masterproject2/20_ROS/src/Robots/build/om_aiv_util/build/lib/om_aiv_util
copying om_aiv_util/socket_listener.py -> /home/administrator/Masterproject2/20_ROS/src/Robots/build/om_aiv_util/build/lib/om_aiv_util
copying om_aiv_util/parser.py -> /home/administrator/Masterproject2/20_ROS/src/Robots/build/om_aiv_util/build/lib/om_aiv_util
copying om_aiv_util/socketconnection_class.py -> /home/administrator/Masterproject2/20_ROS/src/Robots/build/om_aiv_util/build/lib/om_aiv_util
running install
running install_lib
creating /home/administrator/Masterproject2/20_ROS/src/Robots/install/om_aiv_util/lib/python3.12/site-packages/om_aiv_util
copying /home/administrator/Masterproject2/20_ROS/src/Robots/build/om_aiv_util/build/lib/om_aiv_util/arcl_api_server.py -> /home/administrator/Masterproject2/20_ROS/src/Robots/install/om_aiv_util/lib/python3.12/site-packages/om_aiv_util
copying /home/administrator/Masterproject2/20_ROS/src/Robots/build/om_aiv_util/build/lib/om_aiv_util/__init__.py -> /home/administrator/Masterproject2/20_ROS/src/Robots/install/om_aiv_util/lib/python3.12/site-packages/om_aiv_util
copying /home/administrator/Masterproject2/20_ROS/src/Robots/build/om_aiv_util/build/lib/om_aiv_util/socket_driver.py -> /home/administrator/Masterproject2/20_ROS/src/Robots/install/om_aiv_util/lib/python3.12/site-packages/om_aiv_util
copying /home/administrator/Masterproject2/20_ROS/src/Robots/build/om_aiv_util/build/lib/om_aiv_util/socket_taskmaster.py -> /home/administrator/Masterproject2/20_ROS/src/Robots/install/om_aiv_util/lib/python3.12/site-packages/om_aiv_util
copying /home/administrator/Masterproject2/20_ROS/src/Robots/build/om_aiv_util/build/lib/om_aiv_util/ld_states_publisher.py -> /home/administrator/Masterproject2/20_ROS/src/Robots/install/om_aiv_util/lib/python3.12/site-packages/om_aiv_util
copying /home/administrator/Masterproject2/20_ROS/src/Robots/build/om_aiv_util/build/lib/om_aiv_util/socket_listener.py -> /home/administrator/Masterproject2/20_ROS/src/Robots/install/om_aiv_util/lib/python3.12/site-packages/om_aiv_util
copying /home/administrator/Masterproject2/20_ROS/src/Robots/build/om_aiv_util/build/lib/om_aiv_util/parser.py -> /home/administrator/Masterproject2/20_ROS/src/Robots/install/om_aiv_util/lib/python3.12/site-packages/om_aiv_util
copying /home/administrator/Masterproject2/20_ROS/src/Robots/build/om_aiv_util/build/lib/om_aiv_util/socketconnection_class.py -> /home/administrator/Masterproject2/20_ROS/src/Robots/install/om_aiv_util/lib/python3.12/site-packages/om_aiv_util
byte-compiling /home/administrator/Masterproject2/20_ROS/src/Robots/install/om_aiv_util/lib/python3.12/site-packages/om_aiv_util/arcl_api_server.py to arcl_api_server.cpython-312.pyc
byte-compiling /home/administrator/Masterproject2/20_ROS/src/Robots/install/om_aiv_util/lib/python3.12/site-packages/om_aiv_util/__init__.py to __init__.cpython-312.pyc
byte-compiling /home/administrator/Masterproject2/20_ROS/src/Robots/install/om_aiv_util/lib/python3.12/site-packages/om_aiv_util/socket_driver.py to socket_driver.cpython-312.pyc
byte-compiling /home/administrator/Masterproject2/20_ROS/src/Robots/install/om_aiv_util/lib/python3.12/site-packages/om_aiv_util/socket_taskmaster.py to socket_taskmaster.cpython-312.pyc
byte-compiling /home/administrator/Masterproject2/20_ROS/src/Robots/install/om_aiv_util/lib/python3.12/site-packages/om_aiv_util/ld_states_publisher.py to ld_states_publisher.cpython-312.pyc
byte-compiling /home/administrator/Masterproject2/20_ROS/src/Robots/install/om_aiv_util/lib/python3.12/site-packages/om_aiv_util/socket_listener.py to socket_listener.cpython-312.pyc
byte-compiling /home/administrator/Masterproject2/20_ROS/src/Robots/install/om_aiv_util/lib/python3.12/site-packages/om_aiv_util/parser.py to parser.cpython-312.pyc
byte-compiling /home/administrator/Masterproject2/20_ROS/src/Robots/install/om_aiv_util/lib/python3.12/site-packages/om_aiv_util/socketconnection_class.py to socketconnection_class.cpython-312.pyc
running install_data
creating /home/administrator/Masterproject2/20_ROS/src/Robots/install/om_aiv_util/share/ament_index
creating /home/administrator/Masterproject2/20_ROS/src/Robots/install/om_aiv_util/share/ament_index/resource_index
creating /home/administrator/Masterproject2/20_ROS/src/Robots/install/om_aiv_util/share/ament_index/resource_index/packages
copying resource/om_aiv_util -> /home/administrator/Masterproject2/20_ROS/src/Robots/install/om_aiv_util/share/ament_index/resource_index/packages
copying package.xml -> /home/administrator/Masterproject2/20_ROS/src/Robots/install/om_aiv_util/share/om_aiv_util
copying launch/server.launch.py -> /home/administrator/Masterproject2/20_ROS/src/Robots/install/om_aiv_util/share/om_aiv_util
creating /home/administrator/Masterproject2/20_ROS/src/Robots/install/om_aiv_util/share/om_aiv_util/config
copying config/main_param.yaml -> /home/administrator/Masterproject2/20_ROS/src/Robots/install/om_aiv_util/share/om_aiv_util/config
running install_egg_info
Copying ../../../build/om_aiv_util/om_aiv_util.egg-info to /home/administrator/Masterproject2/20_ROS/src/Robots/install/om_aiv_util/lib/python3.12/site-packages/om_aiv_util-0.0.0-py3.12.egg-info
running install_scripts
Installing arcl_api_server script to /home/administrator/Masterproject2/20_ROS/src/Robots/install/om_aiv_util/lib/om_aiv_util
Installing ld_states_publisher script to /home/administrator/Masterproject2/20_ROS/src/Robots/install/om_aiv_util/lib/om_aiv_util
writing list of installed files to '/home/administrator/Masterproject2/20_ROS/src/Robots/build/om_aiv_util/install.log'
