-- Install configuration: ""
-- Up-to-date: /home/administrator/Masterproject2/20_ROS/src/Robots/install/mir_description/share/mir_description/config
-- Up-to-date: /home/administrator/Masterproject2/20_ROS/src/Robots/install/mir_description/share/mir_description/config/joint_state_controller.yaml
-- Up-to-date: /home/administrator/Masterproject2/20_ROS/src/Robots/install/mir_description/share/mir_description/config/diffdrive_controller.yaml
-- Up-to-date: /home/administrator/Masterproject2/20_ROS/src/Robots/install/mir_description/share/mir_description/launch
-- Up-to-date: /home/administrator/Masterproject2/20_ROS/src/Robots/install/mir_description/share/mir_description/launch/upload_mir_urdf.launch
-- Up-to-date: /home/administrator/Masterproject2/20_ROS/src/Robots/install/mir_description/share/mir_description/launch/mir_debug_urdf.launch
-- Up-to-date: /home/administrator/Masterproject2/20_ROS/src/Robots/install/mir_description/share/mir_description/meshes
-- Up-to-date: /home/administrator/Masterproject2/20_ROS/src/Robots/install/mir_description/share/mir_description/meshes/visual
-- Up-to-date: /home/administrator/Masterproject2/20_ROS/src/Robots/install/mir_description/share/mir_description/meshes/visual/wheel.stl
-- Up-to-date: /home/administrator/Masterproject2/20_ROS/src/Robots/install/mir_description/share/mir_description/meshes/visual/sick_lms-100.stl
-- Up-to-date: /home/administrator/Masterproject2/20_ROS/src/Robots/install/mir_description/share/mir_description/meshes/visual/mir_100_base.stl
-- Up-to-date: /home/administrator/Masterproject2/20_ROS/src/Robots/install/mir_description/share/mir_description/meshes/visual/caster_wheel_base.stl
-- Up-to-date: /home/administrator/Masterproject2/20_ROS/src/Robots/install/mir_description/share/mir_description/meshes/collision
-- Up-to-date: /home/administrator/Masterproject2/20_ROS/src/Robots/install/mir_description/share/mir_description/meshes/collision/mir_100_base.stl
-- Up-to-date: /home/administrator/Masterproject2/20_ROS/src/Robots/install/mir_description/share/mir_description/meshes/collision/caster_wheel_base.stl
-- Up-to-date: /home/administrator/Masterproject2/20_ROS/src/Robots/install/mir_description/share/mir_description/rviz
-- Up-to-date: /home/administrator/Masterproject2/20_ROS/src/Robots/install/mir_description/share/mir_description/rviz/mir_description.rviz
-- Up-to-date: /home/administrator/Masterproject2/20_ROS/src/Robots/install/mir_description/share/mir_description/urdf
-- Up-to-date: /home/administrator/Masterproject2/20_ROS/src/Robots/install/mir_description/share/mir_description/urdf/include
-- Up-to-date: /home/administrator/Masterproject2/20_ROS/src/Robots/install/mir_description/share/mir_description/urdf/include/mir_100_v1.urdf.xacro
-- Up-to-date: /home/administrator/Masterproject2/20_ROS/src/Robots/install/mir_description/share/mir_description/urdf/include/sick_s300.urdf.xacro
-- Up-to-date: /home/administrator/Masterproject2/20_ROS/src/Robots/install/mir_description/share/mir_description/urdf/include/mir_100.transmission.xacro
-- Up-to-date: /home/administrator/Masterproject2/20_ROS/src/Robots/install/mir_description/share/mir_description/urdf/include/imu.gazebo.urdf.xacro
-- Up-to-date: /home/administrator/Masterproject2/20_ROS/src/Robots/install/mir_description/share/mir_description/urdf/include/common_properties.urdf.xacro
-- Up-to-date: /home/administrator/Masterproject2/20_ROS/src/Robots/install/mir_description/share/mir_description/urdf/include/mir_100.gazebo.xacro
-- Up-to-date: /home/administrator/Masterproject2/20_ROS/src/Robots/install/mir_description/share/mir_description/urdf/include/common.gazebo.xacro
-- Up-to-date: /home/administrator/Masterproject2/20_ROS/src/Robots/install/mir_description/share/mir_description/urdf/mir.urdf.xacro
-- Up-to-date: /home/administrator/Masterproject2/20_ROS/src/Robots/install/mir_description/share/ament_index/resource_index/package_run_dependencies/mir_description
-- Up-to-date: /home/administrator/Masterproject2/20_ROS/src/Robots/install/mir_description/share/ament_index/resource_index/parent_prefix_path/mir_description
-- Up-to-date: /home/administrator/Masterproject2/20_ROS/src/Robots/install/mir_description/share/mir_description/environment/ament_prefix_path.sh
-- Up-to-date: /home/administrator/Masterproject2/20_ROS/src/Robots/install/mir_description/share/mir_description/environment/ament_prefix_path.dsv
-- Up-to-date: /home/administrator/Masterproject2/20_ROS/src/Robots/install/mir_description/share/mir_description/environment/path.sh
-- Up-to-date: /home/administrator/Masterproject2/20_ROS/src/Robots/install/mir_description/share/mir_description/environment/path.dsv
-- Up-to-date: /home/administrator/Masterproject2/20_ROS/src/Robots/install/mir_description/share/mir_description/local_setup.bash
-- Up-to-date: /home/administrator/Masterproject2/20_ROS/src/Robots/install/mir_description/share/mir_description/local_setup.sh
-- Up-to-date: /home/administrator/Masterproject2/20_ROS/src/Robots/install/mir_description/share/mir_description/local_setup.zsh
-- Up-to-date: /home/administrator/Masterproject2/20_ROS/src/Robots/install/mir_description/share/mir_description/local_setup.dsv
-- Up-to-date: /home/administrator/Masterproject2/20_ROS/src/Robots/install/mir_description/share/mir_description/package.dsv
-- Up-to-date: /home/administrator/Masterproject2/20_ROS/src/Robots/install/mir_description/share/ament_index/resource_index/packages/mir_description
-- Up-to-date: /home/administrator/Masterproject2/20_ROS/src/Robots/install/mir_description/share/mir_description/cmake/mir_descriptionConfig.cmake
-- Up-to-date: /home/administrator/Masterproject2/20_ROS/src/Robots/install/mir_description/share/mir_description/cmake/mir_descriptionConfig-version.cmake
-- Up-to-date: /home/administrator/Masterproject2/20_ROS/src/Robots/install/mir_description/share/mir_description/package.xml
