[0.016s] Invoking command in '/home/administrator/Masterproject2/20_ROS/src/Robots/build/meca500_description': CMAKE_PREFIX_PATH=${CMAKE_PREFIX_PATH}:/opt/ros/kilted DEBUGINFOD_URLS=https://debuginfod.ubuntu.com /usr/bin/cmake /home/administrator/Masterproject2/20_ROS/src/Robots/Mecademic/meca500_description -DCMAKE_INSTALL_PREFIX=/home/administrator/Masterproject2/20_ROS/src/Robots/install/meca500_description
[0.035s] -- Found ament_cmake: 2.7.5 (/opt/ros/kilted/share/ament_cmake/cmake)
[0.148s] -- Found Python3: /usr/bin/python3 (found version "3.12.3") found components: Interpreter 
[0.211s] -- Override CMake install command with custom implementation using symlinks instead of copying resources
[0.230s] -- Found ament_lint_auto: 0.19.3 (/opt/ros/kilted/share/ament_lint_auto/cmake)
[0.299s] -- Added test 'flake8' to check Python code syntax and style conventions
[0.299s] -- Configured 'flake8' exclude dirs and/or files: 
[0.300s] -- Added test 'lint_cmake' to check CMake code style
[0.300s] -- Added test 'pep257' to check Python code against some of the docstring style conventions in PEP 257
[0.301s] -- Added test 'xmllint' to check XML markup files
[0.302s] -- Configuring done (0.3s)
[0.308s] -- Generating done (0.0s)
[0.309s] -- Build files have been written to: /home/administrator/Masterproject2/20_ROS/src/Robots/build/meca500_description
[0.315s] Invoked command in '/home/administrator/Masterproject2/20_ROS/src/Robots/build/meca500_description' returned '0': CMAKE_PREFIX_PATH=${CMAKE_PREFIX_PATH}:/opt/ros/kilted DEBUGINFOD_URLS=https://debuginfod.ubuntu.com /usr/bin/cmake /home/administrator/Masterproject2/20_ROS/src/Robots/Mecademic/meca500_description -DCMAKE_INSTALL_PREFIX=/home/administrator/Masterproject2/20_ROS/src/Robots/install/meca500_description
[0.315s] Invoking command in '/home/administrator/Masterproject2/20_ROS/src/Robots/build/meca500_description': CMAKE_PREFIX_PATH=${CMAKE_PREFIX_PATH}:/opt/ros/kilted DEBUGINFOD_URLS=https://debuginfod.ubuntu.com /usr/bin/cmake --build /home/administrator/Masterproject2/20_ROS/src/Robots/build/meca500_description -- -j14 -l14
[0.367s] Invoked command in '/home/administrator/Masterproject2/20_ROS/src/Robots/build/meca500_description' returned '0': CMAKE_PREFIX_PATH=${CMAKE_PREFIX_PATH}:/opt/ros/kilted DEBUGINFOD_URLS=https://debuginfod.ubuntu.com /usr/bin/cmake --build /home/administrator/Masterproject2/20_ROS/src/Robots/build/meca500_description -- -j14 -l14
[0.384s] Invoking command in '/home/administrator/Masterproject2/20_ROS/src/Robots/build/meca500_description': CMAKE_PREFIX_PATH=${CMAKE_PREFIX_PATH}:/opt/ros/kilted DEBUGINFOD_URLS=https://debuginfod.ubuntu.com /usr/bin/cmake --install /home/administrator/Masterproject2/20_ROS/src/Robots/build/meca500_description
[0.397s] -- Install configuration: ""
[0.397s] -- Execute custom install script
[0.397s] -- Symlinking: /home/administrator/Masterproject2/20_ROS/src/Robots/install/meca500_description/share/meca500_description/urdf/meca500.ros2_control.xacro
[0.397s] -- Symlinking: /home/administrator/Masterproject2/20_ROS/src/Robots/install/meca500_description/share/meca500_description/urdf/meca500.urdf
[0.402s] -- Symlinking: /home/administrator/Masterproject2/20_ROS/src/Robots/install/meca500_description/share/meca500_description/urdf/meca500.urdf.xacro
[0.408s] -- Symlinking: /home/administrator/Masterproject2/20_ROS/src/Robots/install/meca500_description/share/meca500_description/urdf/meca500_macro.xacro
[0.414s] -- Symlinking: /home/administrator/Masterproject2/20_ROS/src/Robots/install/meca500_description/share/meca500_description/meshes/link_0.dae
[0.421s] -- Symlinking: /home/administrator/Masterproject2/20_ROS/src/Robots/install/meca500_description/share/meca500_description/meshes/link_1.dae
[0.428s] -- Symlinking: /home/administrator/Masterproject2/20_ROS/src/Robots/install/meca500_description/share/meca500_description/meshes/link_2.dae
[0.435s] -- Symlinking: /home/administrator/Masterproject2/20_ROS/src/Robots/install/meca500_description/share/meca500_description/meshes/link_3.dae
[0.441s] -- Symlinking: /home/administrator/Masterproject2/20_ROS/src/Robots/install/meca500_description/share/meca500_description/meshes/link_4.dae
[0.449s] -- Symlinking: /home/administrator/Masterproject2/20_ROS/src/Robots/install/meca500_description/share/meca500_description/meshes/link_5.dae
[0.454s] -- Symlinking: /home/administrator/Masterproject2/20_ROS/src/Robots/install/meca500_description/share/meca500_description/meshes/link_6.dae
[0.461s] -- Symlinking: /home/administrator/Masterproject2/20_ROS/src/Robots/install/meca500_description/share/meca500_description/launch/view_robot.launch.py
[0.472s] [31mCMake Error at ament_cmake_symlink_install/ament_cmake_symlink_install.cmake:105 (message):
[0.472s]   ament_cmake_symlink_install_directory() can't find
[0.472s]   '/home/administrator/Masterproject2/20_ROS/src/Robots/Mecademic/meca500_description/rviz'
[0.472s] Call Stack (most recent call first):
[0.472s]   ament_cmake_symlink_install/ament_cmake_symlink_install.cmake:323 (ament_cmake_symlink_install_directory)
[0.472s]   cmake_install.cmake:46 (include)
[0.472s] 
[0.472s] [0m
[0.483s] Invoked command in '/home/administrator/Masterproject2/20_ROS/src/Robots/build/meca500_description' returned '1': CMAKE_PREFIX_PATH=${CMAKE_PREFIX_PATH}:/opt/ros/kilted DEBUGINFOD_URLS=https://debuginfod.ubuntu.com /usr/bin/cmake --install /home/administrator/Masterproject2/20_ROS/src/Robots/build/meca500_description
