[0.014s] Invoking command in '/home/administrator/Masterproject2/20_ROS/src/Robots/build/mir_driver': AMENT_PREFIX_PATH=/home/administrator/Masterproject2/20_ROS/src/Robots/install/mir_msgs:/home/administrator/Masterproject2/20_ROS/src/Robots/install/mir_description:/home/administrator/Masterproject2/20_ROS/src/Robots/install/mir_actions:${AMENT_PREFIX_PATH} CMAKE_PREFIX_PATH=/home/administrator/Masterproject2/20_ROS/src/Robots/install/mir_msgs:/home/administrator/Masterproject2/20_ROS/src/Robots/install/mir_description:/home/administrator/Masterproject2/20_ROS/src/Robots/install/mir_actions:/opt/ros/kilted/opt/sdformat_vendor:/opt/ros/kilted/opt/gz_math_vendor:/opt/ros/kilted/opt/gz_utils_vendor:/opt/ros/kilted/opt/gz_tools_vendor:/opt/ros/kilted/opt/gz_cmake_vendor:/opt/ros/kilted DEBUGINFOD_URLS=https://debuginfod.ubuntu.com LD_LIBRARY_PATH=/home/administrator/Masterproject2/20_ROS/src/Robots/install/mir_msgs/lib:/home/administrator/Masterproject2/20_ROS/src/Robots/install/mir_actions/lib:${LD_LIBRARY_PATH} PYTHONPATH=/home/administrator/Masterproject2/20_ROS/src/Robots/install/mir_msgs/lib/python3.12/site-packages:/home/administrator/Masterproject2/20_ROS/src/Robots/install/mir_actions/lib/python3.12/site-packages:${PYTHONPATH} /usr/bin/cmake --build /home/administrator/Masterproject2/20_ROS/src/Robots/build/mir_driver -- -j14 -l14
[0.062s] Built target ament_cmake_python_copy_mir_driver
[0.200s] running egg_info
[0.201s] creating mir_driver.egg-info
[0.211s] writing mir_driver.egg-info/PKG-INFO
[0.211s] writing dependency_links to mir_driver.egg-info/dependency_links.txt
[0.211s] writing top-level names to mir_driver.egg-info/top_level.txt
[0.211s] writing manifest file 'mir_driver.egg-info/SOURCES.txt'
[0.239s] reading manifest file 'mir_driver.egg-info/SOURCES.txt'
[0.240s] writing manifest file 'mir_driver.egg-info/SOURCES.txt'
[0.262s] Built target ament_cmake_python_build_mir_driver_egg
[0.269s] Invoked command in '/home/administrator/Masterproject2/20_ROS/src/Robots/build/mir_driver' returned '0': AMENT_PREFIX_PATH=/home/administrator/Masterproject2/20_ROS/src/Robots/install/mir_msgs:/home/administrator/Masterproject2/20_ROS/src/Robots/install/mir_description:/home/administrator/Masterproject2/20_ROS/src/Robots/install/mir_actions:${AMENT_PREFIX_PATH} CMAKE_PREFIX_PATH=/home/administrator/Masterproject2/20_ROS/src/Robots/install/mir_msgs:/home/administrator/Masterproject2/20_ROS/src/Robots/install/mir_description:/home/administrator/Masterproject2/20_ROS/src/Robots/install/mir_actions:/opt/ros/kilted/opt/sdformat_vendor:/opt/ros/kilted/opt/gz_math_vendor:/opt/ros/kilted/opt/gz_utils_vendor:/opt/ros/kilted/opt/gz_tools_vendor:/opt/ros/kilted/opt/gz_cmake_vendor:/opt/ros/kilted DEBUGINFOD_URLS=https://debuginfod.ubuntu.com LD_LIBRARY_PATH=/home/administrator/Masterproject2/20_ROS/src/Robots/install/mir_msgs/lib:/home/administrator/Masterproject2/20_ROS/src/Robots/install/mir_actions/lib:${LD_LIBRARY_PATH} PYTHONPATH=/home/administrator/Masterproject2/20_ROS/src/Robots/install/mir_msgs/lib/python3.12/site-packages:/home/administrator/Masterproject2/20_ROS/src/Robots/install/mir_actions/lib/python3.12/site-packages:${PYTHONPATH} /usr/bin/cmake --build /home/administrator/Masterproject2/20_ROS/src/Robots/build/mir_driver -- -j14 -l14
[0.270s] Invoking command in '/home/administrator/Masterproject2/20_ROS/src/Robots/build/mir_driver': AMENT_PREFIX_PATH=/home/administrator/Masterproject2/20_ROS/src/Robots/install/mir_msgs:/home/administrator/Masterproject2/20_ROS/src/Robots/install/mir_description:/home/administrator/Masterproject2/20_ROS/src/Robots/install/mir_actions:${AMENT_PREFIX_PATH} CMAKE_PREFIX_PATH=/home/administrator/Masterproject2/20_ROS/src/Robots/install/mir_msgs:/home/administrator/Masterproject2/20_ROS/src/Robots/install/mir_description:/home/administrator/Masterproject2/20_ROS/src/Robots/install/mir_actions:/opt/ros/kilted/opt/sdformat_vendor:/opt/ros/kilted/opt/gz_math_vendor:/opt/ros/kilted/opt/gz_utils_vendor:/opt/ros/kilted/opt/gz_tools_vendor:/opt/ros/kilted/opt/gz_cmake_vendor:/opt/ros/kilted DEBUGINFOD_URLS=https://debuginfod.ubuntu.com LD_LIBRARY_PATH=/home/administrator/Masterproject2/20_ROS/src/Robots/install/mir_msgs/lib:/home/administrator/Masterproject2/20_ROS/src/Robots/install/mir_actions/lib:${LD_LIBRARY_PATH} PYTHONPATH=/home/administrator/Masterproject2/20_ROS/src/Robots/install/mir_msgs/lib/python3.12/site-packages:/home/administrator/Masterproject2/20_ROS/src/Robots/install/mir_actions/lib/python3.12/site-packages:${PYTHONPATH} /usr/bin/cmake --install /home/administrator/Masterproject2/20_ROS/src/Robots/build/mir_driver
[0.277s] -- Install configuration: ""
[0.277s] -- Installing: /home/administrator/Masterproject2/20_ROS/src/Robots/install/mir_driver/share/mir_driver/environment/pythonpath.sh
[0.277s] -- Installing: /home/administrator/Masterproject2/20_ROS/src/Robots/install/mir_driver/share/mir_driver/environment/pythonpath.dsv
[0.277s] -- Installing: /home/administrator/Masterproject2/20_ROS/src/Robots/install/mir_driver/lib/python3.12/site-packages/mir_driver-1.1.3-py3.12.egg-info
[0.277s] -- Installing: /home/administrator/Masterproject2/20_ROS/src/Robots/install/mir_driver/lib/python3.12/site-packages/mir_driver-1.1.3-py3.12.egg-info/dependency_links.txt
[0.277s] -- Installing: /home/administrator/Masterproject2/20_ROS/src/Robots/install/mir_driver/lib/python3.12/site-packages/mir_driver-1.1.3-py3.12.egg-info/top_level.txt
[0.277s] -- Installing: /home/administrator/Masterproject2/20_ROS/src/Robots/install/mir_driver/lib/python3.12/site-packages/mir_driver-1.1.3-py3.12.egg-info/SOURCES.txt
[0.277s] -- Installing: /home/administrator/Masterproject2/20_ROS/src/Robots/install/mir_driver/lib/python3.12/site-packages/mir_driver-1.1.3-py3.12.egg-info/PKG-INFO
[0.277s] -- Installing: /home/administrator/Masterproject2/20_ROS/src/Robots/install/mir_driver/lib/python3.12/site-packages/mir_driver
[0.277s] -- Installing: /home/administrator/Masterproject2/20_ROS/src/Robots/install/mir_driver/lib/python3.12/site-packages/mir_driver/__init__.py
[0.277s] -- Installing: /home/administrator/Masterproject2/20_ROS/src/Robots/install/mir_driver/lib/python3.12/site-packages/mir_driver/rosbridge.py
[0.307s] Listing '/home/administrator/Masterproject2/20_ROS/src/Robots/install/mir_driver/lib/python3.12/site-packages/mir_driver'...
[0.307s] Compiling '/home/administrator/Masterproject2/20_ROS/src/Robots/install/mir_driver/lib/python3.12/site-packages/mir_driver/__init__.py'...
[0.307s] Compiling '/home/administrator/Masterproject2/20_ROS/src/Robots/install/mir_driver/lib/python3.12/site-packages/mir_driver/rosbridge.py'...
[0.312s] -- Installing: /home/administrator/Masterproject2/20_ROS/src/Robots/install/mir_driver/lib/mir_driver/fake_mir_joint_publisher.py
[0.312s] -- Installing: /home/administrator/Masterproject2/20_ROS/src/Robots/install/mir_driver/lib/mir_driver/mir_bridge.py
[0.312s] -- Installing: /home/administrator/Masterproject2/20_ROS/src/Robots/install/mir_driver/lib/mir_driver/rep117_filter.py
[0.312s] -- Installing: /home/administrator/Masterproject2/20_ROS/src/Robots/install/mir_driver/lib/mir_driver/tf_remove_child_frames.py
[0.312s] -- Installing: /home/administrator/Masterproject2/20_ROS/src/Robots/install/mir_driver/share/mir_driver/launch
[0.312s] -- Installing: /home/administrator/Masterproject2/20_ROS/src/Robots/install/mir_driver/share/mir_driver/launch/mir.launch
[0.312s] -- Installing: /home/administrator/Masterproject2/20_ROS/src/Robots/install/mir_driver/share/ament_index/resource_index/package_run_dependencies/mir_driver
[0.312s] -- Installing: /home/administrator/Masterproject2/20_ROS/src/Robots/install/mir_driver/share/ament_index/resource_index/parent_prefix_path/mir_driver
[0.312s] -- Installing: /home/administrator/Masterproject2/20_ROS/src/Robots/install/mir_driver/share/mir_driver/environment/ament_prefix_path.sh
[0.313s] -- Installing: /home/administrator/Masterproject2/20_ROS/src/Robots/install/mir_driver/share/mir_driver/environment/ament_prefix_path.dsv
[0.313s] -- Installing: /home/administrator/Masterproject2/20_ROS/src/Robots/install/mir_driver/share/mir_driver/environment/path.sh
[0.313s] -- Installing: /home/administrator/Masterproject2/20_ROS/src/Robots/install/mir_driver/share/mir_driver/environment/path.dsv
[0.313s] -- Installing: /home/administrator/Masterproject2/20_ROS/src/Robots/install/mir_driver/share/mir_driver/local_setup.bash
[0.313s] -- Installing: /home/administrator/Masterproject2/20_ROS/src/Robots/install/mir_driver/share/mir_driver/local_setup.sh
[0.313s] -- Installing: /home/administrator/Masterproject2/20_ROS/src/Robots/install/mir_driver/share/mir_driver/local_setup.zsh
[0.313s] -- Installing: /home/administrator/Masterproject2/20_ROS/src/Robots/install/mir_driver/share/mir_driver/local_setup.dsv
[0.313s] -- Installing: /home/administrator/Masterproject2/20_ROS/src/Robots/install/mir_driver/share/mir_driver/package.dsv
[0.313s] -- Installing: /home/administrator/Masterproject2/20_ROS/src/Robots/install/mir_driver/share/ament_index/resource_index/packages/mir_driver
[0.313s] -- Installing: /home/administrator/Masterproject2/20_ROS/src/Robots/install/mir_driver/share/mir_driver/cmake/mir_driverConfig.cmake
[0.313s] -- Installing: /home/administrator/Masterproject2/20_ROS/src/Robots/install/mir_driver/share/mir_driver/cmake/mir_driverConfig-version.cmake
[0.313s] -- Installing: /home/administrator/Masterproject2/20_ROS/src/Robots/install/mir_driver/share/mir_driver/package.xml
[0.316s] Invoked command in '/home/administrator/Masterproject2/20_ROS/src/Robots/build/mir_driver' returned '0': AMENT_PREFIX_PATH=/home/administrator/Masterproject2/20_ROS/src/Robots/install/mir_msgs:/home/administrator/Masterproject2/20_ROS/src/Robots/install/mir_description:/home/administrator/Masterproject2/20_ROS/src/Robots/install/mir_actions:${AMENT_PREFIX_PATH} CMAKE_PREFIX_PATH=/home/administrator/Masterproject2/20_ROS/src/Robots/install/mir_msgs:/home/administrator/Masterproject2/20_ROS/src/Robots/install/mir_description:/home/administrator/Masterproject2/20_ROS/src/Robots/install/mir_actions:/opt/ros/kilted/opt/sdformat_vendor:/opt/ros/kilted/opt/gz_math_vendor:/opt/ros/kilted/opt/gz_utils_vendor:/opt/ros/kilted/opt/gz_tools_vendor:/opt/ros/kilted/opt/gz_cmake_vendor:/opt/ros/kilted DEBUGINFOD_URLS=https://debuginfod.ubuntu.com LD_LIBRARY_PATH=/home/administrator/Masterproject2/20_ROS/src/Robots/install/mir_msgs/lib:/home/administrator/Masterproject2/20_ROS/src/Robots/install/mir_actions/lib:${LD_LIBRARY_PATH} PYTHONPATH=/home/administrator/Masterproject2/20_ROS/src/Robots/install/mir_msgs/lib/python3.12/site-packages:/home/administrator/Masterproject2/20_ROS/src/Robots/install/mir_actions/lib/python3.12/site-packages:${PYTHONPATH} /usr/bin/cmake --install /home/administrator/Masterproject2/20_ROS/src/Robots/build/mir_driver
