-- Found ament_cmake: 2.7.5 (/opt/ros/kilted/share/ament_cmake/cmake)
-- Found angles: 1.16.1 (/opt/ros/kilted/share/angles/cmake)
-- Found controller_interface: 5.14.2 (/opt/ros/kilted/share/controller_interface/cmake)
-- Found rosidl_generator_c: 4.9.6 (/opt/ros/kilted/share/rosidl_generator_c/cmake)
-- Found rosidl_generator_cpp: 4.9.6 (/opt/ros/kilted/share/rosidl_generator_cpp/cmake)
-- Using all available rosidl_typesupport_c: rosidl_typesupport_fastrtps_c;rosidl_typesupport_introspection_c
-- Using all available rosidl_typesupport_cpp: rosidl_typesupport_fastrtps_cpp;rosidl_typesupport_introspection_cpp
-- Found TinyXML2 via Config file: /usr/lib/x86_64-linux-gnu/cmake/tinyxml2
-- Found rmw_implementation_cmake: 7.8.2 (/opt/ros/kilted/share/rmw_implementation_cmake/cmake)
-- Found rmw_fastrtps_cpp: 9.3.4 (/opt/ros/kilted/share/rmw_fastrtps_cpp/cmake)
-- Found TinyXML2 via Config file: /usr/lib/x86_64-linux-gnu/cmake/tinyxml2
-- Found OpenSSL: /usr/lib/x86_64-linux-gnu/libcrypto.so (found version "3.0.13")  
-- Found TinyXML2 via Config file: /usr/lib/x86_64-linux-gnu/cmake/tinyxml2
-- Using RMW implementation 'rmw_fastrtps_cpp' as default
-- Found joint_trajectory_controller: 5.15.1 (/opt/ros/kilted/share/joint_trajectory_controller/cmake)
-- Found eigen3_cmake_module: 0.4.0 (/opt/ros/kilted/share/eigen3_cmake_module/cmake)
-- Found Eigen3: TRUE (found version "3.4.0") 
-- Ensuring Eigen3 include directory is part of orocos-kdl CMake target
-- Found std_srvs: 5.5.2 (/opt/ros/kilted/share/std_srvs/cmake)
-- Found ur_dashboard_msgs: 4.8.0 (/home/administrator/Masterproject2/20_ROS/src/Robots/install/ur_dashboard_msgs/share/ur_dashboard_msgs/cmake)
-- Found ur_msgs: 2.6.0 (/home/administrator/Masterproject2/20_ROS/src/Robots/install/ur_msgs/share/ur_msgs/cmake)
-- Found my_ur_msgs: 0.0.0 (/home/administrator/Masterproject2/20_ROS/src/Robots/install/my_ur_msgs/share/my_ur_msgs/cmake)
-- Found ament_cmake_gmock: 2.7.5 (/opt/ros/kilted/share/ament_cmake_gmock/cmake)
-- Found controller_manager: 5.14.2 (/opt/ros/kilted/share/controller_manager/cmake)
-- Found ros2_control_test_assets: 5.14.2 (/opt/ros/kilted/share/ros2_control_test_assets/cmake)
-- Found gmock sources under '/opt/ros/kilted/src/gmock_vendor': C++ tests using 'Google Mock' will be built
-- Found ament_cmake_gtest: 2.7.5 (/opt/ros/kilted/share/ament_cmake_gtest/cmake)
-- Found gtest sources under '/opt/ros/kilted/src/gtest_vendor': C++ tests using 'Google Test' will be built
-- Configuring done (0.9s)
-- Generating done (0.0s)
-- Build files have been written to: /home/administrator/Masterproject2/20_ROS/src/Robots/build/ur_controllers
[ 15%] [32mBuilding CXX object gmock/CMakeFiles/gmock.dir/src/gmock-all.cc.o[0m
[ 15%] [34m[1mRunning `/opt/ros/kilted/bin/generate_parameter_library_cpp /home/administrator/Masterproject2/20_ROS/src/Robots/build/ur_controllers/include/ur_controllers/speed_scaling_state_broadcaster_parameters.hpp /home/administrator/Masterproject2/20_ROS/src/Robots/UR_Driver/ur_controllers/src/speed_scaling_state_broadcaster_parameters.yaml `[0m
[ 15%] [34m[1mRunning `/opt/ros/kilted/bin/generate_parameter_library_cpp /home/administrator/Masterproject2/20_ROS/src/Robots/build/ur_controllers/include/ur_controllers/gravity_update_controller_parameters.hpp /home/administrator/Masterproject2/20_ROS/src/Robots/UR_Driver/ur_controllers/src/gravity_update_controller_parameters.yaml `[0m
[ 15%] [34m[1mRunning `/opt/ros/kilted/bin/generate_parameter_library_cpp /home/administrator/Masterproject2/20_ROS/src/Robots/build/ur_controllers/include/ur_controllers/tool_contact_controller_parameters.hpp /home/administrator/Masterproject2/20_ROS/src/Robots/UR_Driver/ur_controllers/src/tool_contact_controller_parameters.yaml `[0m
[ 15%] [34m[1mRunning `/opt/ros/kilted/bin/generate_parameter_library_cpp /home/administrator/Masterproject2/20_ROS/src/Robots/build/ur_controllers/include/ur_controllers/force_mode_controller_parameters.hpp /home/administrator/Masterproject2/20_ROS/src/Robots/UR_Driver/ur_controllers/src/force_mode_controller_parameters.yaml `[0m
[ 15%] [34m[1mRunning `/opt/ros/kilted/bin/generate_parameter_library_cpp /home/administrator/Masterproject2/20_ROS/src/Robots/build/ur_controllers/include/ur_controllers/scaled_joint_trajectory_controller_parameters.hpp /home/administrator/Masterproject2/20_ROS/src/Robots/UR_Driver/ur_controllers/src/scaled_joint_trajectory_controller_parameters.yaml `[0m
[ 17%] [34m[1mRunning `/opt/ros/kilted/bin/generate_parameter_library_cpp /home/administrator/Masterproject2/20_ROS/src/Robots/build/ur_controllers/include/ur_controllers/freedrive_mode_controller_parameters.hpp /home/administrator/Masterproject2/20_ROS/src/Robots/UR_Driver/ur_controllers/src/freedrive_mode_controller_parameters.yaml `[0m
[ 20%] [34m[1mRunning `/opt/ros/kilted/bin/generate_parameter_library_cpp /home/administrator/Masterproject2/20_ROS/src/Robots/build/ur_controllers/include/ur_controllers/passthrough_trajectory_controller_parameters.hpp /home/administrator/Masterproject2/20_ROS/src/Robots/UR_Driver/ur_controllers/src/passthrough_trajectory_controller_parameters.yaml `[0m
[ 23%] [32mBuilding CXX object gmock/CMakeFiles/gmock.dir/opt/ros/kilted/src/gtest_vendor/src/gtest-all.cc.o[0m
[ 25%] [34m[1mRunning `/opt/ros/kilted/bin/generate_parameter_library_cpp /home/administrator/Masterproject2/20_ROS/src/Robots/build/ur_controllers/include/ur_controllers/friction_model_controller_parameters.hpp /home/administrator/Masterproject2/20_ROS/src/Robots/UR_Driver/ur_controllers/src/friction_model_controller_parameters.yaml `[0m
[ 28%] [32mBuilding CXX object gmock/CMakeFiles/gmock_main.dir/src/gmock_main.cc.o[0m
[ 30%] [34m[1mRunning `/opt/ros/kilted/bin/generate_parameter_library_cpp /home/administrator/Masterproject2/20_ROS/src/Robots/build/ur_controllers/include/ur_controllers/ur_configuration_controller_parameters.hpp /home/administrator/Masterproject2/20_ROS/src/Robots/UR_Driver/ur_controllers/src/ur_configuration_controller_parameters.yaml `[0m
[ 33%] [34m[1mCreating deprecated header file /home/administrator/Masterproject2/20_ROS/src/Robots/build/ur_controllers/include/friction_model_controller_parameters.hpp[0m
[ 33%] Built target friction_model_controller_parameters
[ 35%] [34m[1mCreating deprecated header file /home/administrator/Masterproject2/20_ROS/src/Robots/build/ur_controllers/include/freedrive_mode_controller_parameters.hpp[0m
[ 35%] Built target freedrive_mode_controller_parameters
[ 38%] [34m[1mCreating deprecated header file /home/administrator/Masterproject2/20_ROS/src/Robots/build/ur_controllers/include/scaled_joint_trajectory_controller_parameters.hpp[0m
[ 38%] Built target scaled_joint_trajectory_controller_parameters
[ 43%] [34m[1mCreating deprecated header file /home/administrator/Masterproject2/20_ROS/src/Robots/build/ur_controllers/include/force_mode_controller_parameters.hpp[0m
[ 43%] [34m[1mCreating deprecated header file /home/administrator/Masterproject2/20_ROS/src/Robots/build/ur_controllers/include/gravity_update_controller_parameters.hpp[0m
[ 46%] [34m[1mCreating deprecated header file /home/administrator/Masterproject2/20_ROS/src/Robots/build/ur_controllers/include/speed_scaling_state_broadcaster_parameters.hpp[0m
[ 48%] [34m[1mCreating deprecated header file /home/administrator/Masterproject2/20_ROS/src/Robots/build/ur_controllers/include/tool_contact_controller_parameters.hpp[0m
[ 51%] [34m[1mCreating deprecated header file /home/administrator/Masterproject2/20_ROS/src/Robots/build/ur_controllers/include/passthrough_trajectory_controller_parameters.hpp[0m
[ 51%] Built target gravity_update_controller_parameters
[ 51%] Built target force_mode_controller_parameters
[ 51%] Built target speed_scaling_state_broadcaster_parameters
[ 51%] Built target tool_contact_controller_parameters
[ 51%] Built target passthrough_trajectory_controller_parameters
[ 53%] [34m[1mCreating deprecated header file /home/administrator/Masterproject2/20_ROS/src/Robots/build/ur_controllers/include/ur_configuration_controller_parameters.hpp[0m
[ 53%] Built target ur_configuration_controller_parameters
[ 64%] [32mBuilding CXX object CMakeFiles/ur_controllers.dir/src/tool_contact_controller.cpp.o[0m
[ 64%] [32mBuilding CXX object CMakeFiles/ur_controllers.dir/src/force_mode_controller.cpp.o[0m
[ 64%] [32mBuilding CXX object CMakeFiles/ur_controllers.dir/src/friction_model_controller.cpp.o[0m
[ 64%] [32mBuilding CXX object CMakeFiles/ur_controllers.dir/src/scaled_joint_trajectory_controller.cpp.o[0m
[ 66%] [32mBuilding CXX object CMakeFiles/ur_controllers.dir/src/speed_scaling_state_broadcaster.cpp.o[0m
[ 71%] [32mBuilding CXX object CMakeFiles/ur_controllers.dir/src/freedrive_mode_controller.cpp.o[0m
[ 71%] [32mBuilding CXX object CMakeFiles/ur_controllers.dir/src/gravity_update_controller.cpp.o[0m
[ 74%] [32mBuilding CXX object CMakeFiles/ur_controllers.dir/src/ur_configuration_controller.cpp.o[0m
[ 76%] [32mBuilding CXX object CMakeFiles/ur_controllers.dir/src/passthrough_trajectory_controller.cpp.o[0m
[ 79%] [32m[1mLinking CXX static library libgmock_main.a[0m
[ 79%] Built target gmock_main
[ 82%] [32m[1mLinking CXX static library libgmock.a[0m
[ 82%] Built target gmock
[ 84%] [32m[1mLinking CXX shared library libur_controllers.so[0m
[ 84%] Built target ur_controllers
[ 92%] [32mBuilding CXX object CMakeFiles/test_load_freedrive_mode_controller.dir/test/test_load_freedrive_mode_controller.cpp.o[0m
[ 92%] [32mBuilding CXX object CMakeFiles/test_load_friction_model_controller.dir/test/test_load_friction_model_controller.cpp.o[0m
[ 92%] [32mBuilding CXX object CMakeFiles/test_load_force_mode_controller.dir/test/test_load_force_mode_controller.cpp.o[0m
[ 94%] [32m[1mLinking CXX executable test_load_force_mode_controller[0m
[100%] [32m[1mLinking CXX executable test_load_friction_model_controller[0m
[100%] [32m[1mLinking CXX executable test_load_freedrive_mode_controller[0m
[100%] Built target test_load_force_mode_controller
[100%] Built target test_load_friction_model_controller
[100%] Built target test_load_freedrive_mode_controller
-- Install configuration: ""
-- Installing: /home/administrator/Masterproject2/20_ROS/src/Robots/install/ur_controllers/include/ur_controllers
-- Installing: /home/administrator/Masterproject2/20_ROS/src/Robots/install/ur_controllers/include/ur_controllers/friction_model_controller_parameters.hpp
-- Installing: /home/administrator/Masterproject2/20_ROS/src/Robots/install/ur_controllers/include/ur_controllers/freedrive_mode_controller_parameters.hpp
-- Installing: /home/administrator/Masterproject2/20_ROS/src/Robots/install/ur_controllers/include/ur_controllers/scaled_joint_trajectory_controller_parameters.hpp
-- Installing: /home/administrator/Masterproject2/20_ROS/src/Robots/install/ur_controllers/include/ur_controllers/tool_contact_controller_parameters.hpp
-- Installing: /home/administrator/Masterproject2/20_ROS/src/Robots/install/ur_controllers/include/ur_controllers/force_mode_controller_parameters.hpp
-- Installing: /home/administrator/Masterproject2/20_ROS/src/Robots/install/ur_controllers/include/ur_controllers/passthrough_trajectory_controller_parameters.hpp
-- Installing: /home/administrator/Masterproject2/20_ROS/src/Robots/install/ur_controllers/include/ur_controllers/gravity_update_controller_parameters.hpp
-- Installing: /home/administrator/Masterproject2/20_ROS/src/Robots/install/ur_controllers/include/ur_controllers/ur_configuration_controller_parameters.hpp
-- Installing: /home/administrator/Masterproject2/20_ROS/src/Robots/install/ur_controllers/include/ur_controllers/speed_scaling_state_broadcaster_parameters.hpp
-- Up-to-date: /home/administrator/Masterproject2/20_ROS/src/Robots/install/ur_controllers/include/ur_controllers
-- Up-to-date: /home/administrator/Masterproject2/20_ROS/src/Robots/install/ur_controllers/include/ur_controllers/friction_model_controller_parameters.hpp
-- Up-to-date: /home/administrator/Masterproject2/20_ROS/src/Robots/install/ur_controllers/include/ur_controllers/freedrive_mode_controller_parameters.hpp
-- Up-to-date: /home/administrator/Masterproject2/20_ROS/src/Robots/install/ur_controllers/include/ur_controllers/scaled_joint_trajectory_controller_parameters.hpp
-- Up-to-date: /home/administrator/Masterproject2/20_ROS/src/Robots/install/ur_controllers/include/ur_controllers/tool_contact_controller_parameters.hpp
-- Up-to-date: /home/administrator/Masterproject2/20_ROS/src/Robots/install/ur_controllers/include/ur_controllers/force_mode_controller_parameters.hpp
-- Up-to-date: /home/administrator/Masterproject2/20_ROS/src/Robots/install/ur_controllers/include/ur_controllers/passthrough_trajectory_controller_parameters.hpp
-- Up-to-date: /home/administrator/Masterproject2/20_ROS/src/Robots/install/ur_controllers/include/ur_controllers/gravity_update_controller_parameters.hpp
-- Up-to-date: /home/administrator/Masterproject2/20_ROS/src/Robots/install/ur_controllers/include/ur_controllers/ur_configuration_controller_parameters.hpp
-- Up-to-date: /home/administrator/Masterproject2/20_ROS/src/Robots/install/ur_controllers/include/ur_controllers/speed_scaling_state_broadcaster_parameters.hpp
-- Up-to-date: /home/administrator/Masterproject2/20_ROS/src/Robots/install/ur_controllers/include/ur_controllers
-- Up-to-date: /home/administrator/Masterproject2/20_ROS/src/Robots/install/ur_controllers/include/ur_controllers/friction_model_controller_parameters.hpp
-- Up-to-date: /home/administrator/Masterproject2/20_ROS/src/Robots/install/ur_controllers/include/ur_controllers/freedrive_mode_controller_parameters.hpp
-- Up-to-date: /home/administrator/Masterproject2/20_ROS/src/Robots/install/ur_controllers/include/ur_controllers/scaled_joint_trajectory_controller_parameters.hpp
-- Up-to-date: /home/administrator/Masterproject2/20_ROS/src/Robots/install/ur_controllers/include/ur_controllers/tool_contact_controller_parameters.hpp
-- Up-to-date: /home/administrator/Masterproject2/20_ROS/src/Robots/install/ur_controllers/include/ur_controllers/force_mode_controller_parameters.hpp
-- Up-to-date: /home/administrator/Masterproject2/20_ROS/src/Robots/install/ur_controllers/include/ur_controllers/passthrough_trajectory_controller_parameters.hpp
-- Up-to-date: /home/administrator/Masterproject2/20_ROS/src/Robots/install/ur_controllers/include/ur_controllers/gravity_update_controller_parameters.hpp
-- Up-to-date: /home/administrator/Masterproject2/20_ROS/src/Robots/install/ur_controllers/include/ur_controllers/ur_configuration_controller_parameters.hpp
-- Up-to-date: /home/administrator/Masterproject2/20_ROS/src/Robots/install/ur_controllers/include/ur_controllers/speed_scaling_state_broadcaster_parameters.hpp
-- Up-to-date: /home/administrator/Masterproject2/20_ROS/src/Robots/install/ur_controllers/include/ur_controllers
-- Up-to-date: /home/administrator/Masterproject2/20_ROS/src/Robots/install/ur_controllers/include/ur_controllers/friction_model_controller_parameters.hpp
-- Up-to-date: /home/administrator/Masterproject2/20_ROS/src/Robots/install/ur_controllers/include/ur_controllers/freedrive_mode_controller_parameters.hpp
-- Up-to-date: /home/administrator/Masterproject2/20_ROS/src/Robots/install/ur_controllers/include/ur_controllers/scaled_joint_trajectory_controller_parameters.hpp
-- Up-to-date: /home/administrator/Masterproject2/20_ROS/src/Robots/install/ur_controllers/include/ur_controllers/tool_contact_controller_parameters.hpp
-- Up-to-date: /home/administrator/Masterproject2/20_ROS/src/Robots/install/ur_controllers/include/ur_controllers/force_mode_controller_parameters.hpp
-- Up-to-date: /home/administrator/Masterproject2/20_ROS/src/Robots/install/ur_controllers/include/ur_controllers/passthrough_trajectory_controller_parameters.hpp
-- Up-to-date: /home/administrator/Masterproject2/20_ROS/src/Robots/install/ur_controllers/include/ur_controllers/gravity_update_controller_parameters.hpp
-- Up-to-date: /home/administrator/Masterproject2/20_ROS/src/Robots/install/ur_controllers/include/ur_controllers/ur_configuration_controller_parameters.hpp
-- Up-to-date: /home/administrator/Masterproject2/20_ROS/src/Robots/install/ur_controllers/include/ur_controllers/speed_scaling_state_broadcaster_parameters.hpp
-- Up-to-date: /home/administrator/Masterproject2/20_ROS/src/Robots/install/ur_controllers/include/ur_controllers
-- Up-to-date: /home/administrator/Masterproject2/20_ROS/src/Robots/install/ur_controllers/include/ur_controllers/friction_model_controller_parameters.hpp
-- Up-to-date: /home/administrator/Masterproject2/20_ROS/src/Robots/install/ur_controllers/include/ur_controllers/freedrive_mode_controller_parameters.hpp
-- Up-to-date: /home/administrator/Masterproject2/20_ROS/src/Robots/install/ur_controllers/include/ur_controllers/scaled_joint_trajectory_controller_parameters.hpp
-- Up-to-date: /home/administrator/Masterproject2/20_ROS/src/Robots/install/ur_controllers/include/ur_controllers/tool_contact_controller_parameters.hpp
-- Up-to-date: /home/administrator/Masterproject2/20_ROS/src/Robots/install/ur_controllers/include/ur_controllers/force_mode_controller_parameters.hpp
-- Up-to-date: /home/administrator/Masterproject2/20_ROS/src/Robots/install/ur_controllers/include/ur_controllers/passthrough_trajectory_controller_parameters.hpp
-- Up-to-date: /home/administrator/Masterproject2/20_ROS/src/Robots/install/ur_controllers/include/ur_controllers/gravity_update_controller_parameters.hpp
-- Up-to-date: /home/administrator/Masterproject2/20_ROS/src/Robots/install/ur_controllers/include/ur_controllers/ur_configuration_controller_parameters.hpp
-- Up-to-date: /home/administrator/Masterproject2/20_ROS/src/Robots/install/ur_controllers/include/ur_controllers/speed_scaling_state_broadcaster_parameters.hpp
-- Up-to-date: /home/administrator/Masterproject2/20_ROS/src/Robots/install/ur_controllers/include/ur_controllers
-- Up-to-date: /home/administrator/Masterproject2/20_ROS/src/Robots/install/ur_controllers/include/ur_controllers/friction_model_controller_parameters.hpp
-- Up-to-date: /home/administrator/Masterproject2/20_ROS/src/Robots/install/ur_controllers/include/ur_controllers/freedrive_mode_controller_parameters.hpp
-- Up-to-date: /home/administrator/Masterproject2/20_ROS/src/Robots/install/ur_controllers/include/ur_controllers/scaled_joint_trajectory_controller_parameters.hpp
-- Up-to-date: /home/administrator/Masterproject2/20_ROS/src/Robots/install/ur_controllers/include/ur_controllers/tool_contact_controller_parameters.hpp
-- Up-to-date: /home/administrator/Masterproject2/20_ROS/src/Robots/install/ur_controllers/include/ur_controllers/force_mode_controller_parameters.hpp
-- Up-to-date: /home/administrator/Masterproject2/20_ROS/src/Robots/install/ur_controllers/include/ur_controllers/passthrough_trajectory_controller_parameters.hpp
-- Up-to-date: /home/administrator/Masterproject2/20_ROS/src/Robots/install/ur_controllers/include/ur_controllers/gravity_update_controller_parameters.hpp
-- Up-to-date: /home/administrator/Masterproject2/20_ROS/src/Robots/install/ur_controllers/include/ur_controllers/ur_configuration_controller_parameters.hpp
-- Up-to-date: /home/administrator/Masterproject2/20_ROS/src/Robots/install/ur_controllers/include/ur_controllers/speed_scaling_state_broadcaster_parameters.hpp
-- Up-to-date: /home/administrator/Masterproject2/20_ROS/src/Robots/install/ur_controllers/include/ur_controllers
-- Up-to-date: /home/administrator/Masterproject2/20_ROS/src/Robots/install/ur_controllers/include/ur_controllers/friction_model_controller_parameters.hpp
-- Up-to-date: /home/administrator/Masterproject2/20_ROS/src/Robots/install/ur_controllers/include/ur_controllers/freedrive_mode_controller_parameters.hpp
-- Up-to-date: /home/administrator/Masterproject2/20_ROS/src/Robots/install/ur_controllers/include/ur_controllers/scaled_joint_trajectory_controller_parameters.hpp
-- Up-to-date: /home/administrator/Masterproject2/20_ROS/src/Robots/install/ur_controllers/include/ur_controllers/tool_contact_controller_parameters.hpp
-- Up-to-date: /home/administrator/Masterproject2/20_ROS/src/Robots/install/ur_controllers/include/ur_controllers/force_mode_controller_parameters.hpp
-- Up-to-date: /home/administrator/Masterproject2/20_ROS/src/Robots/install/ur_controllers/include/ur_controllers/passthrough_trajectory_controller_parameters.hpp
-- Up-to-date: /home/administrator/Masterproject2/20_ROS/src/Robots/install/ur_controllers/include/ur_controllers/gravity_update_controller_parameters.hpp
-- Up-to-date: /home/administrator/Masterproject2/20_ROS/src/Robots/install/ur_controllers/include/ur_controllers/ur_configuration_controller_parameters.hpp
-- Up-to-date: /home/administrator/Masterproject2/20_ROS/src/Robots/install/ur_controllers/include/ur_controllers/speed_scaling_state_broadcaster_parameters.hpp
-- Up-to-date: /home/administrator/Masterproject2/20_ROS/src/Robots/install/ur_controllers/include/ur_controllers
-- Up-to-date: /home/administrator/Masterproject2/20_ROS/src/Robots/install/ur_controllers/include/ur_controllers/friction_model_controller_parameters.hpp
-- Up-to-date: /home/administrator/Masterproject2/20_ROS/src/Robots/install/ur_controllers/include/ur_controllers/freedrive_mode_controller_parameters.hpp
-- Up-to-date: /home/administrator/Masterproject2/20_ROS/src/Robots/install/ur_controllers/include/ur_controllers/scaled_joint_trajectory_controller_parameters.hpp
-- Up-to-date: /home/administrator/Masterproject2/20_ROS/src/Robots/install/ur_controllers/include/ur_controllers/tool_contact_controller_parameters.hpp
-- Up-to-date: /home/administrator/Masterproject2/20_ROS/src/Robots/install/ur_controllers/include/ur_controllers/force_mode_controller_parameters.hpp
-- Up-to-date: /home/administrator/Masterproject2/20_ROS/src/Robots/install/ur_controllers/include/ur_controllers/passthrough_trajectory_controller_parameters.hpp
-- Up-to-date: /home/administrator/Masterproject2/20_ROS/src/Robots/install/ur_controllers/include/ur_controllers/gravity_update_controller_parameters.hpp
-- Up-to-date: /home/administrator/Masterproject2/20_ROS/src/Robots/install/ur_controllers/include/ur_controllers/ur_configuration_controller_parameters.hpp
-- Up-to-date: /home/administrator/Masterproject2/20_ROS/src/Robots/install/ur_controllers/include/ur_controllers/speed_scaling_state_broadcaster_parameters.hpp
-- Up-to-date: /home/administrator/Masterproject2/20_ROS/src/Robots/install/ur_controllers/include/ur_controllers
-- Up-to-date: /home/administrator/Masterproject2/20_ROS/src/Robots/install/ur_controllers/include/ur_controllers/friction_model_controller_parameters.hpp
-- Up-to-date: /home/administrator/Masterproject2/20_ROS/src/Robots/install/ur_controllers/include/ur_controllers/freedrive_mode_controller_parameters.hpp
-- Up-to-date: /home/administrator/Masterproject2/20_ROS/src/Robots/install/ur_controllers/include/ur_controllers/scaled_joint_trajectory_controller_parameters.hpp
-- Up-to-date: /home/administrator/Masterproject2/20_ROS/src/Robots/install/ur_controllers/include/ur_controllers/tool_contact_controller_parameters.hpp
-- Up-to-date: /home/administrator/Masterproject2/20_ROS/src/Robots/install/ur_controllers/include/ur_controllers/force_mode_controller_parameters.hpp
-- Up-to-date: /home/administrator/Masterproject2/20_ROS/src/Robots/install/ur_controllers/include/ur_controllers/passthrough_trajectory_controller_parameters.hpp
-- Up-to-date: /home/administrator/Masterproject2/20_ROS/src/Robots/install/ur_controllers/include/ur_controllers/gravity_update_controller_parameters.hpp
-- Up-to-date: /home/administrator/Masterproject2/20_ROS/src/Robots/install/ur_controllers/include/ur_controllers/ur_configuration_controller_parameters.hpp
-- Up-to-date: /home/administrator/Masterproject2/20_ROS/src/Robots/install/ur_controllers/include/ur_controllers/speed_scaling_state_broadcaster_parameters.hpp
-- Installing: /home/administrator/Masterproject2/20_ROS/src/Robots/install/ur_controllers/share/ur_controllers/controller_plugins.xml
-- Installing: /home/administrator/Masterproject2/20_ROS/src/Robots/install/ur_controllers/lib/libur_controllers.so
-- Set non-toolchain portion of runtime path of "/home/administrator/Masterproject2/20_ROS/src/Robots/install/ur_controllers/lib/libur_controllers.so" to ""
-- Up-to-date: /home/administrator/Masterproject2/20_ROS/src/Robots/install/ur_controllers/include
-- Up-to-date: /home/administrator/Masterproject2/20_ROS/src/Robots/install/ur_controllers/include/ur_controllers
-- Installing: /home/administrator/Masterproject2/20_ROS/src/Robots/install/ur_controllers/include/ur_controllers/passthrough_trajectory_controller.hpp
-- Installing: /home/administrator/Masterproject2/20_ROS/src/Robots/install/ur_controllers/include/ur_controllers/scaled_joint_trajectory_controller.hpp
-- Installing: /home/administrator/Masterproject2/20_ROS/src/Robots/install/ur_controllers/include/ur_controllers/freedrive_mode_controller.hpp
-- Installing: /home/administrator/Masterproject2/20_ROS/src/Robots/install/ur_controllers/include/ur_controllers/ur_configuration_controller.hpp
-- Installing: /home/administrator/Masterproject2/20_ROS/src/Robots/install/ur_controllers/include/ur_controllers/speed_scaling_state_broadcaster.hpp
-- Installing: /home/administrator/Masterproject2/20_ROS/src/Robots/install/ur_controllers/include/ur_controllers/gpio_controller.hpp
-- Installing: /home/administrator/Masterproject2/20_ROS/src/Robots/install/ur_controllers/include/ur_controllers/friction_model_controller.hpp
-- Installing: /home/administrator/Masterproject2/20_ROS/src/Robots/install/ur_controllers/include/ur_controllers/tool_contact_controller.hpp
-- Installing: /home/administrator/Masterproject2/20_ROS/src/Robots/install/ur_controllers/include/ur_controllers/force_mode_controller.hpp
-- Installing: /home/administrator/Masterproject2/20_ROS/src/Robots/install/ur_controllers/include/ur_controllers/gravity_update_controller.hpp
-- Up-to-date: /home/administrator/Masterproject2/20_ROS/src/Robots/install/ur_controllers/share/ur_controllers/controller_plugins.xml
-- Installing: /home/administrator/Masterproject2/20_ROS/src/Robots/install/ur_controllers/share/ur_controllers/environment/library_path.sh
-- Installing: /home/administrator/Masterproject2/20_ROS/src/Robots/install/ur_controllers/share/ur_controllers/environment/library_path.dsv
-- Installing: /home/administrator/Masterproject2/20_ROS/src/Robots/install/ur_controllers/share/ament_index/resource_index/package_run_dependencies/ur_controllers
-- Installing: /home/administrator/Masterproject2/20_ROS/src/Robots/install/ur_controllers/share/ament_index/resource_index/parent_prefix_path/ur_controllers
-- Installing: /home/administrator/Masterproject2/20_ROS/src/Robots/install/ur_controllers/share/ur_controllers/environment/ament_prefix_path.sh
-- Installing: /home/administrator/Masterproject2/20_ROS/src/Robots/install/ur_controllers/share/ur_controllers/environment/ament_prefix_path.dsv
-- Installing: /home/administrator/Masterproject2/20_ROS/src/Robots/install/ur_controllers/share/ur_controllers/environment/path.sh
-- Installing: /home/administrator/Masterproject2/20_ROS/src/Robots/install/ur_controllers/share/ur_controllers/environment/path.dsv
-- Installing: /home/administrator/Masterproject2/20_ROS/src/Robots/install/ur_controllers/share/ur_controllers/local_setup.bash
-- Installing: /home/administrator/Masterproject2/20_ROS/src/Robots/install/ur_controllers/share/ur_controllers/local_setup.sh
-- Installing: /home/administrator/Masterproject2/20_ROS/src/Robots/install/ur_controllers/share/ur_controllers/local_setup.zsh
-- Installing: /home/administrator/Masterproject2/20_ROS/src/Robots/install/ur_controllers/share/ur_controllers/local_setup.dsv
-- Installing: /home/administrator/Masterproject2/20_ROS/src/Robots/install/ur_controllers/share/ur_controllers/package.dsv
-- Installing: /home/administrator/Masterproject2/20_ROS/src/Robots/install/ur_controllers/share/ament_index/resource_index/packages/ur_controllers
-- Installing: /home/administrator/Masterproject2/20_ROS/src/Robots/install/ur_controllers/share/ament_index/resource_index/controller_interface__pluginlib__plugin/ur_controllers
-- Installing: /home/administrator/Masterproject2/20_ROS/src/Robots/install/ur_controllers/share/ur_controllers/cmake/ament_cmake_export_dependencies-extras.cmake
-- Installing: /home/administrator/Masterproject2/20_ROS/src/Robots/install/ur_controllers/share/ur_controllers/cmake/ament_cmake_export_include_directories-extras.cmake
-- Installing: /home/administrator/Masterproject2/20_ROS/src/Robots/install/ur_controllers/share/ur_controllers/cmake/ament_cmake_export_libraries-extras.cmake
-- Installing: /home/administrator/Masterproject2/20_ROS/src/Robots/install/ur_controllers/share/ur_controllers/cmake/ur_controllersConfig.cmake
-- Installing: /home/administrator/Masterproject2/20_ROS/src/Robots/install/ur_controllers/share/ur_controllers/cmake/ur_controllersConfig-version.cmake
-- Installing: /home/administrator/Masterproject2/20_ROS/src/Robots/install/ur_controllers/share/ur_controllers/package.xml
