[0.014s] Invoking command in '/home/administrator/Masterproject2/20_ROS/src/Robots/build/ur_controllers': AMENT_PREFIX_PATH=/home/administrator/Masterproject2/20_ROS/src/Robots/install/ur_msgs:/home/administrator/Masterproject2/20_ROS/src/Robots/install/ur_dashboard_msgs:/home/administrator/Masterproject2/20_ROS/src/Robots/install/my_ur_msgs:${AMENT_PREFIX_PATH} CMAKE_PREFIX_PATH=/home/administrator/Masterproject2/20_ROS/src/Robots/install/ur_msgs:/home/administrator/Masterproject2/20_ROS/src/Robots/install/ur_dashboard_msgs:/home/administrator/Masterproject2/20_ROS/src/Robots/install/my_ur_msgs:/opt/ros/kilted/opt/sdformat_vendor:/opt/ros/kilted/opt/gz_math_vendor:/opt/ros/kilted/opt/gz_utils_vendor:/opt/ros/kilted/opt/gz_tools_vendor:/opt/ros/kilted/opt/gz_cmake_vendor:/opt/ros/kilted DEBUGINFOD_URLS=https://debuginfod.ubuntu.com LD_LIBRARY_PATH=/home/administrator/Masterproject2/20_ROS/src/Robots/install/ur_msgs/lib:/home/administrator/Masterproject2/20_ROS/src/Robots/install/ur_dashboard_msgs/lib:/home/administrator/Masterproject2/20_ROS/src/Robots/install/my_ur_msgs/lib:${LD_LIBRARY_PATH} PYTHONPATH=/home/administrator/Masterproject2/20_ROS/src/Robots/install/ur_msgs/lib/python3.12/site-packages:/home/administrator/Masterproject2/20_ROS/src/Robots/install/ur_dashboard_msgs/lib/python3.12/site-packages:/home/administrator/Masterproject2/20_ROS/src/Robots/install/my_ur_msgs/lib/python3.12/site-packages:${PYTHONPATH} /usr/bin/cmake /home/administrator/Masterproject2/20_ROS/src/Robots/UR_Driver/ur_controllers -DCMAKE_INSTALL_PREFIX=/home/administrator/Masterproject2/20_ROS/src/Robots/install/ur_controllers
[0.022s] -- Found ament_cmake: 2.7.5 (/opt/ros/kilted/share/ament_cmake/cmake)
[0.162s] -- Found angles: 1.16.1 (/opt/ros/kilted/share/angles/cmake)
[0.164s] -- Found controller_interface: 5.14.2 (/opt/ros/kilted/share/controller_interface/cmake)
[0.190s] -- Found rosidl_generator_c: 4.9.6 (/opt/ros/kilted/share/rosidl_generator_c/cmake)
[0.198s] -- Found rosidl_generator_cpp: 4.9.6 (/opt/ros/kilted/share/rosidl_generator_cpp/cmake)
[0.208s] -- Using all available rosidl_typesupport_c: rosidl_typesupport_fastrtps_c;rosidl_typesupport_introspection_c
[0.219s] -- Using all available rosidl_typesupport_cpp: rosidl_typesupport_fastrtps_cpp;rosidl_typesupport_introspection_cpp
[0.350s] -- Found TinyXML2 via Config file: /usr/lib/x86_64-linux-gnu/cmake/tinyxml2
[0.372s] -- Found rmw_implementation_cmake: 7.8.2 (/opt/ros/kilted/share/rmw_implementation_cmake/cmake)
[0.374s] -- Found rmw_fastrtps_cpp: 9.3.4 (/opt/ros/kilted/share/rmw_fastrtps_cpp/cmake)
[0.388s] -- Found TinyXML2 via Config file: /usr/lib/x86_64-linux-gnu/cmake/tinyxml2
[0.429s] -- Found OpenSSL: /usr/lib/x86_64-linux-gnu/libcrypto.so (found version "3.0.13")  
[0.432s] -- Found TinyXML2 via Config file: /usr/lib/x86_64-linux-gnu/cmake/tinyxml2
[0.436s] -- Using RMW implementation 'rmw_fastrtps_cpp' as default
[0.602s] -- Found joint_trajectory_controller: 5.15.1 (/opt/ros/kilted/share/joint_trajectory_controller/cmake)
[0.619s] [0mCMake Deprecation Warning at /opt/ros/kilted/share/tl_expected/cmake/tl_expectedConfig.cmake:37 (message):
[0.619s]   Package 'tl_expected' is deprecated (This package will be removed in ROS 2
[0.619s]   Lyrical Luth.
[0.619s] 
[0.619s]         Use tl/expected.hpp from libexpected-dev,
[0.619s]         or rcpputils/tl_expected/expected.hpp if the system header is not available)
[0.619s] Call Stack (most recent call first):
[0.619s]   /opt/ros/kilted/share/parameter_traits/cmake/ament_cmake_export_dependencies-extras.cmake:21 (find_package)
[0.619s]   /opt/ros/kilted/share/parameter_traits/cmake/parameter_traitsConfig.cmake:41 (include)
[0.619s]   /opt/ros/kilted/share/joint_trajectory_controller/cmake/ament_cmake_export_dependencies-extras.cmake:21 (find_package)
[0.619s]   /opt/ros/kilted/share/joint_trajectory_controller/cmake/joint_trajectory_controllerConfig.cmake:41 (include)
[0.619s]   CMakeLists.txt:13 (find_package)
[0.619s] 
[0.619s] [0m
[0.645s] -- Found eigen3_cmake_module: 0.4.0 (/opt/ros/kilted/share/eigen3_cmake_module/cmake)
[0.645s] -- Found Eigen3: TRUE (found version "3.4.0") 
[0.645s] -- Ensuring Eigen3 include directory is part of orocos-kdl CMake target
[0.702s] -- Found std_srvs: 5.5.2 (/opt/ros/kilted/share/std_srvs/cmake)
[0.710s] -- Found ur_dashboard_msgs: 4.8.0 (/home/administrator/Masterproject2/20_ROS/src/Robots/install/ur_dashboard_msgs/share/ur_dashboard_msgs/cmake)
[0.733s] -- Found ur_msgs: 2.6.0 (/home/administrator/Masterproject2/20_ROS/src/Robots/install/ur_msgs/share/ur_msgs/cmake)
[0.761s] -- Found my_ur_msgs: 0.0.0 (/home/administrator/Masterproject2/20_ROS/src/Robots/install/my_ur_msgs/share/my_ur_msgs/cmake)
[0.777s] -- Found ament_cmake_gmock: 2.7.5 (/opt/ros/kilted/share/ament_cmake_gmock/cmake)
[0.778s] -- Found controller_manager: 5.14.2 (/opt/ros/kilted/share/controller_manager/cmake)
[0.809s] -- Found ros2_control_test_assets: 5.14.2 (/opt/ros/kilted/share/ros2_control_test_assets/cmake)
[0.810s] -- Found gmock sources under '/opt/ros/kilted/src/gmock_vendor': C++ tests using 'Google Mock' will be built
[0.813s] -- Found ament_cmake_gtest: 2.7.5 (/opt/ros/kilted/share/ament_cmake_gtest/cmake)
[0.814s] -- Found gtest sources under '/opt/ros/kilted/src/gtest_vendor': C++ tests using 'Google Test' will be built
[0.879s] -- Configuring done (0.9s)
[0.929s] -- Generating done (0.0s)
[0.938s] -- Build files have been written to: /home/administrator/Masterproject2/20_ROS/src/Robots/build/ur_controllers
[0.946s] Invoked command in '/home/administrator/Masterproject2/20_ROS/src/Robots/build/ur_controllers' returned '0': AMENT_PREFIX_PATH=/home/administrator/Masterproject2/20_ROS/src/Robots/install/ur_msgs:/home/administrator/Masterproject2/20_ROS/src/Robots/install/ur_dashboard_msgs:/home/administrator/Masterproject2/20_ROS/src/Robots/install/my_ur_msgs:${AMENT_PREFIX_PATH} CMAKE_PREFIX_PATH=/home/administrator/Masterproject2/20_ROS/src/Robots/install/ur_msgs:/home/administrator/Masterproject2/20_ROS/src/Robots/install/ur_dashboard_msgs:/home/administrator/Masterproject2/20_ROS/src/Robots/install/my_ur_msgs:/opt/ros/kilted/opt/sdformat_vendor:/opt/ros/kilted/opt/gz_math_vendor:/opt/ros/kilted/opt/gz_utils_vendor:/opt/ros/kilted/opt/gz_tools_vendor:/opt/ros/kilted/opt/gz_cmake_vendor:/opt/ros/kilted DEBUGINFOD_URLS=https://debuginfod.ubuntu.com LD_LIBRARY_PATH=/home/administrator/Masterproject2/20_ROS/src/Robots/install/ur_msgs/lib:/home/administrator/Masterproject2/20_ROS/src/Robots/install/ur_dashboard_msgs/lib:/home/administrator/Masterproject2/20_ROS/src/Robots/install/my_ur_msgs/lib:${LD_LIBRARY_PATH} PYTHONPATH=/home/administrator/Masterproject2/20_ROS/src/Robots/install/ur_msgs/lib/python3.12/site-packages:/home/administrator/Masterproject2/20_ROS/src/Robots/install/ur_dashboard_msgs/lib/python3.12/site-packages:/home/administrator/Masterproject2/20_ROS/src/Robots/install/my_ur_msgs/lib/python3.12/site-packages:${PYTHONPATH} /usr/bin/cmake /home/administrator/Masterproject2/20_ROS/src/Robots/UR_Driver/ur_controllers -DCMAKE_INSTALL_PREFIX=/home/administrator/Masterproject2/20_ROS/src/Robots/install/ur_controllers
[0.946s] Invoking command in '/home/administrator/Masterproject2/20_ROS/src/Robots/build/ur_controllers': AMENT_PREFIX_PATH=/home/administrator/Masterproject2/20_ROS/src/Robots/install/ur_msgs:/home/administrator/Masterproject2/20_ROS/src/Robots/install/ur_dashboard_msgs:/home/administrator/Masterproject2/20_ROS/src/Robots/install/my_ur_msgs:${AMENT_PREFIX_PATH} CMAKE_PREFIX_PATH=/home/administrator/Masterproject2/20_ROS/src/Robots/install/ur_msgs:/home/administrator/Masterproject2/20_ROS/src/Robots/install/ur_dashboard_msgs:/home/administrator/Masterproject2/20_ROS/src/Robots/install/my_ur_msgs:/opt/ros/kilted/opt/sdformat_vendor:/opt/ros/kilted/opt/gz_math_vendor:/opt/ros/kilted/opt/gz_utils_vendor:/opt/ros/kilted/opt/gz_tools_vendor:/opt/ros/kilted/opt/gz_cmake_vendor:/opt/ros/kilted DEBUGINFOD_URLS=https://debuginfod.ubuntu.com LD_LIBRARY_PATH=/home/administrator/Masterproject2/20_ROS/src/Robots/install/ur_msgs/lib:/home/administrator/Masterproject2/20_ROS/src/Robots/install/ur_dashboard_msgs/lib:/home/administrator/Masterproject2/20_ROS/src/Robots/install/my_ur_msgs/lib:${LD_LIBRARY_PATH} PYTHONPATH=/home/administrator/Masterproject2/20_ROS/src/Robots/install/ur_msgs/lib/python3.12/site-packages:/home/administrator/Masterproject2/20_ROS/src/Robots/install/ur_dashboard_msgs/lib/python3.12/site-packages:/home/administrator/Masterproject2/20_ROS/src/Robots/install/my_ur_msgs/lib/python3.12/site-packages:${PYTHONPATH} /usr/bin/cmake --build /home/administrator/Masterproject2/20_ROS/src/Robots/build/ur_controllers -- -j14 -l14
[0.985s] [ 15%] [32mBuilding CXX object gmock/CMakeFiles/gmock.dir/src/gmock-all.cc.o[0m
[0.985s] [ 15%] [34m[1mRunning `/opt/ros/kilted/bin/generate_parameter_library_cpp /home/administrator/Masterproject2/20_ROS/src/Robots/build/ur_controllers/include/ur_controllers/speed_scaling_state_broadcaster_parameters.hpp /home/administrator/Masterproject2/20_ROS/src/Robots/UR_Driver/ur_controllers/src/speed_scaling_state_broadcaster_parameters.yaml `[0m
[0.986s] [ 15%] [34m[1mRunning `/opt/ros/kilted/bin/generate_parameter_library_cpp /home/administrator/Masterproject2/20_ROS/src/Robots/build/ur_controllers/include/ur_controllers/gravity_update_controller_parameters.hpp /home/administrator/Masterproject2/20_ROS/src/Robots/UR_Driver/ur_controllers/src/gravity_update_controller_parameters.yaml `[0m
[0.986s] [ 15%] [34m[1mRunning `/opt/ros/kilted/bin/generate_parameter_library_cpp /home/administrator/Masterproject2/20_ROS/src/Robots/build/ur_controllers/include/ur_controllers/tool_contact_controller_parameters.hpp /home/administrator/Masterproject2/20_ROS/src/Robots/UR_Driver/ur_controllers/src/tool_contact_controller_parameters.yaml `[0m
[0.987s] [ 15%] [34m[1mRunning `/opt/ros/kilted/bin/generate_parameter_library_cpp /home/administrator/Masterproject2/20_ROS/src/Robots/build/ur_controllers/include/ur_controllers/force_mode_controller_parameters.hpp /home/administrator/Masterproject2/20_ROS/src/Robots/UR_Driver/ur_controllers/src/force_mode_controller_parameters.yaml `[0m
[0.987s] [ 15%] [34m[1mRunning `/opt/ros/kilted/bin/generate_parameter_library_cpp /home/administrator/Masterproject2/20_ROS/src/Robots/build/ur_controllers/include/ur_controllers/scaled_joint_trajectory_controller_parameters.hpp /home/administrator/Masterproject2/20_ROS/src/Robots/UR_Driver/ur_controllers/src/scaled_joint_trajectory_controller_parameters.yaml `[0m
[0.987s] [ 17%] [34m[1mRunning `/opt/ros/kilted/bin/generate_parameter_library_cpp /home/administrator/Masterproject2/20_ROS/src/Robots/build/ur_controllers/include/ur_controllers/freedrive_mode_controller_parameters.hpp /home/administrator/Masterproject2/20_ROS/src/Robots/UR_Driver/ur_controllers/src/freedrive_mode_controller_parameters.yaml `[0m
[0.987s] [ 20%] [34m[1mRunning `/opt/ros/kilted/bin/generate_parameter_library_cpp /home/administrator/Masterproject2/20_ROS/src/Robots/build/ur_controllers/include/ur_controllers/passthrough_trajectory_controller_parameters.hpp /home/administrator/Masterproject2/20_ROS/src/Robots/UR_Driver/ur_controllers/src/passthrough_trajectory_controller_parameters.yaml `[0m
[0.987s] [ 23%] [32mBuilding CXX object gmock/CMakeFiles/gmock.dir/opt/ros/kilted/src/gtest_vendor/src/gtest-all.cc.o[0m
[0.987s] [ 25%] [34m[1mRunning `/opt/ros/kilted/bin/generate_parameter_library_cpp /home/administrator/Masterproject2/20_ROS/src/Robots/build/ur_controllers/include/ur_controllers/friction_model_controller_parameters.hpp /home/administrator/Masterproject2/20_ROS/src/Robots/UR_Driver/ur_controllers/src/friction_model_controller_parameters.yaml `[0m
[0.993s] [ 28%] [32mBuilding CXX object gmock/CMakeFiles/gmock_main.dir/src/gmock_main.cc.o[0m
[1.023s] [ 30%] [34m[1mRunning `/opt/ros/kilted/bin/generate_parameter_library_cpp /home/administrator/Masterproject2/20_ROS/src/Robots/build/ur_controllers/include/ur_controllers/ur_configuration_controller_parameters.hpp /home/administrator/Masterproject2/20_ROS/src/Robots/UR_Driver/ur_controllers/src/ur_configuration_controller_parameters.yaml `[0m
[1.378s] [ 33%] [34m[1mCreating deprecated header file /home/administrator/Masterproject2/20_ROS/src/Robots/build/ur_controllers/include/friction_model_controller_parameters.hpp[0m
[1.409s] [ 33%] Built target friction_model_controller_parameters
[1.417s] [ 35%] [34m[1mCreating deprecated header file /home/administrator/Masterproject2/20_ROS/src/Robots/build/ur_controllers/include/freedrive_mode_controller_parameters.hpp[0m
[1.444s] [ 35%] Built target freedrive_mode_controller_parameters
[1.458s] [ 38%] [34m[1mCreating deprecated header file /home/administrator/Masterproject2/20_ROS/src/Robots/build/ur_controllers/include/scaled_joint_trajectory_controller_parameters.hpp[0m
[1.476s] [ 38%] Built target scaled_joint_trajectory_controller_parameters
[1.482s] [ 43%] [34m[1mCreating deprecated header file /home/administrator/Masterproject2/20_ROS/src/Robots/build/ur_controllers/include/force_mode_controller_parameters.hpp[0m
[1.482s] [ 43%] [34m[1mCreating deprecated header file /home/administrator/Masterproject2/20_ROS/src/Robots/build/ur_controllers/include/gravity_update_controller_parameters.hpp[0m
[1.485s] [ 46%] [34m[1mCreating deprecated header file /home/administrator/Masterproject2/20_ROS/src/Robots/build/ur_controllers/include/speed_scaling_state_broadcaster_parameters.hpp[0m
[1.486s] [ 48%] [34m[1mCreating deprecated header file /home/administrator/Masterproject2/20_ROS/src/Robots/build/ur_controllers/include/tool_contact_controller_parameters.hpp[0m
[1.491s] [ 51%] [34m[1mCreating deprecated header file /home/administrator/Masterproject2/20_ROS/src/Robots/build/ur_controllers/include/passthrough_trajectory_controller_parameters.hpp[0m
[1.495s] [ 51%] Built target gravity_update_controller_parameters
[1.496s] [ 51%] Built target force_mode_controller_parameters
[1.497s] [ 51%] Built target speed_scaling_state_broadcaster_parameters
[1.499s] [ 51%] Built target tool_contact_controller_parameters
[1.504s] [ 51%] Built target passthrough_trajectory_controller_parameters
[1.530s] [ 53%] [34m[1mCreating deprecated header file /home/administrator/Masterproject2/20_ROS/src/Robots/build/ur_controllers/include/ur_configuration_controller_parameters.hpp[0m
[1.545s] [ 53%] Built target ur_configuration_controller_parameters
[1.560s] [ 64%] [32mBuilding CXX object CMakeFiles/ur_controllers.dir/src/tool_contact_controller.cpp.o[0m
[1.560s] [ 64%] [32mBuilding CXX object CMakeFiles/ur_controllers.dir/src/force_mode_controller.cpp.o[0m
[1.560s] [ 64%] [32mBuilding CXX object CMakeFiles/ur_controllers.dir/src/friction_model_controller.cpp.o[0m
[1.561s] [ 64%] [32mBuilding CXX object CMakeFiles/ur_controllers.dir/src/scaled_joint_trajectory_controller.cpp.o[0m
[1.561s] [ 66%] [32mBuilding CXX object CMakeFiles/ur_controllers.dir/src/speed_scaling_state_broadcaster.cpp.o[0m
[1.562s] [ 71%] [32mBuilding CXX object CMakeFiles/ur_controllers.dir/src/freedrive_mode_controller.cpp.o[0m
[1.562s] [ 71%] [32mBuilding CXX object CMakeFiles/ur_controllers.dir/src/gravity_update_controller.cpp.o[0m
[1.568s] [ 74%] [32mBuilding CXX object CMakeFiles/ur_controllers.dir/src/ur_configuration_controller.cpp.o[0m
[1.574s] [ 76%] [32mBuilding CXX object CMakeFiles/ur_controllers.dir/src/passthrough_trajectory_controller.cpp.o[0m
[1.750s] [ 79%] [32m[1mLinking CXX static library libgmock_main.a[0m
[1.822s] [ 79%] Built target gmock_main
[3.301s] [ 82%] [32m[1mLinking CXX static library libgmock.a[0m
[3.517s] [ 82%] Built target gmock
[7.081s] [ 84%] [32m[1mLinking CXX shared library libur_controllers.so[0m
[7.703s] [ 84%] Built target ur_controllers
[7.718s] [ 92%] [32mBuilding CXX object CMakeFiles/test_load_freedrive_mode_controller.dir/test/test_load_freedrive_mode_controller.cpp.o[0m
[7.719s] [ 92%] [32mBuilding CXX object CMakeFiles/test_load_friction_model_controller.dir/test/test_load_friction_model_controller.cpp.o[0m
[7.719s] [ 92%] [32mBuilding CXX object CMakeFiles/test_load_force_mode_controller.dir/test/test_load_force_mode_controller.cpp.o[0m
[10.955s] [ 94%] [32m[1mLinking CXX executable test_load_force_mode_controller[0m
[10.979s] [100%] [32m[1mLinking CXX executable test_load_friction_model_controller[0m
[10.979s] [100%] [32m[1mLinking CXX executable test_load_freedrive_mode_controller[0m
[11.191s] [100%] Built target test_load_force_mode_controller
[11.218s] [100%] Built target test_load_friction_model_controller
[11.218s] [100%] Built target test_load_freedrive_mode_controller
[11.225s] Invoked command in '/home/administrator/Masterproject2/20_ROS/src/Robots/build/ur_controllers' returned '0': AMENT_PREFIX_PATH=/home/administrator/Masterproject2/20_ROS/src/Robots/install/ur_msgs:/home/administrator/Masterproject2/20_ROS/src/Robots/install/ur_dashboard_msgs:/home/administrator/Masterproject2/20_ROS/src/Robots/install/my_ur_msgs:${AMENT_PREFIX_PATH} CMAKE_PREFIX_PATH=/home/administrator/Masterproject2/20_ROS/src/Robots/install/ur_msgs:/home/administrator/Masterproject2/20_ROS/src/Robots/install/ur_dashboard_msgs:/home/administrator/Masterproject2/20_ROS/src/Robots/install/my_ur_msgs:/opt/ros/kilted/opt/sdformat_vendor:/opt/ros/kilted/opt/gz_math_vendor:/opt/ros/kilted/opt/gz_utils_vendor:/opt/ros/kilted/opt/gz_tools_vendor:/opt/ros/kilted/opt/gz_cmake_vendor:/opt/ros/kilted DEBUGINFOD_URLS=https://debuginfod.ubuntu.com LD_LIBRARY_PATH=/home/administrator/Masterproject2/20_ROS/src/Robots/install/ur_msgs/lib:/home/administrator/Masterproject2/20_ROS/src/Robots/install/ur_dashboard_msgs/lib:/home/administrator/Masterproject2/20_ROS/src/Robots/install/my_ur_msgs/lib:${LD_LIBRARY_PATH} PYTHONPATH=/home/administrator/Masterproject2/20_ROS/src/Robots/install/ur_msgs/lib/python3.12/site-packages:/home/administrator/Masterproject2/20_ROS/src/Robots/install/ur_dashboard_msgs/lib/python3.12/site-packages:/home/administrator/Masterproject2/20_ROS/src/Robots/install/my_ur_msgs/lib/python3.12/site-packages:${PYTHONPATH} /usr/bin/cmake --build /home/administrator/Masterproject2/20_ROS/src/Robots/build/ur_controllers -- -j14 -l14
[11.227s] Invoking command in '/home/administrator/Masterproject2/20_ROS/src/Robots/build/ur_controllers': AMENT_PREFIX_PATH=/home/administrator/Masterproject2/20_ROS/src/Robots/install/ur_msgs:/home/administrator/Masterproject2/20_ROS/src/Robots/install/ur_dashboard_msgs:/home/administrator/Masterproject2/20_ROS/src/Robots/install/my_ur_msgs:${AMENT_PREFIX_PATH} CMAKE_PREFIX_PATH=/home/administrator/Masterproject2/20_ROS/src/Robots/install/ur_msgs:/home/administrator/Masterproject2/20_ROS/src/Robots/install/ur_dashboard_msgs:/home/administrator/Masterproject2/20_ROS/src/Robots/install/my_ur_msgs:/opt/ros/kilted/opt/sdformat_vendor:/opt/ros/kilted/opt/gz_math_vendor:/opt/ros/kilted/opt/gz_utils_vendor:/opt/ros/kilted/opt/gz_tools_vendor:/opt/ros/kilted/opt/gz_cmake_vendor:/opt/ros/kilted DEBUGINFOD_URLS=https://debuginfod.ubuntu.com LD_LIBRARY_PATH=/home/administrator/Masterproject2/20_ROS/src/Robots/install/ur_msgs/lib:/home/administrator/Masterproject2/20_ROS/src/Robots/install/ur_dashboard_msgs/lib:/home/administrator/Masterproject2/20_ROS/src/Robots/install/my_ur_msgs/lib:${LD_LIBRARY_PATH} PYTHONPATH=/home/administrator/Masterproject2/20_ROS/src/Robots/install/ur_msgs/lib/python3.12/site-packages:/home/administrator/Masterproject2/20_ROS/src/Robots/install/ur_dashboard_msgs/lib/python3.12/site-packages:/home/administrator/Masterproject2/20_ROS/src/Robots/install/my_ur_msgs/lib/python3.12/site-packages:${PYTHONPATH} /usr/bin/cmake --install /home/administrator/Masterproject2/20_ROS/src/Robots/build/ur_controllers
[11.232s] -- Install configuration: ""
[11.233s] -- Installing: /home/administrator/Masterproject2/20_ROS/src/Robots/install/ur_controllers/include/ur_controllers
[11.233s] -- Installing: /home/administrator/Masterproject2/20_ROS/src/Robots/install/ur_controllers/include/ur_controllers/friction_model_controller_parameters.hpp
[11.233s] -- Installing: /home/administrator/Masterproject2/20_ROS/src/Robots/install/ur_controllers/include/ur_controllers/freedrive_mode_controller_parameters.hpp
[11.233s] -- Installing: /home/administrator/Masterproject2/20_ROS/src/Robots/install/ur_controllers/include/ur_controllers/scaled_joint_trajectory_controller_parameters.hpp
[11.234s] -- Installing: /home/administrator/Masterproject2/20_ROS/src/Robots/install/ur_controllers/include/ur_controllers/tool_contact_controller_parameters.hpp
[11.234s] -- Installing: /home/administrator/Masterproject2/20_ROS/src/Robots/install/ur_controllers/include/ur_controllers/force_mode_controller_parameters.hpp
[11.234s] -- Installing: /home/administrator/Masterproject2/20_ROS/src/Robots/install/ur_controllers/include/ur_controllers/passthrough_trajectory_controller_parameters.hpp
[11.234s] -- Installing: /home/administrator/Masterproject2/20_ROS/src/Robots/install/ur_controllers/include/ur_controllers/gravity_update_controller_parameters.hpp
[11.234s] -- Installing: /home/administrator/Masterproject2/20_ROS/src/Robots/install/ur_controllers/include/ur_controllers/ur_configuration_controller_parameters.hpp
[11.235s] -- Installing: /home/administrator/Masterproject2/20_ROS/src/Robots/install/ur_controllers/include/ur_controllers/speed_scaling_state_broadcaster_parameters.hpp
[11.235s] -- Up-to-date: /home/administrator/Masterproject2/20_ROS/src/Robots/install/ur_controllers/include/ur_controllers
[11.235s] -- Up-to-date: /home/administrator/Masterproject2/20_ROS/src/Robots/install/ur_controllers/include/ur_controllers/friction_model_controller_parameters.hpp
[11.235s] -- Up-to-date: /home/administrator/Masterproject2/20_ROS/src/Robots/install/ur_controllers/include/ur_controllers/freedrive_mode_controller_parameters.hpp
[11.235s] -- Up-to-date: /home/administrator/Masterproject2/20_ROS/src/Robots/install/ur_controllers/include/ur_controllers/scaled_joint_trajectory_controller_parameters.hpp
[11.235s] -- Up-to-date: /home/administrator/Masterproject2/20_ROS/src/Robots/install/ur_controllers/include/ur_controllers/tool_contact_controller_parameters.hpp
[11.236s] -- Up-to-date: /home/administrator/Masterproject2/20_ROS/src/Robots/install/ur_controllers/include/ur_controllers/force_mode_controller_parameters.hpp
[11.236s] -- Up-to-date: /home/administrator/Masterproject2/20_ROS/src/Robots/install/ur_controllers/include/ur_controllers/passthrough_trajectory_controller_parameters.hpp
[11.236s] -- Up-to-date: /home/administrator/Masterproject2/20_ROS/src/Robots/install/ur_controllers/include/ur_controllers/gravity_update_controller_parameters.hpp
[11.236s] -- Up-to-date: /home/administrator/Masterproject2/20_ROS/src/Robots/install/ur_controllers/include/ur_controllers/ur_configuration_controller_parameters.hpp
[11.236s] -- Up-to-date: /home/administrator/Masterproject2/20_ROS/src/Robots/install/ur_controllers/include/ur_controllers/speed_scaling_state_broadcaster_parameters.hpp
[11.237s] -- Up-to-date: /home/administrator/Masterproject2/20_ROS/src/Robots/install/ur_controllers/include/ur_controllers
[11.237s] -- Up-to-date: /home/administrator/Masterproject2/20_ROS/src/Robots/install/ur_controllers/include/ur_controllers/friction_model_controller_parameters.hpp
[11.237s] -- Up-to-date: /home/administrator/Masterproject2/20_ROS/src/Robots/install/ur_controllers/include/ur_controllers/freedrive_mode_controller_parameters.hpp
[11.237s] -- Up-to-date: /home/administrator/Masterproject2/20_ROS/src/Robots/install/ur_controllers/include/ur_controllers/scaled_joint_trajectory_controller_parameters.hpp
[11.237s] -- Up-to-date: /home/administrator/Masterproject2/20_ROS/src/Robots/install/ur_controllers/include/ur_controllers/tool_contact_controller_parameters.hpp
[11.237s] -- Up-to-date: /home/administrator/Masterproject2/20_ROS/src/Robots/install/ur_controllers/include/ur_controllers/force_mode_controller_parameters.hpp
[11.238s] -- Up-to-date: /home/administrator/Masterproject2/20_ROS/src/Robots/install/ur_controllers/include/ur_controllers/passthrough_trajectory_controller_parameters.hpp
[11.238s] -- Up-to-date: /home/administrator/Masterproject2/20_ROS/src/Robots/install/ur_controllers/include/ur_controllers/gravity_update_controller_parameters.hpp
[11.238s] -- Up-to-date: /home/administrator/Masterproject2/20_ROS/src/Robots/install/ur_controllers/include/ur_controllers/ur_configuration_controller_parameters.hpp
[11.238s] -- Up-to-date: /home/administrator/Masterproject2/20_ROS/src/Robots/install/ur_controllers/include/ur_controllers/speed_scaling_state_broadcaster_parameters.hpp
[11.238s] -- Up-to-date: /home/administrator/Masterproject2/20_ROS/src/Robots/install/ur_controllers/include/ur_controllers
[11.239s] -- Up-to-date: /home/administrator/Masterproject2/20_ROS/src/Robots/install/ur_controllers/include/ur_controllers/friction_model_controller_parameters.hpp
[11.239s] -- Up-to-date: /home/administrator/Masterproject2/20_ROS/src/Robots/install/ur_controllers/include/ur_controllers/freedrive_mode_controller_parameters.hpp
[11.239s] -- Up-to-date: /home/administrator/Masterproject2/20_ROS/src/Robots/install/ur_controllers/include/ur_controllers/scaled_joint_trajectory_controller_parameters.hpp
[11.239s] -- Up-to-date: /home/administrator/Masterproject2/20_ROS/src/Robots/install/ur_controllers/include/ur_controllers/tool_contact_controller_parameters.hpp
[11.240s] -- Up-to-date: /home/administrator/Masterproject2/20_ROS/src/Robots/install/ur_controllers/include/ur_controllers/force_mode_controller_parameters.hpp
[11.240s] -- Up-to-date: /home/administrator/Masterproject2/20_ROS/src/Robots/install/ur_controllers/include/ur_controllers/passthrough_trajectory_controller_parameters.hpp
[11.240s] -- Up-to-date: /home/administrator/Masterproject2/20_ROS/src/Robots/install/ur_controllers/include/ur_controllers/gravity_update_controller_parameters.hpp
[11.240s] -- Up-to-date: /home/administrator/Masterproject2/20_ROS/src/Robots/install/ur_controllers/include/ur_controllers/ur_configuration_controller_parameters.hpp
[11.241s] -- Up-to-date: /home/administrator/Masterproject2/20_ROS/src/Robots/install/ur_controllers/include/ur_controllers/speed_scaling_state_broadcaster_parameters.hpp
[11.241s] -- Up-to-date: /home/administrator/Masterproject2/20_ROS/src/Robots/install/ur_controllers/include/ur_controllers
[11.241s] -- Up-to-date: /home/administrator/Masterproject2/20_ROS/src/Robots/install/ur_controllers/include/ur_controllers/friction_model_controller_parameters.hpp
[11.241s] -- Up-to-date: /home/administrator/Masterproject2/20_ROS/src/Robots/install/ur_controllers/include/ur_controllers/freedrive_mode_controller_parameters.hpp
[11.242s] -- Up-to-date: /home/administrator/Masterproject2/20_ROS/src/Robots/install/ur_controllers/include/ur_controllers/scaled_joint_trajectory_controller_parameters.hpp
[11.242s] -- Up-to-date: /home/administrator/Masterproject2/20_ROS/src/Robots/install/ur_controllers/include/ur_controllers/tool_contact_controller_parameters.hpp
[11.242s] -- Up-to-date: /home/administrator/Masterproject2/20_ROS/src/Robots/install/ur_controllers/include/ur_controllers/force_mode_controller_parameters.hpp
[11.242s] -- Up-to-date: /home/administrator/Masterproject2/20_ROS/src/Robots/install/ur_controllers/include/ur_controllers/passthrough_trajectory_controller_parameters.hpp
[11.242s] -- Up-to-date: /home/administrator/Masterproject2/20_ROS/src/Robots/install/ur_controllers/include/ur_controllers/gravity_update_controller_parameters.hpp
[11.242s] -- Up-to-date: /home/administrator/Masterproject2/20_ROS/src/Robots/install/ur_controllers/include/ur_controllers/ur_configuration_controller_parameters.hpp
[11.243s] -- Up-to-date: /home/administrator/Masterproject2/20_ROS/src/Robots/install/ur_controllers/include/ur_controllers/speed_scaling_state_broadcaster_parameters.hpp
[11.243s] -- Up-to-date: /home/administrator/Masterproject2/20_ROS/src/Robots/install/ur_controllers/include/ur_controllers
[11.243s] -- Up-to-date: /home/administrator/Masterproject2/20_ROS/src/Robots/install/ur_controllers/include/ur_controllers/friction_model_controller_parameters.hpp
[11.243s] -- Up-to-date: /home/administrator/Masterproject2/20_ROS/src/Robots/install/ur_controllers/include/ur_controllers/freedrive_mode_controller_parameters.hpp
[11.243s] -- Up-to-date: /home/administrator/Masterproject2/20_ROS/src/Robots/install/ur_controllers/include/ur_controllers/scaled_joint_trajectory_controller_parameters.hpp
[11.244s] -- Up-to-date: /home/administrator/Masterproject2/20_ROS/src/Robots/install/ur_controllers/include/ur_controllers/tool_contact_controller_parameters.hpp
[11.244s] -- Up-to-date: /home/administrator/Masterproject2/20_ROS/src/Robots/install/ur_controllers/include/ur_controllers/force_mode_controller_parameters.hpp
[11.244s] -- Up-to-date: /home/administrator/Masterproject2/20_ROS/src/Robots/install/ur_controllers/include/ur_controllers/passthrough_trajectory_controller_parameters.hpp
[11.245s] -- Up-to-date: /home/administrator/Masterproject2/20_ROS/src/Robots/install/ur_controllers/include/ur_controllers/gravity_update_controller_parameters.hpp
[11.245s] -- Up-to-date: /home/administrator/Masterproject2/20_ROS/src/Robots/install/ur_controllers/include/ur_controllers/ur_configuration_controller_parameters.hpp
[11.245s] -- Up-to-date: /home/administrator/Masterproject2/20_ROS/src/Robots/install/ur_controllers/include/ur_controllers/speed_scaling_state_broadcaster_parameters.hpp
[11.246s] -- Up-to-date: /home/administrator/Masterproject2/20_ROS/src/Robots/install/ur_controllers/include/ur_controllers
[11.246s] -- Up-to-date: /home/administrator/Masterproject2/20_ROS/src/Robots/install/ur_controllers/include/ur_controllers/friction_model_controller_parameters.hpp
[11.246s] -- Up-to-date: /home/administrator/Masterproject2/20_ROS/src/Robots/install/ur_controllers/include/ur_controllers/freedrive_mode_controller_parameters.hpp
[11.246s] -- Up-to-date: /home/administrator/Masterproject2/20_ROS/src/Robots/install/ur_controllers/include/ur_controllers/scaled_joint_trajectory_controller_parameters.hpp
[11.246s] -- Up-to-date: /home/administrator/Masterproject2/20_ROS/src/Robots/install/ur_controllers/include/ur_controllers/tool_contact_controller_parameters.hpp
[11.247s] -- Up-to-date: /home/administrator/Masterproject2/20_ROS/src/Robots/install/ur_controllers/include/ur_controllers/force_mode_controller_parameters.hpp
[11.247s] -- Up-to-date: /home/administrator/Masterproject2/20_ROS/src/Robots/install/ur_controllers/include/ur_controllers/passthrough_trajectory_controller_parameters.hpp
[11.247s] -- Up-to-date: /home/administrator/Masterproject2/20_ROS/src/Robots/install/ur_controllers/include/ur_controllers/gravity_update_controller_parameters.hpp
[11.247s] -- Up-to-date: /home/administrator/Masterproject2/20_ROS/src/Robots/install/ur_controllers/include/ur_controllers/ur_configuration_controller_parameters.hpp
[11.247s] -- Up-to-date: /home/administrator/Masterproject2/20_ROS/src/Robots/install/ur_controllers/include/ur_controllers/speed_scaling_state_broadcaster_parameters.hpp
[11.248s] -- Up-to-date: /home/administrator/Masterproject2/20_ROS/src/Robots/install/ur_controllers/include/ur_controllers
[11.248s] -- Up-to-date: /home/administrator/Masterproject2/20_ROS/src/Robots/install/ur_controllers/include/ur_controllers/friction_model_controller_parameters.hpp
[11.248s] -- Up-to-date: /home/administrator/Masterproject2/20_ROS/src/Robots/install/ur_controllers/include/ur_controllers/freedrive_mode_controller_parameters.hpp
[11.248s] -- Up-to-date: /home/administrator/Masterproject2/20_ROS/src/Robots/install/ur_controllers/include/ur_controllers/scaled_joint_trajectory_controller_parameters.hpp
[11.248s] -- Up-to-date: /home/administrator/Masterproject2/20_ROS/src/Robots/install/ur_controllers/include/ur_controllers/tool_contact_controller_parameters.hpp
[11.248s] -- Up-to-date: /home/administrator/Masterproject2/20_ROS/src/Robots/install/ur_controllers/include/ur_controllers/force_mode_controller_parameters.hpp
[11.248s] -- Up-to-date: /home/administrator/Masterproject2/20_ROS/src/Robots/install/ur_controllers/include/ur_controllers/passthrough_trajectory_controller_parameters.hpp
[11.249s] -- Up-to-date: /home/administrator/Masterproject2/20_ROS/src/Robots/install/ur_controllers/include/ur_controllers/gravity_update_controller_parameters.hpp
[11.249s] -- Up-to-date: /home/administrator/Masterproject2/20_ROS/src/Robots/install/ur_controllers/include/ur_controllers/ur_configuration_controller_parameters.hpp
[11.249s] -- Up-to-date: /home/administrator/Masterproject2/20_ROS/src/Robots/install/ur_controllers/include/ur_controllers/speed_scaling_state_broadcaster_parameters.hpp
[11.249s] -- Up-to-date: /home/administrator/Masterproject2/20_ROS/src/Robots/install/ur_controllers/include/ur_controllers
[11.249s] -- Up-to-date: /home/administrator/Masterproject2/20_ROS/src/Robots/install/ur_controllers/include/ur_controllers/friction_model_controller_parameters.hpp
[11.249s] -- Up-to-date: /home/administrator/Masterproject2/20_ROS/src/Robots/install/ur_controllers/include/ur_controllers/freedrive_mode_controller_parameters.hpp
[11.249s] -- Up-to-date: /home/administrator/Masterproject2/20_ROS/src/Robots/install/ur_controllers/include/ur_controllers/scaled_joint_trajectory_controller_parameters.hpp
[11.249s] -- Up-to-date: /home/administrator/Masterproject2/20_ROS/src/Robots/install/ur_controllers/include/ur_controllers/tool_contact_controller_parameters.hpp
[11.250s] -- Up-to-date: /home/administrator/Masterproject2/20_ROS/src/Robots/install/ur_controllers/include/ur_controllers/force_mode_controller_parameters.hpp
[11.250s] -- Up-to-date: /home/administrator/Masterproject2/20_ROS/src/Robots/install/ur_controllers/include/ur_controllers/passthrough_trajectory_controller_parameters.hpp
[11.250s] -- Up-to-date: /home/administrator/Masterproject2/20_ROS/src/Robots/install/ur_controllers/include/ur_controllers/gravity_update_controller_parameters.hpp
[11.250s] -- Up-to-date: /home/administrator/Masterproject2/20_ROS/src/Robots/install/ur_controllers/include/ur_controllers/ur_configuration_controller_parameters.hpp
[11.250s] -- Up-to-date: /home/administrator/Masterproject2/20_ROS/src/Robots/install/ur_controllers/include/ur_controllers/speed_scaling_state_broadcaster_parameters.hpp
[11.250s] -- Installing: /home/administrator/Masterproject2/20_ROS/src/Robots/install/ur_controllers/share/ur_controllers/controller_plugins.xml
[11.250s] -- Installing: /home/administrator/Masterproject2/20_ROS/src/Robots/install/ur_controllers/lib/libur_controllers.so
[11.251s] -- Set non-toolchain portion of runtime path of "/home/administrator/Masterproject2/20_ROS/src/Robots/install/ur_controllers/lib/libur_controllers.so" to ""
[11.251s] -- Up-to-date: /home/administrator/Masterproject2/20_ROS/src/Robots/install/ur_controllers/include
[11.251s] -- Up-to-date: /home/administrator/Masterproject2/20_ROS/src/Robots/install/ur_controllers/include/ur_controllers
[11.251s] -- Installing: /home/administrator/Masterproject2/20_ROS/src/Robots/install/ur_controllers/include/ur_controllers/passthrough_trajectory_controller.hpp
[11.251s] -- Installing: /home/administrator/Masterproject2/20_ROS/src/Robots/install/ur_controllers/include/ur_controllers/scaled_joint_trajectory_controller.hpp
[11.251s] -- Installing: /home/administrator/Masterproject2/20_ROS/src/Robots/install/ur_controllers/include/ur_controllers/freedrive_mode_controller.hpp
[11.252s] -- Installing: /home/administrator/Masterproject2/20_ROS/src/Robots/install/ur_controllers/include/ur_controllers/ur_configuration_controller.hpp
[11.252s] -- Installing: /home/administrator/Masterproject2/20_ROS/src/Robots/install/ur_controllers/include/ur_controllers/speed_scaling_state_broadcaster.hpp
[11.252s] -- Installing: /home/administrator/Masterproject2/20_ROS/src/Robots/install/ur_controllers/include/ur_controllers/gpio_controller.hpp
[11.252s] -- Installing: /home/administrator/Masterproject2/20_ROS/src/Robots/install/ur_controllers/include/ur_controllers/friction_model_controller.hpp
[11.252s] -- Installing: /home/administrator/Masterproject2/20_ROS/src/Robots/install/ur_controllers/include/ur_controllers/tool_contact_controller.hpp
[11.252s] -- Installing: /home/administrator/Masterproject2/20_ROS/src/Robots/install/ur_controllers/include/ur_controllers/force_mode_controller.hpp
[11.252s] -- Installing: /home/administrator/Masterproject2/20_ROS/src/Robots/install/ur_controllers/include/ur_controllers/gravity_update_controller.hpp
[11.253s] -- Up-to-date: /home/administrator/Masterproject2/20_ROS/src/Robots/install/ur_controllers/share/ur_controllers/controller_plugins.xml
[11.253s] -- Installing: /home/administrator/Masterproject2/20_ROS/src/Robots/install/ur_controllers/share/ur_controllers/environment/library_path.sh
[11.253s] -- Installing: /home/administrator/Masterproject2/20_ROS/src/Robots/install/ur_controllers/share/ur_controllers/environment/library_path.dsv
[11.253s] -- Installing: /home/administrator/Masterproject2/20_ROS/src/Robots/install/ur_controllers/share/ament_index/resource_index/package_run_dependencies/ur_controllers
[11.253s] -- Installing: /home/administrator/Masterproject2/20_ROS/src/Robots/install/ur_controllers/share/ament_index/resource_index/parent_prefix_path/ur_controllers
[11.253s] -- Installing: /home/administrator/Masterproject2/20_ROS/src/Robots/install/ur_controllers/share/ur_controllers/environment/ament_prefix_path.sh
[11.253s] -- Installing: /home/administrator/Masterproject2/20_ROS/src/Robots/install/ur_controllers/share/ur_controllers/environment/ament_prefix_path.dsv
[11.253s] -- Installing: /home/administrator/Masterproject2/20_ROS/src/Robots/install/ur_controllers/share/ur_controllers/environment/path.sh
[11.254s] -- Installing: /home/administrator/Masterproject2/20_ROS/src/Robots/install/ur_controllers/share/ur_controllers/environment/path.dsv
[11.254s] -- Installing: /home/administrator/Masterproject2/20_ROS/src/Robots/install/ur_controllers/share/ur_controllers/local_setup.bash
[11.254s] -- Installing: /home/administrator/Masterproject2/20_ROS/src/Robots/install/ur_controllers/share/ur_controllers/local_setup.sh
[11.254s] -- Installing: /home/administrator/Masterproject2/20_ROS/src/Robots/install/ur_controllers/share/ur_controllers/local_setup.zsh
[11.254s] -- Installing: /home/administrator/Masterproject2/20_ROS/src/Robots/install/ur_controllers/share/ur_controllers/local_setup.dsv
[11.254s] -- Installing: /home/administrator/Masterproject2/20_ROS/src/Robots/install/ur_controllers/share/ur_controllers/package.dsv
[11.254s] -- Installing: /home/administrator/Masterproject2/20_ROS/src/Robots/install/ur_controllers/share/ament_index/resource_index/packages/ur_controllers
[11.255s] -- Installing: /home/administrator/Masterproject2/20_ROS/src/Robots/install/ur_controllers/share/ament_index/resource_index/controller_interface__pluginlib__plugin/ur_controllers
[11.255s] -- Installing: /home/administrator/Masterproject2/20_ROS/src/Robots/install/ur_controllers/share/ur_controllers/cmake/ament_cmake_export_dependencies-extras.cmake
[11.255s] -- Installing: /home/administrator/Masterproject2/20_ROS/src/Robots/install/ur_controllers/share/ur_controllers/cmake/ament_cmake_export_include_directories-extras.cmake
[11.255s] -- Installing: /home/administrator/Masterproject2/20_ROS/src/Robots/install/ur_controllers/share/ur_controllers/cmake/ament_cmake_export_libraries-extras.cmake
[11.255s] -- Installing: /home/administrator/Masterproject2/20_ROS/src/Robots/install/ur_controllers/share/ur_controllers/cmake/ur_controllersConfig.cmake
[11.255s] -- Installing: /home/administrator/Masterproject2/20_ROS/src/Robots/install/ur_controllers/share/ur_controllers/cmake/ur_controllersConfig-version.cmake
[11.256s] -- Installing: /home/administrator/Masterproject2/20_ROS/src/Robots/install/ur_controllers/share/ur_controllers/package.xml
[11.256s] Invoked command in '/home/administrator/Masterproject2/20_ROS/src/Robots/build/ur_controllers' returned '0': AMENT_PREFIX_PATH=/home/administrator/Masterproject2/20_ROS/src/Robots/install/ur_msgs:/home/administrator/Masterproject2/20_ROS/src/Robots/install/ur_dashboard_msgs:/home/administrator/Masterproject2/20_ROS/src/Robots/install/my_ur_msgs:${AMENT_PREFIX_PATH} CMAKE_PREFIX_PATH=/home/administrator/Masterproject2/20_ROS/src/Robots/install/ur_msgs:/home/administrator/Masterproject2/20_ROS/src/Robots/install/ur_dashboard_msgs:/home/administrator/Masterproject2/20_ROS/src/Robots/install/my_ur_msgs:/opt/ros/kilted/opt/sdformat_vendor:/opt/ros/kilted/opt/gz_math_vendor:/opt/ros/kilted/opt/gz_utils_vendor:/opt/ros/kilted/opt/gz_tools_vendor:/opt/ros/kilted/opt/gz_cmake_vendor:/opt/ros/kilted DEBUGINFOD_URLS=https://debuginfod.ubuntu.com LD_LIBRARY_PATH=/home/administrator/Masterproject2/20_ROS/src/Robots/install/ur_msgs/lib:/home/administrator/Masterproject2/20_ROS/src/Robots/install/ur_dashboard_msgs/lib:/home/administrator/Masterproject2/20_ROS/src/Robots/install/my_ur_msgs/lib:${LD_LIBRARY_PATH} PYTHONPATH=/home/administrator/Masterproject2/20_ROS/src/Robots/install/ur_msgs/lib/python3.12/site-packages:/home/administrator/Masterproject2/20_ROS/src/Robots/install/ur_dashboard_msgs/lib/python3.12/site-packages:/home/administrator/Masterproject2/20_ROS/src/Robots/install/my_ur_msgs/lib/python3.12/site-packages:${PYTHONPATH} /usr/bin/cmake --install /home/administrator/Masterproject2/20_ROS/src/Robots/build/ur_controllers
