[0.024s] Invoking command in '/home/administrator/Masterproject2/20_ROS/src/Robots/build/meca500_moveit_config': DEBUGINFOD_URLS=https://debuginfod.ubuntu.com /usr/bin/cmake /home/administrator/Masterproject2/20_ROS/src/Robots/Mecademic/meca500_moveit_config -DAMENT_CMAKE_SYMLINK_INSTALL=1 -DCMAKE_INSTALL_PREFIX=/home/administrator/Masterproject2/20_ROS/src/Robots/install/meca500_moveit_config
[0.460s] -- The C compiler identification is GNU 13.3.0
[0.460s] -- The CXX compiler identification is GNU 13.3.0
[0.460s] -- Detecting C compiler ABI info
[0.460s] -- Detecting C compiler ABI info - done
[0.460s] -- Check for working C compiler: /usr/bin/cc - skipped
[0.460s] -- Detecting C compile features
[0.460s] -- Detecting C compile features - done
[0.460s] -- Detecting CXX compiler ABI info
[0.490s] -- Detecting CXX compiler ABI info - done
[0.494s] -- Check for working CXX compiler: /usr/bin/c++ - skipped
[0.494s] -- Detecting CXX compile features
[0.495s] -- Detecting CXX compile features - done
[0.500s] -- Configuring incomplete, errors occurred!
[0.500s] [31mCMake Error at CMakeLists.txt:9 (find_package):
[0.500s]   By not providing "Findament_cmake.cmake" in CMAKE_MODULE_PATH this project
[0.500s]   has asked CMake to find a package configuration file provided by
[0.500s]   "ament_cmake", but CMake did not find one.
[0.500s] 
[0.500s]   Could not find a package configuration file provided by "ament_cmake" with
[0.500s]   any of the following names:
[0.500s] 
[0.500s]     ament_cmakeConfig.cmake
[0.500s]     ament_cmake-config.cmake
[0.501s] 
[0.501s]   Add the installation prefix of "ament_cmake" to CMAKE_PREFIX_PATH or set
[0.501s]   "ament_cmake_DIR" to a directory containing one of the above files.  If
[0.501s]   "ament_cmake" provides a separate development package or SDK, be sure it
[0.501s]   has been installed.
[0.501s] 
[0.501s] [0m
