[ 33%] Built target execute_macro
[ 66%] Built target get_macros
[ 83%] [32mBuilding CXX object CMakeFiles/action_client.dir/src/demo_execute_macro.cpp.o[0m
[01m[K/home/administrator/Masterproject2/20_ROS/src/Robots/Omron_AMR/src/demo/src/demo_execute_macro.cpp:[m[K In member function ‘[01m[Kvoid demo::ActionClient::[01;32m[Ksend_goal[m[K()[m[K’:
[01m[K/home/administrator/Masterproject2/20_ROS/src/Robots/Omron_AMR/src/demo/src/demo_execute_macro.cpp:57:64:[m[K [01;31m[Kerror: [m[Kno match for ‘[01m[Koperator=[m[K’ (operand types are ‘[01m[Krclcpp_action::Client<om_aiv_msg::action::Action>::GoalResponseCallback[m[K’ {aka ‘[01m[Kstd::function<void(std::shared_ptr<rclcpp_action::ClientGoalHandle<om_aiv_msg::action::Action> >)>[m[K’} and ‘[01m[Kstd::_Bind_helper<false, void (demo::ActionClient::*)(std::shared_future<std::shared_ptr<rclcpp_action::ClientGoalHandle<om_aiv_msg::action::Action> > >), demo::ActionClient*, const std::_Placeholder<1>&>::type[m[K’)
   57 |       std::bind(&ActionClient::goal_response_callback, this, _1[01;31m[K)[m[K;
      |                                                                [01;31m[K^[m[K
In file included from [01m[K/usr/include/c++/13/functional:59[m[K,
                 from [01m[K/home/administrator/Masterproject2/20_ROS/src/Robots/Omron_AMR/src/demo/src/demo_execute_macro.cpp:1[m[K:
[01m[K/usr/include/c++/13/bits/std_function.h:531:9:[m[K [01;36m[Knote: [m[Kcandidate: ‘[01m[Ktemplate<class _Functor> std::function<_Res(_ArgTypes ...)>::_Requires<std::function<_Res(_ArgTypes ...)>::_Callable<_Functor>, std::function<_Res(_ArgTypes ...)>&> std::function<_Res(_ArgTypes ...)>::[01;32m[Koperator=[m[K(_Functor&&) [35m[K[with _Res = void; _ArgTypes = {std::shared_ptr<rclcpp_action::ClientGoalHandle<om_aiv_msg::action::Action> >}][m[K[m[K’
  531 |         [01;36m[Koperator[m[K=(_Functor&& __f)
      |         [01;36m[K^~~~~~~~[m[K
[01m[K/usr/include/c++/13/bits/std_function.h:531:9:[m[K [01;36m[Knote: [m[K  template argument deduction/substitution failed:
In file included from [01m[K/usr/include/c++/13/bits/move.h:37[m[K,
                 from [01m[K/usr/include/c++/13/bits/stl_function.h:60[m[K,
                 from [01m[K/usr/include/c++/13/functional:49[m[K:
/usr/include/c++/13/type_traits: In substitution of ‘[01m[Ktemplate<bool _Cond, class _Tp> using std::__enable_if_t = typename std::enable_if::type [35m[K[with bool _Cond = false; _Tp = std::function<void(std::shared_ptr<rclcpp_action::ClientGoalHandle<om_aiv_msg::action::Action> >)>&][m[K[m[K’:
[01m[K/usr/include/c++/13/bits/std_function.h:353:8:[m[K   required by substitution of ‘[01m[Ktemplate<class _Res, class ... _ArgTypes> template<class _Cond, class _Tp> using std::function<_Res(_ArgTypes ...)>::_Requires = std::__enable_if_t<_Cond::value, _Tp> [35m[K[with _Cond = std::function<void(std::shared_ptr<rclcpp_action::ClientGoalHandle<om_aiv_msg::action::Action> >)>::_Callable<std::_Bind<void (demo::ActionClient::*(demo::ActionClient*, std::_Placeholder<1>))(std::shared_future<std::shared_ptr<rclcpp_action::ClientGoalHandle<om_aiv_msg::action::Action> > >)>, std::_Bind<void (demo::ActionClient::*(demo::ActionClient*, std::_Placeholder<1>))(std::shared_future<std::shared_ptr<rclcpp_action::ClientGoalHandle<om_aiv_msg::action::Action> > >)>, std::__invoke_result<std::_Bind<void (demo::ActionClient::*(demo::ActionClient*, std::_Placeholder<1>))(std::shared_future<std::shared_ptr<rclcpp_action::ClientGoalHandle<om_aiv_msg::action::Action> > >)>&, std::shared_ptr<rclcpp_action::ClientGoalHandle<om_aiv_msg::action::Action> > > >; _Tp = std::function<void(std::shared_ptr<rclcpp_action::ClientGoalHandle<om_aiv_msg::action::Action> >)>&; _Res = void; _ArgTypes = {std::shared_ptr<rclcpp_action::ClientGoalHandle<om_aiv_msg::action::Action> >}][m[K[m[K’
[01m[K/usr/include/c++/13/bits/std_function.h:531:2:[m[K   required by substitution of ‘[01m[Ktemplate<class _Functor> std::function<void(std::shared_ptr<rclcpp_action::ClientGoalHandle<om_aiv_msg::action::Action> >)>::_Requires<std::function<void(std::shared_ptr<rclcpp_action::ClientGoalHandle<om_aiv_msg::action::Action> >)>::_Callable<_Functor, typename std::enable_if<(! std::is_same<typename std::remove_cv<typename std::remove_reference<_Tp>::type>::type, std::function<void(std::shared_ptr<rclcpp_action::ClientGoalHandle<om_aiv_msg::action::Action> >)> >::value), std::decay<_Ex> >::type::type, std::__invoke_result<typename std::enable_if<(! std::is_same<typename std::remove_cv<typename std::remove_reference<_Tp>::type>::type, std::function<void(std::shared_ptr<rclcpp_action::ClientGoalHandle<om_aiv_msg::action::Action> >)> >::value), std::decay<_Ex> >::type::type&, std::shared_ptr<rclcpp_action::ClientGoalHandle<om_aiv_msg::action::Action> > > >, std::function<void(std::shared_ptr<rclcpp_action::ClientGoalHandle<om_aiv_msg::action::Action> >)>&> std::function<void(std::shared_ptr<rclcpp_action::ClientGoalHandle<om_aiv_msg::action::Action> >)>::[01;32m[Koperator=[m[K(_Functor&&) [35m[K[with _Functor = std::_Bind<void (demo::ActionClient::*(demo::ActionClient*, std::_Placeholder<1>))(std::shared_future<std::shared_ptr<rclcpp_action::ClientGoalHandle<om_aiv_msg::action::Action> > >)>][m[K[m[K’
[01m[K/home/administrator/Masterproject2/20_ROS/src/Robots/Omron_AMR/src/demo/src/demo_execute_macro.cpp:57:64:[m[K   required from here
[01m[K/usr/include/c++/13/type_traits:116:11:[m[K [01;31m[Kerror: [m[Kno type named ‘[01m[Ktype[m[K’ in ‘[01m[Kstruct std::enable_if<false, std::function<void(std::shared_ptr<rclcpp_action::ClientGoalHandle<om_aiv_msg::action::Action> >)>&>[m[K’
  116 |     using [01;31m[K__enable_if_t[m[K = typename enable_if<_Cond, _Tp>::type;
      |           [01;31m[K^~~~~~~~~~~~~[m[K
[01m[K/usr/include/c++/13/bits/std_function.h:541:9:[m[K [01;36m[Knote: [m[Kcandidate: ‘[01m[Ktemplate<class _Functor> std::function<_Res(_ArgTypes ...)>& std::function<_Res(_ArgTypes ...)>::[01;32m[Koperator=[m[K(std::reference_wrapper<_Functor>) [35m[K[with _Res = void; _ArgTypes = {std::shared_ptr<rclcpp_action::ClientGoalHandle<om_aiv_msg::action::Action> >}][m[K[m[K’
  541 |         [01;36m[Koperator[m[K=(reference_wrapper<_Functor> __f) noexcept
      |         [01;36m[K^~~~~~~~[m[K
[01m[K/usr/include/c++/13/bits/std_function.h:541:9:[m[K [01;36m[Knote: [m[K  template argument deduction/substitution failed:
[01m[K/home/administrator/Masterproject2/20_ROS/src/Robots/Omron_AMR/src/demo/src/demo_execute_macro.cpp:57:64:[m[K [01;36m[Knote: [m[K  ‘[01m[Kstd::_Bind<void (demo::ActionClient::*(demo::ActionClient*, std::_Placeholder<1>))(std::shared_future<std::shared_ptr<rclcpp_action::ClientGoalHandle<om_aiv_msg::action::Action> > >)>[m[K’ is not derived from ‘[01m[Kstd::reference_wrapper<_Tp>[m[K’
   57 |       std::bind(&ActionClient::goal_response_callback, this, _1[01;36m[K)[m[K;
      |                                                                [01;36m[K^[m[K
[01m[K/usr/include/c++/13/bits/std_function.h:469:7:[m[K [01;36m[Knote: [m[Kcandidate: ‘[01m[Kstd::function<_Res(_ArgTypes ...)>& std::function<_Res(_ArgTypes ...)>::[01;32m[Koperator=[m[K(const std::function<_Res(_ArgTypes ...)>&) [35m[K[with _Res = void; _ArgTypes = {std::shared_ptr<rclcpp_action::ClientGoalHandle<om_aiv_msg::action::Action> >}][m[K[m[K’
  469 |       [01;36m[Koperator[m[K=(const function& __x)
      |       [01;36m[K^~~~~~~~[m[K
[01m[K/usr/include/c++/13/bits/std_function.h:469:33:[m[K [01;36m[Knote: [m[K  no known conversion for argument 1 from ‘[01m[Kstd::_Bind_helper<false, void (demo::ActionClient::*)(std::shared_future<std::shared_ptr<rclcpp_action::ClientGoalHandle<om_aiv_msg::action::Action> > >), demo::ActionClient*, const std::_Placeholder<1>&>::type[m[K’ to ‘[01m[Kconst std::function<void(std::shared_ptr<rclcpp_action::ClientGoalHandle<om_aiv_msg::action::Action> >)>&[m[K’
  469 |       operator=([01;36m[Kconst function& __x[m[K)
      |                 [01;36m[K~~~~~~~~~~~~~~~~^~~[m[K
[01m[K/usr/include/c++/13/bits/std_function.h:487:7:[m[K [01;36m[Knote: [m[Kcandidate: ‘[01m[Kstd::function<_Res(_ArgTypes ...)>& std::function<_Res(_ArgTypes ...)>::[01;32m[Koperator=[m[K(std::function<_Res(_ArgTypes ...)>&&) [35m[K[with _Res = void; _ArgTypes = {std::shared_ptr<rclcpp_action::ClientGoalHandle<om_aiv_msg::action::Action> >}][m[K[m[K’
  487 |       [01;36m[Koperator[m[K=(function&& __x) noexcept
      |       [01;36m[K^~~~~~~~[m[K
[01m[K/usr/include/c++/13/bits/std_function.h:487:28:[m[K [01;36m[Knote: [m[K  no known conversion for argument 1 from ‘[01m[Kstd::_Bind_helper<false, void (demo::ActionClient::*)(std::shared_future<std::shared_ptr<rclcpp_action::ClientGoalHandle<om_aiv_msg::action::Action> > >), demo::ActionClient*, const std::_Placeholder<1>&>::type[m[K’ to ‘[01m[Kstd::function<void(std::shared_ptr<rclcpp_action::ClientGoalHandle<om_aiv_msg::action::Action> >)>&&[m[K’
  487 |       operator=([01;36m[Kfunction&& __x[m[K) noexcept
      |                 [01;36m[K~~~~~~~~~~~^~~[m[K
[01m[K/usr/include/c++/13/bits/std_function.h:501:7:[m[K [01;36m[Knote: [m[Kcandidate: ‘[01m[Kstd::function<_Res(_ArgTypes ...)>& std::function<_Res(_ArgTypes ...)>::[01;32m[Koperator=[m[K(std::nullptr_t) [35m[K[with _Res = void; _ArgTypes = {std::shared_ptr<rclcpp_action::ClientGoalHandle<om_aiv_msg::action::Action> >}; std::nullptr_t = std::nullptr_t][m[K[m[K’
  501 |       [01;36m[Koperator[m[K=(nullptr_t) noexcept
      |       [01;36m[K^~~~~~~~[m[K
[01m[K/usr/include/c++/13/bits/std_function.h:501:17:[m[K [01;36m[Knote: [m[K  no known conversion for argument 1 from ‘[01m[Kstd::_Bind_helper<false, void (demo::ActionClient::*)(std::shared_future<std::shared_ptr<rclcpp_action::ClientGoalHandle<om_aiv_msg::action::Action> > >), demo::ActionClient*, const std::_Placeholder<1>&>::type[m[K’ to ‘[01m[Kstd::nullptr_t[m[K’
  501 |       operator=([01;36m[Knullptr_t[m[K) noexcept
      |                 [01;36m[K^~~~~~~~~[m[K
In file included from [01m[K/opt/ros/kilted/include/rclcpp/rclcpp/logging.hpp:24[m[K,
                 from [01m[K/opt/ros/kilted/include/rclcpp/rclcpp/copy_all_parameter_values.hpp:27[m[K,
                 from [01m[K/opt/ros/kilted/include/rclcpp/rclcpp/rclcpp.hpp:171[m[K,
                 from [01m[K/home/administrator/Masterproject2/20_ROS/src/Robots/Omron_AMR/src/demo/src/demo_execute_macro.cpp:10[m[K:
[01m[K/home/administrator/Masterproject2/20_ROS/src/Robots/Omron_AMR/src/demo/src/demo_execute_macro.cpp:[m[K In member function ‘[01m[Kvoid demo::ActionClient::[01;32m[Kfeedback_callback[m[K(rclcpp_action::ClientGoalHandle<om_aiv_msg::action::Action>::SharedPtr, std::shared_ptr<const om_aiv_msg::action::Action_Feedback_<std::allocator<void> > >)[m[K’:
[01m[K/home/administrator/Masterproject2/20_ROS/src/Robots/Omron_AMR/src/demo/src/demo_execute_macro.cpp:82:51:[m[K [01;31m[Kerror: [m[Kcannot convert ‘[01m[Kconst om_aiv_msg::action::Action_Feedback_<std::allocator<void> >::_feed_msg_type[m[K’ {aka ‘[01m[Kconst std::__cxx11::basic_string<char>[m[K’} to ‘[01m[Kconst char*[m[K’
   82 |         RCLCPP_INFO(this->get_logger(), [01;31m[Kfeedback->feed_msg[m[K);
      |                                         [01;31m[K~~~~~~~~~~^~~~~~~~[m[K
      |                                                   [01;31m[K|[m[K
      |                                                   [01;31m[Kconst om_aiv_msg::action::Action_Feedback_<std::allocator<void> >::_feed_msg_type {aka const std::__cxx11::basic_string<char>}[m[K
In file included from [01m[K/opt/ros/kilted/include/rmw/rmw/types.h:28[m[K,
                 from [01m[K/opt/ros/kilted/include/rcl/rcl/types.h:20[m[K,
                 from [01m[K/opt/ros/kilted/include/rclcpp/rclcpp/exceptions/exceptions.hpp:23[m[K,
                 from [01m[K/opt/ros/kilted/include/rclcpp/rclcpp/exceptions.hpp:18[m[K,
                 from [01m[K/opt/ros/kilted/include/rclcpp/rclcpp/parameter.hpp:25[m[K,
                 from [01m[K/opt/ros/kilted/include/rclcpp/rclcpp/copy_all_parameter_values.hpp:25[m[K:
[01m[K/opt/ros/kilted/include/rcutils/rcutils/logging.h:474:16:[m[K [01;36m[Knote: [m[K  initializing argument 4 of ‘[01m[Kvoid[01;32m[K rcutils_log_internal[m[K(const rcutils_log_location_t*, int, const char*, const char*, ...)[m[K’
  474 |   [01;36m[Kconst char * format[m[K,
      |   [01;36m[K~~~~~~~~~~~~~^~~~~~[m[K
[01m[K/home/administrator/Masterproject2/20_ROS/src/Robots/Omron_AMR/src/demo/src/demo_execute_macro.cpp:[m[K In member function ‘[01m[Kvoid demo::ActionClient::[01;32m[Kresult_callback[m[K(const rclcpp_action::ClientGoalHandle<om_aiv_msg::action::Action>::WrappedResult&)[m[K’:
[01m[K/home/administrator/Masterproject2/20_ROS/src/Robots/Omron_AMR/src/demo/src/demo_execute_macro.cpp:100:52:[m[K [01;31m[Kerror: [m[Kcannot convert ‘[01m[Kom_aiv_msg::action::Action_Result_<std::allocator<void> >::_res_msg_type[m[K’ {aka ‘[01m[Kstd::__cxx11::basic_string<char>[m[K’} to ‘[01m[Kconst char*[m[K’
  100 |     RCLCPP_INFO(this->get_logger(), [01;31m[Kresult.result->res_msg[m[K);
      |                                     [01;31m[K~~~~~~~~~~~~~~~^~~~~~~[m[K
      |                                                    [01;31m[K|[m[K
      |                                                    [01;31m[Kom_aiv_msg::action::Action_Result_<std::allocator<void> >::_res_msg_type {aka std::__cxx11::basic_string<char>}[m[K
[01m[K/opt/ros/kilted/include/rcutils/rcutils/logging.h:474:16:[m[K [01;36m[Knote: [m[K  initializing argument 4 of ‘[01m[Kvoid[01;32m[K rcutils_log_internal[m[K(const rcutils_log_location_t*, int, const char*, const char*, ...)[m[K’
  474 |   [01;36m[Kconst char * format[m[K,
      |   [01;36m[K~~~~~~~~~~~~~^~~~~~[m[K
gmake[2]: *** [CMakeFiles/action_client.dir/build.make:76: CMakeFiles/action_client.dir/src/demo_execute_macro.cpp.o] Error 1
gmake[1]: *** [CMakeFiles/Makefile2:167: CMakeFiles/action_client.dir/all] Error 2
gmake: *** [Makefile:146: all] Error 2
