[  1%] [34m[1mGenerating Rust code for ROS interfaces[0m
[  2%] [34m[1mGenerating type hashes for ROS interfaces[0m
[  2%] Built target ament_cmake_python_symlink_om_aiv_msg
running egg_info
creating om_aiv_msg.egg-info
writing om_aiv_msg.egg-info/PKG-INFO
writing dependency_links to om_aiv_msg.egg-info/dependency_links.txt
writing top-level names to om_aiv_msg.egg-info/top_level.txt
writing manifest file 'om_aiv_msg.egg-info/SOURCES.txt'
reading manifest file 'om_aiv_msg.egg-info/SOURCES.txt'
writing manifest file 'om_aiv_msg.egg-info/SOURCES.txt'
[  2%] Built target ament_cmake_python_build_om_aiv_msg_egg
[  2%] Built target om_aiv_msg__rs
[  2%] Built target om_aiv_msg__rosidl_generator_type_description
[  4%] [34m[1mGenerating C++ code for ROS interfaces[0m
[  5%] [34m[1mGenerating C code for ROS interfaces[0m
[  5%] Built target om_aiv_msg__cpp
[  6%] [32mBuilding C object CMakeFiles/om_aiv_msg__rosidl_generator_c.dir/rosidl_generator_c/om_aiv_msg/msg/detail/location__type_support.c.o[0m
[  8%] [32mBuilding C object CMakeFiles/om_aiv_msg__rosidl_generator_c.dir/rosidl_generator_c/om_aiv_msg/srv/detail/arcl_api__description.c.o[0m
[  9%] [32mBuilding C object CMakeFiles/om_aiv_msg__rosidl_generator_c.dir/rosidl_generator_c/om_aiv_msg/msg/detail/status__type_support.c.o[0m
[ 10%] [32mBuilding C object CMakeFiles/om_aiv_msg__rosidl_generator_c.dir/rosidl_generator_c/om_aiv_msg/msg/detail/location__description.c.o[0m
[ 12%] [32mBuilding C object CMakeFiles/om_aiv_msg__rosidl_generator_c.dir/rosidl_generator_c/om_aiv_msg/srv/detail/arcl_api__type_support.c.o[0m
[ 13%] [32mBuilding C object CMakeFiles/om_aiv_msg__rosidl_generator_c.dir/rosidl_generator_c/om_aiv_msg/msg/detail/status__functions.c.o[0m
[ 14%] [32mBuilding C object CMakeFiles/om_aiv_msg__rosidl_generator_c.dir/rosidl_generator_c/om_aiv_msg/srv/detail/arcl_api__functions.c.o[0m
[ 16%] [32mBuilding C object CMakeFiles/om_aiv_msg__rosidl_generator_c.dir/rosidl_generator_c/om_aiv_msg/msg/detail/location__functions.c.o[0m
[ 17%] [32mBuilding C object CMakeFiles/om_aiv_msg__rosidl_generator_c.dir/rosidl_generator_c/om_aiv_msg/srv/detail/arcl_listen__description.c.o[0m
[ 18%] [32mBuilding C object CMakeFiles/om_aiv_msg__rosidl_generator_c.dir/rosidl_generator_c/om_aiv_msg/srv/detail/arcl_listen__functions.c.o[0m
[ 20%] [32mBuilding C object CMakeFiles/om_aiv_msg__rosidl_generator_c.dir/rosidl_generator_c/om_aiv_msg/msg/detail/status__description.c.o[0m
[ 22%] [32mBuilding C object CMakeFiles/om_aiv_msg__rosidl_generator_c.dir/rosidl_generator_c/om_aiv_msg/action/detail/action__description.c.o[0m
[ 22%] [32mBuilding C object CMakeFiles/om_aiv_msg__rosidl_generator_c.dir/rosidl_generator_c/om_aiv_msg/srv/detail/arcl_listen__type_support.c.o[0m
[ 24%] [32mBuilding C object CMakeFiles/om_aiv_msg__rosidl_generator_c.dir/rosidl_generator_c/om_aiv_msg/action/detail/action__type_support.c.o[0m
[ 25%] [32mBuilding C object CMakeFiles/om_aiv_msg__rosidl_generator_c.dir/rosidl_generator_c/om_aiv_msg/action/detail/action__functions.c.o[0m
[ 26%] [32m[1mLinking C shared library libom_aiv_msg__rosidl_generator_c.so[0m
[ 26%] Built target om_aiv_msg__rosidl_generator_c
[ 28%] [34m[1mGenerating C type support for eProsima Fast-RTPS[0m
[ 29%] [34m[1mGenerating C type support dispatch for ROS interfaces[0m
[ 30%] [34m[1mGenerating C++ type support for eProsima Fast-RTPS[0m
[ 32%] [34m[1mGenerating C++ introspection for ROS interfaces[0m
[ 34%] [34m[1mGenerating C++ type support dispatch for ROS interfaces[0m
[ 34%] [34m[1mGenerating C introspection for ROS interfaces[0m
[ 36%] [32mBuilding CXX object CMakeFiles/om_aiv_msg__rosidl_typesupport_cpp.dir/rosidl_typesupport_cpp/om_aiv_msg/msg/location__type_support.cpp.o[0m
[ 37%] [32mBuilding CXX object CMakeFiles/om_aiv_msg__rosidl_typesupport_cpp.dir/rosidl_typesupport_cpp/om_aiv_msg/msg/status__type_support.cpp.o[0m
[ 38%] [32mBuilding CXX object CMakeFiles/om_aiv_msg__rosidl_typesupport_cpp.dir/rosidl_typesupport_cpp/om_aiv_msg/srv/arcl_api__type_support.cpp.o[0m
[ 40%] [32mBuilding CXX object CMakeFiles/om_aiv_msg__rosidl_typesupport_cpp.dir/rosidl_typesupport_cpp/om_aiv_msg/srv/arcl_listen__type_support.cpp.o[0m
[ 41%] [32mBuilding CXX object CMakeFiles/om_aiv_msg__rosidl_typesupport_cpp.dir/rosidl_typesupport_cpp/om_aiv_msg/action/action__type_support.cpp.o[0m
[ 42%] [32mBuilding CXX object CMakeFiles/om_aiv_msg__rosidl_typesupport_c.dir/rosidl_typesupport_c/om_aiv_msg/msg/location__type_support.cpp.o[0m
[ 44%] [32mBuilding CXX object CMakeFiles/om_aiv_msg__rosidl_typesupport_c.dir/rosidl_typesupport_c/om_aiv_msg/srv/arcl_api__type_support.cpp.o[0m
[ 45%] [32mBuilding CXX object CMakeFiles/om_aiv_msg__rosidl_typesupport_c.dir/rosidl_typesupport_c/om_aiv_msg/msg/status__type_support.cpp.o[0m
[ 46%] [32mBuilding CXX object CMakeFiles/om_aiv_msg__rosidl_typesupport_c.dir/rosidl_typesupport_c/om_aiv_msg/srv/arcl_listen__type_support.cpp.o[0m
[ 48%] [32mBuilding CXX object CMakeFiles/om_aiv_msg__rosidl_typesupport_c.dir/rosidl_typesupport_c/om_aiv_msg/action/action__type_support.cpp.o[0m
[ 49%] [32mBuilding C object CMakeFiles/om_aiv_msg__rosidl_typesupport_introspection_c.dir/rosidl_typesupport_introspection_c/om_aiv_msg/msg/detail/location__type_support.c.o[0m
[ 50%] [32mBuilding CXX object CMakeFiles/om_aiv_msg__rosidl_typesupport_introspection_cpp.dir/rosidl_typesupport_introspection_cpp/om_aiv_msg/msg/detail/status__type_support.cpp.o[0m
[ 52%] [32mBuilding C object CMakeFiles/om_aiv_msg__rosidl_typesupport_introspection_c.dir/rosidl_typesupport_introspection_c/om_aiv_msg/msg/detail/status__type_support.c.o[0m
[ 53%] [32mBuilding CXX object CMakeFiles/om_aiv_msg__rosidl_typesupport_introspection_cpp.dir/rosidl_typesupport_introspection_cpp/om_aiv_msg/srv/detail/arcl_api__type_support.cpp.o[0m
[ 54%] [32mBuilding CXX object CMakeFiles/om_aiv_msg__rosidl_typesupport_fastrtps_cpp.dir/rosidl_typesupport_fastrtps_cpp/om_aiv_msg/msg/detail/dds_fastrtps/location__type_support.cpp.o[0m
[ 56%] [32mBuilding CXX object CMakeFiles/om_aiv_msg__rosidl_typesupport_introspection_cpp.dir/rosidl_typesupport_introspection_cpp/om_aiv_msg/msg/detail/location__type_support.cpp.o[0m
[ 57%] [32mBuilding C object CMakeFiles/om_aiv_msg__rosidl_typesupport_introspection_c.dir/rosidl_typesupport_introspection_c/om_aiv_msg/srv/detail/arcl_api__type_support.c.o[0m
[ 58%] [32m[1mLinking CXX shared library libom_aiv_msg__rosidl_typesupport_c.so[0m
[ 60%] [32mBuilding C object CMakeFiles/om_aiv_msg__rosidl_typesupport_introspection_c.dir/rosidl_typesupport_introspection_c/om_aiv_msg/srv/detail/arcl_listen__type_support.c.o[0m
[ 61%] [32mBuilding CXX object CMakeFiles/om_aiv_msg__rosidl_typesupport_fastrtps_c.dir/rosidl_typesupport_fastrtps_c/om_aiv_msg/msg/detail/location__type_support_c.cpp.o[0m
[ 62%] [32mBuilding C object CMakeFiles/om_aiv_msg__rosidl_typesupport_introspection_c.dir/rosidl_typesupport_introspection_c/om_aiv_msg/action/detail/action__type_support.c.o[0m
[ 62%] Built target om_aiv_msg__rosidl_typesupport_c
[ 64%] [32mBuilding CXX object CMakeFiles/om_aiv_msg__rosidl_typesupport_fastrtps_c.dir/rosidl_typesupport_fastrtps_c/om_aiv_msg/msg/detail/status__type_support_c.cpp.o[0m
[ 65%] [32mBuilding CXX object CMakeFiles/om_aiv_msg__rosidl_typesupport_fastrtps_c.dir/rosidl_typesupport_fastrtps_c/om_aiv_msg/srv/detail/arcl_api__type_support_c.cpp.o[0m
[ 66%] [32mBuilding CXX object CMakeFiles/om_aiv_msg__rosidl_typesupport_fastrtps_cpp.dir/rosidl_typesupport_fastrtps_cpp/om_aiv_msg/msg/detail/dds_fastrtps/status__type_support.cpp.o[0m
[ 68%] [32mBuilding CXX object CMakeFiles/om_aiv_msg__rosidl_typesupport_introspection_cpp.dir/rosidl_typesupport_introspection_cpp/om_aiv_msg/srv/detail/arcl_listen__type_support.cpp.o[0m
[ 69%] [32m[1mLinking C shared library libom_aiv_msg__rosidl_typesupport_introspection_c.so[0m
[ 70%] [32mBuilding CXX object CMakeFiles/om_aiv_msg__rosidl_typesupport_fastrtps_c.dir/rosidl_typesupport_fastrtps_c/om_aiv_msg/srv/detail/arcl_listen__type_support_c.cpp.o[0m
[ 72%] [32mBuilding CXX object CMakeFiles/om_aiv_msg__rosidl_typesupport_introspection_cpp.dir/rosidl_typesupport_introspection_cpp/om_aiv_msg/action/detail/action__type_support.cpp.o[0m
[ 73%] [32mBuilding CXX object CMakeFiles/om_aiv_msg__rosidl_typesupport_fastrtps_cpp.dir/rosidl_typesupport_fastrtps_cpp/om_aiv_msg/srv/detail/dds_fastrtps/arcl_api__type_support.cpp.o[0m
[ 73%] Built target om_aiv_msg__rosidl_typesupport_introspection_c
[ 74%] [32mBuilding CXX object CMakeFiles/om_aiv_msg__rosidl_typesupport_fastrtps_c.dir/rosidl_typesupport_fastrtps_c/om_aiv_msg/action/detail/action__type_support_c.cpp.o[0m
[ 76%] [32mBuilding CXX object CMakeFiles/om_aiv_msg__rosidl_typesupport_fastrtps_cpp.dir/rosidl_typesupport_fastrtps_cpp/om_aiv_msg/srv/detail/dds_fastrtps/arcl_listen__type_support.cpp.o[0m
[ 77%] [32mBuilding CXX object CMakeFiles/om_aiv_msg__rosidl_typesupport_fastrtps_cpp.dir/rosidl_typesupport_fastrtps_cpp/om_aiv_msg/action/detail/dds_fastrtps/action__type_support.cpp.o[0m
[ 78%] [32m[1mLinking CXX shared library libom_aiv_msg__rosidl_typesupport_cpp.so[0m
[ 78%] Built target om_aiv_msg__rosidl_typesupport_cpp
[ 80%] [32m[1mLinking CXX shared library libom_aiv_msg__rosidl_typesupport_fastrtps_c.so[0m
[ 80%] Built target om_aiv_msg__rosidl_typesupport_fastrtps_c
[ 81%] [32m[1mLinking CXX shared library libom_aiv_msg__rosidl_typesupport_introspection_cpp.so[0m
[ 81%] Built target om_aiv_msg__rosidl_typesupport_introspection_cpp
[ 82%] [32m[1mLinking CXX shared library libom_aiv_msg__rosidl_typesupport_fastrtps_cpp.so[0m
[ 82%] Built target om_aiv_msg__rosidl_typesupport_fastrtps_cpp
[ 82%] Built target om_aiv_msg
[ 84%] [34m[1mGenerating Python code for ROS interfaces[0m
[ 84%] Built target om_aiv_msg__py
[ 85%] [32mBuilding C object CMakeFiles/om_aiv_msg__rosidl_generator_py.dir/rosidl_generator_py/om_aiv_msg/msg/_location_s.c.o[0m
[ 86%] [32mBuilding C object CMakeFiles/om_aiv_msg__rosidl_generator_py.dir/rosidl_generator_py/om_aiv_msg/msg/_status_s.c.o[0m
[ 88%] [32mBuilding C object CMakeFiles/om_aiv_msg__rosidl_generator_py.dir/rosidl_generator_py/om_aiv_msg/srv/_arcl_listen_s.c.o[0m
[ 89%] [32mBuilding C object CMakeFiles/om_aiv_msg__rosidl_generator_py.dir/rosidl_generator_py/om_aiv_msg/srv/_arcl_api_s.c.o[0m
[ 90%] [32mBuilding C object CMakeFiles/om_aiv_msg__rosidl_generator_py.dir/rosidl_generator_py/om_aiv_msg/action/_action_s.c.o[0m
[ 92%] [32m[1mLinking C shared library libom_aiv_msg__rosidl_generator_py.so[0m
[ 92%] Built target om_aiv_msg__rosidl_generator_py
[ 93%] [32mBuilding C object CMakeFiles/om_aiv_msg_s__rosidl_typesupport_fastrtps_c.dir/rosidl_generator_py/om_aiv_msg/_om_aiv_msg_s.ep.rosidl_typesupport_fastrtps_c.c.o[0m
[ 94%] [32mBuilding C object CMakeFiles/om_aiv_msg_s__rosidl_typesupport_introspection_c.dir/rosidl_generator_py/om_aiv_msg/_om_aiv_msg_s.ep.rosidl_typesupport_introspection_c.c.o[0m
[ 96%] [32mBuilding C object CMakeFiles/om_aiv_msg_s__rosidl_typesupport_c.dir/rosidl_generator_py/om_aiv_msg/_om_aiv_msg_s.ep.rosidl_typesupport_c.c.o[0m
[ 97%] [32m[1mLinking C shared module rosidl_generator_py/om_aiv_msg/om_aiv_msg_s__rosidl_typesupport_c.so[0m
[ 98%] [32m[1mLinking C shared module rosidl_generator_py/om_aiv_msg/om_aiv_msg_s__rosidl_typesupport_fastrtps_c.so[0m
[100%] [32m[1mLinking C shared module rosidl_generator_py/om_aiv_msg/om_aiv_msg_s__rosidl_typesupport_introspection_c.so[0m
[100%] Built target om_aiv_msg_s__rosidl_typesupport_c
[100%] Built target om_aiv_msg_s__rosidl_typesupport_fastrtps_c
[100%] Built target om_aiv_msg_s__rosidl_typesupport_introspection_c
-- Install configuration: ""
-- Execute custom install script
-- Symlinking: /home/administrator/Masterproject2/20_ROS/src/Robots/install/om_aiv_msg/share/ament_index/resource_index/rosidl_interfaces/om_aiv_msg
-- Symlinking: /home/administrator/Masterproject2/20_ROS/src/Robots/install/om_aiv_msg/share/om_aiv_msg/msg/Location.json
-- Symlinking: /home/administrator/Masterproject2/20_ROS/src/Robots/install/om_aiv_msg/share/om_aiv_msg/msg/Status.json
-- Symlinking: /home/administrator/Masterproject2/20_ROS/src/Robots/install/om_aiv_msg/share/om_aiv_msg/srv/ArclApi.json
-- Symlinking: /home/administrator/Masterproject2/20_ROS/src/Robots/install/om_aiv_msg/share/om_aiv_msg/srv/ArclListen.json
-- Symlinking: /home/administrator/Masterproject2/20_ROS/src/Robots/install/om_aiv_msg/share/om_aiv_msg/action/Action.json
-- Symlinking: /home/administrator/Masterproject2/20_ROS/src/Robots/install/om_aiv_msg/include/om_aiv_msg/om_aiv_msg/action/action.h
-- Symlinking: /home/administrator/Masterproject2/20_ROS/src/Robots/install/om_aiv_msg/include/om_aiv_msg/om_aiv_msg/action/detail/action__functions.h
-- Symlinking: /home/administrator/Masterproject2/20_ROS/src/Robots/install/om_aiv_msg/include/om_aiv_msg/om_aiv_msg/action/detail/action__struct.h
-- Symlinking: /home/administrator/Masterproject2/20_ROS/src/Robots/install/om_aiv_msg/include/om_aiv_msg/om_aiv_msg/action/detail/action__type_support.h
-- Symlinking: /home/administrator/Masterproject2/20_ROS/src/Robots/install/om_aiv_msg/include/om_aiv_msg/om_aiv_msg/msg/detail/location__functions.h
-- Symlinking: /home/administrator/Masterproject2/20_ROS/src/Robots/install/om_aiv_msg/include/om_aiv_msg/om_aiv_msg/msg/detail/location__struct.h
-- Symlinking: /home/administrator/Masterproject2/20_ROS/src/Robots/install/om_aiv_msg/include/om_aiv_msg/om_aiv_msg/msg/detail/location__type_support.h
-- Symlinking: /home/administrator/Masterproject2/20_ROS/src/Robots/install/om_aiv_msg/include/om_aiv_msg/om_aiv_msg/msg/detail/status__functions.h
-- Symlinking: /home/administrator/Masterproject2/20_ROS/src/Robots/install/om_aiv_msg/include/om_aiv_msg/om_aiv_msg/msg/detail/status__struct.h
-- Symlinking: /home/administrator/Masterproject2/20_ROS/src/Robots/install/om_aiv_msg/include/om_aiv_msg/om_aiv_msg/msg/detail/status__type_support.h
-- Symlinking: /home/administrator/Masterproject2/20_ROS/src/Robots/install/om_aiv_msg/include/om_aiv_msg/om_aiv_msg/msg/location.h
-- Symlinking: /home/administrator/Masterproject2/20_ROS/src/Robots/install/om_aiv_msg/include/om_aiv_msg/om_aiv_msg/msg/rosidl_generator_c__visibility_control.h
-- Symlinking: /home/administrator/Masterproject2/20_ROS/src/Robots/install/om_aiv_msg/include/om_aiv_msg/om_aiv_msg/msg/status.h
-- Symlinking: /home/administrator/Masterproject2/20_ROS/src/Robots/install/om_aiv_msg/include/om_aiv_msg/om_aiv_msg/srv/arcl_api.h
-- Symlinking: /home/administrator/Masterproject2/20_ROS/src/Robots/install/om_aiv_msg/include/om_aiv_msg/om_aiv_msg/srv/arcl_listen.h
-- Symlinking: /home/administrator/Masterproject2/20_ROS/src/Robots/install/om_aiv_msg/include/om_aiv_msg/om_aiv_msg/srv/detail/arcl_api__functions.h
-- Symlinking: /home/administrator/Masterproject2/20_ROS/src/Robots/install/om_aiv_msg/include/om_aiv_msg/om_aiv_msg/srv/detail/arcl_api__struct.h
-- Symlinking: /home/administrator/Masterproject2/20_ROS/src/Robots/install/om_aiv_msg/include/om_aiv_msg/om_aiv_msg/srv/detail/arcl_api__type_support.h
-- Symlinking: /home/administrator/Masterproject2/20_ROS/src/Robots/install/om_aiv_msg/include/om_aiv_msg/om_aiv_msg/srv/detail/arcl_listen__functions.h
-- Symlinking: /home/administrator/Masterproject2/20_ROS/src/Robots/install/om_aiv_msg/include/om_aiv_msg/om_aiv_msg/srv/detail/arcl_listen__struct.h
-- Symlinking: /home/administrator/Masterproject2/20_ROS/src/Robots/install/om_aiv_msg/include/om_aiv_msg/om_aiv_msg/srv/detail/arcl_listen__type_support.h
-- Symlinking: /home/administrator/Masterproject2/20_ROS/src/Robots/install/om_aiv_msg/share/om_aiv_msg/environment/library_path.sh
-- Symlinking: /home/administrator/Masterproject2/20_ROS/src/Robots/install/om_aiv_msg/share/om_aiv_msg/environment/library_path.dsv
-- Symlinking: /home/administrator/Masterproject2/20_ROS/src/Robots/install/om_aiv_msg/include/om_aiv_msg/om_aiv_msg/action/detail/action__rosidl_typesupport_fastrtps_c.h
-- Symlinking: /home/administrator/Masterproject2/20_ROS/src/Robots/install/om_aiv_msg/include/om_aiv_msg/om_aiv_msg/msg/detail/location__rosidl_typesupport_fastrtps_c.h
-- Symlinking: /home/administrator/Masterproject2/20_ROS/src/Robots/install/om_aiv_msg/include/om_aiv_msg/om_aiv_msg/msg/detail/status__rosidl_typesupport_fastrtps_c.h
-- Symlinking: /home/administrator/Masterproject2/20_ROS/src/Robots/install/om_aiv_msg/include/om_aiv_msg/om_aiv_msg/msg/rosidl_typesupport_fastrtps_c__visibility_control.h
-- Symlinking: /home/administrator/Masterproject2/20_ROS/src/Robots/install/om_aiv_msg/include/om_aiv_msg/om_aiv_msg/srv/detail/arcl_api__rosidl_typesupport_fastrtps_c.h
-- Symlinking: /home/administrator/Masterproject2/20_ROS/src/Robots/install/om_aiv_msg/include/om_aiv_msg/om_aiv_msg/srv/detail/arcl_listen__rosidl_typesupport_fastrtps_c.h
-- Symlinking: /home/administrator/Masterproject2/20_ROS/src/Robots/install/om_aiv_msg/include/om_aiv_msg/om_aiv_msg/action/action.hpp
-- Symlinking: /home/administrator/Masterproject2/20_ROS/src/Robots/install/om_aiv_msg/include/om_aiv_msg/om_aiv_msg/action/detail/action__builder.hpp
-- Symlinking: /home/administrator/Masterproject2/20_ROS/src/Robots/install/om_aiv_msg/include/om_aiv_msg/om_aiv_msg/action/detail/action__struct.hpp
-- Symlinking: /home/administrator/Masterproject2/20_ROS/src/Robots/install/om_aiv_msg/include/om_aiv_msg/om_aiv_msg/action/detail/action__traits.hpp
-- Symlinking: /home/administrator/Masterproject2/20_ROS/src/Robots/install/om_aiv_msg/include/om_aiv_msg/om_aiv_msg/action/detail/action__type_support.hpp
-- Symlinking: /home/administrator/Masterproject2/20_ROS/src/Robots/install/om_aiv_msg/include/om_aiv_msg/om_aiv_msg/msg/detail/location__builder.hpp
-- Symlinking: /home/administrator/Masterproject2/20_ROS/src/Robots/install/om_aiv_msg/include/om_aiv_msg/om_aiv_msg/msg/detail/location__struct.hpp
-- Symlinking: /home/administrator/Masterproject2/20_ROS/src/Robots/install/om_aiv_msg/include/om_aiv_msg/om_aiv_msg/msg/detail/location__traits.hpp
-- Symlinking: /home/administrator/Masterproject2/20_ROS/src/Robots/install/om_aiv_msg/include/om_aiv_msg/om_aiv_msg/msg/detail/location__type_support.hpp
-- Symlinking: /home/administrator/Masterproject2/20_ROS/src/Robots/install/om_aiv_msg/include/om_aiv_msg/om_aiv_msg/msg/detail/status__builder.hpp
-- Symlinking: /home/administrator/Masterproject2/20_ROS/src/Robots/install/om_aiv_msg/include/om_aiv_msg/om_aiv_msg/msg/detail/status__struct.hpp
-- Symlinking: /home/administrator/Masterproject2/20_ROS/src/Robots/install/om_aiv_msg/include/om_aiv_msg/om_aiv_msg/msg/detail/status__traits.hpp
-- Symlinking: /home/administrator/Masterproject2/20_ROS/src/Robots/install/om_aiv_msg/include/om_aiv_msg/om_aiv_msg/msg/detail/status__type_support.hpp
-- Symlinking: /home/administrator/Masterproject2/20_ROS/src/Robots/install/om_aiv_msg/include/om_aiv_msg/om_aiv_msg/msg/location.hpp
-- Symlinking: /home/administrator/Masterproject2/20_ROS/src/Robots/install/om_aiv_msg/include/om_aiv_msg/om_aiv_msg/msg/rosidl_generator_cpp__visibility_control.hpp
-- Symlinking: /home/administrator/Masterproject2/20_ROS/src/Robots/install/om_aiv_msg/include/om_aiv_msg/om_aiv_msg/msg/status.hpp
-- Symlinking: /home/administrator/Masterproject2/20_ROS/src/Robots/install/om_aiv_msg/include/om_aiv_msg/om_aiv_msg/srv/arcl_api.hpp
-- Symlinking: /home/administrator/Masterproject2/20_ROS/src/Robots/install/om_aiv_msg/include/om_aiv_msg/om_aiv_msg/srv/arcl_listen.hpp
-- Symlinking: /home/administrator/Masterproject2/20_ROS/src/Robots/install/om_aiv_msg/include/om_aiv_msg/om_aiv_msg/srv/detail/arcl_api__builder.hpp
-- Symlinking: /home/administrator/Masterproject2/20_ROS/src/Robots/install/om_aiv_msg/include/om_aiv_msg/om_aiv_msg/srv/detail/arcl_api__struct.hpp
-- Symlinking: /home/administrator/Masterproject2/20_ROS/src/Robots/install/om_aiv_msg/include/om_aiv_msg/om_aiv_msg/srv/detail/arcl_api__traits.hpp
-- Symlinking: /home/administrator/Masterproject2/20_ROS/src/Robots/install/om_aiv_msg/include/om_aiv_msg/om_aiv_msg/srv/detail/arcl_api__type_support.hpp
-- Symlinking: /home/administrator/Masterproject2/20_ROS/src/Robots/install/om_aiv_msg/include/om_aiv_msg/om_aiv_msg/srv/detail/arcl_listen__builder.hpp
-- Symlinking: /home/administrator/Masterproject2/20_ROS/src/Robots/install/om_aiv_msg/include/om_aiv_msg/om_aiv_msg/srv/detail/arcl_listen__struct.hpp
-- Symlinking: /home/administrator/Masterproject2/20_ROS/src/Robots/install/om_aiv_msg/include/om_aiv_msg/om_aiv_msg/srv/detail/arcl_listen__traits.hpp
-- Symlinking: /home/administrator/Masterproject2/20_ROS/src/Robots/install/om_aiv_msg/include/om_aiv_msg/om_aiv_msg/srv/detail/arcl_listen__type_support.hpp
-- Symlinking: /home/administrator/Masterproject2/20_ROS/src/Robots/install/om_aiv_msg/include/om_aiv_msg/om_aiv_msg/action/detail/action__rosidl_typesupport_fastrtps_cpp.hpp
-- Symlinking: /home/administrator/Masterproject2/20_ROS/src/Robots/install/om_aiv_msg/include/om_aiv_msg/om_aiv_msg/msg/detail/location__rosidl_typesupport_fastrtps_cpp.hpp
-- Symlinking: /home/administrator/Masterproject2/20_ROS/src/Robots/install/om_aiv_msg/include/om_aiv_msg/om_aiv_msg/msg/detail/status__rosidl_typesupport_fastrtps_cpp.hpp
-- Symlinking: /home/administrator/Masterproject2/20_ROS/src/Robots/install/om_aiv_msg/include/om_aiv_msg/om_aiv_msg/msg/rosidl_typesupport_fastrtps_cpp__visibility_control.h
-- Symlinking: /home/administrator/Masterproject2/20_ROS/src/Robots/install/om_aiv_msg/include/om_aiv_msg/om_aiv_msg/srv/detail/arcl_api__rosidl_typesupport_fastrtps_cpp.hpp
-- Symlinking: /home/administrator/Masterproject2/20_ROS/src/Robots/install/om_aiv_msg/include/om_aiv_msg/om_aiv_msg/srv/detail/arcl_listen__rosidl_typesupport_fastrtps_cpp.hpp
-- Symlinking: /home/administrator/Masterproject2/20_ROS/src/Robots/install/om_aiv_msg/include/om_aiv_msg/om_aiv_msg/action/detail/action__rosidl_typesupport_introspection_c.h
-- Symlinking: /home/administrator/Masterproject2/20_ROS/src/Robots/install/om_aiv_msg/include/om_aiv_msg/om_aiv_msg/msg/detail/location__rosidl_typesupport_introspection_c.h
-- Symlinking: /home/administrator/Masterproject2/20_ROS/src/Robots/install/om_aiv_msg/include/om_aiv_msg/om_aiv_msg/msg/detail/status__rosidl_typesupport_introspection_c.h
-- Symlinking: /home/administrator/Masterproject2/20_ROS/src/Robots/install/om_aiv_msg/include/om_aiv_msg/om_aiv_msg/msg/rosidl_typesupport_introspection_c__visibility_control.h
-- Symlinking: /home/administrator/Masterproject2/20_ROS/src/Robots/install/om_aiv_msg/include/om_aiv_msg/om_aiv_msg/srv/detail/arcl_api__rosidl_typesupport_introspection_c.h
-- Symlinking: /home/administrator/Masterproject2/20_ROS/src/Robots/install/om_aiv_msg/include/om_aiv_msg/om_aiv_msg/srv/detail/arcl_listen__rosidl_typesupport_introspection_c.h
-- Symlinking: /home/administrator/Masterproject2/20_ROS/src/Robots/install/om_aiv_msg/include/om_aiv_msg/om_aiv_msg/action/detail/action__rosidl_typesupport_introspection_cpp.hpp
-- Symlinking: /home/administrator/Masterproject2/20_ROS/src/Robots/install/om_aiv_msg/include/om_aiv_msg/om_aiv_msg/msg/detail/location__rosidl_typesupport_introspection_cpp.hpp
-- Symlinking: /home/administrator/Masterproject2/20_ROS/src/Robots/install/om_aiv_msg/include/om_aiv_msg/om_aiv_msg/msg/detail/status__rosidl_typesupport_introspection_cpp.hpp
-- Symlinking: /home/administrator/Masterproject2/20_ROS/src/Robots/install/om_aiv_msg/include/om_aiv_msg/om_aiv_msg/srv/detail/arcl_api__rosidl_typesupport_introspection_cpp.hpp
-- Symlinking: /home/administrator/Masterproject2/20_ROS/src/Robots/install/om_aiv_msg/include/om_aiv_msg/om_aiv_msg/srv/detail/arcl_listen__rosidl_typesupport_introspection_cpp.hpp
-- Symlinking: /home/administrator/Masterproject2/20_ROS/src/Robots/install/om_aiv_msg/share/om_aiv_msg/environment/pythonpath.sh
-- Symlinking: /home/administrator/Masterproject2/20_ROS/src/Robots/install/om_aiv_msg/share/om_aiv_msg/environment/pythonpath.dsv
-- Symlinking: /home/administrator/Masterproject2/20_ROS/src/Robots/install/om_aiv_msg/lib/python3.12/site-packages/om_aiv_msg-0.0.0-py3.12.egg-info/PKG-INFO
-- Symlinking: /home/administrator/Masterproject2/20_ROS/src/Robots/install/om_aiv_msg/lib/python3.12/site-packages/om_aiv_msg-0.0.0-py3.12.egg-info/SOURCES.txt
-- Symlinking: /home/administrator/Masterproject2/20_ROS/src/Robots/install/om_aiv_msg/lib/python3.12/site-packages/om_aiv_msg-0.0.0-py3.12.egg-info/dependency_links.txt
-- Symlinking: /home/administrator/Masterproject2/20_ROS/src/Robots/install/om_aiv_msg/lib/python3.12/site-packages/om_aiv_msg-0.0.0-py3.12.egg-info/top_level.txt
-- Symlinking: /home/administrator/Masterproject2/20_ROS/src/Robots/install/om_aiv_msg/lib/python3.12/site-packages/om_aiv_msg/__init__.py
-- Symlinking: /home/administrator/Masterproject2/20_ROS/src/Robots/install/om_aiv_msg/lib/python3.12/site-packages/om_aiv_msg/_om_aiv_msg_s.ep.rosidl_typesupport_c.c
-- Symlinking: /home/administrator/Masterproject2/20_ROS/src/Robots/install/om_aiv_msg/lib/python3.12/site-packages/om_aiv_msg/_om_aiv_msg_s.ep.rosidl_typesupport_fastrtps_c.c
-- Symlinking: /home/administrator/Masterproject2/20_ROS/src/Robots/install/om_aiv_msg/lib/python3.12/site-packages/om_aiv_msg/_om_aiv_msg_s.ep.rosidl_typesupport_introspection_c.c
-- Symlinking: /home/administrator/Masterproject2/20_ROS/src/Robots/install/om_aiv_msg/lib/python3.12/site-packages/om_aiv_msg/action/__init__.py
-- Symlinking: /home/administrator/Masterproject2/20_ROS/src/Robots/install/om_aiv_msg/lib/python3.12/site-packages/om_aiv_msg/action/_action.py
-- Symlinking: /home/administrator/Masterproject2/20_ROS/src/Robots/install/om_aiv_msg/lib/python3.12/site-packages/om_aiv_msg/action/_action_s.c
-- Symlinking: /home/administrator/Masterproject2/20_ROS/src/Robots/install/om_aiv_msg/lib/python3.12/site-packages/om_aiv_msg/msg/__init__.py
-- Symlinking: /home/administrator/Masterproject2/20_ROS/src/Robots/install/om_aiv_msg/lib/python3.12/site-packages/om_aiv_msg/msg/_location.py
-- Symlinking: /home/administrator/Masterproject2/20_ROS/src/Robots/install/om_aiv_msg/lib/python3.12/site-packages/om_aiv_msg/msg/_location_s.c
-- Symlinking: /home/administrator/Masterproject2/20_ROS/src/Robots/install/om_aiv_msg/lib/python3.12/site-packages/om_aiv_msg/msg/_status.py
-- Symlinking: /home/administrator/Masterproject2/20_ROS/src/Robots/install/om_aiv_msg/lib/python3.12/site-packages/om_aiv_msg/msg/_status_s.c
-- Symlinking: /home/administrator/Masterproject2/20_ROS/src/Robots/install/om_aiv_msg/lib/python3.12/site-packages/om_aiv_msg/om_aiv_msg_s__rosidl_typesupport_c.so
-- Symlinking: /home/administrator/Masterproject2/20_ROS/src/Robots/install/om_aiv_msg/lib/python3.12/site-packages/om_aiv_msg/om_aiv_msg_s__rosidl_typesupport_fastrtps_c.so
-- Symlinking: /home/administrator/Masterproject2/20_ROS/src/Robots/install/om_aiv_msg/lib/python3.12/site-packages/om_aiv_msg/om_aiv_msg_s__rosidl_typesupport_introspection_c.so
-- Symlinking: /home/administrator/Masterproject2/20_ROS/src/Robots/install/om_aiv_msg/lib/python3.12/site-packages/om_aiv_msg/srv/__init__.py
-- Symlinking: /home/administrator/Masterproject2/20_ROS/src/Robots/install/om_aiv_msg/lib/python3.12/site-packages/om_aiv_msg/srv/_arcl_api.py
-- Symlinking: /home/administrator/Masterproject2/20_ROS/src/Robots/install/om_aiv_msg/lib/python3.12/site-packages/om_aiv_msg/srv/_arcl_api_s.c
-- Symlinking: /home/administrator/Masterproject2/20_ROS/src/Robots/install/om_aiv_msg/lib/python3.12/site-packages/om_aiv_msg/srv/_arcl_listen.py
-- Symlinking: /home/administrator/Masterproject2/20_ROS/src/Robots/install/om_aiv_msg/lib/python3.12/site-packages/om_aiv_msg/srv/_arcl_listen_s.c
-- Up-to-date symlink: /home/administrator/Masterproject2/20_ROS/src/Robots/install/om_aiv_msg/lib/python3.12/site-packages/om_aiv_msg/om_aiv_msg_s__rosidl_typesupport_fastrtps_c.so
-- Up-to-date symlink: /home/administrator/Masterproject2/20_ROS/src/Robots/install/om_aiv_msg/lib/python3.12/site-packages/om_aiv_msg/om_aiv_msg_s__rosidl_typesupport_introspection_c.so
-- Up-to-date symlink: /home/administrator/Masterproject2/20_ROS/src/Robots/install/om_aiv_msg/lib/python3.12/site-packages/om_aiv_msg/om_aiv_msg_s__rosidl_typesupport_c.so
-- Symlinking: /home/administrator/Masterproject2/20_ROS/src/Robots/install/om_aiv_msg/share/ament_index/resource_index/rust_packages/om_aiv_msg
-- Symlinking: /home/administrator/Masterproject2/20_ROS/src/Robots/install/om_aiv_msg/share/om_aiv_msg/rust/Cargo.toml
-- Symlinking: /home/administrator/Masterproject2/20_ROS/src/Robots/install/om_aiv_msg/share/om_aiv_msg/rust/build.rs
-- Symlinking: /home/administrator/Masterproject2/20_ROS/src/Robots/install/om_aiv_msg/share/om_aiv_msg/rust/src/action.rs
-- Symlinking: /home/administrator/Masterproject2/20_ROS/src/Robots/install/om_aiv_msg/share/om_aiv_msg/rust/src/action/rmw.rs
-- Symlinking: /home/administrator/Masterproject2/20_ROS/src/Robots/install/om_aiv_msg/share/om_aiv_msg/rust/src/lib.rs
-- Symlinking: /home/administrator/Masterproject2/20_ROS/src/Robots/install/om_aiv_msg/share/om_aiv_msg/rust/src/msg.rs
-- Symlinking: /home/administrator/Masterproject2/20_ROS/src/Robots/install/om_aiv_msg/share/om_aiv_msg/rust/src/msg/rmw.rs
-- Symlinking: /home/administrator/Masterproject2/20_ROS/src/Robots/install/om_aiv_msg/share/om_aiv_msg/rust/src/srv.rs
-- Symlinking: /home/administrator/Masterproject2/20_ROS/src/Robots/install/om_aiv_msg/share/om_aiv_msg/rust/src/srv/rmw.rs
-- Symlinking: /home/administrator/Masterproject2/20_ROS/src/Robots/install/om_aiv_msg/share/om_aiv_msg/msg/Location.idl
-- Symlinking: /home/administrator/Masterproject2/20_ROS/src/Robots/install/om_aiv_msg/share/om_aiv_msg/msg/Status.idl
-- Symlinking: /home/administrator/Masterproject2/20_ROS/src/Robots/install/om_aiv_msg/share/om_aiv_msg/srv/ArclApi.idl
-- Symlinking: /home/administrator/Masterproject2/20_ROS/src/Robots/install/om_aiv_msg/share/om_aiv_msg/srv/ArclListen.idl
-- Symlinking: /home/administrator/Masterproject2/20_ROS/src/Robots/install/om_aiv_msg/share/om_aiv_msg/action/Action.idl
-- Symlinking: /home/administrator/Masterproject2/20_ROS/src/Robots/install/om_aiv_msg/share/om_aiv_msg/msg/Location.msg
-- Symlinking: /home/administrator/Masterproject2/20_ROS/src/Robots/install/om_aiv_msg/share/om_aiv_msg/msg/Status.msg
-- Symlinking: /home/administrator/Masterproject2/20_ROS/src/Robots/install/om_aiv_msg/share/om_aiv_msg/srv/ArclApi.srv
-- Symlinking: /home/administrator/Masterproject2/20_ROS/src/Robots/install/om_aiv_msg/share/om_aiv_msg/srv/ArclListen.srv
-- Symlinking: /home/administrator/Masterproject2/20_ROS/src/Robots/install/om_aiv_msg/share/om_aiv_msg/action/Action.action
-- Symlinking: /home/administrator/Masterproject2/20_ROS/src/Robots/install/om_aiv_msg/share/ament_index/resource_index/package_run_dependencies/om_aiv_msg
-- Symlinking: /home/administrator/Masterproject2/20_ROS/src/Robots/install/om_aiv_msg/share/ament_index/resource_index/parent_prefix_path/om_aiv_msg
-- Symlinking: /home/administrator/Masterproject2/20_ROS/src/Robots/install/om_aiv_msg/share/om_aiv_msg/environment/ament_prefix_path.sh
-- Symlinking: /home/administrator/Masterproject2/20_ROS/src/Robots/install/om_aiv_msg/share/om_aiv_msg/environment/ament_prefix_path.dsv
-- Symlinking: /home/administrator/Masterproject2/20_ROS/src/Robots/install/om_aiv_msg/share/om_aiv_msg/environment/path.sh
-- Symlinking: /home/administrator/Masterproject2/20_ROS/src/Robots/install/om_aiv_msg/share/om_aiv_msg/environment/path.dsv
-- Symlinking: /home/administrator/Masterproject2/20_ROS/src/Robots/install/om_aiv_msg/share/om_aiv_msg/local_setup.bash
-- Symlinking: /home/administrator/Masterproject2/20_ROS/src/Robots/install/om_aiv_msg/share/om_aiv_msg/local_setup.sh
-- Symlinking: /home/administrator/Masterproject2/20_ROS/src/Robots/install/om_aiv_msg/share/om_aiv_msg/local_setup.zsh
-- Symlinking: /home/administrator/Masterproject2/20_ROS/src/Robots/install/om_aiv_msg/share/om_aiv_msg/local_setup.dsv
-- Symlinking: /home/administrator/Masterproject2/20_ROS/src/Robots/install/om_aiv_msg/share/om_aiv_msg/package.dsv
-- Symlinking: /home/administrator/Masterproject2/20_ROS/src/Robots/install/om_aiv_msg/share/ament_index/resource_index/packages/om_aiv_msg
-- Symlinking: /home/administrator/Masterproject2/20_ROS/src/Robots/install/om_aiv_msg/share/om_aiv_msg/cmake/rosidl_cmake-extras.cmake
-- Symlinking: /home/administrator/Masterproject2/20_ROS/src/Robots/install/om_aiv_msg/share/om_aiv_msg/cmake/ament_cmake_export_dependencies-extras.cmake
-- Symlinking: /home/administrator/Masterproject2/20_ROS/src/Robots/install/om_aiv_msg/share/om_aiv_msg/cmake/ament_cmake_export_include_directories-extras.cmake
-- Symlinking: /home/administrator/Masterproject2/20_ROS/src/Robots/install/om_aiv_msg/share/om_aiv_msg/cmake/ament_cmake_export_libraries-extras.cmake
-- Symlinking: /home/administrator/Masterproject2/20_ROS/src/Robots/install/om_aiv_msg/share/om_aiv_msg/cmake/ament_cmake_export_targets-extras.cmake
-- Symlinking: /home/administrator/Masterproject2/20_ROS/src/Robots/install/om_aiv_msg/share/om_aiv_msg/cmake/rosidl_cmake_export_typesupport_targets-extras.cmake
-- Symlinking: /home/administrator/Masterproject2/20_ROS/src/Robots/install/om_aiv_msg/share/om_aiv_msg/cmake/rosidl_cmake_export_typesupport_libraries-extras.cmake
-- Symlinking: /home/administrator/Masterproject2/20_ROS/src/Robots/install/om_aiv_msg/share/om_aiv_msg/cmake/om_aiv_msgConfig.cmake
-- Symlinking: /home/administrator/Masterproject2/20_ROS/src/Robots/install/om_aiv_msg/share/om_aiv_msg/cmake/om_aiv_msgConfig-version.cmake
-- Symlinking: /home/administrator/Masterproject2/20_ROS/src/Robots/install/om_aiv_msg/share/om_aiv_msg/package.xml
-- Installing: /home/administrator/Masterproject2/20_ROS/src/Robots/install/om_aiv_msg/lib/libom_aiv_msg__rosidl_generator_c.so
-- Set non-toolchain portion of runtime path of "/home/administrator/Masterproject2/20_ROS/src/Robots/install/om_aiv_msg/lib/libom_aiv_msg__rosidl_generator_c.so" to ""
-- Installing: /home/administrator/Masterproject2/20_ROS/src/Robots/install/om_aiv_msg/lib/libom_aiv_msg__rosidl_typesupport_fastrtps_c.so
-- Set non-toolchain portion of runtime path of "/home/administrator/Masterproject2/20_ROS/src/Robots/install/om_aiv_msg/lib/libom_aiv_msg__rosidl_typesupport_fastrtps_c.so" to ""
-- Installing: /home/administrator/Masterproject2/20_ROS/src/Robots/install/om_aiv_msg/lib/libom_aiv_msg__rosidl_typesupport_fastrtps_cpp.so
-- Set non-toolchain portion of runtime path of "/home/administrator/Masterproject2/20_ROS/src/Robots/install/om_aiv_msg/lib/libom_aiv_msg__rosidl_typesupport_fastrtps_cpp.so" to ""
-- Installing: /home/administrator/Masterproject2/20_ROS/src/Robots/install/om_aiv_msg/lib/libom_aiv_msg__rosidl_typesupport_introspection_c.so
-- Set non-toolchain portion of runtime path of "/home/administrator/Masterproject2/20_ROS/src/Robots/install/om_aiv_msg/lib/libom_aiv_msg__rosidl_typesupport_introspection_c.so" to ""
-- Installing: /home/administrator/Masterproject2/20_ROS/src/Robots/install/om_aiv_msg/lib/libom_aiv_msg__rosidl_typesupport_c.so
-- Set non-toolchain portion of runtime path of "/home/administrator/Masterproject2/20_ROS/src/Robots/install/om_aiv_msg/lib/libom_aiv_msg__rosidl_typesupport_c.so" to ""
-- Installing: /home/administrator/Masterproject2/20_ROS/src/Robots/install/om_aiv_msg/lib/libom_aiv_msg__rosidl_typesupport_introspection_cpp.so
-- Set non-toolchain portion of runtime path of "/home/administrator/Masterproject2/20_ROS/src/Robots/install/om_aiv_msg/lib/libom_aiv_msg__rosidl_typesupport_introspection_cpp.so" to ""
-- Installing: /home/administrator/Masterproject2/20_ROS/src/Robots/install/om_aiv_msg/lib/libom_aiv_msg__rosidl_typesupport_cpp.so
-- Set non-toolchain portion of runtime path of "/home/administrator/Masterproject2/20_ROS/src/Robots/install/om_aiv_msg/lib/libom_aiv_msg__rosidl_typesupport_cpp.so" to ""
Listing '/home/administrator/Masterproject2/20_ROS/src/Robots/install/om_aiv_msg/lib/python3.12/site-packages/om_aiv_msg'...
Compiling '/home/administrator/Masterproject2/20_ROS/src/Robots/install/om_aiv_msg/lib/python3.12/site-packages/om_aiv_msg/__init__.py'...
Listing '/home/administrator/Masterproject2/20_ROS/src/Robots/install/om_aiv_msg/lib/python3.12/site-packages/om_aiv_msg/action'...
Compiling '/home/administrator/Masterproject2/20_ROS/src/Robots/install/om_aiv_msg/lib/python3.12/site-packages/om_aiv_msg/action/__init__.py'...
Compiling '/home/administrator/Masterproject2/20_ROS/src/Robots/install/om_aiv_msg/lib/python3.12/site-packages/om_aiv_msg/action/_action.py'...
Listing '/home/administrator/Masterproject2/20_ROS/src/Robots/install/om_aiv_msg/lib/python3.12/site-packages/om_aiv_msg/msg'...
Compiling '/home/administrator/Masterproject2/20_ROS/src/Robots/install/om_aiv_msg/lib/python3.12/site-packages/om_aiv_msg/msg/__init__.py'...
Compiling '/home/administrator/Masterproject2/20_ROS/src/Robots/install/om_aiv_msg/lib/python3.12/site-packages/om_aiv_msg/msg/_location.py'...
Compiling '/home/administrator/Masterproject2/20_ROS/src/Robots/install/om_aiv_msg/lib/python3.12/site-packages/om_aiv_msg/msg/_status.py'...
Listing '/home/administrator/Masterproject2/20_ROS/src/Robots/install/om_aiv_msg/lib/python3.12/site-packages/om_aiv_msg/srv'...
Compiling '/home/administrator/Masterproject2/20_ROS/src/Robots/install/om_aiv_msg/lib/python3.12/site-packages/om_aiv_msg/srv/__init__.py'...
Compiling '/home/administrator/Masterproject2/20_ROS/src/Robots/install/om_aiv_msg/lib/python3.12/site-packages/om_aiv_msg/srv/_arcl_api.py'...
Compiling '/home/administrator/Masterproject2/20_ROS/src/Robots/install/om_aiv_msg/lib/python3.12/site-packages/om_aiv_msg/srv/_arcl_listen.py'...
-- Installing: /home/administrator/Masterproject2/20_ROS/src/Robots/install/om_aiv_msg/lib/libom_aiv_msg__rosidl_generator_py.so
-- Set non-toolchain portion of runtime path of "/home/administrator/Masterproject2/20_ROS/src/Robots/install/om_aiv_msg/lib/libom_aiv_msg__rosidl_generator_py.so" to ""
-- Installing: /home/administrator/Masterproject2/20_ROS/src/Robots/install/om_aiv_msg/share/om_aiv_msg/cmake/export_om_aiv_msg__rosidl_generator_cExport.cmake
-- Installing: /home/administrator/Masterproject2/20_ROS/src/Robots/install/om_aiv_msg/share/om_aiv_msg/cmake/export_om_aiv_msg__rosidl_generator_cExport-noconfig.cmake
-- Installing: /home/administrator/Masterproject2/20_ROS/src/Robots/install/om_aiv_msg/share/om_aiv_msg/cmake/export_om_aiv_msg__rosidl_typesupport_fastrtps_cExport.cmake
-- Installing: /home/administrator/Masterproject2/20_ROS/src/Robots/install/om_aiv_msg/share/om_aiv_msg/cmake/export_om_aiv_msg__rosidl_typesupport_fastrtps_cExport-noconfig.cmake
-- Installing: /home/administrator/Masterproject2/20_ROS/src/Robots/install/om_aiv_msg/share/om_aiv_msg/cmake/export_om_aiv_msg__rosidl_generator_cppExport.cmake
-- Installing: /home/administrator/Masterproject2/20_ROS/src/Robots/install/om_aiv_msg/share/om_aiv_msg/cmake/export_om_aiv_msg__rosidl_typesupport_fastrtps_cppExport.cmake
-- Installing: /home/administrator/Masterproject2/20_ROS/src/Robots/install/om_aiv_msg/share/om_aiv_msg/cmake/export_om_aiv_msg__rosidl_typesupport_fastrtps_cppExport-noconfig.cmake
-- Installing: /home/administrator/Masterproject2/20_ROS/src/Robots/install/om_aiv_msg/share/om_aiv_msg/cmake/om_aiv_msg__rosidl_typesupport_introspection_cExport.cmake
-- Installing: /home/administrator/Masterproject2/20_ROS/src/Robots/install/om_aiv_msg/share/om_aiv_msg/cmake/om_aiv_msg__rosidl_typesupport_introspection_cExport-noconfig.cmake
-- Installing: /home/administrator/Masterproject2/20_ROS/src/Robots/install/om_aiv_msg/share/om_aiv_msg/cmake/om_aiv_msg__rosidl_typesupport_cExport.cmake
-- Installing: /home/administrator/Masterproject2/20_ROS/src/Robots/install/om_aiv_msg/share/om_aiv_msg/cmake/om_aiv_msg__rosidl_typesupport_cExport-noconfig.cmake
-- Installing: /home/administrator/Masterproject2/20_ROS/src/Robots/install/om_aiv_msg/share/om_aiv_msg/cmake/om_aiv_msg__rosidl_typesupport_introspection_cppExport.cmake
-- Installing: /home/administrator/Masterproject2/20_ROS/src/Robots/install/om_aiv_msg/share/om_aiv_msg/cmake/om_aiv_msg__rosidl_typesupport_introspection_cppExport-noconfig.cmake
-- Installing: /home/administrator/Masterproject2/20_ROS/src/Robots/install/om_aiv_msg/share/om_aiv_msg/cmake/om_aiv_msg__rosidl_typesupport_cppExport.cmake
-- Installing: /home/administrator/Masterproject2/20_ROS/src/Robots/install/om_aiv_msg/share/om_aiv_msg/cmake/om_aiv_msg__rosidl_typesupport_cppExport-noconfig.cmake
-- Installing: /home/administrator/Masterproject2/20_ROS/src/Robots/install/om_aiv_msg/share/om_aiv_msg/cmake/export_om_aiv_msg__rosidl_generator_pyExport.cmake
-- Installing: /home/administrator/Masterproject2/20_ROS/src/Robots/install/om_aiv_msg/share/om_aiv_msg/cmake/export_om_aiv_msg__rosidl_generator_pyExport-noconfig.cmake
