[0.025s] Invoking command in '/home/administrator/Masterproject2/20_ROS/src/Robots/build/om_aiv_msg': CMAKE_PREFIX_PATH=${CMAKE_PREFIX_PATH}:/opt/ros/kilted DEBUGINFOD_URLS=https://debuginfod.ubuntu.com /usr/bin/cmake --build /home/administrator/Masterproject2/20_ROS/src/Robots/build/om_aiv_msg -- -j14 -l14
[0.325s] [  1%] [34m[1mGenerating Rust code for ROS interfaces[0m
[0.325s] [  2%] [34m[1mGenerating type hashes for ROS interfaces[0m
[0.325s] [  2%] Built target ament_cmake_python_symlink_om_aiv_msg
[0.325s] running egg_info
[0.325s] creating om_aiv_msg.egg-info
[0.325s] writing om_aiv_msg.egg-info/PKG-INFO
[0.325s] writing dependency_links to om_aiv_msg.egg-info/dependency_links.txt
[0.325s] writing top-level names to om_aiv_msg.egg-info/top_level.txt
[0.325s] writing manifest file 'om_aiv_msg.egg-info/SOURCES.txt'
[0.325s] reading manifest file 'om_aiv_msg.egg-info/SOURCES.txt'
[0.325s] writing manifest file 'om_aiv_msg.egg-info/SOURCES.txt'
[0.325s] [  2%] Built target ament_cmake_python_build_om_aiv_msg_egg
[0.455s] [  2%] Built target om_aiv_msg__rs
[0.531s] [  2%] Built target om_aiv_msg__rosidl_generator_type_description
[0.551s] [  4%] [34m[1mGenerating C++ code for ROS interfaces[0m
[0.556s] [  5%] [34m[1mGenerating C code for ROS interfaces[0m
[1.177s] [  5%] Built target om_aiv_msg__cpp
[1.206s] [  6%] [32mBuilding C object CMakeFiles/om_aiv_msg__rosidl_generator_c.dir/rosidl_generator_c/om_aiv_msg/msg/detail/location__type_support.c.o[0m
[1.206s] [  8%] [32mBuilding C object CMakeFiles/om_aiv_msg__rosidl_generator_c.dir/rosidl_generator_c/om_aiv_msg/srv/detail/arcl_api__description.c.o[0m
[1.210s] [  9%] [32mBuilding C object CMakeFiles/om_aiv_msg__rosidl_generator_c.dir/rosidl_generator_c/om_aiv_msg/msg/detail/status__type_support.c.o[0m
[1.210s] [ 10%] [32mBuilding C object CMakeFiles/om_aiv_msg__rosidl_generator_c.dir/rosidl_generator_c/om_aiv_msg/msg/detail/location__description.c.o[0m
[1.211s] [ 12%] [32mBuilding C object CMakeFiles/om_aiv_msg__rosidl_generator_c.dir/rosidl_generator_c/om_aiv_msg/srv/detail/arcl_api__type_support.c.o[0m
[1.211s] [ 13%] [32mBuilding C object CMakeFiles/om_aiv_msg__rosidl_generator_c.dir/rosidl_generator_c/om_aiv_msg/msg/detail/status__functions.c.o[0m
[1.212s] [ 14%] [32mBuilding C object CMakeFiles/om_aiv_msg__rosidl_generator_c.dir/rosidl_generator_c/om_aiv_msg/srv/detail/arcl_api__functions.c.o[0m
[1.212s] [ 16%] [32mBuilding C object CMakeFiles/om_aiv_msg__rosidl_generator_c.dir/rosidl_generator_c/om_aiv_msg/msg/detail/location__functions.c.o[0m
[1.214s] [ 17%] [32mBuilding C object CMakeFiles/om_aiv_msg__rosidl_generator_c.dir/rosidl_generator_c/om_aiv_msg/srv/detail/arcl_listen__description.c.o[0m
[1.215s] [ 18%] [32mBuilding C object CMakeFiles/om_aiv_msg__rosidl_generator_c.dir/rosidl_generator_c/om_aiv_msg/srv/detail/arcl_listen__functions.c.o[0m
[1.222s] [ 20%] [32mBuilding C object CMakeFiles/om_aiv_msg__rosidl_generator_c.dir/rosidl_generator_c/om_aiv_msg/msg/detail/status__description.c.o[0m
[1.229s] [ 22%] [32mBuilding C object CMakeFiles/om_aiv_msg__rosidl_generator_c.dir/rosidl_generator_c/om_aiv_msg/action/detail/action__description.c.o[0m
[1.229s] [ 22%] [32mBuilding C object CMakeFiles/om_aiv_msg__rosidl_generator_c.dir/rosidl_generator_c/om_aiv_msg/srv/detail/arcl_listen__type_support.c.o[0m
[1.251s] [ 24%] [32mBuilding C object CMakeFiles/om_aiv_msg__rosidl_generator_c.dir/rosidl_generator_c/om_aiv_msg/action/detail/action__type_support.c.o[0m
[1.257s] [ 25%] [32mBuilding C object CMakeFiles/om_aiv_msg__rosidl_generator_c.dir/rosidl_generator_c/om_aiv_msg/action/detail/action__functions.c.o[0m
[1.393s] [ 26%] [32m[1mLinking C shared library libom_aiv_msg__rosidl_generator_c.so[0m
[1.531s] [ 26%] Built target om_aiv_msg__rosidl_generator_c
[1.550s] [ 28%] [34m[1mGenerating C type support for eProsima Fast-RTPS[0m
[1.559s] [ 29%] [34m[1mGenerating C type support dispatch for ROS interfaces[0m
[1.562s] [ 30%] [34m[1mGenerating C++ type support for eProsima Fast-RTPS[0m
[1.562s] [ 32%] [34m[1mGenerating C++ introspection for ROS interfaces[0m
[1.568s] [ 34%] [34m[1mGenerating C++ type support dispatch for ROS interfaces[0m
[1.568s] [ 34%] [34m[1mGenerating C introspection for ROS interfaces[0m
[2.191s] [ 36%] [32mBuilding CXX object CMakeFiles/om_aiv_msg__rosidl_typesupport_cpp.dir/rosidl_typesupport_cpp/om_aiv_msg/msg/location__type_support.cpp.o[0m
[2.193s] [ 37%] [32mBuilding CXX object CMakeFiles/om_aiv_msg__rosidl_typesupport_cpp.dir/rosidl_typesupport_cpp/om_aiv_msg/msg/status__type_support.cpp.o[0m
[2.203s] [ 38%] [32mBuilding CXX object CMakeFiles/om_aiv_msg__rosidl_typesupport_cpp.dir/rosidl_typesupport_cpp/om_aiv_msg/srv/arcl_api__type_support.cpp.o[0m
[2.203s] [ 40%] [32mBuilding CXX object CMakeFiles/om_aiv_msg__rosidl_typesupport_cpp.dir/rosidl_typesupport_cpp/om_aiv_msg/srv/arcl_listen__type_support.cpp.o[0m
[2.216s] [ 41%] [32mBuilding CXX object CMakeFiles/om_aiv_msg__rosidl_typesupport_cpp.dir/rosidl_typesupport_cpp/om_aiv_msg/action/action__type_support.cpp.o[0m
[2.306s] [ 42%] [32mBuilding CXX object CMakeFiles/om_aiv_msg__rosidl_typesupport_c.dir/rosidl_typesupport_c/om_aiv_msg/msg/location__type_support.cpp.o[0m
[2.309s] [ 44%] [32mBuilding CXX object CMakeFiles/om_aiv_msg__rosidl_typesupport_c.dir/rosidl_typesupport_c/om_aiv_msg/srv/arcl_api__type_support.cpp.o[0m
[2.310s] [ 45%] [32mBuilding CXX object CMakeFiles/om_aiv_msg__rosidl_typesupport_c.dir/rosidl_typesupport_c/om_aiv_msg/msg/status__type_support.cpp.o[0m
[2.314s] [ 46%] [32mBuilding CXX object CMakeFiles/om_aiv_msg__rosidl_typesupport_c.dir/rosidl_typesupport_c/om_aiv_msg/srv/arcl_listen__type_support.cpp.o[0m
[2.321s] [ 48%] [32mBuilding CXX object CMakeFiles/om_aiv_msg__rosidl_typesupport_c.dir/rosidl_typesupport_c/om_aiv_msg/action/action__type_support.cpp.o[0m
[2.555s] [ 49%] [32mBuilding C object CMakeFiles/om_aiv_msg__rosidl_typesupport_introspection_c.dir/rosidl_typesupport_introspection_c/om_aiv_msg/msg/detail/location__type_support.c.o[0m
[2.561s] [ 50%] [32mBuilding CXX object CMakeFiles/om_aiv_msg__rosidl_typesupport_introspection_cpp.dir/rosidl_typesupport_introspection_cpp/om_aiv_msg/msg/detail/status__type_support.cpp.o[0m
[2.562s] [ 52%] [32mBuilding C object CMakeFiles/om_aiv_msg__rosidl_typesupport_introspection_c.dir/rosidl_typesupport_introspection_c/om_aiv_msg/msg/detail/status__type_support.c.o[0m
[2.565s] [ 53%] [32mBuilding CXX object CMakeFiles/om_aiv_msg__rosidl_typesupport_introspection_cpp.dir/rosidl_typesupport_introspection_cpp/om_aiv_msg/srv/detail/arcl_api__type_support.cpp.o[0m
[2.581s] [ 54%] [32mBuilding CXX object CMakeFiles/om_aiv_msg__rosidl_typesupport_fastrtps_cpp.dir/rosidl_typesupport_fastrtps_cpp/om_aiv_msg/msg/detail/dds_fastrtps/location__type_support.cpp.o[0m
[2.581s] [ 56%] [32mBuilding CXX object CMakeFiles/om_aiv_msg__rosidl_typesupport_introspection_cpp.dir/rosidl_typesupport_introspection_cpp/om_aiv_msg/msg/detail/location__type_support.cpp.o[0m
[2.581s] [ 57%] [32mBuilding C object CMakeFiles/om_aiv_msg__rosidl_typesupport_introspection_c.dir/rosidl_typesupport_introspection_c/om_aiv_msg/srv/detail/arcl_api__type_support.c.o[0m
[2.593s] [ 58%] [32m[1mLinking CXX shared library libom_aiv_msg__rosidl_typesupport_c.so[0m
[2.625s] [ 60%] [32mBuilding C object CMakeFiles/om_aiv_msg__rosidl_typesupport_introspection_c.dir/rosidl_typesupport_introspection_c/om_aiv_msg/srv/detail/arcl_listen__type_support.c.o[0m
[2.625s] [ 61%] [32mBuilding CXX object CMakeFiles/om_aiv_msg__rosidl_typesupport_fastrtps_c.dir/rosidl_typesupport_fastrtps_c/om_aiv_msg/msg/detail/location__type_support_c.cpp.o[0m
[2.640s] [ 62%] [32mBuilding C object CMakeFiles/om_aiv_msg__rosidl_typesupport_introspection_c.dir/rosidl_typesupport_introspection_c/om_aiv_msg/action/detail/action__type_support.c.o[0m
[2.680s] [ 62%] Built target om_aiv_msg__rosidl_typesupport_c
[2.684s] [ 64%] [32mBuilding CXX object CMakeFiles/om_aiv_msg__rosidl_typesupport_fastrtps_c.dir/rosidl_typesupport_fastrtps_c/om_aiv_msg/msg/detail/status__type_support_c.cpp.o[0m
[2.707s] [ 65%] [32mBuilding CXX object CMakeFiles/om_aiv_msg__rosidl_typesupport_fastrtps_c.dir/rosidl_typesupport_fastrtps_c/om_aiv_msg/srv/detail/arcl_api__type_support_c.cpp.o[0m
[2.732s] [ 66%] [32mBuilding CXX object CMakeFiles/om_aiv_msg__rosidl_typesupport_fastrtps_cpp.dir/rosidl_typesupport_fastrtps_cpp/om_aiv_msg/msg/detail/dds_fastrtps/status__type_support.cpp.o[0m
[2.761s] [ 68%] [32mBuilding CXX object CMakeFiles/om_aiv_msg__rosidl_typesupport_introspection_cpp.dir/rosidl_typesupport_introspection_cpp/om_aiv_msg/srv/detail/arcl_listen__type_support.cpp.o[0m
[2.863s] [ 69%] [32m[1mLinking C shared library libom_aiv_msg__rosidl_typesupport_introspection_c.so[0m
[2.872s] [ 70%] [32mBuilding CXX object CMakeFiles/om_aiv_msg__rosidl_typesupport_fastrtps_c.dir/rosidl_typesupport_fastrtps_c/om_aiv_msg/srv/detail/arcl_listen__type_support_c.cpp.o[0m
[2.883s] [ 72%] [32mBuilding CXX object CMakeFiles/om_aiv_msg__rosidl_typesupport_introspection_cpp.dir/rosidl_typesupport_introspection_cpp/om_aiv_msg/action/detail/action__type_support.cpp.o[0m
[2.942s] [ 73%] [32mBuilding CXX object CMakeFiles/om_aiv_msg__rosidl_typesupport_fastrtps_cpp.dir/rosidl_typesupport_fastrtps_cpp/om_aiv_msg/srv/detail/dds_fastrtps/arcl_api__type_support.cpp.o[0m
[2.952s] [ 73%] Built target om_aiv_msg__rosidl_typesupport_introspection_c
[2.963s] [ 74%] [32mBuilding CXX object CMakeFiles/om_aiv_msg__rosidl_typesupport_fastrtps_c.dir/rosidl_typesupport_fastrtps_c/om_aiv_msg/action/detail/action__type_support_c.cpp.o[0m
[2.963s] [ 76%] [32mBuilding CXX object CMakeFiles/om_aiv_msg__rosidl_typesupport_fastrtps_cpp.dir/rosidl_typesupport_fastrtps_cpp/om_aiv_msg/srv/detail/dds_fastrtps/arcl_listen__type_support.cpp.o[0m
[3.132s] [ 77%] [32mBuilding CXX object CMakeFiles/om_aiv_msg__rosidl_typesupport_fastrtps_cpp.dir/rosidl_typesupport_fastrtps_cpp/om_aiv_msg/action/detail/dds_fastrtps/action__type_support.cpp.o[0m
[3.168s] [ 78%] [32m[1mLinking CXX shared library libom_aiv_msg__rosidl_typesupport_cpp.so[0m
[3.296s] [ 78%] Built target om_aiv_msg__rosidl_typesupport_cpp
[3.687s] [ 80%] [32m[1mLinking CXX shared library libom_aiv_msg__rosidl_typesupport_fastrtps_c.so[0m
[3.816s] [ 80%] Built target om_aiv_msg__rosidl_typesupport_fastrtps_c
[3.863s] [ 81%] [32m[1mLinking CXX shared library libom_aiv_msg__rosidl_typesupport_introspection_cpp.so[0m
[3.963s] [ 81%] Built target om_aiv_msg__rosidl_typesupport_introspection_cpp
[4.096s] [ 82%] [32m[1mLinking CXX shared library libom_aiv_msg__rosidl_typesupport_fastrtps_cpp.so[0m
[4.172s] [ 82%] Built target om_aiv_msg__rosidl_typesupport_fastrtps_cpp
[4.189s] [ 82%] Built target om_aiv_msg
[4.203s] [ 84%] [34m[1mGenerating Python code for ROS interfaces[0m
[4.961s] [ 84%] Built target om_aiv_msg__py
[4.982s] [ 85%] [32mBuilding C object CMakeFiles/om_aiv_msg__rosidl_generator_py.dir/rosidl_generator_py/om_aiv_msg/msg/_location_s.c.o[0m
[4.982s] [ 86%] [32mBuilding C object CMakeFiles/om_aiv_msg__rosidl_generator_py.dir/rosidl_generator_py/om_aiv_msg/msg/_status_s.c.o[0m
[4.984s] [ 88%] [32mBuilding C object CMakeFiles/om_aiv_msg__rosidl_generator_py.dir/rosidl_generator_py/om_aiv_msg/srv/_arcl_listen_s.c.o[0m
[4.987s] [ 89%] [32mBuilding C object CMakeFiles/om_aiv_msg__rosidl_generator_py.dir/rosidl_generator_py/om_aiv_msg/srv/_arcl_api_s.c.o[0m
[4.987s] [ 90%] [32mBuilding C object CMakeFiles/om_aiv_msg__rosidl_generator_py.dir/rosidl_generator_py/om_aiv_msg/action/_action_s.c.o[0m
[5.205s] [ 92%] [32m[1mLinking C shared library libom_aiv_msg__rosidl_generator_py.so[0m
[5.246s] [ 92%] Built target om_aiv_msg__rosidl_generator_py
[5.261s] [ 93%] [32mBuilding C object CMakeFiles/om_aiv_msg_s__rosidl_typesupport_fastrtps_c.dir/rosidl_generator_py/om_aiv_msg/_om_aiv_msg_s.ep.rosidl_typesupport_fastrtps_c.c.o[0m
[5.264s] [ 94%] [32mBuilding C object CMakeFiles/om_aiv_msg_s__rosidl_typesupport_introspection_c.dir/rosidl_generator_py/om_aiv_msg/_om_aiv_msg_s.ep.rosidl_typesupport_introspection_c.c.o[0m
[5.266s] [ 96%] [32mBuilding C object CMakeFiles/om_aiv_msg_s__rosidl_typesupport_c.dir/rosidl_generator_py/om_aiv_msg/_om_aiv_msg_s.ep.rosidl_typesupport_c.c.o[0m
[5.372s] [ 97%] [32m[1mLinking C shared module rosidl_generator_py/om_aiv_msg/om_aiv_msg_s__rosidl_typesupport_c.so[0m
[5.388s] [ 98%] [32m[1mLinking C shared module rosidl_generator_py/om_aiv_msg/om_aiv_msg_s__rosidl_typesupport_fastrtps_c.so[0m
[5.401s] [100%] [32m[1mLinking C shared module rosidl_generator_py/om_aiv_msg/om_aiv_msg_s__rosidl_typesupport_introspection_c.so[0m
[5.413s] [100%] Built target om_aiv_msg_s__rosidl_typesupport_c
[5.419s] [100%] Built target om_aiv_msg_s__rosidl_typesupport_fastrtps_c
[5.446s] [100%] Built target om_aiv_msg_s__rosidl_typesupport_introspection_c
[5.464s] Invoked command in '/home/administrator/Masterproject2/20_ROS/src/Robots/build/om_aiv_msg' returned '0': CMAKE_PREFIX_PATH=${CMAKE_PREFIX_PATH}:/opt/ros/kilted DEBUGINFOD_URLS=https://debuginfod.ubuntu.com /usr/bin/cmake --build /home/administrator/Masterproject2/20_ROS/src/Robots/build/om_aiv_msg -- -j14 -l14
[5.464s] Invoking command in '/home/administrator/Masterproject2/20_ROS/src/Robots/build/om_aiv_msg': CMAKE_PREFIX_PATH=${CMAKE_PREFIX_PATH}:/opt/ros/kilted DEBUGINFOD_URLS=https://debuginfod.ubuntu.com /usr/bin/cmake --install /home/administrator/Masterproject2/20_ROS/src/Robots/build/om_aiv_msg
[5.474s] -- Install configuration: ""
[5.474s] -- Execute custom install script
[5.474s] -- Symlinking: /home/administrator/Masterproject2/20_ROS/src/Robots/install/om_aiv_msg/share/ament_index/resource_index/rosidl_interfaces/om_aiv_msg
[5.480s] -- Symlinking: /home/administrator/Masterproject2/20_ROS/src/Robots/install/om_aiv_msg/share/om_aiv_msg/msg/Location.json
[5.486s] -- Symlinking: /home/administrator/Masterproject2/20_ROS/src/Robots/install/om_aiv_msg/share/om_aiv_msg/msg/Status.json
[5.504s] -- Symlinking: /home/administrator/Masterproject2/20_ROS/src/Robots/install/om_aiv_msg/share/om_aiv_msg/srv/ArclApi.json
[5.521s] -- Symlinking: /home/administrator/Masterproject2/20_ROS/src/Robots/install/om_aiv_msg/share/om_aiv_msg/srv/ArclListen.json
[5.541s] -- Symlinking: /home/administrator/Masterproject2/20_ROS/src/Robots/install/om_aiv_msg/share/om_aiv_msg/action/Action.json
[5.547s] -- Symlinking: /home/administrator/Masterproject2/20_ROS/src/Robots/install/om_aiv_msg/include/om_aiv_msg/om_aiv_msg/action/action.h
[5.554s] -- Symlinking: /home/administrator/Masterproject2/20_ROS/src/Robots/install/om_aiv_msg/include/om_aiv_msg/om_aiv_msg/action/detail/action__functions.h
[5.561s] -- Symlinking: /home/administrator/Masterproject2/20_ROS/src/Robots/install/om_aiv_msg/include/om_aiv_msg/om_aiv_msg/action/detail/action__struct.h
[5.577s] -- Symlinking: /home/administrator/Masterproject2/20_ROS/src/Robots/install/om_aiv_msg/include/om_aiv_msg/om_aiv_msg/action/detail/action__type_support.h
[5.587s] -- Symlinking: /home/administrator/Masterproject2/20_ROS/src/Robots/install/om_aiv_msg/include/om_aiv_msg/om_aiv_msg/msg/detail/location__functions.h
[5.596s] -- Symlinking: /home/administrator/Masterproject2/20_ROS/src/Robots/install/om_aiv_msg/include/om_aiv_msg/om_aiv_msg/msg/detail/location__struct.h
[5.610s] -- Symlinking: /home/administrator/Masterproject2/20_ROS/src/Robots/install/om_aiv_msg/include/om_aiv_msg/om_aiv_msg/msg/detail/location__type_support.h
[5.619s] -- Symlinking: /home/administrator/Masterproject2/20_ROS/src/Robots/install/om_aiv_msg/include/om_aiv_msg/om_aiv_msg/msg/detail/status__functions.h
[5.627s] -- Symlinking: /home/administrator/Masterproject2/20_ROS/src/Robots/install/om_aiv_msg/include/om_aiv_msg/om_aiv_msg/msg/detail/status__struct.h
[5.640s] -- Symlinking: /home/administrator/Masterproject2/20_ROS/src/Robots/install/om_aiv_msg/include/om_aiv_msg/om_aiv_msg/msg/detail/status__type_support.h
[5.654s] -- Symlinking: /home/administrator/Masterproject2/20_ROS/src/Robots/install/om_aiv_msg/include/om_aiv_msg/om_aiv_msg/msg/location.h
[5.665s] -- Symlinking: /home/administrator/Masterproject2/20_ROS/src/Robots/install/om_aiv_msg/include/om_aiv_msg/om_aiv_msg/msg/rosidl_generator_c__visibility_control.h
[5.676s] -- Symlinking: /home/administrator/Masterproject2/20_ROS/src/Robots/install/om_aiv_msg/include/om_aiv_msg/om_aiv_msg/msg/status.h
[5.702s] -- Symlinking: /home/administrator/Masterproject2/20_ROS/src/Robots/install/om_aiv_msg/include/om_aiv_msg/om_aiv_msg/srv/arcl_api.h
[5.709s] -- Symlinking: /home/administrator/Masterproject2/20_ROS/src/Robots/install/om_aiv_msg/include/om_aiv_msg/om_aiv_msg/srv/arcl_listen.h
[5.732s] -- Symlinking: /home/administrator/Masterproject2/20_ROS/src/Robots/install/om_aiv_msg/include/om_aiv_msg/om_aiv_msg/srv/detail/arcl_api__functions.h
[5.753s] -- Symlinking: /home/administrator/Masterproject2/20_ROS/src/Robots/install/om_aiv_msg/include/om_aiv_msg/om_aiv_msg/srv/detail/arcl_api__struct.h
[5.757s] -- Symlinking: /home/administrator/Masterproject2/20_ROS/src/Robots/install/om_aiv_msg/include/om_aiv_msg/om_aiv_msg/srv/detail/arcl_api__type_support.h
[5.766s] -- Symlinking: /home/administrator/Masterproject2/20_ROS/src/Robots/install/om_aiv_msg/include/om_aiv_msg/om_aiv_msg/srv/detail/arcl_listen__functions.h
[5.780s] -- Symlinking: /home/administrator/Masterproject2/20_ROS/src/Robots/install/om_aiv_msg/include/om_aiv_msg/om_aiv_msg/srv/detail/arcl_listen__struct.h
[5.784s] -- Symlinking: /home/administrator/Masterproject2/20_ROS/src/Robots/install/om_aiv_msg/include/om_aiv_msg/om_aiv_msg/srv/detail/arcl_listen__type_support.h
[5.796s] -- Symlinking: /home/administrator/Masterproject2/20_ROS/src/Robots/install/om_aiv_msg/share/om_aiv_msg/environment/library_path.sh
[5.830s] -- Symlinking: /home/administrator/Masterproject2/20_ROS/src/Robots/install/om_aiv_msg/share/om_aiv_msg/environment/library_path.dsv
[5.834s] -- Symlinking: /home/administrator/Masterproject2/20_ROS/src/Robots/install/om_aiv_msg/include/om_aiv_msg/om_aiv_msg/action/detail/action__rosidl_typesupport_fastrtps_c.h
[5.845s] -- Symlinking: /home/administrator/Masterproject2/20_ROS/src/Robots/install/om_aiv_msg/include/om_aiv_msg/om_aiv_msg/msg/detail/location__rosidl_typesupport_fastrtps_c.h
[5.852s] -- Symlinking: /home/administrator/Masterproject2/20_ROS/src/Robots/install/om_aiv_msg/include/om_aiv_msg/om_aiv_msg/msg/detail/status__rosidl_typesupport_fastrtps_c.h
[5.864s] -- Symlinking: /home/administrator/Masterproject2/20_ROS/src/Robots/install/om_aiv_msg/include/om_aiv_msg/om_aiv_msg/msg/rosidl_typesupport_fastrtps_c__visibility_control.h
[5.874s] -- Symlinking: /home/administrator/Masterproject2/20_ROS/src/Robots/install/om_aiv_msg/include/om_aiv_msg/om_aiv_msg/srv/detail/arcl_api__rosidl_typesupport_fastrtps_c.h
[5.884s] -- Symlinking: /home/administrator/Masterproject2/20_ROS/src/Robots/install/om_aiv_msg/include/om_aiv_msg/om_aiv_msg/srv/detail/arcl_listen__rosidl_typesupport_fastrtps_c.h
[5.891s] -- Symlinking: /home/administrator/Masterproject2/20_ROS/src/Robots/install/om_aiv_msg/include/om_aiv_msg/om_aiv_msg/action/action.hpp
[5.908s] -- Symlinking: /home/administrator/Masterproject2/20_ROS/src/Robots/install/om_aiv_msg/include/om_aiv_msg/om_aiv_msg/action/detail/action__builder.hpp
[5.924s] -- Symlinking: /home/administrator/Masterproject2/20_ROS/src/Robots/install/om_aiv_msg/include/om_aiv_msg/om_aiv_msg/action/detail/action__struct.hpp
[5.946s] -- Symlinking: /home/administrator/Masterproject2/20_ROS/src/Robots/install/om_aiv_msg/include/om_aiv_msg/om_aiv_msg/action/detail/action__traits.hpp
[5.972s] -- Symlinking: /home/administrator/Masterproject2/20_ROS/src/Robots/install/om_aiv_msg/include/om_aiv_msg/om_aiv_msg/action/detail/action__type_support.hpp
[5.980s] -- Symlinking: /home/administrator/Masterproject2/20_ROS/src/Robots/install/om_aiv_msg/include/om_aiv_msg/om_aiv_msg/msg/detail/location__builder.hpp
[5.990s] -- Symlinking: /home/administrator/Masterproject2/20_ROS/src/Robots/install/om_aiv_msg/include/om_aiv_msg/om_aiv_msg/msg/detail/location__struct.hpp
[6.000s] -- Symlinking: /home/administrator/Masterproject2/20_ROS/src/Robots/install/om_aiv_msg/include/om_aiv_msg/om_aiv_msg/msg/detail/location__traits.hpp
[6.006s] -- Symlinking: /home/administrator/Masterproject2/20_ROS/src/Robots/install/om_aiv_msg/include/om_aiv_msg/om_aiv_msg/msg/detail/location__type_support.hpp
[6.012s] -- Symlinking: /home/administrator/Masterproject2/20_ROS/src/Robots/install/om_aiv_msg/include/om_aiv_msg/om_aiv_msg/msg/detail/status__builder.hpp
[6.027s] -- Symlinking: /home/administrator/Masterproject2/20_ROS/src/Robots/install/om_aiv_msg/include/om_aiv_msg/om_aiv_msg/msg/detail/status__struct.hpp
[6.033s] -- Symlinking: /home/administrator/Masterproject2/20_ROS/src/Robots/install/om_aiv_msg/include/om_aiv_msg/om_aiv_msg/msg/detail/status__traits.hpp
[6.040s] -- Symlinking: /home/administrator/Masterproject2/20_ROS/src/Robots/install/om_aiv_msg/include/om_aiv_msg/om_aiv_msg/msg/detail/status__type_support.hpp
[6.046s] -- Symlinking: /home/administrator/Masterproject2/20_ROS/src/Robots/install/om_aiv_msg/include/om_aiv_msg/om_aiv_msg/msg/location.hpp
[6.058s] -- Symlinking: /home/administrator/Masterproject2/20_ROS/src/Robots/install/om_aiv_msg/include/om_aiv_msg/om_aiv_msg/msg/rosidl_generator_cpp__visibility_control.hpp
[6.067s] -- Symlinking: /home/administrator/Masterproject2/20_ROS/src/Robots/install/om_aiv_msg/include/om_aiv_msg/om_aiv_msg/msg/status.hpp
[6.079s] -- Symlinking: /home/administrator/Masterproject2/20_ROS/src/Robots/install/om_aiv_msg/include/om_aiv_msg/om_aiv_msg/srv/arcl_api.hpp
[6.097s] -- Symlinking: /home/administrator/Masterproject2/20_ROS/src/Robots/install/om_aiv_msg/include/om_aiv_msg/om_aiv_msg/srv/arcl_listen.hpp
[6.115s] -- Symlinking: /home/administrator/Masterproject2/20_ROS/src/Robots/install/om_aiv_msg/include/om_aiv_msg/om_aiv_msg/srv/detail/arcl_api__builder.hpp
[6.129s] -- Symlinking: /home/administrator/Masterproject2/20_ROS/src/Robots/install/om_aiv_msg/include/om_aiv_msg/om_aiv_msg/srv/detail/arcl_api__struct.hpp
[6.139s] -- Symlinking: /home/administrator/Masterproject2/20_ROS/src/Robots/install/om_aiv_msg/include/om_aiv_msg/om_aiv_msg/srv/detail/arcl_api__traits.hpp
[6.146s] -- Symlinking: /home/administrator/Masterproject2/20_ROS/src/Robots/install/om_aiv_msg/include/om_aiv_msg/om_aiv_msg/srv/detail/arcl_api__type_support.hpp
[6.155s] -- Symlinking: /home/administrator/Masterproject2/20_ROS/src/Robots/install/om_aiv_msg/include/om_aiv_msg/om_aiv_msg/srv/detail/arcl_listen__builder.hpp
[6.167s] -- Symlinking: /home/administrator/Masterproject2/20_ROS/src/Robots/install/om_aiv_msg/include/om_aiv_msg/om_aiv_msg/srv/detail/arcl_listen__struct.hpp
[6.190s] -- Symlinking: /home/administrator/Masterproject2/20_ROS/src/Robots/install/om_aiv_msg/include/om_aiv_msg/om_aiv_msg/srv/detail/arcl_listen__traits.hpp
[6.229s] -- Symlinking: /home/administrator/Masterproject2/20_ROS/src/Robots/install/om_aiv_msg/include/om_aiv_msg/om_aiv_msg/srv/detail/arcl_listen__type_support.hpp
[6.246s] -- Symlinking: /home/administrator/Masterproject2/20_ROS/src/Robots/install/om_aiv_msg/include/om_aiv_msg/om_aiv_msg/action/detail/action__rosidl_typesupport_fastrtps_cpp.hpp
[6.259s] -- Symlinking: /home/administrator/Masterproject2/20_ROS/src/Robots/install/om_aiv_msg/include/om_aiv_msg/om_aiv_msg/msg/detail/location__rosidl_typesupport_fastrtps_cpp.hpp
[6.273s] -- Symlinking: /home/administrator/Masterproject2/20_ROS/src/Robots/install/om_aiv_msg/include/om_aiv_msg/om_aiv_msg/msg/detail/status__rosidl_typesupport_fastrtps_cpp.hpp
[6.281s] -- Symlinking: /home/administrator/Masterproject2/20_ROS/src/Robots/install/om_aiv_msg/include/om_aiv_msg/om_aiv_msg/msg/rosidl_typesupport_fastrtps_cpp__visibility_control.h
[6.295s] -- Symlinking: /home/administrator/Masterproject2/20_ROS/src/Robots/install/om_aiv_msg/include/om_aiv_msg/om_aiv_msg/srv/detail/arcl_api__rosidl_typesupport_fastrtps_cpp.hpp
[6.302s] -- Symlinking: /home/administrator/Masterproject2/20_ROS/src/Robots/install/om_aiv_msg/include/om_aiv_msg/om_aiv_msg/srv/detail/arcl_listen__rosidl_typesupport_fastrtps_cpp.hpp
[6.311s] -- Symlinking: /home/administrator/Masterproject2/20_ROS/src/Robots/install/om_aiv_msg/include/om_aiv_msg/om_aiv_msg/action/detail/action__rosidl_typesupport_introspection_c.h
[6.324s] -- Symlinking: /home/administrator/Masterproject2/20_ROS/src/Robots/install/om_aiv_msg/include/om_aiv_msg/om_aiv_msg/msg/detail/location__rosidl_typesupport_introspection_c.h
[6.338s] -- Symlinking: /home/administrator/Masterproject2/20_ROS/src/Robots/install/om_aiv_msg/include/om_aiv_msg/om_aiv_msg/msg/detail/status__rosidl_typesupport_introspection_c.h
[6.348s] -- Symlinking: /home/administrator/Masterproject2/20_ROS/src/Robots/install/om_aiv_msg/include/om_aiv_msg/om_aiv_msg/msg/rosidl_typesupport_introspection_c__visibility_control.h
[6.357s] -- Symlinking: /home/administrator/Masterproject2/20_ROS/src/Robots/install/om_aiv_msg/include/om_aiv_msg/om_aiv_msg/srv/detail/arcl_api__rosidl_typesupport_introspection_c.h
[6.363s] -- Symlinking: /home/administrator/Masterproject2/20_ROS/src/Robots/install/om_aiv_msg/include/om_aiv_msg/om_aiv_msg/srv/detail/arcl_listen__rosidl_typesupport_introspection_c.h
[6.372s] -- Symlinking: /home/administrator/Masterproject2/20_ROS/src/Robots/install/om_aiv_msg/include/om_aiv_msg/om_aiv_msg/action/detail/action__rosidl_typesupport_introspection_cpp.hpp
[6.392s] -- Symlinking: /home/administrator/Masterproject2/20_ROS/src/Robots/install/om_aiv_msg/include/om_aiv_msg/om_aiv_msg/msg/detail/location__rosidl_typesupport_introspection_cpp.hpp
[6.404s] -- Symlinking: /home/administrator/Masterproject2/20_ROS/src/Robots/install/om_aiv_msg/include/om_aiv_msg/om_aiv_msg/msg/detail/status__rosidl_typesupport_introspection_cpp.hpp
[6.415s] -- Symlinking: /home/administrator/Masterproject2/20_ROS/src/Robots/install/om_aiv_msg/include/om_aiv_msg/om_aiv_msg/srv/detail/arcl_api__rosidl_typesupport_introspection_cpp.hpp
[6.427s] -- Symlinking: /home/administrator/Masterproject2/20_ROS/src/Robots/install/om_aiv_msg/include/om_aiv_msg/om_aiv_msg/srv/detail/arcl_listen__rosidl_typesupport_introspection_cpp.hpp
[6.446s] -- Symlinking: /home/administrator/Masterproject2/20_ROS/src/Robots/install/om_aiv_msg/share/om_aiv_msg/environment/pythonpath.sh
[6.456s] -- Symlinking: /home/administrator/Masterproject2/20_ROS/src/Robots/install/om_aiv_msg/share/om_aiv_msg/environment/pythonpath.dsv
[6.474s] -- Symlinking: /home/administrator/Masterproject2/20_ROS/src/Robots/install/om_aiv_msg/lib/python3.12/site-packages/om_aiv_msg-0.0.0-py3.12.egg-info/PKG-INFO
[6.497s] -- Symlinking: /home/administrator/Masterproject2/20_ROS/src/Robots/install/om_aiv_msg/lib/python3.12/site-packages/om_aiv_msg-0.0.0-py3.12.egg-info/SOURCES.txt
[6.505s] -- Symlinking: /home/administrator/Masterproject2/20_ROS/src/Robots/install/om_aiv_msg/lib/python3.12/site-packages/om_aiv_msg-0.0.0-py3.12.egg-info/dependency_links.txt
[6.512s] -- Symlinking: /home/administrator/Masterproject2/20_ROS/src/Robots/install/om_aiv_msg/lib/python3.12/site-packages/om_aiv_msg-0.0.0-py3.12.egg-info/top_level.txt
[6.530s] -- Symlinking: /home/administrator/Masterproject2/20_ROS/src/Robots/install/om_aiv_msg/lib/python3.12/site-packages/om_aiv_msg/__init__.py
[6.549s] -- Symlinking: /home/administrator/Masterproject2/20_ROS/src/Robots/install/om_aiv_msg/lib/python3.12/site-packages/om_aiv_msg/_om_aiv_msg_s.ep.rosidl_typesupport_c.c
[6.565s] -- Symlinking: /home/administrator/Masterproject2/20_ROS/src/Robots/install/om_aiv_msg/lib/python3.12/site-packages/om_aiv_msg/_om_aiv_msg_s.ep.rosidl_typesupport_fastrtps_c.c
[6.587s] -- Symlinking: /home/administrator/Masterproject2/20_ROS/src/Robots/install/om_aiv_msg/lib/python3.12/site-packages/om_aiv_msg/_om_aiv_msg_s.ep.rosidl_typesupport_introspection_c.c
[6.621s] -- Symlinking: /home/administrator/Masterproject2/20_ROS/src/Robots/install/om_aiv_msg/lib/python3.12/site-packages/om_aiv_msg/action/__init__.py
[6.654s] -- Symlinking: /home/administrator/Masterproject2/20_ROS/src/Robots/install/om_aiv_msg/lib/python3.12/site-packages/om_aiv_msg/action/_action.py
[6.670s] -- Symlinking: /home/administrator/Masterproject2/20_ROS/src/Robots/install/om_aiv_msg/lib/python3.12/site-packages/om_aiv_msg/action/_action_s.c
[6.681s] -- Symlinking: /home/administrator/Masterproject2/20_ROS/src/Robots/install/om_aiv_msg/lib/python3.12/site-packages/om_aiv_msg/msg/__init__.py
[6.704s] -- Symlinking: /home/administrator/Masterproject2/20_ROS/src/Robots/install/om_aiv_msg/lib/python3.12/site-packages/om_aiv_msg/msg/_location.py
[6.737s] -- Symlinking: /home/administrator/Masterproject2/20_ROS/src/Robots/install/om_aiv_msg/lib/python3.12/site-packages/om_aiv_msg/msg/_location_s.c
[6.751s] -- Symlinking: /home/administrator/Masterproject2/20_ROS/src/Robots/install/om_aiv_msg/lib/python3.12/site-packages/om_aiv_msg/msg/_status.py
[6.769s] -- Symlinking: /home/administrator/Masterproject2/20_ROS/src/Robots/install/om_aiv_msg/lib/python3.12/site-packages/om_aiv_msg/msg/_status_s.c
[6.786s] -- Symlinking: /home/administrator/Masterproject2/20_ROS/src/Robots/install/om_aiv_msg/lib/python3.12/site-packages/om_aiv_msg/om_aiv_msg_s__rosidl_typesupport_c.so
[6.800s] -- Symlinking: /home/administrator/Masterproject2/20_ROS/src/Robots/install/om_aiv_msg/lib/python3.12/site-packages/om_aiv_msg/om_aiv_msg_s__rosidl_typesupport_fastrtps_c.so
[6.823s] -- Symlinking: /home/administrator/Masterproject2/20_ROS/src/Robots/install/om_aiv_msg/lib/python3.12/site-packages/om_aiv_msg/om_aiv_msg_s__rosidl_typesupport_introspection_c.so
[6.849s] -- Symlinking: /home/administrator/Masterproject2/20_ROS/src/Robots/install/om_aiv_msg/lib/python3.12/site-packages/om_aiv_msg/srv/__init__.py
[6.875s] -- Symlinking: /home/administrator/Masterproject2/20_ROS/src/Robots/install/om_aiv_msg/lib/python3.12/site-packages/om_aiv_msg/srv/_arcl_api.py
[6.899s] -- Symlinking: /home/administrator/Masterproject2/20_ROS/src/Robots/install/om_aiv_msg/lib/python3.12/site-packages/om_aiv_msg/srv/_arcl_api_s.c
[6.915s] -- Symlinking: /home/administrator/Masterproject2/20_ROS/src/Robots/install/om_aiv_msg/lib/python3.12/site-packages/om_aiv_msg/srv/_arcl_listen.py
[6.939s] -- Symlinking: /home/administrator/Masterproject2/20_ROS/src/Robots/install/om_aiv_msg/lib/python3.12/site-packages/om_aiv_msg/srv/_arcl_listen_s.c
[6.948s] -- Up-to-date symlink: /home/administrator/Masterproject2/20_ROS/src/Robots/install/om_aiv_msg/lib/python3.12/site-packages/om_aiv_msg/om_aiv_msg_s__rosidl_typesupport_fastrtps_c.so
[6.948s] -- Up-to-date symlink: /home/administrator/Masterproject2/20_ROS/src/Robots/install/om_aiv_msg/lib/python3.12/site-packages/om_aiv_msg/om_aiv_msg_s__rosidl_typesupport_introspection_c.so
[6.948s] -- Up-to-date symlink: /home/administrator/Masterproject2/20_ROS/src/Robots/install/om_aiv_msg/lib/python3.12/site-packages/om_aiv_msg/om_aiv_msg_s__rosidl_typesupport_c.so
[6.948s] -- Symlinking: /home/administrator/Masterproject2/20_ROS/src/Robots/install/om_aiv_msg/share/ament_index/resource_index/rust_packages/om_aiv_msg
[6.959s] -- Symlinking: /home/administrator/Masterproject2/20_ROS/src/Robots/install/om_aiv_msg/share/om_aiv_msg/rust/Cargo.toml
[6.987s] -- Symlinking: /home/administrator/Masterproject2/20_ROS/src/Robots/install/om_aiv_msg/share/om_aiv_msg/rust/build.rs
[7.009s] -- Symlinking: /home/administrator/Masterproject2/20_ROS/src/Robots/install/om_aiv_msg/share/om_aiv_msg/rust/src/action.rs
[7.027s] -- Symlinking: /home/administrator/Masterproject2/20_ROS/src/Robots/install/om_aiv_msg/share/om_aiv_msg/rust/src/action/rmw.rs
[7.037s] -- Symlinking: /home/administrator/Masterproject2/20_ROS/src/Robots/install/om_aiv_msg/share/om_aiv_msg/rust/src/lib.rs
[7.084s] -- Symlinking: /home/administrator/Masterproject2/20_ROS/src/Robots/install/om_aiv_msg/share/om_aiv_msg/rust/src/msg.rs
[7.097s] -- Symlinking: /home/administrator/Masterproject2/20_ROS/src/Robots/install/om_aiv_msg/share/om_aiv_msg/rust/src/msg/rmw.rs
[7.109s] -- Symlinking: /home/administrator/Masterproject2/20_ROS/src/Robots/install/om_aiv_msg/share/om_aiv_msg/rust/src/srv.rs
[7.133s] -- Symlinking: /home/administrator/Masterproject2/20_ROS/src/Robots/install/om_aiv_msg/share/om_aiv_msg/rust/src/srv/rmw.rs
[7.149s] -- Symlinking: /home/administrator/Masterproject2/20_ROS/src/Robots/install/om_aiv_msg/share/om_aiv_msg/msg/Location.idl
[7.157s] -- Symlinking: /home/administrator/Masterproject2/20_ROS/src/Robots/install/om_aiv_msg/share/om_aiv_msg/msg/Status.idl
[7.168s] -- Symlinking: /home/administrator/Masterproject2/20_ROS/src/Robots/install/om_aiv_msg/share/om_aiv_msg/srv/ArclApi.idl
[7.174s] -- Symlinking: /home/administrator/Masterproject2/20_ROS/src/Robots/install/om_aiv_msg/share/om_aiv_msg/srv/ArclListen.idl
[7.190s] -- Symlinking: /home/administrator/Masterproject2/20_ROS/src/Robots/install/om_aiv_msg/share/om_aiv_msg/action/Action.idl
[7.211s] -- Symlinking: /home/administrator/Masterproject2/20_ROS/src/Robots/install/om_aiv_msg/share/om_aiv_msg/msg/Location.msg
[7.227s] -- Symlinking: /home/administrator/Masterproject2/20_ROS/src/Robots/install/om_aiv_msg/share/om_aiv_msg/msg/Status.msg
[7.251s] -- Symlinking: /home/administrator/Masterproject2/20_ROS/src/Robots/install/om_aiv_msg/share/om_aiv_msg/srv/ArclApi.srv
[7.266s] -- Symlinking: /home/administrator/Masterproject2/20_ROS/src/Robots/install/om_aiv_msg/share/om_aiv_msg/srv/ArclListen.srv
[7.284s] -- Symlinking: /home/administrator/Masterproject2/20_ROS/src/Robots/install/om_aiv_msg/share/om_aiv_msg/action/Action.action
[7.301s] -- Symlinking: /home/administrator/Masterproject2/20_ROS/src/Robots/install/om_aiv_msg/share/ament_index/resource_index/package_run_dependencies/om_aiv_msg
[7.321s] -- Symlinking: /home/administrator/Masterproject2/20_ROS/src/Robots/install/om_aiv_msg/share/ament_index/resource_index/parent_prefix_path/om_aiv_msg
[7.343s] -- Symlinking: /home/administrator/Masterproject2/20_ROS/src/Robots/install/om_aiv_msg/share/om_aiv_msg/environment/ament_prefix_path.sh
[7.358s] -- Symlinking: /home/administrator/Masterproject2/20_ROS/src/Robots/install/om_aiv_msg/share/om_aiv_msg/environment/ament_prefix_path.dsv
[7.374s] -- Symlinking: /home/administrator/Masterproject2/20_ROS/src/Robots/install/om_aiv_msg/share/om_aiv_msg/environment/path.sh
[7.383s] -- Symlinking: /home/administrator/Masterproject2/20_ROS/src/Robots/install/om_aiv_msg/share/om_aiv_msg/environment/path.dsv
[7.395s] -- Symlinking: /home/administrator/Masterproject2/20_ROS/src/Robots/install/om_aiv_msg/share/om_aiv_msg/local_setup.bash
[7.414s] -- Symlinking: /home/administrator/Masterproject2/20_ROS/src/Robots/install/om_aiv_msg/share/om_aiv_msg/local_setup.sh
[7.425s] -- Symlinking: /home/administrator/Masterproject2/20_ROS/src/Robots/install/om_aiv_msg/share/om_aiv_msg/local_setup.zsh
[7.441s] -- Symlinking: /home/administrator/Masterproject2/20_ROS/src/Robots/install/om_aiv_msg/share/om_aiv_msg/local_setup.dsv
[7.455s] -- Symlinking: /home/administrator/Masterproject2/20_ROS/src/Robots/install/om_aiv_msg/share/om_aiv_msg/package.dsv
[7.466s] -- Symlinking: /home/administrator/Masterproject2/20_ROS/src/Robots/install/om_aiv_msg/share/ament_index/resource_index/packages/om_aiv_msg
[7.481s] -- Symlinking: /home/administrator/Masterproject2/20_ROS/src/Robots/install/om_aiv_msg/share/om_aiv_msg/cmake/rosidl_cmake-extras.cmake
[7.492s] -- Symlinking: /home/administrator/Masterproject2/20_ROS/src/Robots/install/om_aiv_msg/share/om_aiv_msg/cmake/ament_cmake_export_dependencies-extras.cmake
[7.515s] -- Symlinking: /home/administrator/Masterproject2/20_ROS/src/Robots/install/om_aiv_msg/share/om_aiv_msg/cmake/ament_cmake_export_include_directories-extras.cmake
[7.534s] -- Symlinking: /home/administrator/Masterproject2/20_ROS/src/Robots/install/om_aiv_msg/share/om_aiv_msg/cmake/ament_cmake_export_libraries-extras.cmake
[7.566s] -- Symlinking: /home/administrator/Masterproject2/20_ROS/src/Robots/install/om_aiv_msg/share/om_aiv_msg/cmake/ament_cmake_export_targets-extras.cmake
[7.585s] -- Symlinking: /home/administrator/Masterproject2/20_ROS/src/Robots/install/om_aiv_msg/share/om_aiv_msg/cmake/rosidl_cmake_export_typesupport_targets-extras.cmake
[7.604s] -- Symlinking: /home/administrator/Masterproject2/20_ROS/src/Robots/install/om_aiv_msg/share/om_aiv_msg/cmake/rosidl_cmake_export_typesupport_libraries-extras.cmake
[7.615s] -- Symlinking: /home/administrator/Masterproject2/20_ROS/src/Robots/install/om_aiv_msg/share/om_aiv_msg/cmake/om_aiv_msgConfig.cmake
[7.630s] -- Symlinking: /home/administrator/Masterproject2/20_ROS/src/Robots/install/om_aiv_msg/share/om_aiv_msg/cmake/om_aiv_msgConfig-version.cmake
[7.648s] -- Symlinking: /home/administrator/Masterproject2/20_ROS/src/Robots/install/om_aiv_msg/share/om_aiv_msg/package.xml
[7.668s] -- Installing: /home/administrator/Masterproject2/20_ROS/src/Robots/install/om_aiv_msg/lib/libom_aiv_msg__rosidl_generator_c.so
[7.669s] -- Set non-toolchain portion of runtime path of "/home/administrator/Masterproject2/20_ROS/src/Robots/install/om_aiv_msg/lib/libom_aiv_msg__rosidl_generator_c.so" to ""
[7.669s] -- Installing: /home/administrator/Masterproject2/20_ROS/src/Robots/install/om_aiv_msg/lib/libom_aiv_msg__rosidl_typesupport_fastrtps_c.so
[7.671s] -- Set non-toolchain portion of runtime path of "/home/administrator/Masterproject2/20_ROS/src/Robots/install/om_aiv_msg/lib/libom_aiv_msg__rosidl_typesupport_fastrtps_c.so" to ""
[7.672s] -- Installing: /home/administrator/Masterproject2/20_ROS/src/Robots/install/om_aiv_msg/lib/libom_aiv_msg__rosidl_typesupport_fastrtps_cpp.so
[7.672s] -- Set non-toolchain portion of runtime path of "/home/administrator/Masterproject2/20_ROS/src/Robots/install/om_aiv_msg/lib/libom_aiv_msg__rosidl_typesupport_fastrtps_cpp.so" to ""
[7.672s] -- Installing: /home/administrator/Masterproject2/20_ROS/src/Robots/install/om_aiv_msg/lib/libom_aiv_msg__rosidl_typesupport_introspection_c.so
[7.679s] -- Set non-toolchain portion of runtime path of "/home/administrator/Masterproject2/20_ROS/src/Robots/install/om_aiv_msg/lib/libom_aiv_msg__rosidl_typesupport_introspection_c.so" to ""
[7.679s] -- Installing: /home/administrator/Masterproject2/20_ROS/src/Robots/install/om_aiv_msg/lib/libom_aiv_msg__rosidl_typesupport_c.so
[7.679s] -- Set non-toolchain portion of runtime path of "/home/administrator/Masterproject2/20_ROS/src/Robots/install/om_aiv_msg/lib/libom_aiv_msg__rosidl_typesupport_c.so" to ""
[7.680s] -- Installing: /home/administrator/Masterproject2/20_ROS/src/Robots/install/om_aiv_msg/lib/libom_aiv_msg__rosidl_typesupport_introspection_cpp.so
[7.680s] -- Set non-toolchain portion of runtime path of "/home/administrator/Masterproject2/20_ROS/src/Robots/install/om_aiv_msg/lib/libom_aiv_msg__rosidl_typesupport_introspection_cpp.so" to ""
[7.680s] -- Installing: /home/administrator/Masterproject2/20_ROS/src/Robots/install/om_aiv_msg/lib/libom_aiv_msg__rosidl_typesupport_cpp.so
[7.680s] -- Set non-toolchain portion of runtime path of "/home/administrator/Masterproject2/20_ROS/src/Robots/install/om_aiv_msg/lib/libom_aiv_msg__rosidl_typesupport_cpp.so" to ""
[7.767s] Listing '/home/administrator/Masterproject2/20_ROS/src/Robots/install/om_aiv_msg/lib/python3.12/site-packages/om_aiv_msg'...
[7.767s] Compiling '/home/administrator/Masterproject2/20_ROS/src/Robots/install/om_aiv_msg/lib/python3.12/site-packages/om_aiv_msg/__init__.py'...
[7.767s] Listing '/home/administrator/Masterproject2/20_ROS/src/Robots/install/om_aiv_msg/lib/python3.12/site-packages/om_aiv_msg/action'...
[7.767s] Compiling '/home/administrator/Masterproject2/20_ROS/src/Robots/install/om_aiv_msg/lib/python3.12/site-packages/om_aiv_msg/action/__init__.py'...
[7.767s] Compiling '/home/administrator/Masterproject2/20_ROS/src/Robots/install/om_aiv_msg/lib/python3.12/site-packages/om_aiv_msg/action/_action.py'...
[7.767s] Listing '/home/administrator/Masterproject2/20_ROS/src/Robots/install/om_aiv_msg/lib/python3.12/site-packages/om_aiv_msg/msg'...
[7.767s] Compiling '/home/administrator/Masterproject2/20_ROS/src/Robots/install/om_aiv_msg/lib/python3.12/site-packages/om_aiv_msg/msg/__init__.py'...
[7.767s] Compiling '/home/administrator/Masterproject2/20_ROS/src/Robots/install/om_aiv_msg/lib/python3.12/site-packages/om_aiv_msg/msg/_location.py'...
[7.767s] Compiling '/home/administrator/Masterproject2/20_ROS/src/Robots/install/om_aiv_msg/lib/python3.12/site-packages/om_aiv_msg/msg/_status.py'...
[7.767s] Listing '/home/administrator/Masterproject2/20_ROS/src/Robots/install/om_aiv_msg/lib/python3.12/site-packages/om_aiv_msg/srv'...
[7.767s] Compiling '/home/administrator/Masterproject2/20_ROS/src/Robots/install/om_aiv_msg/lib/python3.12/site-packages/om_aiv_msg/srv/__init__.py'...
[7.767s] Compiling '/home/administrator/Masterproject2/20_ROS/src/Robots/install/om_aiv_msg/lib/python3.12/site-packages/om_aiv_msg/srv/_arcl_api.py'...
[7.767s] Compiling '/home/administrator/Masterproject2/20_ROS/src/Robots/install/om_aiv_msg/lib/python3.12/site-packages/om_aiv_msg/srv/_arcl_listen.py'...
[7.772s] -- Installing: /home/administrator/Masterproject2/20_ROS/src/Robots/install/om_aiv_msg/lib/libom_aiv_msg__rosidl_generator_py.so
[7.773s] -- Set non-toolchain portion of runtime path of "/home/administrator/Masterproject2/20_ROS/src/Robots/install/om_aiv_msg/lib/libom_aiv_msg__rosidl_generator_py.so" to ""
[7.773s] -- Installing: /home/administrator/Masterproject2/20_ROS/src/Robots/install/om_aiv_msg/share/om_aiv_msg/cmake/export_om_aiv_msg__rosidl_generator_cExport.cmake
[7.773s] -- Installing: /home/administrator/Masterproject2/20_ROS/src/Robots/install/om_aiv_msg/share/om_aiv_msg/cmake/export_om_aiv_msg__rosidl_generator_cExport-noconfig.cmake
[7.774s] -- Installing: /home/administrator/Masterproject2/20_ROS/src/Robots/install/om_aiv_msg/share/om_aiv_msg/cmake/export_om_aiv_msg__rosidl_typesupport_fastrtps_cExport.cmake
[7.774s] -- Installing: /home/administrator/Masterproject2/20_ROS/src/Robots/install/om_aiv_msg/share/om_aiv_msg/cmake/export_om_aiv_msg__rosidl_typesupport_fastrtps_cExport-noconfig.cmake
[7.774s] -- Installing: /home/administrator/Masterproject2/20_ROS/src/Robots/install/om_aiv_msg/share/om_aiv_msg/cmake/export_om_aiv_msg__rosidl_generator_cppExport.cmake
[7.774s] -- Installing: /home/administrator/Masterproject2/20_ROS/src/Robots/install/om_aiv_msg/share/om_aiv_msg/cmake/export_om_aiv_msg__rosidl_typesupport_fastrtps_cppExport.cmake
[7.774s] -- Installing: /home/administrator/Masterproject2/20_ROS/src/Robots/install/om_aiv_msg/share/om_aiv_msg/cmake/export_om_aiv_msg__rosidl_typesupport_fastrtps_cppExport-noconfig.cmake
[7.775s] -- Installing: /home/administrator/Masterproject2/20_ROS/src/Robots/install/om_aiv_msg/share/om_aiv_msg/cmake/om_aiv_msg__rosidl_typesupport_introspection_cExport.cmake
[7.775s] -- Installing: /home/administrator/Masterproject2/20_ROS/src/Robots/install/om_aiv_msg/share/om_aiv_msg/cmake/om_aiv_msg__rosidl_typesupport_introspection_cExport-noconfig.cmake
[7.775s] -- Installing: /home/administrator/Masterproject2/20_ROS/src/Robots/install/om_aiv_msg/share/om_aiv_msg/cmake/om_aiv_msg__rosidl_typesupport_cExport.cmake
[7.775s] -- Installing: /home/administrator/Masterproject2/20_ROS/src/Robots/install/om_aiv_msg/share/om_aiv_msg/cmake/om_aiv_msg__rosidl_typesupport_cExport-noconfig.cmake
[7.775s] -- Installing: /home/administrator/Masterproject2/20_ROS/src/Robots/install/om_aiv_msg/share/om_aiv_msg/cmake/om_aiv_msg__rosidl_typesupport_introspection_cppExport.cmake
[7.775s] -- Installing: /home/administrator/Masterproject2/20_ROS/src/Robots/install/om_aiv_msg/share/om_aiv_msg/cmake/om_aiv_msg__rosidl_typesupport_introspection_cppExport-noconfig.cmake
[7.776s] -- Installing: /home/administrator/Masterproject2/20_ROS/src/Robots/install/om_aiv_msg/share/om_aiv_msg/cmake/om_aiv_msg__rosidl_typesupport_cppExport.cmake
[7.776s] -- Installing: /home/administrator/Masterproject2/20_ROS/src/Robots/install/om_aiv_msg/share/om_aiv_msg/cmake/om_aiv_msg__rosidl_typesupport_cppExport-noconfig.cmake
[7.776s] -- Installing: /home/administrator/Masterproject2/20_ROS/src/Robots/install/om_aiv_msg/share/om_aiv_msg/cmake/export_om_aiv_msg__rosidl_generator_pyExport.cmake
[7.776s] -- Installing: /home/administrator/Masterproject2/20_ROS/src/Robots/install/om_aiv_msg/share/om_aiv_msg/cmake/export_om_aiv_msg__rosidl_generator_pyExport-noconfig.cmake
[7.782s] Invoked command in '/home/administrator/Masterproject2/20_ROS/src/Robots/build/om_aiv_msg' returned '0': CMAKE_PREFIX_PATH=${CMAKE_PREFIX_PATH}:/opt/ros/kilted DEBUGINFOD_URLS=https://debuginfod.ubuntu.com /usr/bin/cmake --install /home/administrator/Masterproject2/20_ROS/src/Robots/build/om_aiv_msg
