[0.102s] Invoking command in '/home/administrator/Masterproject2/20_ROS/src/Robots/build/demo': AMENT_PREFIX_PATH=/home/administrator/Masterproject2/20_ROS/src/Robots/install/om_aiv_msg:${AMENT_PREFIX_PATH} CMAKE_PREFIX_PATH=/home/administrator/Masterproject2/20_ROS/src/Robots/install/om_aiv_msg:/opt/ros/kilted/opt/sdformat_vendor:/opt/ros/kilted/opt/gz_math_vendor:/opt/ros/kilted/opt/gz_utils_vendor:/opt/ros/kilted/opt/gz_tools_vendor:/opt/ros/kilted/opt/gz_cmake_vendor:/opt/ros/kilted DEBUGINFOD_URLS=https://debuginfod.ubuntu.com LD_LIBRARY_PATH=/home/administrator/Masterproject2/20_ROS/src/Robots/install/om_aiv_msg/lib:${LD_LIBRARY_PATH} PYTHONPATH=/home/administrator/Masterproject2/20_ROS/src/Robots/install/om_aiv_msg/lib/python3.12/site-packages:${PYTHONPATH} /usr/bin/cmake --build /home/administrator/Masterproject2/20_ROS/src/Robots/build/demo -- -j14 -l14
[0.209s] [ 33%] Built target get_macros
[0.209s] [ 66%] Built target execute_macro
[0.209s] [100%] Built target action_client
[0.261s] Invoked command in '/home/administrator/Masterproject2/20_ROS/src/Robots/build/demo' returned '0': AMENT_PREFIX_PATH=/home/administrator/Masterproject2/20_ROS/src/Robots/install/om_aiv_msg:${AMENT_PREFIX_PATH} CMAKE_PREFIX_PATH=/home/administrator/Masterproject2/20_ROS/src/Robots/install/om_aiv_msg:/opt/ros/kilted/opt/sdformat_vendor:/opt/ros/kilted/opt/gz_math_vendor:/opt/ros/kilted/opt/gz_utils_vendor:/opt/ros/kilted/opt/gz_tools_vendor:/opt/ros/kilted/opt/gz_cmake_vendor:/opt/ros/kilted DEBUGINFOD_URLS=https://debuginfod.ubuntu.com LD_LIBRARY_PATH=/home/administrator/Masterproject2/20_ROS/src/Robots/install/om_aiv_msg/lib:${LD_LIBRARY_PATH} PYTHONPATH=/home/administrator/Masterproject2/20_ROS/src/Robots/install/om_aiv_msg/lib/python3.12/site-packages:${PYTHONPATH} /usr/bin/cmake --build /home/administrator/Masterproject2/20_ROS/src/Robots/build/demo -- -j14 -l14
[0.263s] Invoking command in '/home/administrator/Masterproject2/20_ROS/src/Robots/build/demo': AMENT_PREFIX_PATH=/home/administrator/Masterproject2/20_ROS/src/Robots/install/om_aiv_msg:${AMENT_PREFIX_PATH} CMAKE_PREFIX_PATH=/home/administrator/Masterproject2/20_ROS/src/Robots/install/om_aiv_msg:/opt/ros/kilted/opt/sdformat_vendor:/opt/ros/kilted/opt/gz_math_vendor:/opt/ros/kilted/opt/gz_utils_vendor:/opt/ros/kilted/opt/gz_tools_vendor:/opt/ros/kilted/opt/gz_cmake_vendor:/opt/ros/kilted DEBUGINFOD_URLS=https://debuginfod.ubuntu.com LD_LIBRARY_PATH=/home/administrator/Masterproject2/20_ROS/src/Robots/install/om_aiv_msg/lib:${LD_LIBRARY_PATH} PYTHONPATH=/home/administrator/Masterproject2/20_ROS/src/Robots/install/om_aiv_msg/lib/python3.12/site-packages:${PYTHONPATH} /usr/bin/cmake --install /home/administrator/Masterproject2/20_ROS/src/Robots/build/demo
[0.274s] -- Install configuration: ""
[0.274s] -- Installing: /home/administrator/Masterproject2/20_ROS/src/Robots/install/demo/lib/demo/execute_macro
[0.274s] -- Set non-toolchain portion of runtime path of "/home/administrator/Masterproject2/20_ROS/src/Robots/install/demo/lib/demo/execute_macro" to ""
[0.274s] -- Installing: /home/administrator/Masterproject2/20_ROS/src/Robots/install/demo/lib/libaction_client.so
[0.274s] -- Set non-toolchain portion of runtime path of "/home/administrator/Masterproject2/20_ROS/src/Robots/install/demo/lib/libaction_client.so" to ""
[0.274s] -- Installing: /home/administrator/Masterproject2/20_ROS/src/Robots/install/demo/lib/demo/get_macros
[0.275s] -- Set non-toolchain portion of runtime path of "/home/administrator/Masterproject2/20_ROS/src/Robots/install/demo/lib/demo/get_macros" to ""
[0.275s] -- Installing: /home/administrator/Masterproject2/20_ROS/src/Robots/install/demo/share/ament_index/resource_index/package_run_dependencies/demo
[0.276s] -- Installing: /home/administrator/Masterproject2/20_ROS/src/Robots/install/demo/share/ament_index/resource_index/parent_prefix_path/demo
[0.277s] -- Installing: /home/administrator/Masterproject2/20_ROS/src/Robots/install/demo/share/demo/environment/ament_prefix_path.sh
[0.277s] -- Installing: /home/administrator/Masterproject2/20_ROS/src/Robots/install/demo/share/demo/environment/ament_prefix_path.dsv
[0.277s] -- Installing: /home/administrator/Masterproject2/20_ROS/src/Robots/install/demo/share/demo/environment/path.sh
[0.277s] -- Installing: /home/administrator/Masterproject2/20_ROS/src/Robots/install/demo/share/demo/environment/path.dsv
[0.277s] -- Installing: /home/administrator/Masterproject2/20_ROS/src/Robots/install/demo/share/demo/local_setup.bash
[0.277s] -- Installing: /home/administrator/Masterproject2/20_ROS/src/Robots/install/demo/share/demo/local_setup.sh
[0.277s] -- Installing: /home/administrator/Masterproject2/20_ROS/src/Robots/install/demo/share/demo/local_setup.zsh
[0.277s] -- Installing: /home/administrator/Masterproject2/20_ROS/src/Robots/install/demo/share/demo/local_setup.dsv
[0.277s] -- Installing: /home/administrator/Masterproject2/20_ROS/src/Robots/install/demo/share/demo/package.dsv
[0.278s] -- Installing: /home/administrator/Masterproject2/20_ROS/src/Robots/install/demo/share/ament_index/resource_index/packages/demo
[0.278s] -- Installing: /home/administrator/Masterproject2/20_ROS/src/Robots/install/demo/share/ament_index/resource_index/rclcpp_components/demo
[0.278s] -- Installing: /home/administrator/Masterproject2/20_ROS/src/Robots/install/demo/share/demo/cmake/demoConfig.cmake
[0.278s] -- Installing: /home/administrator/Masterproject2/20_ROS/src/Robots/install/demo/share/demo/cmake/demoConfig-version.cmake
[0.278s] -- Installing: /home/administrator/Masterproject2/20_ROS/src/Robots/install/demo/share/demo/package.xml
[0.280s] Invoked command in '/home/administrator/Masterproject2/20_ROS/src/Robots/build/demo' returned '0': AMENT_PREFIX_PATH=/home/administrator/Masterproject2/20_ROS/src/Robots/install/om_aiv_msg:${AMENT_PREFIX_PATH} CMAKE_PREFIX_PATH=/home/administrator/Masterproject2/20_ROS/src/Robots/install/om_aiv_msg:/opt/ros/kilted/opt/sdformat_vendor:/opt/ros/kilted/opt/gz_math_vendor:/opt/ros/kilted/opt/gz_utils_vendor:/opt/ros/kilted/opt/gz_tools_vendor:/opt/ros/kilted/opt/gz_cmake_vendor:/opt/ros/kilted DEBUGINFOD_URLS=https://debuginfod.ubuntu.com LD_LIBRARY_PATH=/home/administrator/Masterproject2/20_ROS/src/Robots/install/om_aiv_msg/lib:${LD_LIBRARY_PATH} PYTHONPATH=/home/administrator/Masterproject2/20_ROS/src/Robots/install/om_aiv_msg/lib/python3.12/site-packages:${PYTHONPATH} /usr/bin/cmake --install /home/administrator/Masterproject2/20_ROS/src/Robots/build/demo
