[  1%] Built target om_aiv_msg__rs
[  2%] Built target om_aiv_msg__rosidl_generator_type_description
[  2%] Built target ament_cmake_python_symlink_om_aiv_msg
[  4%] Built target om_aiv_msg__cpp
[ 26%] Built target om_aiv_msg__rosidl_generator_c
[ 36%] Built target om_aiv_msg__rosidl_typesupport_introspection_c
[ 45%] Built target om_aiv_msg__rosidl_typesupport_fastrtps_c
[ 54%] Built target om_aiv_msg__rosidl_typesupport_fastrtps_cpp
[ 64%] Built target om_aiv_msg__rosidl_typesupport_cpp
[ 73%] Built target om_aiv_msg__rosidl_typesupport_c
[ 82%] Built target om_aiv_msg__rosidl_typesupport_introspection_cpp
[ 82%] Built target om_aiv_msg
[ 84%] Built target om_aiv_msg__py
[ 92%] Built target om_aiv_msg__rosidl_generator_py
[ 94%] Built target om_aiv_msg_s__rosidl_typesupport_introspection_c
[ 97%] Built target om_aiv_msg_s__rosidl_typesupport_c
running egg_info
[100%] Built target om_aiv_msg_s__rosidl_typesupport_fastrtps_c
writing om_aiv_msg.egg-info/PKG-INFO
writing dependency_links to om_aiv_msg.egg-info/dependency_links.txt
writing top-level names to om_aiv_msg.egg-info/top_level.txt
reading manifest file 'om_aiv_msg.egg-info/SOURCES.txt'
writing manifest file 'om_aiv_msg.egg-info/SOURCES.txt'
[100%] Built target ament_cmake_python_build_om_aiv_msg_egg
-- Install configuration: ""
-- Execute custom install script
-- Up-to-date symlink: /home/administrator/Masterproject2/20_ROS/src/Robots/install/om_aiv_msg/share/ament_index/resource_index/rosidl_interfaces/om_aiv_msg
-- Up-to-date symlink: /home/administrator/Masterproject2/20_ROS/src/Robots/install/om_aiv_msg/share/om_aiv_msg/msg/Location.json
-- Up-to-date symlink: /home/administrator/Masterproject2/20_ROS/src/Robots/install/om_aiv_msg/share/om_aiv_msg/msg/Status.json
-- Up-to-date symlink: /home/administrator/Masterproject2/20_ROS/src/Robots/install/om_aiv_msg/share/om_aiv_msg/srv/ArclApi.json
-- Up-to-date symlink: /home/administrator/Masterproject2/20_ROS/src/Robots/install/om_aiv_msg/share/om_aiv_msg/srv/ArclListen.json
-- Up-to-date symlink: /home/administrator/Masterproject2/20_ROS/src/Robots/install/om_aiv_msg/share/om_aiv_msg/action/Action.json
-- Up-to-date symlink: /home/administrator/Masterproject2/20_ROS/src/Robots/install/om_aiv_msg/include/om_aiv_msg/om_aiv_msg/action/action.h
-- Up-to-date symlink: /home/administrator/Masterproject2/20_ROS/src/Robots/install/om_aiv_msg/include/om_aiv_msg/om_aiv_msg/action/detail/action__functions.h
-- Up-to-date symlink: /home/administrator/Masterproject2/20_ROS/src/Robots/install/om_aiv_msg/include/om_aiv_msg/om_aiv_msg/action/detail/action__struct.h
-- Up-to-date symlink: /home/administrator/Masterproject2/20_ROS/src/Robots/install/om_aiv_msg/include/om_aiv_msg/om_aiv_msg/action/detail/action__type_support.h
-- Up-to-date symlink: /home/administrator/Masterproject2/20_ROS/src/Robots/install/om_aiv_msg/include/om_aiv_msg/om_aiv_msg/msg/detail/location__functions.h
-- Up-to-date symlink: /home/administrator/Masterproject2/20_ROS/src/Robots/install/om_aiv_msg/include/om_aiv_msg/om_aiv_msg/msg/detail/location__struct.h
-- Up-to-date symlink: /home/administrator/Masterproject2/20_ROS/src/Robots/install/om_aiv_msg/include/om_aiv_msg/om_aiv_msg/msg/detail/location__type_support.h
-- Up-to-date symlink: /home/administrator/Masterproject2/20_ROS/src/Robots/install/om_aiv_msg/include/om_aiv_msg/om_aiv_msg/msg/detail/status__functions.h
-- Up-to-date symlink: /home/administrator/Masterproject2/20_ROS/src/Robots/install/om_aiv_msg/include/om_aiv_msg/om_aiv_msg/msg/detail/status__struct.h
-- Up-to-date symlink: /home/administrator/Masterproject2/20_ROS/src/Robots/install/om_aiv_msg/include/om_aiv_msg/om_aiv_msg/msg/detail/status__type_support.h
-- Up-to-date symlink: /home/administrator/Masterproject2/20_ROS/src/Robots/install/om_aiv_msg/include/om_aiv_msg/om_aiv_msg/msg/location.h
-- Up-to-date symlink: /home/administrator/Masterproject2/20_ROS/src/Robots/install/om_aiv_msg/include/om_aiv_msg/om_aiv_msg/msg/rosidl_generator_c__visibility_control.h
-- Up-to-date symlink: /home/administrator/Masterproject2/20_ROS/src/Robots/install/om_aiv_msg/include/om_aiv_msg/om_aiv_msg/msg/status.h
-- Up-to-date symlink: /home/administrator/Masterproject2/20_ROS/src/Robots/install/om_aiv_msg/include/om_aiv_msg/om_aiv_msg/srv/arcl_api.h
-- Up-to-date symlink: /home/administrator/Masterproject2/20_ROS/src/Robots/install/om_aiv_msg/include/om_aiv_msg/om_aiv_msg/srv/arcl_listen.h
-- Up-to-date symlink: /home/administrator/Masterproject2/20_ROS/src/Robots/install/om_aiv_msg/include/om_aiv_msg/om_aiv_msg/srv/detail/arcl_api__functions.h
-- Up-to-date symlink: /home/administrator/Masterproject2/20_ROS/src/Robots/install/om_aiv_msg/include/om_aiv_msg/om_aiv_msg/srv/detail/arcl_api__struct.h
-- Up-to-date symlink: /home/administrator/Masterproject2/20_ROS/src/Robots/install/om_aiv_msg/include/om_aiv_msg/om_aiv_msg/srv/detail/arcl_api__type_support.h
-- Up-to-date symlink: /home/administrator/Masterproject2/20_ROS/src/Robots/install/om_aiv_msg/include/om_aiv_msg/om_aiv_msg/srv/detail/arcl_listen__functions.h
-- Up-to-date symlink: /home/administrator/Masterproject2/20_ROS/src/Robots/install/om_aiv_msg/include/om_aiv_msg/om_aiv_msg/srv/detail/arcl_listen__struct.h
-- Up-to-date symlink: /home/administrator/Masterproject2/20_ROS/src/Robots/install/om_aiv_msg/include/om_aiv_msg/om_aiv_msg/srv/detail/arcl_listen__type_support.h
-- Up-to-date symlink: /home/administrator/Masterproject2/20_ROS/src/Robots/install/om_aiv_msg/share/om_aiv_msg/environment/library_path.sh
-- Up-to-date symlink: /home/administrator/Masterproject2/20_ROS/src/Robots/install/om_aiv_msg/share/om_aiv_msg/environment/library_path.dsv
-- Up-to-date symlink: /home/administrator/Masterproject2/20_ROS/src/Robots/install/om_aiv_msg/include/om_aiv_msg/om_aiv_msg/action/detail/action__rosidl_typesupport_fastrtps_c.h
-- Up-to-date symlink: /home/administrator/Masterproject2/20_ROS/src/Robots/install/om_aiv_msg/include/om_aiv_msg/om_aiv_msg/msg/detail/location__rosidl_typesupport_fastrtps_c.h
-- Up-to-date symlink: /home/administrator/Masterproject2/20_ROS/src/Robots/install/om_aiv_msg/include/om_aiv_msg/om_aiv_msg/msg/detail/status__rosidl_typesupport_fastrtps_c.h
-- Up-to-date symlink: /home/administrator/Masterproject2/20_ROS/src/Robots/install/om_aiv_msg/include/om_aiv_msg/om_aiv_msg/msg/rosidl_typesupport_fastrtps_c__visibility_control.h
-- Up-to-date symlink: /home/administrator/Masterproject2/20_ROS/src/Robots/install/om_aiv_msg/include/om_aiv_msg/om_aiv_msg/srv/detail/arcl_api__rosidl_typesupport_fastrtps_c.h
-- Up-to-date symlink: /home/administrator/Masterproject2/20_ROS/src/Robots/install/om_aiv_msg/include/om_aiv_msg/om_aiv_msg/srv/detail/arcl_listen__rosidl_typesupport_fastrtps_c.h
-- Up-to-date symlink: /home/administrator/Masterproject2/20_ROS/src/Robots/install/om_aiv_msg/include/om_aiv_msg/om_aiv_msg/action/action.hpp
-- Up-to-date symlink: /home/administrator/Masterproject2/20_ROS/src/Robots/install/om_aiv_msg/include/om_aiv_msg/om_aiv_msg/action/detail/action__builder.hpp
-- Up-to-date symlink: /home/administrator/Masterproject2/20_ROS/src/Robots/install/om_aiv_msg/include/om_aiv_msg/om_aiv_msg/action/detail/action__struct.hpp
-- Up-to-date symlink: /home/administrator/Masterproject2/20_ROS/src/Robots/install/om_aiv_msg/include/om_aiv_msg/om_aiv_msg/action/detail/action__traits.hpp
-- Up-to-date symlink: /home/administrator/Masterproject2/20_ROS/src/Robots/install/om_aiv_msg/include/om_aiv_msg/om_aiv_msg/action/detail/action__type_support.hpp
-- Up-to-date symlink: /home/administrator/Masterproject2/20_ROS/src/Robots/install/om_aiv_msg/include/om_aiv_msg/om_aiv_msg/msg/detail/location__builder.hpp
-- Up-to-date symlink: /home/administrator/Masterproject2/20_ROS/src/Robots/install/om_aiv_msg/include/om_aiv_msg/om_aiv_msg/msg/detail/location__struct.hpp
-- Up-to-date symlink: /home/administrator/Masterproject2/20_ROS/src/Robots/install/om_aiv_msg/include/om_aiv_msg/om_aiv_msg/msg/detail/location__traits.hpp
-- Up-to-date symlink: /home/administrator/Masterproject2/20_ROS/src/Robots/install/om_aiv_msg/include/om_aiv_msg/om_aiv_msg/msg/detail/location__type_support.hpp
-- Up-to-date symlink: /home/administrator/Masterproject2/20_ROS/src/Robots/install/om_aiv_msg/include/om_aiv_msg/om_aiv_msg/msg/detail/status__builder.hpp
-- Up-to-date symlink: /home/administrator/Masterproject2/20_ROS/src/Robots/install/om_aiv_msg/include/om_aiv_msg/om_aiv_msg/msg/detail/status__struct.hpp
-- Up-to-date symlink: /home/administrator/Masterproject2/20_ROS/src/Robots/install/om_aiv_msg/include/om_aiv_msg/om_aiv_msg/msg/detail/status__traits.hpp
-- Up-to-date symlink: /home/administrator/Masterproject2/20_ROS/src/Robots/install/om_aiv_msg/include/om_aiv_msg/om_aiv_msg/msg/detail/status__type_support.hpp
-- Up-to-date symlink: /home/administrator/Masterproject2/20_ROS/src/Robots/install/om_aiv_msg/include/om_aiv_msg/om_aiv_msg/msg/location.hpp
-- Up-to-date symlink: /home/administrator/Masterproject2/20_ROS/src/Robots/install/om_aiv_msg/include/om_aiv_msg/om_aiv_msg/msg/rosidl_generator_cpp__visibility_control.hpp
-- Up-to-date symlink: /home/administrator/Masterproject2/20_ROS/src/Robots/install/om_aiv_msg/include/om_aiv_msg/om_aiv_msg/msg/status.hpp
-- Up-to-date symlink: /home/administrator/Masterproject2/20_ROS/src/Robots/install/om_aiv_msg/include/om_aiv_msg/om_aiv_msg/srv/arcl_api.hpp
-- Up-to-date symlink: /home/administrator/Masterproject2/20_ROS/src/Robots/install/om_aiv_msg/include/om_aiv_msg/om_aiv_msg/srv/arcl_listen.hpp
-- Up-to-date symlink: /home/administrator/Masterproject2/20_ROS/src/Robots/install/om_aiv_msg/include/om_aiv_msg/om_aiv_msg/srv/detail/arcl_api__builder.hpp
-- Up-to-date symlink: /home/administrator/Masterproject2/20_ROS/src/Robots/install/om_aiv_msg/include/om_aiv_msg/om_aiv_msg/srv/detail/arcl_api__struct.hpp
-- Up-to-date symlink: /home/administrator/Masterproject2/20_ROS/src/Robots/install/om_aiv_msg/include/om_aiv_msg/om_aiv_msg/srv/detail/arcl_api__traits.hpp
-- Up-to-date symlink: /home/administrator/Masterproject2/20_ROS/src/Robots/install/om_aiv_msg/include/om_aiv_msg/om_aiv_msg/srv/detail/arcl_api__type_support.hpp
-- Up-to-date symlink: /home/administrator/Masterproject2/20_ROS/src/Robots/install/om_aiv_msg/include/om_aiv_msg/om_aiv_msg/srv/detail/arcl_listen__builder.hpp
-- Up-to-date symlink: /home/administrator/Masterproject2/20_ROS/src/Robots/install/om_aiv_msg/include/om_aiv_msg/om_aiv_msg/srv/detail/arcl_listen__struct.hpp
-- Up-to-date symlink: /home/administrator/Masterproject2/20_ROS/src/Robots/install/om_aiv_msg/include/om_aiv_msg/om_aiv_msg/srv/detail/arcl_listen__traits.hpp
-- Up-to-date symlink: /home/administrator/Masterproject2/20_ROS/src/Robots/install/om_aiv_msg/include/om_aiv_msg/om_aiv_msg/srv/detail/arcl_listen__type_support.hpp
-- Up-to-date symlink: /home/administrator/Masterproject2/20_ROS/src/Robots/install/om_aiv_msg/include/om_aiv_msg/om_aiv_msg/action/detail/action__rosidl_typesupport_fastrtps_cpp.hpp
-- Up-to-date symlink: /home/administrator/Masterproject2/20_ROS/src/Robots/install/om_aiv_msg/include/om_aiv_msg/om_aiv_msg/msg/detail/location__rosidl_typesupport_fastrtps_cpp.hpp
-- Up-to-date symlink: /home/administrator/Masterproject2/20_ROS/src/Robots/install/om_aiv_msg/include/om_aiv_msg/om_aiv_msg/msg/detail/status__rosidl_typesupport_fastrtps_cpp.hpp
-- Up-to-date symlink: /home/administrator/Masterproject2/20_ROS/src/Robots/install/om_aiv_msg/include/om_aiv_msg/om_aiv_msg/msg/rosidl_typesupport_fastrtps_cpp__visibility_control.h
-- Up-to-date symlink: /home/administrator/Masterproject2/20_ROS/src/Robots/install/om_aiv_msg/include/om_aiv_msg/om_aiv_msg/srv/detail/arcl_api__rosidl_typesupport_fastrtps_cpp.hpp
-- Up-to-date symlink: /home/administrator/Masterproject2/20_ROS/src/Robots/install/om_aiv_msg/include/om_aiv_msg/om_aiv_msg/srv/detail/arcl_listen__rosidl_typesupport_fastrtps_cpp.hpp
-- Up-to-date symlink: /home/administrator/Masterproject2/20_ROS/src/Robots/install/om_aiv_msg/include/om_aiv_msg/om_aiv_msg/action/detail/action__rosidl_typesupport_introspection_c.h
-- Up-to-date symlink: /home/administrator/Masterproject2/20_ROS/src/Robots/install/om_aiv_msg/include/om_aiv_msg/om_aiv_msg/msg/detail/location__rosidl_typesupport_introspection_c.h
-- Up-to-date symlink: /home/administrator/Masterproject2/20_ROS/src/Robots/install/om_aiv_msg/include/om_aiv_msg/om_aiv_msg/msg/detail/status__rosidl_typesupport_introspection_c.h
-- Up-to-date symlink: /home/administrator/Masterproject2/20_ROS/src/Robots/install/om_aiv_msg/include/om_aiv_msg/om_aiv_msg/msg/rosidl_typesupport_introspection_c__visibility_control.h
-- Up-to-date symlink: /home/administrator/Masterproject2/20_ROS/src/Robots/install/om_aiv_msg/include/om_aiv_msg/om_aiv_msg/srv/detail/arcl_api__rosidl_typesupport_introspection_c.h
-- Up-to-date symlink: /home/administrator/Masterproject2/20_ROS/src/Robots/install/om_aiv_msg/include/om_aiv_msg/om_aiv_msg/srv/detail/arcl_listen__rosidl_typesupport_introspection_c.h
-- Up-to-date symlink: /home/administrator/Masterproject2/20_ROS/src/Robots/install/om_aiv_msg/include/om_aiv_msg/om_aiv_msg/action/detail/action__rosidl_typesupport_introspection_cpp.hpp
-- Up-to-date symlink: /home/administrator/Masterproject2/20_ROS/src/Robots/install/om_aiv_msg/include/om_aiv_msg/om_aiv_msg/msg/detail/location__rosidl_typesupport_introspection_cpp.hpp
-- Up-to-date symlink: /home/administrator/Masterproject2/20_ROS/src/Robots/install/om_aiv_msg/include/om_aiv_msg/om_aiv_msg/msg/detail/status__rosidl_typesupport_introspection_cpp.hpp
-- Up-to-date symlink: /home/administrator/Masterproject2/20_ROS/src/Robots/install/om_aiv_msg/include/om_aiv_msg/om_aiv_msg/srv/detail/arcl_api__rosidl_typesupport_introspection_cpp.hpp
-- Up-to-date symlink: /home/administrator/Masterproject2/20_ROS/src/Robots/install/om_aiv_msg/include/om_aiv_msg/om_aiv_msg/srv/detail/arcl_listen__rosidl_typesupport_introspection_cpp.hpp
-- Up-to-date symlink: /home/administrator/Masterproject2/20_ROS/src/Robots/install/om_aiv_msg/share/om_aiv_msg/environment/pythonpath.sh
-- Up-to-date symlink: /home/administrator/Masterproject2/20_ROS/src/Robots/install/om_aiv_msg/share/om_aiv_msg/environment/pythonpath.dsv
-- Up-to-date symlink: /home/administrator/Masterproject2/20_ROS/src/Robots/install/om_aiv_msg/lib/python3.12/site-packages/om_aiv_msg-0.0.0-py3.12.egg-info/PKG-INFO
-- Up-to-date symlink: /home/administrator/Masterproject2/20_ROS/src/Robots/install/om_aiv_msg/lib/python3.12/site-packages/om_aiv_msg-0.0.0-py3.12.egg-info/SOURCES.txt
-- Up-to-date symlink: /home/administrator/Masterproject2/20_ROS/src/Robots/install/om_aiv_msg/lib/python3.12/site-packages/om_aiv_msg-0.0.0-py3.12.egg-info/dependency_links.txt
-- Up-to-date symlink: /home/administrator/Masterproject2/20_ROS/src/Robots/install/om_aiv_msg/lib/python3.12/site-packages/om_aiv_msg-0.0.0-py3.12.egg-info/top_level.txt
-- Up-to-date symlink: /home/administrator/Masterproject2/20_ROS/src/Robots/install/om_aiv_msg/lib/python3.12/site-packages/om_aiv_msg/__init__.py
-- Up-to-date symlink: /home/administrator/Masterproject2/20_ROS/src/Robots/install/om_aiv_msg/lib/python3.12/site-packages/om_aiv_msg/_om_aiv_msg_s.ep.rosidl_typesupport_c.c
-- Up-to-date symlink: /home/administrator/Masterproject2/20_ROS/src/Robots/install/om_aiv_msg/lib/python3.12/site-packages/om_aiv_msg/_om_aiv_msg_s.ep.rosidl_typesupport_fastrtps_c.c
-- Up-to-date symlink: /home/administrator/Masterproject2/20_ROS/src/Robots/install/om_aiv_msg/lib/python3.12/site-packages/om_aiv_msg/_om_aiv_msg_s.ep.rosidl_typesupport_introspection_c.c
-- Up-to-date symlink: /home/administrator/Masterproject2/20_ROS/src/Robots/install/om_aiv_msg/lib/python3.12/site-packages/om_aiv_msg/action/__init__.py
-- Up-to-date symlink: /home/administrator/Masterproject2/20_ROS/src/Robots/install/om_aiv_msg/lib/python3.12/site-packages/om_aiv_msg/action/_action.py
-- Up-to-date symlink: /home/administrator/Masterproject2/20_ROS/src/Robots/install/om_aiv_msg/lib/python3.12/site-packages/om_aiv_msg/action/_action_s.c
-- Up-to-date symlink: /home/administrator/Masterproject2/20_ROS/src/Robots/install/om_aiv_msg/lib/python3.12/site-packages/om_aiv_msg/msg/__init__.py
-- Up-to-date symlink: /home/administrator/Masterproject2/20_ROS/src/Robots/install/om_aiv_msg/lib/python3.12/site-packages/om_aiv_msg/msg/_location.py
-- Up-to-date symlink: /home/administrator/Masterproject2/20_ROS/src/Robots/install/om_aiv_msg/lib/python3.12/site-packages/om_aiv_msg/msg/_location_s.c
-- Up-to-date symlink: /home/administrator/Masterproject2/20_ROS/src/Robots/install/om_aiv_msg/lib/python3.12/site-packages/om_aiv_msg/msg/_status.py
-- Up-to-date symlink: /home/administrator/Masterproject2/20_ROS/src/Robots/install/om_aiv_msg/lib/python3.12/site-packages/om_aiv_msg/msg/_status_s.c
-- Up-to-date symlink: /home/administrator/Masterproject2/20_ROS/src/Robots/install/om_aiv_msg/lib/python3.12/site-packages/om_aiv_msg/om_aiv_msg_s__rosidl_typesupport_c.so
-- Up-to-date symlink: /home/administrator/Masterproject2/20_ROS/src/Robots/install/om_aiv_msg/lib/python3.12/site-packages/om_aiv_msg/om_aiv_msg_s__rosidl_typesupport_fastrtps_c.so
-- Up-to-date symlink: /home/administrator/Masterproject2/20_ROS/src/Robots/install/om_aiv_msg/lib/python3.12/site-packages/om_aiv_msg/om_aiv_msg_s__rosidl_typesupport_introspection_c.so
-- Up-to-date symlink: /home/administrator/Masterproject2/20_ROS/src/Robots/install/om_aiv_msg/lib/python3.12/site-packages/om_aiv_msg/srv/__init__.py
-- Up-to-date symlink: /home/administrator/Masterproject2/20_ROS/src/Robots/install/om_aiv_msg/lib/python3.12/site-packages/om_aiv_msg/srv/_arcl_api.py
-- Up-to-date symlink: /home/administrator/Masterproject2/20_ROS/src/Robots/install/om_aiv_msg/lib/python3.12/site-packages/om_aiv_msg/srv/_arcl_api_s.c
-- Up-to-date symlink: /home/administrator/Masterproject2/20_ROS/src/Robots/install/om_aiv_msg/lib/python3.12/site-packages/om_aiv_msg/srv/_arcl_listen.py
-- Up-to-date symlink: /home/administrator/Masterproject2/20_ROS/src/Robots/install/om_aiv_msg/lib/python3.12/site-packages/om_aiv_msg/srv/_arcl_listen_s.c
-- Up-to-date symlink: /home/administrator/Masterproject2/20_ROS/src/Robots/install/om_aiv_msg/lib/python3.12/site-packages/om_aiv_msg/om_aiv_msg_s__rosidl_typesupport_fastrtps_c.so
-- Up-to-date symlink: /home/administrator/Masterproject2/20_ROS/src/Robots/install/om_aiv_msg/lib/python3.12/site-packages/om_aiv_msg/om_aiv_msg_s__rosidl_typesupport_introspection_c.so
-- Up-to-date symlink: /home/administrator/Masterproject2/20_ROS/src/Robots/install/om_aiv_msg/lib/python3.12/site-packages/om_aiv_msg/om_aiv_msg_s__rosidl_typesupport_c.so
-- Up-to-date symlink: /home/administrator/Masterproject2/20_ROS/src/Robots/install/om_aiv_msg/share/ament_index/resource_index/rust_packages/om_aiv_msg
-- Up-to-date symlink: /home/administrator/Masterproject2/20_ROS/src/Robots/install/om_aiv_msg/share/om_aiv_msg/rust/Cargo.toml
-- Up-to-date symlink: /home/administrator/Masterproject2/20_ROS/src/Robots/install/om_aiv_msg/share/om_aiv_msg/rust/build.rs
-- Up-to-date symlink: /home/administrator/Masterproject2/20_ROS/src/Robots/install/om_aiv_msg/share/om_aiv_msg/rust/src/action.rs
-- Up-to-date symlink: /home/administrator/Masterproject2/20_ROS/src/Robots/install/om_aiv_msg/share/om_aiv_msg/rust/src/action/rmw.rs
-- Up-to-date symlink: /home/administrator/Masterproject2/20_ROS/src/Robots/install/om_aiv_msg/share/om_aiv_msg/rust/src/lib.rs
-- Up-to-date symlink: /home/administrator/Masterproject2/20_ROS/src/Robots/install/om_aiv_msg/share/om_aiv_msg/rust/src/msg.rs
-- Up-to-date symlink: /home/administrator/Masterproject2/20_ROS/src/Robots/install/om_aiv_msg/share/om_aiv_msg/rust/src/msg/rmw.rs
-- Up-to-date symlink: /home/administrator/Masterproject2/20_ROS/src/Robots/install/om_aiv_msg/share/om_aiv_msg/rust/src/srv.rs
-- Up-to-date symlink: /home/administrator/Masterproject2/20_ROS/src/Robots/install/om_aiv_msg/share/om_aiv_msg/rust/src/srv/rmw.rs
-- Up-to-date symlink: /home/administrator/Masterproject2/20_ROS/src/Robots/install/om_aiv_msg/share/om_aiv_msg/msg/Location.idl
-- Up-to-date symlink: /home/administrator/Masterproject2/20_ROS/src/Robots/install/om_aiv_msg/share/om_aiv_msg/msg/Status.idl
-- Up-to-date symlink: /home/administrator/Masterproject2/20_ROS/src/Robots/install/om_aiv_msg/share/om_aiv_msg/srv/ArclApi.idl
-- Up-to-date symlink: /home/administrator/Masterproject2/20_ROS/src/Robots/install/om_aiv_msg/share/om_aiv_msg/srv/ArclListen.idl
-- Up-to-date symlink: /home/administrator/Masterproject2/20_ROS/src/Robots/install/om_aiv_msg/share/om_aiv_msg/action/Action.idl
-- Up-to-date symlink: /home/administrator/Masterproject2/20_ROS/src/Robots/install/om_aiv_msg/share/om_aiv_msg/msg/Location.msg
-- Up-to-date symlink: /home/administrator/Masterproject2/20_ROS/src/Robots/install/om_aiv_msg/share/om_aiv_msg/msg/Status.msg
-- Up-to-date symlink: /home/administrator/Masterproject2/20_ROS/src/Robots/install/om_aiv_msg/share/om_aiv_msg/srv/ArclApi.srv
-- Up-to-date symlink: /home/administrator/Masterproject2/20_ROS/src/Robots/install/om_aiv_msg/share/om_aiv_msg/srv/ArclListen.srv
-- Up-to-date symlink: /home/administrator/Masterproject2/20_ROS/src/Robots/install/om_aiv_msg/share/om_aiv_msg/action/Action.action
-- Up-to-date symlink: /home/administrator/Masterproject2/20_ROS/src/Robots/install/om_aiv_msg/share/ament_index/resource_index/package_run_dependencies/om_aiv_msg
-- Up-to-date symlink: /home/administrator/Masterproject2/20_ROS/src/Robots/install/om_aiv_msg/share/ament_index/resource_index/parent_prefix_path/om_aiv_msg
-- Up-to-date symlink: /home/administrator/Masterproject2/20_ROS/src/Robots/install/om_aiv_msg/share/om_aiv_msg/environment/ament_prefix_path.sh
-- Up-to-date symlink: /home/administrator/Masterproject2/20_ROS/src/Robots/install/om_aiv_msg/share/om_aiv_msg/environment/ament_prefix_path.dsv
-- Up-to-date symlink: /home/administrator/Masterproject2/20_ROS/src/Robots/install/om_aiv_msg/share/om_aiv_msg/environment/path.sh
-- Up-to-date symlink: /home/administrator/Masterproject2/20_ROS/src/Robots/install/om_aiv_msg/share/om_aiv_msg/environment/path.dsv
-- Up-to-date symlink: /home/administrator/Masterproject2/20_ROS/src/Robots/install/om_aiv_msg/share/om_aiv_msg/local_setup.bash
-- Up-to-date symlink: /home/administrator/Masterproject2/20_ROS/src/Robots/install/om_aiv_msg/share/om_aiv_msg/local_setup.sh
-- Up-to-date symlink: /home/administrator/Masterproject2/20_ROS/src/Robots/install/om_aiv_msg/share/om_aiv_msg/local_setup.zsh
-- Up-to-date symlink: /home/administrator/Masterproject2/20_ROS/src/Robots/install/om_aiv_msg/share/om_aiv_msg/local_setup.dsv
-- Symlinking: /home/administrator/Masterproject2/20_ROS/src/Robots/install/om_aiv_msg/share/om_aiv_msg/package.dsv
-- Up-to-date symlink: /home/administrator/Masterproject2/20_ROS/src/Robots/install/om_aiv_msg/share/ament_index/resource_index/packages/om_aiv_msg
-- Up-to-date symlink: /home/administrator/Masterproject2/20_ROS/src/Robots/install/om_aiv_msg/share/om_aiv_msg/cmake/rosidl_cmake-extras.cmake
-- Up-to-date symlink: /home/administrator/Masterproject2/20_ROS/src/Robots/install/om_aiv_msg/share/om_aiv_msg/cmake/ament_cmake_export_dependencies-extras.cmake
-- Up-to-date symlink: /home/administrator/Masterproject2/20_ROS/src/Robots/install/om_aiv_msg/share/om_aiv_msg/cmake/ament_cmake_export_include_directories-extras.cmake
-- Up-to-date symlink: /home/administrator/Masterproject2/20_ROS/src/Robots/install/om_aiv_msg/share/om_aiv_msg/cmake/ament_cmake_export_libraries-extras.cmake
-- Up-to-date symlink: /home/administrator/Masterproject2/20_ROS/src/Robots/install/om_aiv_msg/share/om_aiv_msg/cmake/ament_cmake_export_targets-extras.cmake
-- Up-to-date symlink: /home/administrator/Masterproject2/20_ROS/src/Robots/install/om_aiv_msg/share/om_aiv_msg/cmake/rosidl_cmake_export_typesupport_targets-extras.cmake
-- Up-to-date symlink: /home/administrator/Masterproject2/20_ROS/src/Robots/install/om_aiv_msg/share/om_aiv_msg/cmake/rosidl_cmake_export_typesupport_libraries-extras.cmake
-- Up-to-date symlink: /home/administrator/Masterproject2/20_ROS/src/Robots/install/om_aiv_msg/share/om_aiv_msg/cmake/om_aiv_msgConfig.cmake
-- Up-to-date symlink: /home/administrator/Masterproject2/20_ROS/src/Robots/install/om_aiv_msg/share/om_aiv_msg/cmake/om_aiv_msgConfig-version.cmake
-- Up-to-date symlink: /home/administrator/Masterproject2/20_ROS/src/Robots/install/om_aiv_msg/share/om_aiv_msg/package.xml
-- Up-to-date: /home/administrator/Masterproject2/20_ROS/src/Robots/install/om_aiv_msg/lib/libom_aiv_msg__rosidl_generator_c.so
-- Up-to-date: /home/administrator/Masterproject2/20_ROS/src/Robots/install/om_aiv_msg/lib/libom_aiv_msg__rosidl_typesupport_fastrtps_c.so
-- Up-to-date: /home/administrator/Masterproject2/20_ROS/src/Robots/install/om_aiv_msg/lib/libom_aiv_msg__rosidl_typesupport_fastrtps_cpp.so
-- Up-to-date: /home/administrator/Masterproject2/20_ROS/src/Robots/install/om_aiv_msg/lib/libom_aiv_msg__rosidl_typesupport_introspection_c.so
-- Up-to-date: /home/administrator/Masterproject2/20_ROS/src/Robots/install/om_aiv_msg/lib/libom_aiv_msg__rosidl_typesupport_c.so
-- Up-to-date: /home/administrator/Masterproject2/20_ROS/src/Robots/install/om_aiv_msg/lib/libom_aiv_msg__rosidl_typesupport_introspection_cpp.so
-- Up-to-date: /home/administrator/Masterproject2/20_ROS/src/Robots/install/om_aiv_msg/lib/libom_aiv_msg__rosidl_typesupport_cpp.so
Listing '/home/administrator/Masterproject2/20_ROS/src/Robots/install/om_aiv_msg/lib/python3.12/site-packages/om_aiv_msg'...
Listing '/home/administrator/Masterproject2/20_ROS/src/Robots/install/om_aiv_msg/lib/python3.12/site-packages/om_aiv_msg/action'...
Listing '/home/administrator/Masterproject2/20_ROS/src/Robots/install/om_aiv_msg/lib/python3.12/site-packages/om_aiv_msg/msg'...
Listing '/home/administrator/Masterproject2/20_ROS/src/Robots/install/om_aiv_msg/lib/python3.12/site-packages/om_aiv_msg/srv'...
-- Up-to-date: /home/administrator/Masterproject2/20_ROS/src/Robots/install/om_aiv_msg/lib/libom_aiv_msg__rosidl_generator_py.so
-- Up-to-date: /home/administrator/Masterproject2/20_ROS/src/Robots/install/om_aiv_msg/share/om_aiv_msg/cmake/export_om_aiv_msg__rosidl_generator_cExport.cmake
-- Up-to-date: /home/administrator/Masterproject2/20_ROS/src/Robots/install/om_aiv_msg/share/om_aiv_msg/cmake/export_om_aiv_msg__rosidl_generator_cExport-noconfig.cmake
-- Up-to-date: /home/administrator/Masterproject2/20_ROS/src/Robots/install/om_aiv_msg/share/om_aiv_msg/cmake/export_om_aiv_msg__rosidl_typesupport_fastrtps_cExport.cmake
-- Up-to-date: /home/administrator/Masterproject2/20_ROS/src/Robots/install/om_aiv_msg/share/om_aiv_msg/cmake/export_om_aiv_msg__rosidl_typesupport_fastrtps_cExport-noconfig.cmake
-- Up-to-date: /home/administrator/Masterproject2/20_ROS/src/Robots/install/om_aiv_msg/share/om_aiv_msg/cmake/export_om_aiv_msg__rosidl_generator_cppExport.cmake
-- Up-to-date: /home/administrator/Masterproject2/20_ROS/src/Robots/install/om_aiv_msg/share/om_aiv_msg/cmake/export_om_aiv_msg__rosidl_typesupport_fastrtps_cppExport.cmake
-- Up-to-date: /home/administrator/Masterproject2/20_ROS/src/Robots/install/om_aiv_msg/share/om_aiv_msg/cmake/export_om_aiv_msg__rosidl_typesupport_fastrtps_cppExport-noconfig.cmake
-- Up-to-date: /home/administrator/Masterproject2/20_ROS/src/Robots/install/om_aiv_msg/share/om_aiv_msg/cmake/om_aiv_msg__rosidl_typesupport_introspection_cExport.cmake
-- Up-to-date: /home/administrator/Masterproject2/20_ROS/src/Robots/install/om_aiv_msg/share/om_aiv_msg/cmake/om_aiv_msg__rosidl_typesupport_introspection_cExport-noconfig.cmake
-- Up-to-date: /home/administrator/Masterproject2/20_ROS/src/Robots/install/om_aiv_msg/share/om_aiv_msg/cmake/om_aiv_msg__rosidl_typesupport_cExport.cmake
-- Up-to-date: /home/administrator/Masterproject2/20_ROS/src/Robots/install/om_aiv_msg/share/om_aiv_msg/cmake/om_aiv_msg__rosidl_typesupport_cExport-noconfig.cmake
-- Up-to-date: /home/administrator/Masterproject2/20_ROS/src/Robots/install/om_aiv_msg/share/om_aiv_msg/cmake/om_aiv_msg__rosidl_typesupport_introspection_cppExport.cmake
-- Up-to-date: /home/administrator/Masterproject2/20_ROS/src/Robots/install/om_aiv_msg/share/om_aiv_msg/cmake/om_aiv_msg__rosidl_typesupport_introspection_cppExport-noconfig.cmake
-- Up-to-date: /home/administrator/Masterproject2/20_ROS/src/Robots/install/om_aiv_msg/share/om_aiv_msg/cmake/om_aiv_msg__rosidl_typesupport_cppExport.cmake
-- Up-to-date: /home/administrator/Masterproject2/20_ROS/src/Robots/install/om_aiv_msg/share/om_aiv_msg/cmake/om_aiv_msg__rosidl_typesupport_cppExport-noconfig.cmake
-- Up-to-date: /home/administrator/Masterproject2/20_ROS/src/Robots/install/om_aiv_msg/share/om_aiv_msg/cmake/export_om_aiv_msg__rosidl_generator_pyExport.cmake
-- Up-to-date: /home/administrator/Masterproject2/20_ROS/src/Robots/install/om_aiv_msg/share/om_aiv_msg/cmake/export_om_aiv_msg__rosidl_generator_pyExport-noconfig.cmake
