-- The C compiler identification is GNU 13.3.0
-- The CXX compiler identification is GNU 13.3.0
-- Detecting C compiler ABI info
-- Detecting C compiler ABI info - done
-- Check for working C compiler: /usr/bin/cc - skipped
-- Detecting C compile features
-- Detecting C compile features - done
-- Detecting CXX compiler ABI info
-- Detecting CXX compiler ABI info - done
-- Check for working CXX compiler: /usr/bin/c++ - skipped
-- Detecting CXX compile features
-- Detecting CXX compile features - done
-- Found ament_cmake: 2.7.5 (/opt/ros/kilted/share/ament_cmake/cmake)
-- Found Python3: /usr/bin/python3 (found version "3.12.3") found components: Interpreter 
-- Found rclcpp: 29.5.8 (/opt/ros/kilted/share/rclcpp/cmake)
-- Found rosidl_generator_c: 4.9.6 (/opt/ros/kilted/share/rosidl_generator_c/cmake)
-- Found rosidl_generator_cpp: 4.9.6 (/opt/ros/kilted/share/rosidl_generator_cpp/cmake)
-- Using all available rosidl_typesupport_c: rosidl_typesupport_fastrtps_c;rosidl_typesupport_introspection_c
-- Using all available rosidl_typesupport_cpp: rosidl_typesupport_fastrtps_cpp;rosidl_typesupport_introspection_cpp
-- Found rmw_implementation_cmake: 7.8.2 (/opt/ros/kilted/share/rmw_implementation_cmake/cmake)
-- Found rmw_fastrtps_cpp: 9.3.4 (/opt/ros/kilted/share/rmw_fastrtps_cpp/cmake)
-- Found OpenSSL: /usr/lib/x86_64-linux-gnu/libcrypto.so (found version "3.0.13")  
-- Using RMW implementation 'rmw_fastrtps_cpp' as default
-- Found ur_robot_driver: 4.8.0 (/home/administrator/Masterproject2/20_ROS/src/Robots/install/ur_robot_driver/share/ur_robot_driver/cmake)
-- Found eigen3_cmake_module: 0.4.0 (/opt/ros/kilted/share/eigen3_cmake_module/cmake)
-- Found Eigen3: TRUE (found version "3.4.0") 
-- Ensuring Eigen3 include directory is part of orocos-kdl CMake target
-- Found yaml_cpp_vendor: 9.1.0 (/opt/ros/kilted/share/yaml_cpp_vendor/cmake)
-- Setting yaml-cpp_DIR to: '/opt/ros/kilted/share/yaml_cpp_vendor/cmake/../../../opt/yaml_cpp_vendor/share/cmake/yaml-cpp'
-- Found ament_cmake_gmock: 2.7.5 (/opt/ros/kilted/share/ament_cmake_gmock/cmake)
-- Found gmock sources under '/opt/ros/kilted/src/gmock_vendor': C++ tests using 'Google Mock' will be built
-- Found ament_cmake_gtest: 2.7.5 (/opt/ros/kilted/share/ament_cmake_gtest/cmake)
-- Found gtest sources under '/opt/ros/kilted/src/gtest_vendor': C++ tests using 'Google Test' will be built
-- Configuring done (1.1s)
-- Generating done (0.0s)
-- Build files have been written to: /home/administrator/Masterproject2/20_ROS/src/Robots/build/ur_calibration
[ 41%] [32mBuilding CXX object gmock/CMakeFiles/gmock.dir/src/gmock-all.cc.o[0m
[ 41%] [32mBuilding CXX object CMakeFiles/calibration.dir/src/calibration.cpp.o[0m
[ 41%] [32mBuilding CXX object CMakeFiles/calibration.dir/src/calibration_consumer.cpp.o[0m
[ 41%] [32mBuilding CXX object gmock/CMakeFiles/gmock.dir/opt/ros/kilted/src/gtest_vendor/src/gtest-all.cc.o[0m
[ 41%] [32mBuilding CXX object gmock/CMakeFiles/gmock_main.dir/src/gmock_main.cc.o[0m
[ 50%] [32m[1mLinking CXX static library libgmock_main.a[0m
[ 50%] Built target gmock_main
[ 58%] [32m[1mLinking CXX static library libcalibration.a[0m
[ 58%] Built target calibration
[ 66%] [32mBuilding CXX object CMakeFiles/calibration_correction.dir/src/calibration_correction.cpp.o[0m
[ 75%] [32m[1mLinking CXX static library libgmock.a[0m
[ 75%] Built target gmock
[ 83%] [32mBuilding CXX object CMakeFiles/calibration_test.dir/test/calibration_test.cpp.o[0m
[ 91%] [32m[1mLinking CXX executable calibration_correction[0m
[ 91%] Built target calibration_correction
[100%] [32m[1mLinking CXX executable calibration_test[0m
[100%] Built target calibration_test
-- Install configuration: "RelWithDebInfo"
-- Installing: /home/administrator/Masterproject2/20_ROS/src/Robots/install/ur_calibration/lib/ur_calibration/calibration_correction
-- Set non-toolchain portion of runtime path of "/home/administrator/Masterproject2/20_ROS/src/Robots/install/ur_calibration/lib/ur_calibration/calibration_correction" to ""
-- Installing: /home/administrator/Masterproject2/20_ROS/src/Robots/install/ur_calibration/include
-- Installing: /home/administrator/Masterproject2/20_ROS/src/Robots/install/ur_calibration/include/ur_calibration
-- Installing: /home/administrator/Masterproject2/20_ROS/src/Robots/install/ur_calibration/include/ur_calibration/calibration_consumer.hpp
-- Installing: /home/administrator/Masterproject2/20_ROS/src/Robots/install/ur_calibration/include/ur_calibration/calibration.hpp
-- Installing: /home/administrator/Masterproject2/20_ROS/src/Robots/install/ur_calibration/share/ur_calibration/launch
-- Installing: /home/administrator/Masterproject2/20_ROS/src/Robots/install/ur_calibration/share/ur_calibration/launch/calibration_correction.launch.py
-- Installing: /home/administrator/Masterproject2/20_ROS/src/Robots/install/ur_calibration/share/ament_index/resource_index/package_run_dependencies/ur_calibration
-- Installing: /home/administrator/Masterproject2/20_ROS/src/Robots/install/ur_calibration/share/ament_index/resource_index/parent_prefix_path/ur_calibration
-- Installing: /home/administrator/Masterproject2/20_ROS/src/Robots/install/ur_calibration/share/ur_calibration/environment/ament_prefix_path.sh
-- Installing: /home/administrator/Masterproject2/20_ROS/src/Robots/install/ur_calibration/share/ur_calibration/environment/ament_prefix_path.dsv
-- Installing: /home/administrator/Masterproject2/20_ROS/src/Robots/install/ur_calibration/share/ur_calibration/environment/path.sh
-- Installing: /home/administrator/Masterproject2/20_ROS/src/Robots/install/ur_calibration/share/ur_calibration/environment/path.dsv
-- Installing: /home/administrator/Masterproject2/20_ROS/src/Robots/install/ur_calibration/share/ur_calibration/local_setup.bash
-- Installing: /home/administrator/Masterproject2/20_ROS/src/Robots/install/ur_calibration/share/ur_calibration/local_setup.sh
-- Installing: /home/administrator/Masterproject2/20_ROS/src/Robots/install/ur_calibration/share/ur_calibration/local_setup.zsh
-- Installing: /home/administrator/Masterproject2/20_ROS/src/Robots/install/ur_calibration/share/ur_calibration/local_setup.dsv
-- Installing: /home/administrator/Masterproject2/20_ROS/src/Robots/install/ur_calibration/share/ur_calibration/package.dsv
-- Installing: /home/administrator/Masterproject2/20_ROS/src/Robots/install/ur_calibration/share/ament_index/resource_index/packages/ur_calibration
-- Installing: /home/administrator/Masterproject2/20_ROS/src/Robots/install/ur_calibration/share/ur_calibration/cmake/ament_cmake_export_include_directories-extras.cmake
-- Installing: /home/administrator/Masterproject2/20_ROS/src/Robots/install/ur_calibration/share/ur_calibration/cmake/ament_cmake_export_dependencies-extras.cmake
-- Installing: /home/administrator/Masterproject2/20_ROS/src/Robots/install/ur_calibration/share/ur_calibration/cmake/ur_calibrationConfig.cmake
-- Installing: /home/administrator/Masterproject2/20_ROS/src/Robots/install/ur_calibration/share/ur_calibration/cmake/ur_calibrationConfig-version.cmake
-- Installing: /home/administrator/Masterproject2/20_ROS/src/Robots/install/ur_calibration/share/ur_calibration/package.xml
