[0.016s] Invoking command in '/home/administrator/Masterproject2/20_ROS/src/Robots/build/ur_calibration': AMENT_PREFIX_PATH=/home/administrator/Masterproject2/20_ROS/src/Robots/install/ur_robot_driver:/home/administrator/Masterproject2/20_ROS/src/Robots/install/ur_controllers:/home/administrator/Masterproject2/20_ROS/src/Robots/install/ur_msgs:/home/administrator/Masterproject2/20_ROS/src/Robots/install/ur_description:/home/administrator/Masterproject2/20_ROS/src/Robots/install/ur_dashboard_msgs:/home/administrator/Masterproject2/20_ROS/src/Robots/install/my_ur_msgs:${AMENT_PREFIX_PATH} CMAKE_PREFIX_PATH=/home/administrator/Masterproject2/20_ROS/src/Robots/install/ur_robot_driver:/home/administrator/Masterproject2/20_ROS/src/Robots/install/ur_controllers:/home/administrator/Masterproject2/20_ROS/src/Robots/install/ur_msgs:/home/administrator/Masterproject2/20_ROS/src/Robots/install/ur_description:/home/administrator/Masterproject2/20_ROS/src/Robots/install/ur_dashboard_msgs:/home/administrator/Masterproject2/20_ROS/src/Robots/install/ur_client_library:/home/administrator/Masterproject2/20_ROS/src/Robots/install/my_ur_msgs:/opt/ros/kilted/opt/sdformat_vendor:/opt/ros/kilted/opt/gz_math_vendor:/opt/ros/kilted/opt/gz_utils_vendor:/opt/ros/kilted/opt/gz_tools_vendor:/opt/ros/kilted/opt/gz_cmake_vendor:/opt/ros/kilted DEBUGINFOD_URLS=https://debuginfod.ubuntu.com LD_LIBRARY_PATH=/home/administrator/Masterproject2/20_ROS/src/Robots/install/ur_robot_driver/lib:/home/administrator/Masterproject2/20_ROS/src/Robots/install/ur_controllers/lib:/home/administrator/Masterproject2/20_ROS/src/Robots/install/ur_msgs/lib:/home/administrator/Masterproject2/20_ROS/src/Robots/install/ur_dashboard_msgs/lib:/home/administrator/Masterproject2/20_ROS/src/Robots/install/ur_client_library/lib:/home/administrator/Masterproject2/20_ROS/src/Robots/install/my_ur_msgs/lib:${LD_LIBRARY_PATH} PATH=/home/administrator/Masterproject2/20_ROS/src/Robots/install/ur_robot_driver/bin:${PATH} PKG_CONFIG_PATH=/home/administrator/Masterproject2/20_ROS/src/Robots/install/ur_client_library/lib/x86_64-linux-gnu/pkgconfig:/home/administrator/Masterproject2/20_ROS/src/Robots/install/ur_client_library/lib/pkgconfig PYTHONPATH=/home/administrator/Masterproject2/20_ROS/src/Robots/install/ur_robot_driver/lib/python3.12/site-packages:/home/administrator/Masterproject2/20_ROS/src/Robots/install/ur_msgs/lib/python3.12/site-packages:/home/administrator/Masterproject2/20_ROS/src/Robots/install/ur_dashboard_msgs/lib/python3.12/site-packages:/home/administrator/Masterproject2/20_ROS/src/Robots/install/my_ur_msgs/lib/python3.12/site-packages:${PYTHONPATH} /usr/bin/cmake /home/administrator/Masterproject2/20_ROS/src/Robots/UR_Driver/ur_calibration -DCMAKE_INSTALL_PREFIX=/home/administrator/Masterproject2/20_ROS/src/Robots/install/ur_calibration
[0.049s] -- The C compiler identification is GNU 13.3.0
[0.083s] -- The CXX compiler identification is GNU 13.3.0
[0.093s] -- Detecting C compiler ABI info
[0.144s] -- Detecting C compiler ABI info - done
[0.150s] -- Check for working C compiler: /usr/bin/cc - skipped
[0.151s] -- Detecting C compile features
[0.151s] -- Detecting C compile features - done
[0.157s] -- Detecting CXX compiler ABI info
[0.217s] -- Detecting CXX compiler ABI info - done
[0.223s] -- Check for working CXX compiler: /usr/bin/c++ - skipped
[0.224s] -- Detecting CXX compile features
[0.224s] -- Detecting CXX compile features - done
[0.224s] [0mur_calibration: You did not request a specific build type: selecting 'RelWithDebInfo'.[0m
[0.226s] -- Found ament_cmake: 2.7.5 (/opt/ros/kilted/share/ament_cmake/cmake)
[0.318s] -- Found Python3: /usr/bin/python3 (found version "3.12.3") found components: Interpreter 
[0.396s] -- Found rclcpp: 29.5.8 (/opt/ros/kilted/share/rclcpp/cmake)
[0.416s] -- Found rosidl_generator_c: 4.9.6 (/opt/ros/kilted/share/rosidl_generator_c/cmake)
[0.424s] -- Found rosidl_generator_cpp: 4.9.6 (/opt/ros/kilted/share/rosidl_generator_cpp/cmake)
[0.435s] -- Using all available rosidl_typesupport_c: rosidl_typesupport_fastrtps_c;rosidl_typesupport_introspection_c
[0.457s] -- Using all available rosidl_typesupport_cpp: rosidl_typesupport_fastrtps_cpp;rosidl_typesupport_introspection_cpp
[0.500s] -- Found rmw_implementation_cmake: 7.8.2 (/opt/ros/kilted/share/rmw_implementation_cmake/cmake)
[0.501s] -- Found rmw_fastrtps_cpp: 9.3.4 (/opt/ros/kilted/share/rmw_fastrtps_cpp/cmake)
[0.556s] -- Found OpenSSL: /usr/lib/x86_64-linux-gnu/libcrypto.so (found version "3.0.13")  
[0.563s] -- Using RMW implementation 'rmw_fastrtps_cpp' as default
[0.617s] -- Found ur_robot_driver: 4.8.0 (/home/administrator/Masterproject2/20_ROS/src/Robots/install/ur_robot_driver/share/ur_robot_driver/cmake)
[0.865s] [0mCMake Deprecation Warning at /opt/ros/kilted/share/tl_expected/cmake/tl_expectedConfig.cmake:37 (message):
[0.865s]   Package 'tl_expected' is deprecated (This package will be removed in ROS 2
[0.866s]   Lyrical Luth.
[0.866s] 
[0.866s]         Use tl/expected.hpp from libexpected-dev,
[0.866s]         or rcpputils/tl_expected/expected.hpp if the system header is not available)
[0.867s] Call Stack (most recent call first):
[0.867s]   /opt/ros/kilted/share/parameter_traits/cmake/ament_cmake_export_dependencies-extras.cmake:21 (find_package)
[0.867s]   /opt/ros/kilted/share/parameter_traits/cmake/parameter_traitsConfig.cmake:41 (include)
[0.867s]   /opt/ros/kilted/share/controller_manager/cmake/ament_cmake_export_dependencies-extras.cmake:21 (find_package)
[0.867s]   /opt/ros/kilted/share/controller_manager/cmake/controller_managerConfig.cmake:41 (include)
[0.868s]   /home/administrator/Masterproject2/20_ROS/src/Robots/install/ur_robot_driver/share/ur_robot_driver/cmake/ament_cmake_export_dependencies-extras.cmake:21 (find_package)
[0.868s]   /home/administrator/Masterproject2/20_ROS/src/Robots/install/ur_robot_driver/share/ur_robot_driver/cmake/ur_robot_driverConfig.cmake:41 (include)
[0.868s]   CMakeLists.txt:17 (find_package)
[0.868s] 
[0.868s] [0m
[0.924s] -- Found eigen3_cmake_module: 0.4.0 (/opt/ros/kilted/share/eigen3_cmake_module/cmake)
[0.925s] -- Found Eigen3: TRUE (found version "3.4.0") 
[0.925s] -- Ensuring Eigen3 include directory is part of orocos-kdl CMake target
[1.026s] -- Found yaml_cpp_vendor: 9.1.0 (/opt/ros/kilted/share/yaml_cpp_vendor/cmake)
[1.027s] -- Setting yaml-cpp_DIR to: '/opt/ros/kilted/share/yaml_cpp_vendor/cmake/../../../opt/yaml_cpp_vendor/share/cmake/yaml-cpp'
[1.027s] -- Found ament_cmake_gmock: 2.7.5 (/opt/ros/kilted/share/ament_cmake_gmock/cmake)
[1.029s] -- Found gmock sources under '/opt/ros/kilted/src/gmock_vendor': C++ tests using 'Google Mock' will be built
[1.032s] -- Found ament_cmake_gtest: 2.7.5 (/opt/ros/kilted/share/ament_cmake_gtest/cmake)
[1.032s] -- Found gtest sources under '/opt/ros/kilted/src/gtest_vendor': C++ tests using 'Google Test' will be built
[1.107s] -- Configuring done (1.1s)
[1.135s] -- Generating done (0.0s)
[1.140s] -- Build files have been written to: /home/administrator/Masterproject2/20_ROS/src/Robots/build/ur_calibration
[1.150s] Invoked command in '/home/administrator/Masterproject2/20_ROS/src/Robots/build/ur_calibration' returned '0': AMENT_PREFIX_PATH=/home/administrator/Masterproject2/20_ROS/src/Robots/install/ur_robot_driver:/home/administrator/Masterproject2/20_ROS/src/Robots/install/ur_controllers:/home/administrator/Masterproject2/20_ROS/src/Robots/install/ur_msgs:/home/administrator/Masterproject2/20_ROS/src/Robots/install/ur_description:/home/administrator/Masterproject2/20_ROS/src/Robots/install/ur_dashboard_msgs:/home/administrator/Masterproject2/20_ROS/src/Robots/install/my_ur_msgs:${AMENT_PREFIX_PATH} CMAKE_PREFIX_PATH=/home/administrator/Masterproject2/20_ROS/src/Robots/install/ur_robot_driver:/home/administrator/Masterproject2/20_ROS/src/Robots/install/ur_controllers:/home/administrator/Masterproject2/20_ROS/src/Robots/install/ur_msgs:/home/administrator/Masterproject2/20_ROS/src/Robots/install/ur_description:/home/administrator/Masterproject2/20_ROS/src/Robots/install/ur_dashboard_msgs:/home/administrator/Masterproject2/20_ROS/src/Robots/install/ur_client_library:/home/administrator/Masterproject2/20_ROS/src/Robots/install/my_ur_msgs:/opt/ros/kilted/opt/sdformat_vendor:/opt/ros/kilted/opt/gz_math_vendor:/opt/ros/kilted/opt/gz_utils_vendor:/opt/ros/kilted/opt/gz_tools_vendor:/opt/ros/kilted/opt/gz_cmake_vendor:/opt/ros/kilted DEBUGINFOD_URLS=https://debuginfod.ubuntu.com LD_LIBRARY_PATH=/home/administrator/Masterproject2/20_ROS/src/Robots/install/ur_robot_driver/lib:/home/administrator/Masterproject2/20_ROS/src/Robots/install/ur_controllers/lib:/home/administrator/Masterproject2/20_ROS/src/Robots/install/ur_msgs/lib:/home/administrator/Masterproject2/20_ROS/src/Robots/install/ur_dashboard_msgs/lib:/home/administrator/Masterproject2/20_ROS/src/Robots/install/ur_client_library/lib:/home/administrator/Masterproject2/20_ROS/src/Robots/install/my_ur_msgs/lib:${LD_LIBRARY_PATH} PATH=/home/administrator/Masterproject2/20_ROS/src/Robots/install/ur_robot_driver/bin:${PATH} PKG_CONFIG_PATH=/home/administrator/Masterproject2/20_ROS/src/Robots/install/ur_client_library/lib/x86_64-linux-gnu/pkgconfig:/home/administrator/Masterproject2/20_ROS/src/Robots/install/ur_client_library/lib/pkgconfig PYTHONPATH=/home/administrator/Masterproject2/20_ROS/src/Robots/install/ur_robot_driver/lib/python3.12/site-packages:/home/administrator/Masterproject2/20_ROS/src/Robots/install/ur_msgs/lib/python3.12/site-packages:/home/administrator/Masterproject2/20_ROS/src/Robots/install/ur_dashboard_msgs/lib/python3.12/site-packages:/home/administrator/Masterproject2/20_ROS/src/Robots/install/my_ur_msgs/lib/python3.12/site-packages:${PYTHONPATH} /usr/bin/cmake /home/administrator/Masterproject2/20_ROS/src/Robots/UR_Driver/ur_calibration -DCMAKE_INSTALL_PREFIX=/home/administrator/Masterproject2/20_ROS/src/Robots/install/ur_calibration
[1.151s] Invoking command in '/home/administrator/Masterproject2/20_ROS/src/Robots/build/ur_calibration': AMENT_PREFIX_PATH=/home/administrator/Masterproject2/20_ROS/src/Robots/install/ur_robot_driver:/home/administrator/Masterproject2/20_ROS/src/Robots/install/ur_controllers:/home/administrator/Masterproject2/20_ROS/src/Robots/install/ur_msgs:/home/administrator/Masterproject2/20_ROS/src/Robots/install/ur_description:/home/administrator/Masterproject2/20_ROS/src/Robots/install/ur_dashboard_msgs:/home/administrator/Masterproject2/20_ROS/src/Robots/install/my_ur_msgs:${AMENT_PREFIX_PATH} CMAKE_PREFIX_PATH=/home/administrator/Masterproject2/20_ROS/src/Robots/install/ur_robot_driver:/home/administrator/Masterproject2/20_ROS/src/Robots/install/ur_controllers:/home/administrator/Masterproject2/20_ROS/src/Robots/install/ur_msgs:/home/administrator/Masterproject2/20_ROS/src/Robots/install/ur_description:/home/administrator/Masterproject2/20_ROS/src/Robots/install/ur_dashboard_msgs:/home/administrator/Masterproject2/20_ROS/src/Robots/install/ur_client_library:/home/administrator/Masterproject2/20_ROS/src/Robots/install/my_ur_msgs:/opt/ros/kilted/opt/sdformat_vendor:/opt/ros/kilted/opt/gz_math_vendor:/opt/ros/kilted/opt/gz_utils_vendor:/opt/ros/kilted/opt/gz_tools_vendor:/opt/ros/kilted/opt/gz_cmake_vendor:/opt/ros/kilted DEBUGINFOD_URLS=https://debuginfod.ubuntu.com LD_LIBRARY_PATH=/home/administrator/Masterproject2/20_ROS/src/Robots/install/ur_robot_driver/lib:/home/administrator/Masterproject2/20_ROS/src/Robots/install/ur_controllers/lib:/home/administrator/Masterproject2/20_ROS/src/Robots/install/ur_msgs/lib:/home/administrator/Masterproject2/20_ROS/src/Robots/install/ur_dashboard_msgs/lib:/home/administrator/Masterproject2/20_ROS/src/Robots/install/ur_client_library/lib:/home/administrator/Masterproject2/20_ROS/src/Robots/install/my_ur_msgs/lib:${LD_LIBRARY_PATH} PATH=/home/administrator/Masterproject2/20_ROS/src/Robots/install/ur_robot_driver/bin:${PATH} PKG_CONFIG_PATH=/home/administrator/Masterproject2/20_ROS/src/Robots/install/ur_client_library/lib/x86_64-linux-gnu/pkgconfig:/home/administrator/Masterproject2/20_ROS/src/Robots/install/ur_client_library/lib/pkgconfig PYTHONPATH=/home/administrator/Masterproject2/20_ROS/src/Robots/install/ur_robot_driver/lib/python3.12/site-packages:/home/administrator/Masterproject2/20_ROS/src/Robots/install/ur_msgs/lib/python3.12/site-packages:/home/administrator/Masterproject2/20_ROS/src/Robots/install/ur_dashboard_msgs/lib/python3.12/site-packages:/home/administrator/Masterproject2/20_ROS/src/Robots/install/my_ur_msgs/lib/python3.12/site-packages:${PYTHONPATH} /usr/bin/cmake --build /home/administrator/Masterproject2/20_ROS/src/Robots/build/ur_calibration -- -j14 -l14
[1.185s] [ 41%] [32mBuilding CXX object gmock/CMakeFiles/gmock.dir/src/gmock-all.cc.o[0m
[1.185s] [ 41%] [32mBuilding CXX object CMakeFiles/calibration.dir/src/calibration.cpp.o[0m
[1.185s] [ 41%] [32mBuilding CXX object CMakeFiles/calibration.dir/src/calibration_consumer.cpp.o[0m
[1.185s] [ 41%] [32mBuilding CXX object gmock/CMakeFiles/gmock.dir/opt/ros/kilted/src/gtest_vendor/src/gtest-all.cc.o[0m
[1.186s] [ 41%] [32mBuilding CXX object gmock/CMakeFiles/gmock_main.dir/src/gmock_main.cc.o[0m
[2.007s] [ 50%] [32m[1mLinking CXX static library libgmock_main.a[0m
[2.035s] [ 50%] Built target gmock_main
[5.942s] [ 58%] [32m[1mLinking CXX static library libcalibration.a[0m
[5.987s] [ 58%] Built target calibration
[6.000s] [ 66%] [32mBuilding CXX object CMakeFiles/calibration_correction.dir/src/calibration_correction.cpp.o[0m
[7.587s] [ 75%] [32m[1mLinking CXX static library libgmock.a[0m
[7.643s] [ 75%] Built target gmock
[7.657s] [ 83%] [32mBuilding CXX object CMakeFiles/calibration_test.dir/test/calibration_test.cpp.o[0m
[9.443s] [ 91%] [32m[1mLinking CXX executable calibration_correction[0m
[9.596s] [ 91%] Built target calibration_correction
[11.786s] [100%] [32m[1mLinking CXX executable calibration_test[0m
[11.987s] [100%] Built target calibration_test
[11.995s] Invoked command in '/home/administrator/Masterproject2/20_ROS/src/Robots/build/ur_calibration' returned '0': AMENT_PREFIX_PATH=/home/administrator/Masterproject2/20_ROS/src/Robots/install/ur_robot_driver:/home/administrator/Masterproject2/20_ROS/src/Robots/install/ur_controllers:/home/administrator/Masterproject2/20_ROS/src/Robots/install/ur_msgs:/home/administrator/Masterproject2/20_ROS/src/Robots/install/ur_description:/home/administrator/Masterproject2/20_ROS/src/Robots/install/ur_dashboard_msgs:/home/administrator/Masterproject2/20_ROS/src/Robots/install/my_ur_msgs:${AMENT_PREFIX_PATH} CMAKE_PREFIX_PATH=/home/administrator/Masterproject2/20_ROS/src/Robots/install/ur_robot_driver:/home/administrator/Masterproject2/20_ROS/src/Robots/install/ur_controllers:/home/administrator/Masterproject2/20_ROS/src/Robots/install/ur_msgs:/home/administrator/Masterproject2/20_ROS/src/Robots/install/ur_description:/home/administrator/Masterproject2/20_ROS/src/Robots/install/ur_dashboard_msgs:/home/administrator/Masterproject2/20_ROS/src/Robots/install/ur_client_library:/home/administrator/Masterproject2/20_ROS/src/Robots/install/my_ur_msgs:/opt/ros/kilted/opt/sdformat_vendor:/opt/ros/kilted/opt/gz_math_vendor:/opt/ros/kilted/opt/gz_utils_vendor:/opt/ros/kilted/opt/gz_tools_vendor:/opt/ros/kilted/opt/gz_cmake_vendor:/opt/ros/kilted DEBUGINFOD_URLS=https://debuginfod.ubuntu.com LD_LIBRARY_PATH=/home/administrator/Masterproject2/20_ROS/src/Robots/install/ur_robot_driver/lib:/home/administrator/Masterproject2/20_ROS/src/Robots/install/ur_controllers/lib:/home/administrator/Masterproject2/20_ROS/src/Robots/install/ur_msgs/lib:/home/administrator/Masterproject2/20_ROS/src/Robots/install/ur_dashboard_msgs/lib:/home/administrator/Masterproject2/20_ROS/src/Robots/install/ur_client_library/lib:/home/administrator/Masterproject2/20_ROS/src/Robots/install/my_ur_msgs/lib:${LD_LIBRARY_PATH} PATH=/home/administrator/Masterproject2/20_ROS/src/Robots/install/ur_robot_driver/bin:${PATH} PKG_CONFIG_PATH=/home/administrator/Masterproject2/20_ROS/src/Robots/install/ur_client_library/lib/x86_64-linux-gnu/pkgconfig:/home/administrator/Masterproject2/20_ROS/src/Robots/install/ur_client_library/lib/pkgconfig PYTHONPATH=/home/administrator/Masterproject2/20_ROS/src/Robots/install/ur_robot_driver/lib/python3.12/site-packages:/home/administrator/Masterproject2/20_ROS/src/Robots/install/ur_msgs/lib/python3.12/site-packages:/home/administrator/Masterproject2/20_ROS/src/Robots/install/ur_dashboard_msgs/lib/python3.12/site-packages:/home/administrator/Masterproject2/20_ROS/src/Robots/install/my_ur_msgs/lib/python3.12/site-packages:${PYTHONPATH} /usr/bin/cmake --build /home/administrator/Masterproject2/20_ROS/src/Robots/build/ur_calibration -- -j14 -l14
[11.996s] Invoking command in '/home/administrator/Masterproject2/20_ROS/src/Robots/build/ur_calibration': AMENT_PREFIX_PATH=/home/administrator/Masterproject2/20_ROS/src/Robots/install/ur_robot_driver:/home/administrator/Masterproject2/20_ROS/src/Robots/install/ur_controllers:/home/administrator/Masterproject2/20_ROS/src/Robots/install/ur_msgs:/home/administrator/Masterproject2/20_ROS/src/Robots/install/ur_description:/home/administrator/Masterproject2/20_ROS/src/Robots/install/ur_dashboard_msgs:/home/administrator/Masterproject2/20_ROS/src/Robots/install/my_ur_msgs:${AMENT_PREFIX_PATH} CMAKE_PREFIX_PATH=/home/administrator/Masterproject2/20_ROS/src/Robots/install/ur_robot_driver:/home/administrator/Masterproject2/20_ROS/src/Robots/install/ur_controllers:/home/administrator/Masterproject2/20_ROS/src/Robots/install/ur_msgs:/home/administrator/Masterproject2/20_ROS/src/Robots/install/ur_description:/home/administrator/Masterproject2/20_ROS/src/Robots/install/ur_dashboard_msgs:/home/administrator/Masterproject2/20_ROS/src/Robots/install/ur_client_library:/home/administrator/Masterproject2/20_ROS/src/Robots/install/my_ur_msgs:/opt/ros/kilted/opt/sdformat_vendor:/opt/ros/kilted/opt/gz_math_vendor:/opt/ros/kilted/opt/gz_utils_vendor:/opt/ros/kilted/opt/gz_tools_vendor:/opt/ros/kilted/opt/gz_cmake_vendor:/opt/ros/kilted DEBUGINFOD_URLS=https://debuginfod.ubuntu.com LD_LIBRARY_PATH=/home/administrator/Masterproject2/20_ROS/src/Robots/install/ur_robot_driver/lib:/home/administrator/Masterproject2/20_ROS/src/Robots/install/ur_controllers/lib:/home/administrator/Masterproject2/20_ROS/src/Robots/install/ur_msgs/lib:/home/administrator/Masterproject2/20_ROS/src/Robots/install/ur_dashboard_msgs/lib:/home/administrator/Masterproject2/20_ROS/src/Robots/install/ur_client_library/lib:/home/administrator/Masterproject2/20_ROS/src/Robots/install/my_ur_msgs/lib:${LD_LIBRARY_PATH} PATH=/home/administrator/Masterproject2/20_ROS/src/Robots/install/ur_robot_driver/bin:${PATH} PKG_CONFIG_PATH=/home/administrator/Masterproject2/20_ROS/src/Robots/install/ur_client_library/lib/x86_64-linux-gnu/pkgconfig:/home/administrator/Masterproject2/20_ROS/src/Robots/install/ur_client_library/lib/pkgconfig PYTHONPATH=/home/administrator/Masterproject2/20_ROS/src/Robots/install/ur_robot_driver/lib/python3.12/site-packages:/home/administrator/Masterproject2/20_ROS/src/Robots/install/ur_msgs/lib/python3.12/site-packages:/home/administrator/Masterproject2/20_ROS/src/Robots/install/ur_dashboard_msgs/lib/python3.12/site-packages:/home/administrator/Masterproject2/20_ROS/src/Robots/install/my_ur_msgs/lib/python3.12/site-packages:${PYTHONPATH} /usr/bin/cmake --install /home/administrator/Masterproject2/20_ROS/src/Robots/build/ur_calibration
[12.001s] -- Install configuration: "RelWithDebInfo"
[12.001s] -- Installing: /home/administrator/Masterproject2/20_ROS/src/Robots/install/ur_calibration/lib/ur_calibration/calibration_correction
[12.005s] -- Set non-toolchain portion of runtime path of "/home/administrator/Masterproject2/20_ROS/src/Robots/install/ur_calibration/lib/ur_calibration/calibration_correction" to ""
[12.005s] -- Installing: /home/administrator/Masterproject2/20_ROS/src/Robots/install/ur_calibration/include
[12.005s] -- Installing: /home/administrator/Masterproject2/20_ROS/src/Robots/install/ur_calibration/include/ur_calibration
[12.006s] -- Installing: /home/administrator/Masterproject2/20_ROS/src/Robots/install/ur_calibration/include/ur_calibration/calibration_consumer.hpp
[12.006s] -- Installing: /home/administrator/Masterproject2/20_ROS/src/Robots/install/ur_calibration/include/ur_calibration/calibration.hpp
[12.006s] -- Installing: /home/administrator/Masterproject2/20_ROS/src/Robots/install/ur_calibration/share/ur_calibration/launch
[12.007s] -- Installing: /home/administrator/Masterproject2/20_ROS/src/Robots/install/ur_calibration/share/ur_calibration/launch/calibration_correction.launch.py
[12.008s] -- Installing: /home/administrator/Masterproject2/20_ROS/src/Robots/install/ur_calibration/share/ament_index/resource_index/package_run_dependencies/ur_calibration
[12.009s] -- Installing: /home/administrator/Masterproject2/20_ROS/src/Robots/install/ur_calibration/share/ament_index/resource_index/parent_prefix_path/ur_calibration
[12.009s] -- Installing: /home/administrator/Masterproject2/20_ROS/src/Robots/install/ur_calibration/share/ur_calibration/environment/ament_prefix_path.sh
[12.010s] -- Installing: /home/administrator/Masterproject2/20_ROS/src/Robots/install/ur_calibration/share/ur_calibration/environment/ament_prefix_path.dsv
[12.010s] -- Installing: /home/administrator/Masterproject2/20_ROS/src/Robots/install/ur_calibration/share/ur_calibration/environment/path.sh
[12.011s] -- Installing: /home/administrator/Masterproject2/20_ROS/src/Robots/install/ur_calibration/share/ur_calibration/environment/path.dsv
[12.011s] -- Installing: /home/administrator/Masterproject2/20_ROS/src/Robots/install/ur_calibration/share/ur_calibration/local_setup.bash
[12.011s] -- Installing: /home/administrator/Masterproject2/20_ROS/src/Robots/install/ur_calibration/share/ur_calibration/local_setup.sh
[12.012s] -- Installing: /home/administrator/Masterproject2/20_ROS/src/Robots/install/ur_calibration/share/ur_calibration/local_setup.zsh
[12.012s] -- Installing: /home/administrator/Masterproject2/20_ROS/src/Robots/install/ur_calibration/share/ur_calibration/local_setup.dsv
[12.013s] -- Installing: /home/administrator/Masterproject2/20_ROS/src/Robots/install/ur_calibration/share/ur_calibration/package.dsv
[12.013s] -- Installing: /home/administrator/Masterproject2/20_ROS/src/Robots/install/ur_calibration/share/ament_index/resource_index/packages/ur_calibration
[12.014s] -- Installing: /home/administrator/Masterproject2/20_ROS/src/Robots/install/ur_calibration/share/ur_calibration/cmake/ament_cmake_export_include_directories-extras.cmake
[12.014s] -- Installing: /home/administrator/Masterproject2/20_ROS/src/Robots/install/ur_calibration/share/ur_calibration/cmake/ament_cmake_export_dependencies-extras.cmake
[12.014s] -- Installing: /home/administrator/Masterproject2/20_ROS/src/Robots/install/ur_calibration/share/ur_calibration/cmake/ur_calibrationConfig.cmake
[12.015s] -- Installing: /home/administrator/Masterproject2/20_ROS/src/Robots/install/ur_calibration/share/ur_calibration/cmake/ur_calibrationConfig-version.cmake
[12.015s] -- Installing: /home/administrator/Masterproject2/20_ROS/src/Robots/install/ur_calibration/share/ur_calibration/package.xml
[12.015s] Invoked command in '/home/administrator/Masterproject2/20_ROS/src/Robots/build/ur_calibration' returned '0': AMENT_PREFIX_PATH=/home/administrator/Masterproject2/20_ROS/src/Robots/install/ur_robot_driver:/home/administrator/Masterproject2/20_ROS/src/Robots/install/ur_controllers:/home/administrator/Masterproject2/20_ROS/src/Robots/install/ur_msgs:/home/administrator/Masterproject2/20_ROS/src/Robots/install/ur_description:/home/administrator/Masterproject2/20_ROS/src/Robots/install/ur_dashboard_msgs:/home/administrator/Masterproject2/20_ROS/src/Robots/install/my_ur_msgs:${AMENT_PREFIX_PATH} CMAKE_PREFIX_PATH=/home/administrator/Masterproject2/20_ROS/src/Robots/install/ur_robot_driver:/home/administrator/Masterproject2/20_ROS/src/Robots/install/ur_controllers:/home/administrator/Masterproject2/20_ROS/src/Robots/install/ur_msgs:/home/administrator/Masterproject2/20_ROS/src/Robots/install/ur_description:/home/administrator/Masterproject2/20_ROS/src/Robots/install/ur_dashboard_msgs:/home/administrator/Masterproject2/20_ROS/src/Robots/install/ur_client_library:/home/administrator/Masterproject2/20_ROS/src/Robots/install/my_ur_msgs:/opt/ros/kilted/opt/sdformat_vendor:/opt/ros/kilted/opt/gz_math_vendor:/opt/ros/kilted/opt/gz_utils_vendor:/opt/ros/kilted/opt/gz_tools_vendor:/opt/ros/kilted/opt/gz_cmake_vendor:/opt/ros/kilted DEBUGINFOD_URLS=https://debuginfod.ubuntu.com LD_LIBRARY_PATH=/home/administrator/Masterproject2/20_ROS/src/Robots/install/ur_robot_driver/lib:/home/administrator/Masterproject2/20_ROS/src/Robots/install/ur_controllers/lib:/home/administrator/Masterproject2/20_ROS/src/Robots/install/ur_msgs/lib:/home/administrator/Masterproject2/20_ROS/src/Robots/install/ur_dashboard_msgs/lib:/home/administrator/Masterproject2/20_ROS/src/Robots/install/ur_client_library/lib:/home/administrator/Masterproject2/20_ROS/src/Robots/install/my_ur_msgs/lib:${LD_LIBRARY_PATH} PATH=/home/administrator/Masterproject2/20_ROS/src/Robots/install/ur_robot_driver/bin:${PATH} PKG_CONFIG_PATH=/home/administrator/Masterproject2/20_ROS/src/Robots/install/ur_client_library/lib/x86_64-linux-gnu/pkgconfig:/home/administrator/Masterproject2/20_ROS/src/Robots/install/ur_client_library/lib/pkgconfig PYTHONPATH=/home/administrator/Masterproject2/20_ROS/src/Robots/install/ur_robot_driver/lib/python3.12/site-packages:/home/administrator/Masterproject2/20_ROS/src/Robots/install/ur_msgs/lib/python3.12/site-packages:/home/administrator/Masterproject2/20_ROS/src/Robots/install/ur_dashboard_msgs/lib/python3.12/site-packages:/home/administrator/Masterproject2/20_ROS/src/Robots/install/my_ur_msgs/lib/python3.12/site-packages:${PYTHONPATH} /usr/bin/cmake --install /home/administrator/Masterproject2/20_ROS/src/Robots/build/ur_calibration
