/usr/lib/python3/dist-packages/setuptools/dist.py:744: SetuptoolsDeprecationWarning: Invalid dash-separated options
!!

        ********************************************************************************
        Usage of dash-separated 'script-dir' will not be supported in future
        versions. Please use the underscore name 'script_dir' instead.

        This deprecation is overdue, please update your project and remove deprecated
        calls to avoid build errors in the future.

        See https://setuptools.pypa.io/en/latest/userguide/declarative_config.html for details.
        ********************************************************************************

!!
  opt = self.warn_dash_deprecation(opt, section)
running egg_info
writing ../../../build/om_aiv_navigation/om_aiv_navigation.egg-info/PKG-INFO
writing dependency_links to ../../../build/om_aiv_navigation/om_aiv_navigation.egg-info/dependency_links.txt
writing entry points to ../../../build/om_aiv_navigation/om_aiv_navigation.egg-info/entry_points.txt
writing requirements to ../../../build/om_aiv_navigation/om_aiv_navigation.egg-info/requires.txt
writing top-level names to ../../../build/om_aiv_navigation/om_aiv_navigation.egg-info/top_level.txt
reading manifest file '../../../build/om_aiv_navigation/om_aiv_navigation.egg-info/SOURCES.txt'
writing manifest file '../../../build/om_aiv_navigation/om_aiv_navigation.egg-info/SOURCES.txt'
running build
running build_py
running install
running install_lib
running install_data
running install_egg_info
removing '/home/administrator/Masterproject2/20_ROS/src/Robots/install/om_aiv_navigation/lib/python3.12/site-packages/om_aiv_navigation-0.0.0-py3.12.egg-info' (and everything under it)
Copying ../../../build/om_aiv_navigation/om_aiv_navigation.egg-info to /home/administrator/Masterproject2/20_ROS/src/Robots/install/om_aiv_navigation/lib/python3.12/site-packages/om_aiv_navigation-0.0.0-py3.12.egg-info
running install_scripts
Installing action_server script to /home/administrator/Masterproject2/20_ROS/src/Robots/install/om_aiv_navigation/lib/om_aiv_navigation
Installing dock script to /home/administrator/Masterproject2/20_ROS/src/Robots/install/om_aiv_navigation/lib/om_aiv_navigation
Installing execute_macro script to /home/administrator/Masterproject2/20_ROS/src/Robots/install/om_aiv_navigation/lib/om_aiv_navigation
Installing goto_goal script to /home/administrator/Masterproject2/20_ROS/src/Robots/install/om_aiv_navigation/lib/om_aiv_navigation
Installing goto_goal_demo script to /home/administrator/Masterproject2/20_ROS/src/Robots/install/om_aiv_navigation/lib/om_aiv_navigation
Installing goto_point script to /home/administrator/Masterproject2/20_ROS/src/Robots/install/om_aiv_navigation/lib/om_aiv_navigation
Installing localize_at_point script to /home/administrator/Masterproject2/20_ROS/src/Robots/install/om_aiv_navigation/lib/om_aiv_navigation
writing list of installed files to '/home/administrator/Masterproject2/20_ROS/src/Robots/build/om_aiv_navigation/install.log'
