-- Found ament_cmake: 2.7.5 (/opt/ros/kilted/share/ament_cmake/cmake)
-- Found builtin_interfaces: 2.3.2 (/opt/ros/kilted/share/builtin_interfaces/cmake)
-- Found rosidl_generator_c: 4.9.6 (/opt/ros/kilted/share/rosidl_generator_c/cmake)
-- Found rosidl_generator_cpp: 4.9.6 (/opt/ros/kilted/share/rosidl_generator_cpp/cmake)
-- Using all available rosidl_typesupport_c: rosidl_typesupport_fastrtps_c;rosidl_typesupport_introspection_c
-- Using all available rosidl_typesupport_cpp: rosidl_typesupport_fastrtps_cpp;rosidl_typesupport_introspection_cpp
-- Found rosidl_default_generators: 1.7.2 (/opt/ros/kilted/share/rosidl_default_generators/cmake)
-- Found rosidl_adapter: 4.9.6 (/opt/ros/kilted/share/rosidl_adapter/cmake)
-- Found geometry_msgs: 5.5.2 (/opt/ros/kilted/share/geometry_msgs/cmake)
-- Found control_msgs: 6.9.0 (/opt/ros/kilted/share/control_msgs/cmake)
-- Found ament_lint_auto: 0.19.3 (/opt/ros/kilted/share/ament_lint_auto/cmake)
-- Found ament_cmake_ros_core: 0.14.7 (/opt/ros/kilted/share/ament_cmake_ros_core/cmake)
-- Using all available rosidl_typesupport_c: rosidl_typesupport_fastrtps_c;rosidl_typesupport_introspection_c
-- Using all available rosidl_typesupport_cpp: rosidl_typesupport_fastrtps_cpp;rosidl_typesupport_introspection_cpp
-- Found Python3: /usr/bin/python3 (found version "3.12.3") found components: Interpreter Development NumPy Development.Module Development.Embed 
-- Found Python3: /usr/bin/python3 (found version "3.12.3") found components: Interpreter 
-- Added test 'copyright' to check source files copyright and LICENSE
-- Added test 'lint_cmake' to check CMake code style
-- Added test 'xmllint' to check XML markup files
-- Configuring done (2.2s)
-- Generating done (0.1s)
-- Build files have been written to: /home/administrator/Masterproject2/20_ROS/src/Robots/build/ur_msgs
[  1%] Built target ur_msgs__rs
[  2%] Built target ur_msgs__rosidl_generator_type_description
[  2%] Built target ament_cmake_python_copy_ur_msgs
[  2%] Built target ur_msgs__cpp
[ 30%] Built target ur_msgs__rosidl_generator_c
[ 39%] Built target ur_msgs__rosidl_typesupport_c
[ 48%] Built target ur_msgs__rosidl_typesupport_introspection_c
[ 58%] Built target ur_msgs__rosidl_typesupport_introspection_cpp
[ 78%] Built target ur_msgs__rosidl_typesupport_cpp
[ 78%] Built target ur_msgs__rosidl_typesupport_fastrtps_cpp
[ 88%] Built target ur_msgs__rosidl_typesupport_fastrtps_c
running egg_info
[ 88%] Built target ur_msgs
writing ur_msgs.egg-info/PKG-INFO
writing dependency_links to ur_msgs.egg-info/dependency_links.txt
writing top-level names to ur_msgs.egg-info/top_level.txt
reading manifest file 'ur_msgs.egg-info/SOURCES.txt'
writing manifest file 'ur_msgs.egg-info/SOURCES.txt'
[ 88%] Built target ur_msgs__py
[ 88%] Built target ament_cmake_python_build_ur_msgs_egg
[ 97%] Built target ur_msgs__rosidl_generator_py
[ 98%] Built target ur_msgs_s__rosidl_typesupport_fastrtps_c
[ 99%] Built target ur_msgs_s__rosidl_typesupport_introspection_c
[100%] Built target ur_msgs_s__rosidl_typesupport_c
-- Install configuration: ""
-- Up-to-date: /home/administrator/Masterproject2/20_ROS/src/Robots/install/ur_msgs/share/ament_index/resource_index/rosidl_interfaces/ur_msgs
-- Up-to-date: /home/administrator/Masterproject2/20_ROS/src/Robots/install/ur_msgs/share/ur_msgs/msg/Analog.json
-- Up-to-date: /home/administrator/Masterproject2/20_ROS/src/Robots/install/ur_msgs/share/ur_msgs/msg/Digital.json
-- Up-to-date: /home/administrator/Masterproject2/20_ROS/src/Robots/install/ur_msgs/share/ur_msgs/msg/IOStates.json
-- Up-to-date: /home/administrator/Masterproject2/20_ROS/src/Robots/install/ur_msgs/share/ur_msgs/msg/RobotStateRTMsg.json
-- Up-to-date: /home/administrator/Masterproject2/20_ROS/src/Robots/install/ur_msgs/share/ur_msgs/msg/MasterboardDataMsg.json
-- Up-to-date: /home/administrator/Masterproject2/20_ROS/src/Robots/install/ur_msgs/share/ur_msgs/msg/RobotModeDataMsg.json
-- Up-to-date: /home/administrator/Masterproject2/20_ROS/src/Robots/install/ur_msgs/share/ur_msgs/msg/ToolDataMsg.json
-- Up-to-date: /home/administrator/Masterproject2/20_ROS/src/Robots/install/ur_msgs/share/ur_msgs/msg/FrictionModelParameters.json
-- Up-to-date: /home/administrator/Masterproject2/20_ROS/src/Robots/install/ur_msgs/share/ur_msgs/srv/SetAnalogOutput.json
-- Up-to-date: /home/administrator/Masterproject2/20_ROS/src/Robots/install/ur_msgs/share/ur_msgs/srv/SetGravity.json
-- Up-to-date: /home/administrator/Masterproject2/20_ROS/src/Robots/install/ur_msgs/share/ur_msgs/srv/SetPayload.json
-- Up-to-date: /home/administrator/Masterproject2/20_ROS/src/Robots/install/ur_msgs/share/ur_msgs/srv/SetSpeedSliderFraction.json
-- Up-to-date: /home/administrator/Masterproject2/20_ROS/src/Robots/install/ur_msgs/share/ur_msgs/srv/SetIO.json
-- Up-to-date: /home/administrator/Masterproject2/20_ROS/src/Robots/install/ur_msgs/share/ur_msgs/srv/GetRobotSoftwareVersion.json
-- Up-to-date: /home/administrator/Masterproject2/20_ROS/src/Robots/install/ur_msgs/share/ur_msgs/srv/SetForceMode.json
-- Up-to-date: /home/administrator/Masterproject2/20_ROS/src/Robots/install/ur_msgs/share/ur_msgs/srv/SetFrictionModelParameters.json
-- Up-to-date: /home/administrator/Masterproject2/20_ROS/src/Robots/install/ur_msgs/share/ur_msgs/action/ToolContact.json
-- Up-to-date: /home/administrator/Masterproject2/20_ROS/src/Robots/install/ur_msgs/share/ur_msgs/action/FollowJointTrajectoryUntil.json
-- Up-to-date: /home/administrator/Masterproject2/20_ROS/src/Robots/install/ur_msgs/share/ur_msgs/action/SendScript.json
-- Up-to-date: /home/administrator/Masterproject2/20_ROS/src/Robots/install/ur_msgs/include/ur_msgs/ur_msgs
-- Up-to-date: /home/administrator/Masterproject2/20_ROS/src/Robots/install/ur_msgs/include/ur_msgs/ur_msgs/msg
-- Up-to-date: /home/administrator/Masterproject2/20_ROS/src/Robots/install/ur_msgs/include/ur_msgs/ur_msgs/msg/friction_model_parameters.h
-- Up-to-date: /home/administrator/Masterproject2/20_ROS/src/Robots/install/ur_msgs/include/ur_msgs/ur_msgs/msg/robot_state_rt_msg.h
-- Up-to-date: /home/administrator/Masterproject2/20_ROS/src/Robots/install/ur_msgs/include/ur_msgs/ur_msgs/msg/robot_mode_data_msg.h
-- Up-to-date: /home/administrator/Masterproject2/20_ROS/src/Robots/install/ur_msgs/include/ur_msgs/ur_msgs/msg/analog.h
-- Up-to-date: /home/administrator/Masterproject2/20_ROS/src/Robots/install/ur_msgs/include/ur_msgs/ur_msgs/msg/masterboard_data_msg.h
-- Up-to-date: /home/administrator/Masterproject2/20_ROS/src/Robots/install/ur_msgs/include/ur_msgs/ur_msgs/msg/tool_data_msg.h
-- Up-to-date: /home/administrator/Masterproject2/20_ROS/src/Robots/install/ur_msgs/include/ur_msgs/ur_msgs/msg/digital.h
-- Up-to-date: /home/administrator/Masterproject2/20_ROS/src/Robots/install/ur_msgs/include/ur_msgs/ur_msgs/msg/rosidl_generator_c__visibility_control.h
-- Up-to-date: /home/administrator/Masterproject2/20_ROS/src/Robots/install/ur_msgs/include/ur_msgs/ur_msgs/msg/detail
-- Up-to-date: /home/administrator/Masterproject2/20_ROS/src/Robots/install/ur_msgs/include/ur_msgs/ur_msgs/msg/detail/io_states__functions.c
-- Up-to-date: /home/administrator/Masterproject2/20_ROS/src/Robots/install/ur_msgs/include/ur_msgs/ur_msgs/msg/detail/analog__functions.h
-- Up-to-date: /home/administrator/Masterproject2/20_ROS/src/Robots/install/ur_msgs/include/ur_msgs/ur_msgs/msg/detail/robot_state_rt_msg__functions.h
-- Up-to-date: /home/administrator/Masterproject2/20_ROS/src/Robots/install/ur_msgs/include/ur_msgs/ur_msgs/msg/detail/robot_mode_data_msg__type_support.c
-- Up-to-date: /home/administrator/Masterproject2/20_ROS/src/Robots/install/ur_msgs/include/ur_msgs/ur_msgs/msg/detail/robot_mode_data_msg__struct.h
-- Up-to-date: /home/administrator/Masterproject2/20_ROS/src/Robots/install/ur_msgs/include/ur_msgs/ur_msgs/msg/detail/io_states__description.c
-- Up-to-date: /home/administrator/Masterproject2/20_ROS/src/Robots/install/ur_msgs/include/ur_msgs/ur_msgs/msg/detail/masterboard_data_msg__struct.h
-- Up-to-date: /home/administrator/Masterproject2/20_ROS/src/Robots/install/ur_msgs/include/ur_msgs/ur_msgs/msg/detail/digital__description.c
-- Up-to-date: /home/administrator/Masterproject2/20_ROS/src/Robots/install/ur_msgs/include/ur_msgs/ur_msgs/msg/detail/robot_state_rt_msg__description.c
-- Up-to-date: /home/administrator/Masterproject2/20_ROS/src/Robots/install/ur_msgs/include/ur_msgs/ur_msgs/msg/detail/digital__functions.c
-- Up-to-date: /home/administrator/Masterproject2/20_ROS/src/Robots/install/ur_msgs/include/ur_msgs/ur_msgs/msg/detail/robot_mode_data_msg__functions.c
-- Up-to-date: /home/administrator/Masterproject2/20_ROS/src/Robots/install/ur_msgs/include/ur_msgs/ur_msgs/msg/detail/digital__type_support.h
-- Up-to-date: /home/administrator/Masterproject2/20_ROS/src/Robots/install/ur_msgs/include/ur_msgs/ur_msgs/msg/detail/masterboard_data_msg__functions.c
-- Up-to-date: /home/administrator/Masterproject2/20_ROS/src/Robots/install/ur_msgs/include/ur_msgs/ur_msgs/msg/detail/friction_model_parameters__type_support.h
-- Up-to-date: /home/administrator/Masterproject2/20_ROS/src/Robots/install/ur_msgs/include/ur_msgs/ur_msgs/msg/detail/friction_model_parameters__struct.h
-- Up-to-date: /home/administrator/Masterproject2/20_ROS/src/Robots/install/ur_msgs/include/ur_msgs/ur_msgs/msg/detail/digital__type_support.c
-- Up-to-date: /home/administrator/Masterproject2/20_ROS/src/Robots/install/ur_msgs/include/ur_msgs/ur_msgs/msg/detail/robot_mode_data_msg__description.c
-- Up-to-date: /home/administrator/Masterproject2/20_ROS/src/Robots/install/ur_msgs/include/ur_msgs/ur_msgs/msg/detail/analog__functions.c
-- Up-to-date: /home/administrator/Masterproject2/20_ROS/src/Robots/install/ur_msgs/include/ur_msgs/ur_msgs/msg/detail/tool_data_msg__functions.c
-- Up-to-date: /home/administrator/Masterproject2/20_ROS/src/Robots/install/ur_msgs/include/ur_msgs/ur_msgs/msg/detail/robot_state_rt_msg__functions.c
-- Up-to-date: /home/administrator/Masterproject2/20_ROS/src/Robots/install/ur_msgs/include/ur_msgs/ur_msgs/msg/detail/io_states__type_support.c
-- Up-to-date: /home/administrator/Masterproject2/20_ROS/src/Robots/install/ur_msgs/include/ur_msgs/ur_msgs/msg/detail/friction_model_parameters__type_support.c
-- Up-to-date: /home/administrator/Masterproject2/20_ROS/src/Robots/install/ur_msgs/include/ur_msgs/ur_msgs/msg/detail/analog__struct.h
-- Up-to-date: /home/administrator/Masterproject2/20_ROS/src/Robots/install/ur_msgs/include/ur_msgs/ur_msgs/msg/detail/robot_mode_data_msg__type_support.h
-- Up-to-date: /home/administrator/Masterproject2/20_ROS/src/Robots/install/ur_msgs/include/ur_msgs/ur_msgs/msg/detail/robot_state_rt_msg__type_support.c
-- Up-to-date: /home/administrator/Masterproject2/20_ROS/src/Robots/install/ur_msgs/include/ur_msgs/ur_msgs/msg/detail/tool_data_msg__type_support.h
-- Up-to-date: /home/administrator/Masterproject2/20_ROS/src/Robots/install/ur_msgs/include/ur_msgs/ur_msgs/msg/detail/masterboard_data_msg__type_support.h
-- Up-to-date: /home/administrator/Masterproject2/20_ROS/src/Robots/install/ur_msgs/include/ur_msgs/ur_msgs/msg/detail/io_states__functions.h
-- Up-to-date: /home/administrator/Masterproject2/20_ROS/src/Robots/install/ur_msgs/include/ur_msgs/ur_msgs/msg/detail/digital__struct.h
-- Up-to-date: /home/administrator/Masterproject2/20_ROS/src/Robots/install/ur_msgs/include/ur_msgs/ur_msgs/msg/detail/masterboard_data_msg__type_support.c
-- Up-to-date: /home/administrator/Masterproject2/20_ROS/src/Robots/install/ur_msgs/include/ur_msgs/ur_msgs/msg/detail/analog__type_support.h
-- Up-to-date: /home/administrator/Masterproject2/20_ROS/src/Robots/install/ur_msgs/include/ur_msgs/ur_msgs/msg/detail/friction_model_parameters__functions.h
-- Up-to-date: /home/administrator/Masterproject2/20_ROS/src/Robots/install/ur_msgs/include/ur_msgs/ur_msgs/msg/detail/friction_model_parameters__description.c
-- Up-to-date: /home/administrator/Masterproject2/20_ROS/src/Robots/install/ur_msgs/include/ur_msgs/ur_msgs/msg/detail/friction_model_parameters__functions.c
-- Up-to-date: /home/administrator/Masterproject2/20_ROS/src/Robots/install/ur_msgs/include/ur_msgs/ur_msgs/msg/detail/masterboard_data_msg__description.c
-- Up-to-date: /home/administrator/Masterproject2/20_ROS/src/Robots/install/ur_msgs/include/ur_msgs/ur_msgs/msg/detail/robot_mode_data_msg__functions.h
-- Up-to-date: /home/administrator/Masterproject2/20_ROS/src/Robots/install/ur_msgs/include/ur_msgs/ur_msgs/msg/detail/io_states__type_support.h
-- Up-to-date: /home/administrator/Masterproject2/20_ROS/src/Robots/install/ur_msgs/include/ur_msgs/ur_msgs/msg/detail/analog__type_support.c
-- Up-to-date: /home/administrator/Masterproject2/20_ROS/src/Robots/install/ur_msgs/include/ur_msgs/ur_msgs/msg/detail/robot_state_rt_msg__struct.h
-- Up-to-date: /home/administrator/Masterproject2/20_ROS/src/Robots/install/ur_msgs/include/ur_msgs/ur_msgs/msg/detail/tool_data_msg__type_support.c
-- Up-to-date: /home/administrator/Masterproject2/20_ROS/src/Robots/install/ur_msgs/include/ur_msgs/ur_msgs/msg/detail/tool_data_msg__struct.h
-- Up-to-date: /home/administrator/Masterproject2/20_ROS/src/Robots/install/ur_msgs/include/ur_msgs/ur_msgs/msg/detail/digital__functions.h
-- Up-to-date: /home/administrator/Masterproject2/20_ROS/src/Robots/install/ur_msgs/include/ur_msgs/ur_msgs/msg/detail/io_states__struct.h
-- Up-to-date: /home/administrator/Masterproject2/20_ROS/src/Robots/install/ur_msgs/include/ur_msgs/ur_msgs/msg/detail/analog__description.c
-- Up-to-date: /home/administrator/Masterproject2/20_ROS/src/Robots/install/ur_msgs/include/ur_msgs/ur_msgs/msg/detail/tool_data_msg__description.c
-- Up-to-date: /home/administrator/Masterproject2/20_ROS/src/Robots/install/ur_msgs/include/ur_msgs/ur_msgs/msg/detail/robot_state_rt_msg__type_support.h
-- Up-to-date: /home/administrator/Masterproject2/20_ROS/src/Robots/install/ur_msgs/include/ur_msgs/ur_msgs/msg/detail/masterboard_data_msg__functions.h
-- Up-to-date: /home/administrator/Masterproject2/20_ROS/src/Robots/install/ur_msgs/include/ur_msgs/ur_msgs/msg/detail/tool_data_msg__functions.h
-- Up-to-date: /home/administrator/Masterproject2/20_ROS/src/Robots/install/ur_msgs/include/ur_msgs/ur_msgs/msg/io_states.h
-- Up-to-date: /home/administrator/Masterproject2/20_ROS/src/Robots/install/ur_msgs/include/ur_msgs/ur_msgs/srv
-- Up-to-date: /home/administrator/Masterproject2/20_ROS/src/Robots/install/ur_msgs/include/ur_msgs/ur_msgs/srv/set_speed_slider_fraction.h
-- Up-to-date: /home/administrator/Masterproject2/20_ROS/src/Robots/install/ur_msgs/include/ur_msgs/ur_msgs/srv/set_io.h
-- Up-to-date: /home/administrator/Masterproject2/20_ROS/src/Robots/install/ur_msgs/include/ur_msgs/ur_msgs/srv/set_friction_model_parameters.h
-- Up-to-date: /home/administrator/Masterproject2/20_ROS/src/Robots/install/ur_msgs/include/ur_msgs/ur_msgs/srv/set_payload.h
-- Up-to-date: /home/administrator/Masterproject2/20_ROS/src/Robots/install/ur_msgs/include/ur_msgs/ur_msgs/srv/get_robot_software_version.h
-- Up-to-date: /home/administrator/Masterproject2/20_ROS/src/Robots/install/ur_msgs/include/ur_msgs/ur_msgs/srv/set_force_mode.h
-- Up-to-date: /home/administrator/Masterproject2/20_ROS/src/Robots/install/ur_msgs/include/ur_msgs/ur_msgs/srv/set_gravity.h
-- Up-to-date: /home/administrator/Masterproject2/20_ROS/src/Robots/install/ur_msgs/include/ur_msgs/ur_msgs/srv/set_analog_output.h
-- Up-to-date: /home/administrator/Masterproject2/20_ROS/src/Robots/install/ur_msgs/include/ur_msgs/ur_msgs/srv/detail
-- Up-to-date: /home/administrator/Masterproject2/20_ROS/src/Robots/install/ur_msgs/include/ur_msgs/ur_msgs/srv/detail/set_payload__functions.h
-- Up-to-date: /home/administrator/Masterproject2/20_ROS/src/Robots/install/ur_msgs/include/ur_msgs/ur_msgs/srv/detail/set_analog_output__description.c
-- Up-to-date: /home/administrator/Masterproject2/20_ROS/src/Robots/install/ur_msgs/include/ur_msgs/ur_msgs/srv/detail/set_gravity__functions.h
-- Up-to-date: /home/administrator/Masterproject2/20_ROS/src/Robots/install/ur_msgs/include/ur_msgs/ur_msgs/srv/detail/set_io__type_support.c
-- Up-to-date: /home/administrator/Masterproject2/20_ROS/src/Robots/install/ur_msgs/include/ur_msgs/ur_msgs/srv/detail/set_force_mode__functions.c
-- Up-to-date: /home/administrator/Masterproject2/20_ROS/src/Robots/install/ur_msgs/include/ur_msgs/ur_msgs/srv/detail/get_robot_software_version__type_support.h
-- Up-to-date: /home/administrator/Masterproject2/20_ROS/src/Robots/install/ur_msgs/include/ur_msgs/ur_msgs/srv/detail/set_gravity__struct.h
-- Up-to-date: /home/administrator/Masterproject2/20_ROS/src/Robots/install/ur_msgs/include/ur_msgs/ur_msgs/srv/detail/get_robot_software_version__functions.c
-- Up-to-date: /home/administrator/Masterproject2/20_ROS/src/Robots/install/ur_msgs/include/ur_msgs/ur_msgs/srv/detail/set_friction_model_parameters__type_support.c
-- Up-to-date: /home/administrator/Masterproject2/20_ROS/src/Robots/install/ur_msgs/include/ur_msgs/ur_msgs/srv/detail/set_io__functions.c
-- Up-to-date: /home/administrator/Masterproject2/20_ROS/src/Robots/install/ur_msgs/include/ur_msgs/ur_msgs/srv/detail/set_speed_slider_fraction__functions.c
-- Up-to-date: /home/administrator/Masterproject2/20_ROS/src/Robots/install/ur_msgs/include/ur_msgs/ur_msgs/srv/detail/set_analog_output__type_support.h
-- Up-to-date: /home/administrator/Masterproject2/20_ROS/src/Robots/install/ur_msgs/include/ur_msgs/ur_msgs/srv/detail/set_speed_slider_fraction__type_support.h
-- Up-to-date: /home/administrator/Masterproject2/20_ROS/src/Robots/install/ur_msgs/include/ur_msgs/ur_msgs/srv/detail/set_gravity__functions.c
-- Up-to-date: /home/administrator/Masterproject2/20_ROS/src/Robots/install/ur_msgs/include/ur_msgs/ur_msgs/srv/detail/set_gravity__description.c
-- Up-to-date: /home/administrator/Masterproject2/20_ROS/src/Robots/install/ur_msgs/include/ur_msgs/ur_msgs/srv/detail/set_gravity__type_support.c
-- Up-to-date: /home/administrator/Masterproject2/20_ROS/src/Robots/install/ur_msgs/include/ur_msgs/ur_msgs/srv/detail/set_force_mode__type_support.c
-- Up-to-date: /home/administrator/Masterproject2/20_ROS/src/Robots/install/ur_msgs/include/ur_msgs/ur_msgs/srv/detail/set_friction_model_parameters__functions.h
-- Up-to-date: /home/administrator/Masterproject2/20_ROS/src/Robots/install/ur_msgs/include/ur_msgs/ur_msgs/srv/detail/set_payload__type_support.h
-- Up-to-date: /home/administrator/Masterproject2/20_ROS/src/Robots/install/ur_msgs/include/ur_msgs/ur_msgs/srv/detail/set_speed_slider_fraction__struct.h
-- Up-to-date: /home/administrator/Masterproject2/20_ROS/src/Robots/install/ur_msgs/include/ur_msgs/ur_msgs/srv/detail/get_robot_software_version__type_support.c
-- Up-to-date: /home/administrator/Masterproject2/20_ROS/src/Robots/install/ur_msgs/include/ur_msgs/ur_msgs/srv/detail/set_analog_output__struct.h
-- Up-to-date: /home/administrator/Masterproject2/20_ROS/src/Robots/install/ur_msgs/include/ur_msgs/ur_msgs/srv/detail/set_gravity__type_support.h
-- Up-to-date: /home/administrator/Masterproject2/20_ROS/src/Robots/install/ur_msgs/include/ur_msgs/ur_msgs/srv/detail/set_io__functions.h
-- Up-to-date: /home/administrator/Masterproject2/20_ROS/src/Robots/install/ur_msgs/include/ur_msgs/ur_msgs/srv/detail/set_analog_output__type_support.c
-- Up-to-date: /home/administrator/Masterproject2/20_ROS/src/Robots/install/ur_msgs/include/ur_msgs/ur_msgs/srv/detail/get_robot_software_version__struct.h
-- Up-to-date: /home/administrator/Masterproject2/20_ROS/src/Robots/install/ur_msgs/include/ur_msgs/ur_msgs/srv/detail/set_force_mode__description.c
-- Up-to-date: /home/administrator/Masterproject2/20_ROS/src/Robots/install/ur_msgs/include/ur_msgs/ur_msgs/srv/detail/set_friction_model_parameters__struct.h
-- Up-to-date: /home/administrator/Masterproject2/20_ROS/src/Robots/install/ur_msgs/include/ur_msgs/ur_msgs/srv/detail/get_robot_software_version__description.c
-- Up-to-date: /home/administrator/Masterproject2/20_ROS/src/Robots/install/ur_msgs/include/ur_msgs/ur_msgs/srv/detail/set_force_mode__type_support.h
-- Up-to-date: /home/administrator/Masterproject2/20_ROS/src/Robots/install/ur_msgs/include/ur_msgs/ur_msgs/srv/detail/set_io__struct.h
-- Up-to-date: /home/administrator/Masterproject2/20_ROS/src/Robots/install/ur_msgs/include/ur_msgs/ur_msgs/srv/detail/set_force_mode__functions.h
-- Up-to-date: /home/administrator/Masterproject2/20_ROS/src/Robots/install/ur_msgs/include/ur_msgs/ur_msgs/srv/detail/set_payload__functions.c
-- Up-to-date: /home/administrator/Masterproject2/20_ROS/src/Robots/install/ur_msgs/include/ur_msgs/ur_msgs/srv/detail/set_payload__description.c
-- Up-to-date: /home/administrator/Masterproject2/20_ROS/src/Robots/install/ur_msgs/include/ur_msgs/ur_msgs/srv/detail/set_friction_model_parameters__type_support.h
-- Up-to-date: /home/administrator/Masterproject2/20_ROS/src/Robots/install/ur_msgs/include/ur_msgs/ur_msgs/srv/detail/set_friction_model_parameters__functions.c
-- Up-to-date: /home/administrator/Masterproject2/20_ROS/src/Robots/install/ur_msgs/include/ur_msgs/ur_msgs/srv/detail/set_payload__struct.h
-- Up-to-date: /home/administrator/Masterproject2/20_ROS/src/Robots/install/ur_msgs/include/ur_msgs/ur_msgs/srv/detail/set_speed_slider_fraction__functions.h
-- Up-to-date: /home/administrator/Masterproject2/20_ROS/src/Robots/install/ur_msgs/include/ur_msgs/ur_msgs/srv/detail/get_robot_software_version__functions.h
-- Up-to-date: /home/administrator/Masterproject2/20_ROS/src/Robots/install/ur_msgs/include/ur_msgs/ur_msgs/srv/detail/set_analog_output__functions.c
-- Up-to-date: /home/administrator/Masterproject2/20_ROS/src/Robots/install/ur_msgs/include/ur_msgs/ur_msgs/srv/detail/set_io__type_support.h
-- Up-to-date: /home/administrator/Masterproject2/20_ROS/src/Robots/install/ur_msgs/include/ur_msgs/ur_msgs/srv/detail/set_io__description.c
-- Up-to-date: /home/administrator/Masterproject2/20_ROS/src/Robots/install/ur_msgs/include/ur_msgs/ur_msgs/srv/detail/set_friction_model_parameters__description.c
-- Up-to-date: /home/administrator/Masterproject2/20_ROS/src/Robots/install/ur_msgs/include/ur_msgs/ur_msgs/srv/detail/set_force_mode__struct.h
-- Up-to-date: /home/administrator/Masterproject2/20_ROS/src/Robots/install/ur_msgs/include/ur_msgs/ur_msgs/srv/detail/set_speed_slider_fraction__type_support.c
-- Up-to-date: /home/administrator/Masterproject2/20_ROS/src/Robots/install/ur_msgs/include/ur_msgs/ur_msgs/srv/detail/set_speed_slider_fraction__description.c
-- Up-to-date: /home/administrator/Masterproject2/20_ROS/src/Robots/install/ur_msgs/include/ur_msgs/ur_msgs/srv/detail/set_analog_output__functions.h
-- Up-to-date: /home/administrator/Masterproject2/20_ROS/src/Robots/install/ur_msgs/include/ur_msgs/ur_msgs/srv/detail/set_payload__type_support.c
-- Up-to-date: /home/administrator/Masterproject2/20_ROS/src/Robots/install/ur_msgs/include/ur_msgs/ur_msgs/action
-- Up-to-date: /home/administrator/Masterproject2/20_ROS/src/Robots/install/ur_msgs/include/ur_msgs/ur_msgs/action/follow_joint_trajectory_until.h
-- Up-to-date: /home/administrator/Masterproject2/20_ROS/src/Robots/install/ur_msgs/include/ur_msgs/ur_msgs/action/tool_contact.h
-- Up-to-date: /home/administrator/Masterproject2/20_ROS/src/Robots/install/ur_msgs/include/ur_msgs/ur_msgs/action/send_script.h
-- Up-to-date: /home/administrator/Masterproject2/20_ROS/src/Robots/install/ur_msgs/include/ur_msgs/ur_msgs/action/detail
-- Up-to-date: /home/administrator/Masterproject2/20_ROS/src/Robots/install/ur_msgs/include/ur_msgs/ur_msgs/action/detail/follow_joint_trajectory_until__functions.c
-- Up-to-date: /home/administrator/Masterproject2/20_ROS/src/Robots/install/ur_msgs/include/ur_msgs/ur_msgs/action/detail/send_script__type_support.c
-- Up-to-date: /home/administrator/Masterproject2/20_ROS/src/Robots/install/ur_msgs/include/ur_msgs/ur_msgs/action/detail/tool_contact__type_support.h
-- Up-to-date: /home/administrator/Masterproject2/20_ROS/src/Robots/install/ur_msgs/include/ur_msgs/ur_msgs/action/detail/follow_joint_trajectory_until__type_support.c
-- Up-to-date: /home/administrator/Masterproject2/20_ROS/src/Robots/install/ur_msgs/include/ur_msgs/ur_msgs/action/detail/send_script__description.c
-- Up-to-date: /home/administrator/Masterproject2/20_ROS/src/Robots/install/ur_msgs/include/ur_msgs/ur_msgs/action/detail/follow_joint_trajectory_until__struct.h
-- Up-to-date: /home/administrator/Masterproject2/20_ROS/src/Robots/install/ur_msgs/include/ur_msgs/ur_msgs/action/detail/tool_contact__functions.h
-- Up-to-date: /home/administrator/Masterproject2/20_ROS/src/Robots/install/ur_msgs/include/ur_msgs/ur_msgs/action/detail/follow_joint_trajectory_until__description.c
-- Up-to-date: /home/administrator/Masterproject2/20_ROS/src/Robots/install/ur_msgs/include/ur_msgs/ur_msgs/action/detail/tool_contact__struct.h
-- Up-to-date: /home/administrator/Masterproject2/20_ROS/src/Robots/install/ur_msgs/include/ur_msgs/ur_msgs/action/detail/send_script__struct.h
-- Up-to-date: /home/administrator/Masterproject2/20_ROS/src/Robots/install/ur_msgs/include/ur_msgs/ur_msgs/action/detail/tool_contact__type_support.c
-- Up-to-date: /home/administrator/Masterproject2/20_ROS/src/Robots/install/ur_msgs/include/ur_msgs/ur_msgs/action/detail/tool_contact__description.c
-- Up-to-date: /home/administrator/Masterproject2/20_ROS/src/Robots/install/ur_msgs/include/ur_msgs/ur_msgs/action/detail/tool_contact__functions.c
-- Up-to-date: /home/administrator/Masterproject2/20_ROS/src/Robots/install/ur_msgs/include/ur_msgs/ur_msgs/action/detail/follow_joint_trajectory_until__type_support.h
-- Up-to-date: /home/administrator/Masterproject2/20_ROS/src/Robots/install/ur_msgs/include/ur_msgs/ur_msgs/action/detail/send_script__functions.h
-- Up-to-date: /home/administrator/Masterproject2/20_ROS/src/Robots/install/ur_msgs/include/ur_msgs/ur_msgs/action/detail/follow_joint_trajectory_until__functions.h
-- Up-to-date: /home/administrator/Masterproject2/20_ROS/src/Robots/install/ur_msgs/include/ur_msgs/ur_msgs/action/detail/send_script__type_support.h
-- Up-to-date: /home/administrator/Masterproject2/20_ROS/src/Robots/install/ur_msgs/include/ur_msgs/ur_msgs/action/detail/send_script__functions.c
-- Up-to-date: /home/administrator/Masterproject2/20_ROS/src/Robots/install/ur_msgs/share/ur_msgs/environment/library_path.sh
-- Up-to-date: /home/administrator/Masterproject2/20_ROS/src/Robots/install/ur_msgs/share/ur_msgs/environment/library_path.dsv
-- Up-to-date: /home/administrator/Masterproject2/20_ROS/src/Robots/install/ur_msgs/lib/libur_msgs__rosidl_generator_c.so
-- Up-to-date: /home/administrator/Masterproject2/20_ROS/src/Robots/install/ur_msgs/include/ur_msgs/ur_msgs
-- Up-to-date: /home/administrator/Masterproject2/20_ROS/src/Robots/install/ur_msgs/include/ur_msgs/ur_msgs/msg
-- Up-to-date: /home/administrator/Masterproject2/20_ROS/src/Robots/install/ur_msgs/include/ur_msgs/ur_msgs/msg/detail
-- Up-to-date: /home/administrator/Masterproject2/20_ROS/src/Robots/install/ur_msgs/include/ur_msgs/ur_msgs/msg/detail/friction_model_parameters__rosidl_typesupport_fastrtps_c.h
-- Up-to-date: /home/administrator/Masterproject2/20_ROS/src/Robots/install/ur_msgs/include/ur_msgs/ur_msgs/msg/detail/masterboard_data_msg__rosidl_typesupport_fastrtps_c.h
-- Up-to-date: /home/administrator/Masterproject2/20_ROS/src/Robots/install/ur_msgs/include/ur_msgs/ur_msgs/msg/detail/tool_data_msg__rosidl_typesupport_fastrtps_c.h
-- Up-to-date: /home/administrator/Masterproject2/20_ROS/src/Robots/install/ur_msgs/include/ur_msgs/ur_msgs/msg/detail/io_states__rosidl_typesupport_fastrtps_c.h
-- Up-to-date: /home/administrator/Masterproject2/20_ROS/src/Robots/install/ur_msgs/include/ur_msgs/ur_msgs/msg/detail/analog__rosidl_typesupport_fastrtps_c.h
-- Up-to-date: /home/administrator/Masterproject2/20_ROS/src/Robots/install/ur_msgs/include/ur_msgs/ur_msgs/msg/detail/robot_state_rt_msg__rosidl_typesupport_fastrtps_c.h
-- Up-to-date: /home/administrator/Masterproject2/20_ROS/src/Robots/install/ur_msgs/include/ur_msgs/ur_msgs/msg/detail/robot_mode_data_msg__rosidl_typesupport_fastrtps_c.h
-- Up-to-date: /home/administrator/Masterproject2/20_ROS/src/Robots/install/ur_msgs/include/ur_msgs/ur_msgs/msg/detail/digital__rosidl_typesupport_fastrtps_c.h
-- Up-to-date: /home/administrator/Masterproject2/20_ROS/src/Robots/install/ur_msgs/include/ur_msgs/ur_msgs/msg/rosidl_typesupport_fastrtps_c__visibility_control.h
-- Up-to-date: /home/administrator/Masterproject2/20_ROS/src/Robots/install/ur_msgs/include/ur_msgs/ur_msgs/srv
-- Up-to-date: /home/administrator/Masterproject2/20_ROS/src/Robots/install/ur_msgs/include/ur_msgs/ur_msgs/srv/detail
-- Up-to-date: /home/administrator/Masterproject2/20_ROS/src/Robots/install/ur_msgs/include/ur_msgs/ur_msgs/srv/detail/set_speed_slider_fraction__rosidl_typesupport_fastrtps_c.h
-- Up-to-date: /home/administrator/Masterproject2/20_ROS/src/Robots/install/ur_msgs/include/ur_msgs/ur_msgs/srv/detail/set_payload__rosidl_typesupport_fastrtps_c.h
-- Up-to-date: /home/administrator/Masterproject2/20_ROS/src/Robots/install/ur_msgs/include/ur_msgs/ur_msgs/srv/detail/set_io__rosidl_typesupport_fastrtps_c.h
-- Up-to-date: /home/administrator/Masterproject2/20_ROS/src/Robots/install/ur_msgs/include/ur_msgs/ur_msgs/srv/detail/set_gravity__rosidl_typesupport_fastrtps_c.h
-- Up-to-date: /home/administrator/Masterproject2/20_ROS/src/Robots/install/ur_msgs/include/ur_msgs/ur_msgs/srv/detail/set_analog_output__rosidl_typesupport_fastrtps_c.h
-- Up-to-date: /home/administrator/Masterproject2/20_ROS/src/Robots/install/ur_msgs/include/ur_msgs/ur_msgs/srv/detail/get_robot_software_version__rosidl_typesupport_fastrtps_c.h
-- Up-to-date: /home/administrator/Masterproject2/20_ROS/src/Robots/install/ur_msgs/include/ur_msgs/ur_msgs/srv/detail/set_friction_model_parameters__rosidl_typesupport_fastrtps_c.h
-- Up-to-date: /home/administrator/Masterproject2/20_ROS/src/Robots/install/ur_msgs/include/ur_msgs/ur_msgs/srv/detail/set_force_mode__rosidl_typesupport_fastrtps_c.h
-- Up-to-date: /home/administrator/Masterproject2/20_ROS/src/Robots/install/ur_msgs/include/ur_msgs/ur_msgs/action
-- Up-to-date: /home/administrator/Masterproject2/20_ROS/src/Robots/install/ur_msgs/include/ur_msgs/ur_msgs/action/detail
-- Up-to-date: /home/administrator/Masterproject2/20_ROS/src/Robots/install/ur_msgs/include/ur_msgs/ur_msgs/action/detail/follow_joint_trajectory_until__rosidl_typesupport_fastrtps_c.h
-- Up-to-date: /home/administrator/Masterproject2/20_ROS/src/Robots/install/ur_msgs/include/ur_msgs/ur_msgs/action/detail/tool_contact__rosidl_typesupport_fastrtps_c.h
-- Up-to-date: /home/administrator/Masterproject2/20_ROS/src/Robots/install/ur_msgs/include/ur_msgs/ur_msgs/action/detail/send_script__rosidl_typesupport_fastrtps_c.h
-- Up-to-date: /home/administrator/Masterproject2/20_ROS/src/Robots/install/ur_msgs/lib/libur_msgs__rosidl_typesupport_fastrtps_c.so
-- Up-to-date: /home/administrator/Masterproject2/20_ROS/src/Robots/install/ur_msgs/include/ur_msgs/ur_msgs
-- Up-to-date: /home/administrator/Masterproject2/20_ROS/src/Robots/install/ur_msgs/include/ur_msgs/ur_msgs/msg
-- Up-to-date: /home/administrator/Masterproject2/20_ROS/src/Robots/install/ur_msgs/include/ur_msgs/ur_msgs/msg/io_states.hpp
-- Up-to-date: /home/administrator/Masterproject2/20_ROS/src/Robots/install/ur_msgs/include/ur_msgs/ur_msgs/msg/robot_mode_data_msg.hpp
-- Up-to-date: /home/administrator/Masterproject2/20_ROS/src/Robots/install/ur_msgs/include/ur_msgs/ur_msgs/msg/analog.hpp
-- Up-to-date: /home/administrator/Masterproject2/20_ROS/src/Robots/install/ur_msgs/include/ur_msgs/ur_msgs/msg/tool_data_msg.hpp
-- Up-to-date: /home/administrator/Masterproject2/20_ROS/src/Robots/install/ur_msgs/include/ur_msgs/ur_msgs/msg/rosidl_generator_cpp__visibility_control.hpp
-- Up-to-date: /home/administrator/Masterproject2/20_ROS/src/Robots/install/ur_msgs/include/ur_msgs/ur_msgs/msg/friction_model_parameters.hpp
-- Up-to-date: /home/administrator/Masterproject2/20_ROS/src/Robots/install/ur_msgs/include/ur_msgs/ur_msgs/msg/masterboard_data_msg.hpp
-- Up-to-date: /home/administrator/Masterproject2/20_ROS/src/Robots/install/ur_msgs/include/ur_msgs/ur_msgs/msg/robot_state_rt_msg.hpp
-- Up-to-date: /home/administrator/Masterproject2/20_ROS/src/Robots/install/ur_msgs/include/ur_msgs/ur_msgs/msg/detail
-- Up-to-date: /home/administrator/Masterproject2/20_ROS/src/Robots/install/ur_msgs/include/ur_msgs/ur_msgs/msg/detail/digital__traits.hpp
-- Up-to-date: /home/administrator/Masterproject2/20_ROS/src/Robots/install/ur_msgs/include/ur_msgs/ur_msgs/msg/detail/analog__type_support.hpp
-- Up-to-date: /home/administrator/Masterproject2/20_ROS/src/Robots/install/ur_msgs/include/ur_msgs/ur_msgs/msg/detail/robot_state_rt_msg__struct.hpp
-- Up-to-date: /home/administrator/Masterproject2/20_ROS/src/Robots/install/ur_msgs/include/ur_msgs/ur_msgs/msg/detail/masterboard_data_msg__struct.hpp
-- Up-to-date: /home/administrator/Masterproject2/20_ROS/src/Robots/install/ur_msgs/include/ur_msgs/ur_msgs/msg/detail/robot_mode_data_msg__type_support.hpp
-- Up-to-date: /home/administrator/Masterproject2/20_ROS/src/Robots/install/ur_msgs/include/ur_msgs/ur_msgs/msg/detail/robot_mode_data_msg__traits.hpp
-- Up-to-date: /home/administrator/Masterproject2/20_ROS/src/Robots/install/ur_msgs/include/ur_msgs/ur_msgs/msg/detail/io_states__struct.hpp
-- Up-to-date: /home/administrator/Masterproject2/20_ROS/src/Robots/install/ur_msgs/include/ur_msgs/ur_msgs/msg/detail/analog__struct.hpp
-- Up-to-date: /home/administrator/Masterproject2/20_ROS/src/Robots/install/ur_msgs/include/ur_msgs/ur_msgs/msg/detail/robot_state_rt_msg__builder.hpp
-- Up-to-date: /home/administrator/Masterproject2/20_ROS/src/Robots/install/ur_msgs/include/ur_msgs/ur_msgs/msg/detail/robot_state_rt_msg__traits.hpp
-- Up-to-date: /home/administrator/Masterproject2/20_ROS/src/Robots/install/ur_msgs/include/ur_msgs/ur_msgs/msg/detail/robot_state_rt_msg__type_support.hpp
-- Up-to-date: /home/administrator/Masterproject2/20_ROS/src/Robots/install/ur_msgs/include/ur_msgs/ur_msgs/msg/detail/robot_mode_data_msg__builder.hpp
-- Up-to-date: /home/administrator/Masterproject2/20_ROS/src/Robots/install/ur_msgs/include/ur_msgs/ur_msgs/msg/detail/digital__struct.hpp
-- Up-to-date: /home/administrator/Masterproject2/20_ROS/src/Robots/install/ur_msgs/include/ur_msgs/ur_msgs/msg/detail/masterboard_data_msg__builder.hpp
-- Up-to-date: /home/administrator/Masterproject2/20_ROS/src/Robots/install/ur_msgs/include/ur_msgs/ur_msgs/msg/detail/friction_model_parameters__type_support.hpp
-- Up-to-date: /home/administrator/Masterproject2/20_ROS/src/Robots/install/ur_msgs/include/ur_msgs/ur_msgs/msg/detail/io_states__type_support.hpp
-- Up-to-date: /home/administrator/Masterproject2/20_ROS/src/Robots/install/ur_msgs/include/ur_msgs/ur_msgs/msg/detail/friction_model_parameters__traits.hpp
-- Up-to-date: /home/administrator/Masterproject2/20_ROS/src/Robots/install/ur_msgs/include/ur_msgs/ur_msgs/msg/detail/robot_mode_data_msg__struct.hpp
-- Up-to-date: /home/administrator/Masterproject2/20_ROS/src/Robots/install/ur_msgs/include/ur_msgs/ur_msgs/msg/detail/io_states__traits.hpp
-- Up-to-date: /home/administrator/Masterproject2/20_ROS/src/Robots/install/ur_msgs/include/ur_msgs/ur_msgs/msg/detail/masterboard_data_msg__type_support.hpp
-- Up-to-date: /home/administrator/Masterproject2/20_ROS/src/Robots/install/ur_msgs/include/ur_msgs/ur_msgs/msg/detail/analog__builder.hpp
-- Up-to-date: /home/administrator/Masterproject2/20_ROS/src/Robots/install/ur_msgs/include/ur_msgs/ur_msgs/msg/detail/friction_model_parameters__struct.hpp
-- Up-to-date: /home/administrator/Masterproject2/20_ROS/src/Robots/install/ur_msgs/include/ur_msgs/ur_msgs/msg/detail/friction_model_parameters__builder.hpp
-- Up-to-date: /home/administrator/Masterproject2/20_ROS/src/Robots/install/ur_msgs/include/ur_msgs/ur_msgs/msg/detail/digital__type_support.hpp
-- Up-to-date: /home/administrator/Masterproject2/20_ROS/src/Robots/install/ur_msgs/include/ur_msgs/ur_msgs/msg/detail/masterboard_data_msg__traits.hpp
-- Up-to-date: /home/administrator/Masterproject2/20_ROS/src/Robots/install/ur_msgs/include/ur_msgs/ur_msgs/msg/detail/analog__traits.hpp
-- Up-to-date: /home/administrator/Masterproject2/20_ROS/src/Robots/install/ur_msgs/include/ur_msgs/ur_msgs/msg/detail/tool_data_msg__struct.hpp
-- Up-to-date: /home/administrator/Masterproject2/20_ROS/src/Robots/install/ur_msgs/include/ur_msgs/ur_msgs/msg/detail/tool_data_msg__traits.hpp
-- Up-to-date: /home/administrator/Masterproject2/20_ROS/src/Robots/install/ur_msgs/include/ur_msgs/ur_msgs/msg/detail/digital__builder.hpp
-- Up-to-date: /home/administrator/Masterproject2/20_ROS/src/Robots/install/ur_msgs/include/ur_msgs/ur_msgs/msg/detail/tool_data_msg__type_support.hpp
-- Up-to-date: /home/administrator/Masterproject2/20_ROS/src/Robots/install/ur_msgs/include/ur_msgs/ur_msgs/msg/detail/tool_data_msg__builder.hpp
-- Up-to-date: /home/administrator/Masterproject2/20_ROS/src/Robots/install/ur_msgs/include/ur_msgs/ur_msgs/msg/detail/io_states__builder.hpp
-- Up-to-date: /home/administrator/Masterproject2/20_ROS/src/Robots/install/ur_msgs/include/ur_msgs/ur_msgs/msg/digital.hpp
-- Up-to-date: /home/administrator/Masterproject2/20_ROS/src/Robots/install/ur_msgs/include/ur_msgs/ur_msgs/srv
-- Up-to-date: /home/administrator/Masterproject2/20_ROS/src/Robots/install/ur_msgs/include/ur_msgs/ur_msgs/srv/set_friction_model_parameters.hpp
-- Up-to-date: /home/administrator/Masterproject2/20_ROS/src/Robots/install/ur_msgs/include/ur_msgs/ur_msgs/srv/set_payload.hpp
-- Up-to-date: /home/administrator/Masterproject2/20_ROS/src/Robots/install/ur_msgs/include/ur_msgs/ur_msgs/srv/set_force_mode.hpp
-- Up-to-date: /home/administrator/Masterproject2/20_ROS/src/Robots/install/ur_msgs/include/ur_msgs/ur_msgs/srv/set_io.hpp
-- Up-to-date: /home/administrator/Masterproject2/20_ROS/src/Robots/install/ur_msgs/include/ur_msgs/ur_msgs/srv/get_robot_software_version.hpp
-- Up-to-date: /home/administrator/Masterproject2/20_ROS/src/Robots/install/ur_msgs/include/ur_msgs/ur_msgs/srv/detail
-- Up-to-date: /home/administrator/Masterproject2/20_ROS/src/Robots/install/ur_msgs/include/ur_msgs/ur_msgs/srv/detail/set_analog_output__type_support.hpp
-- Up-to-date: /home/administrator/Masterproject2/20_ROS/src/Robots/install/ur_msgs/include/ur_msgs/ur_msgs/srv/detail/set_speed_slider_fraction__struct.hpp
-- Up-to-date: /home/administrator/Masterproject2/20_ROS/src/Robots/install/ur_msgs/include/ur_msgs/ur_msgs/srv/detail/get_robot_software_version__builder.hpp
-- Up-to-date: /home/administrator/Masterproject2/20_ROS/src/Robots/install/ur_msgs/include/ur_msgs/ur_msgs/srv/detail/get_robot_software_version__type_support.hpp
-- Up-to-date: /home/administrator/Masterproject2/20_ROS/src/Robots/install/ur_msgs/include/ur_msgs/ur_msgs/srv/detail/set_friction_model_parameters__traits.hpp
-- Up-to-date: /home/administrator/Masterproject2/20_ROS/src/Robots/install/ur_msgs/include/ur_msgs/ur_msgs/srv/detail/set_gravity__builder.hpp
-- Up-to-date: /home/administrator/Masterproject2/20_ROS/src/Robots/install/ur_msgs/include/ur_msgs/ur_msgs/srv/detail/set_gravity__struct.hpp
-- Up-to-date: /home/administrator/Masterproject2/20_ROS/src/Robots/install/ur_msgs/include/ur_msgs/ur_msgs/srv/detail/set_io__traits.hpp
-- Up-to-date: /home/administrator/Masterproject2/20_ROS/src/Robots/install/ur_msgs/include/ur_msgs/ur_msgs/srv/detail/set_analog_output__traits.hpp
-- Up-to-date: /home/administrator/Masterproject2/20_ROS/src/Robots/install/ur_msgs/include/ur_msgs/ur_msgs/srv/detail/set_friction_model_parameters__struct.hpp
-- Up-to-date: /home/administrator/Masterproject2/20_ROS/src/Robots/install/ur_msgs/include/ur_msgs/ur_msgs/srv/detail/set_speed_slider_fraction__traits.hpp
-- Up-to-date: /home/administrator/Masterproject2/20_ROS/src/Robots/install/ur_msgs/include/ur_msgs/ur_msgs/srv/detail/set_speed_slider_fraction__builder.hpp
-- Up-to-date: /home/administrator/Masterproject2/20_ROS/src/Robots/install/ur_msgs/include/ur_msgs/ur_msgs/srv/detail/set_gravity__traits.hpp
-- Up-to-date: /home/administrator/Masterproject2/20_ROS/src/Robots/install/ur_msgs/include/ur_msgs/ur_msgs/srv/detail/set_force_mode__struct.hpp
-- Up-to-date: /home/administrator/Masterproject2/20_ROS/src/Robots/install/ur_msgs/include/ur_msgs/ur_msgs/srv/detail/set_payload__struct.hpp
-- Up-to-date: /home/administrator/Masterproject2/20_ROS/src/Robots/install/ur_msgs/include/ur_msgs/ur_msgs/srv/detail/set_payload__traits.hpp
-- Up-to-date: /home/administrator/Masterproject2/20_ROS/src/Robots/install/ur_msgs/include/ur_msgs/ur_msgs/srv/detail/get_robot_software_version__traits.hpp
-- Up-to-date: /home/administrator/Masterproject2/20_ROS/src/Robots/install/ur_msgs/include/ur_msgs/ur_msgs/srv/detail/set_friction_model_parameters__builder.hpp
-- Up-to-date: /home/administrator/Masterproject2/20_ROS/src/Robots/install/ur_msgs/include/ur_msgs/ur_msgs/srv/detail/set_force_mode__type_support.hpp
-- Up-to-date: /home/administrator/Masterproject2/20_ROS/src/Robots/install/ur_msgs/include/ur_msgs/ur_msgs/srv/detail/set_gravity__type_support.hpp
-- Up-to-date: /home/administrator/Masterproject2/20_ROS/src/Robots/install/ur_msgs/include/ur_msgs/ur_msgs/srv/detail/set_io__type_support.hpp
-- Up-to-date: /home/administrator/Masterproject2/20_ROS/src/Robots/install/ur_msgs/include/ur_msgs/ur_msgs/srv/detail/set_speed_slider_fraction__type_support.hpp
-- Up-to-date: /home/administrator/Masterproject2/20_ROS/src/Robots/install/ur_msgs/include/ur_msgs/ur_msgs/srv/detail/set_payload__builder.hpp
-- Up-to-date: /home/administrator/Masterproject2/20_ROS/src/Robots/install/ur_msgs/include/ur_msgs/ur_msgs/srv/detail/set_force_mode__traits.hpp
-- Up-to-date: /home/administrator/Masterproject2/20_ROS/src/Robots/install/ur_msgs/include/ur_msgs/ur_msgs/srv/detail/set_force_mode__builder.hpp
-- Up-to-date: /home/administrator/Masterproject2/20_ROS/src/Robots/install/ur_msgs/include/ur_msgs/ur_msgs/srv/detail/get_robot_software_version__struct.hpp
-- Up-to-date: /home/administrator/Masterproject2/20_ROS/src/Robots/install/ur_msgs/include/ur_msgs/ur_msgs/srv/detail/set_analog_output__struct.hpp
-- Up-to-date: /home/administrator/Masterproject2/20_ROS/src/Robots/install/ur_msgs/include/ur_msgs/ur_msgs/srv/detail/set_analog_output__builder.hpp
-- Up-to-date: /home/administrator/Masterproject2/20_ROS/src/Robots/install/ur_msgs/include/ur_msgs/ur_msgs/srv/detail/set_friction_model_parameters__type_support.hpp
-- Up-to-date: /home/administrator/Masterproject2/20_ROS/src/Robots/install/ur_msgs/include/ur_msgs/ur_msgs/srv/detail/set_io__struct.hpp
-- Up-to-date: /home/administrator/Masterproject2/20_ROS/src/Robots/install/ur_msgs/include/ur_msgs/ur_msgs/srv/detail/set_io__builder.hpp
-- Up-to-date: /home/administrator/Masterproject2/20_ROS/src/Robots/install/ur_msgs/include/ur_msgs/ur_msgs/srv/detail/set_payload__type_support.hpp
-- Up-to-date: /home/administrator/Masterproject2/20_ROS/src/Robots/install/ur_msgs/include/ur_msgs/ur_msgs/srv/set_speed_slider_fraction.hpp
-- Up-to-date: /home/administrator/Masterproject2/20_ROS/src/Robots/install/ur_msgs/include/ur_msgs/ur_msgs/srv/set_analog_output.hpp
-- Up-to-date: /home/administrator/Masterproject2/20_ROS/src/Robots/install/ur_msgs/include/ur_msgs/ur_msgs/srv/set_gravity.hpp
-- Up-to-date: /home/administrator/Masterproject2/20_ROS/src/Robots/install/ur_msgs/include/ur_msgs/ur_msgs/action
-- Up-to-date: /home/administrator/Masterproject2/20_ROS/src/Robots/install/ur_msgs/include/ur_msgs/ur_msgs/action/tool_contact.hpp
-- Up-to-date: /home/administrator/Masterproject2/20_ROS/src/Robots/install/ur_msgs/include/ur_msgs/ur_msgs/action/send_script.hpp
-- Up-to-date: /home/administrator/Masterproject2/20_ROS/src/Robots/install/ur_msgs/include/ur_msgs/ur_msgs/action/detail
-- Up-to-date: /home/administrator/Masterproject2/20_ROS/src/Robots/install/ur_msgs/include/ur_msgs/ur_msgs/action/detail/tool_contact__struct.hpp
-- Up-to-date: /home/administrator/Masterproject2/20_ROS/src/Robots/install/ur_msgs/include/ur_msgs/ur_msgs/action/detail/tool_contact__type_support.hpp
-- Up-to-date: /home/administrator/Masterproject2/20_ROS/src/Robots/install/ur_msgs/include/ur_msgs/ur_msgs/action/detail/follow_joint_trajectory_until__type_support.hpp
-- Up-to-date: /home/administrator/Masterproject2/20_ROS/src/Robots/install/ur_msgs/include/ur_msgs/ur_msgs/action/detail/send_script__builder.hpp
-- Up-to-date: /home/administrator/Masterproject2/20_ROS/src/Robots/install/ur_msgs/include/ur_msgs/ur_msgs/action/detail/send_script__struct.hpp
-- Up-to-date: /home/administrator/Masterproject2/20_ROS/src/Robots/install/ur_msgs/include/ur_msgs/ur_msgs/action/detail/follow_joint_trajectory_until__traits.hpp
-- Up-to-date: /home/administrator/Masterproject2/20_ROS/src/Robots/install/ur_msgs/include/ur_msgs/ur_msgs/action/detail/tool_contact__traits.hpp
-- Up-to-date: /home/administrator/Masterproject2/20_ROS/src/Robots/install/ur_msgs/include/ur_msgs/ur_msgs/action/detail/send_script__traits.hpp
-- Up-to-date: /home/administrator/Masterproject2/20_ROS/src/Robots/install/ur_msgs/include/ur_msgs/ur_msgs/action/detail/follow_joint_trajectory_until__builder.hpp
-- Up-to-date: /home/administrator/Masterproject2/20_ROS/src/Robots/install/ur_msgs/include/ur_msgs/ur_msgs/action/detail/tool_contact__builder.hpp
-- Up-to-date: /home/administrator/Masterproject2/20_ROS/src/Robots/install/ur_msgs/include/ur_msgs/ur_msgs/action/detail/follow_joint_trajectory_until__struct.hpp
-- Up-to-date: /home/administrator/Masterproject2/20_ROS/src/Robots/install/ur_msgs/include/ur_msgs/ur_msgs/action/detail/send_script__type_support.hpp
-- Up-to-date: /home/administrator/Masterproject2/20_ROS/src/Robots/install/ur_msgs/include/ur_msgs/ur_msgs/action/follow_joint_trajectory_until.hpp
-- Up-to-date: /home/administrator/Masterproject2/20_ROS/src/Robots/install/ur_msgs/include/ur_msgs/ur_msgs
-- Up-to-date: /home/administrator/Masterproject2/20_ROS/src/Robots/install/ur_msgs/include/ur_msgs/ur_msgs/msg
-- Up-to-date: /home/administrator/Masterproject2/20_ROS/src/Robots/install/ur_msgs/include/ur_msgs/ur_msgs/msg/rosidl_typesupport_fastrtps_cpp__visibility_control.h
-- Up-to-date: /home/administrator/Masterproject2/20_ROS/src/Robots/install/ur_msgs/include/ur_msgs/ur_msgs/msg/detail
-- Up-to-date: /home/administrator/Masterproject2/20_ROS/src/Robots/install/ur_msgs/include/ur_msgs/ur_msgs/msg/detail/robot_mode_data_msg__rosidl_typesupport_fastrtps_cpp.hpp
-- Up-to-date: /home/administrator/Masterproject2/20_ROS/src/Robots/install/ur_msgs/include/ur_msgs/ur_msgs/msg/detail/tool_data_msg__rosidl_typesupport_fastrtps_cpp.hpp
-- Up-to-date: /home/administrator/Masterproject2/20_ROS/src/Robots/install/ur_msgs/include/ur_msgs/ur_msgs/msg/detail/masterboard_data_msg__rosidl_typesupport_fastrtps_cpp.hpp
-- Up-to-date: /home/administrator/Masterproject2/20_ROS/src/Robots/install/ur_msgs/include/ur_msgs/ur_msgs/msg/detail/friction_model_parameters__rosidl_typesupport_fastrtps_cpp.hpp
-- Up-to-date: /home/administrator/Masterproject2/20_ROS/src/Robots/install/ur_msgs/include/ur_msgs/ur_msgs/msg/detail/analog__rosidl_typesupport_fastrtps_cpp.hpp
-- Up-to-date: /home/administrator/Masterproject2/20_ROS/src/Robots/install/ur_msgs/include/ur_msgs/ur_msgs/msg/detail/digital__rosidl_typesupport_fastrtps_cpp.hpp
-- Up-to-date: /home/administrator/Masterproject2/20_ROS/src/Robots/install/ur_msgs/include/ur_msgs/ur_msgs/msg/detail/robot_state_rt_msg__rosidl_typesupport_fastrtps_cpp.hpp
-- Up-to-date: /home/administrator/Masterproject2/20_ROS/src/Robots/install/ur_msgs/include/ur_msgs/ur_msgs/msg/detail/dds_fastrtps
-- Up-to-date: /home/administrator/Masterproject2/20_ROS/src/Robots/install/ur_msgs/include/ur_msgs/ur_msgs/msg/detail/io_states__rosidl_typesupport_fastrtps_cpp.hpp
-- Up-to-date: /home/administrator/Masterproject2/20_ROS/src/Robots/install/ur_msgs/include/ur_msgs/ur_msgs/srv
-- Up-to-date: /home/administrator/Masterproject2/20_ROS/src/Robots/install/ur_msgs/include/ur_msgs/ur_msgs/srv/detail
-- Up-to-date: /home/administrator/Masterproject2/20_ROS/src/Robots/install/ur_msgs/include/ur_msgs/ur_msgs/srv/detail/set_payload__rosidl_typesupport_fastrtps_cpp.hpp
-- Up-to-date: /home/administrator/Masterproject2/20_ROS/src/Robots/install/ur_msgs/include/ur_msgs/ur_msgs/srv/detail/set_speed_slider_fraction__rosidl_typesupport_fastrtps_cpp.hpp
-- Up-to-date: /home/administrator/Masterproject2/20_ROS/src/Robots/install/ur_msgs/include/ur_msgs/ur_msgs/srv/detail/set_force_mode__rosidl_typesupport_fastrtps_cpp.hpp
-- Up-to-date: /home/administrator/Masterproject2/20_ROS/src/Robots/install/ur_msgs/include/ur_msgs/ur_msgs/srv/detail/set_friction_model_parameters__rosidl_typesupport_fastrtps_cpp.hpp
-- Up-to-date: /home/administrator/Masterproject2/20_ROS/src/Robots/install/ur_msgs/include/ur_msgs/ur_msgs/srv/detail/get_robot_software_version__rosidl_typesupport_fastrtps_cpp.hpp
-- Up-to-date: /home/administrator/Masterproject2/20_ROS/src/Robots/install/ur_msgs/include/ur_msgs/ur_msgs/srv/detail/set_gravity__rosidl_typesupport_fastrtps_cpp.hpp
-- Up-to-date: /home/administrator/Masterproject2/20_ROS/src/Robots/install/ur_msgs/include/ur_msgs/ur_msgs/srv/detail/set_analog_output__rosidl_typesupport_fastrtps_cpp.hpp
-- Up-to-date: /home/administrator/Masterproject2/20_ROS/src/Robots/install/ur_msgs/include/ur_msgs/ur_msgs/srv/detail/set_io__rosidl_typesupport_fastrtps_cpp.hpp
-- Up-to-date: /home/administrator/Masterproject2/20_ROS/src/Robots/install/ur_msgs/include/ur_msgs/ur_msgs/srv/detail/dds_fastrtps
-- Up-to-date: /home/administrator/Masterproject2/20_ROS/src/Robots/install/ur_msgs/include/ur_msgs/ur_msgs/action
-- Up-to-date: /home/administrator/Masterproject2/20_ROS/src/Robots/install/ur_msgs/include/ur_msgs/ur_msgs/action/detail
-- Up-to-date: /home/administrator/Masterproject2/20_ROS/src/Robots/install/ur_msgs/include/ur_msgs/ur_msgs/action/detail/tool_contact__rosidl_typesupport_fastrtps_cpp.hpp
-- Up-to-date: /home/administrator/Masterproject2/20_ROS/src/Robots/install/ur_msgs/include/ur_msgs/ur_msgs/action/detail/send_script__rosidl_typesupport_fastrtps_cpp.hpp
-- Up-to-date: /home/administrator/Masterproject2/20_ROS/src/Robots/install/ur_msgs/include/ur_msgs/ur_msgs/action/detail/follow_joint_trajectory_until__rosidl_typesupport_fastrtps_cpp.hpp
-- Up-to-date: /home/administrator/Masterproject2/20_ROS/src/Robots/install/ur_msgs/include/ur_msgs/ur_msgs/action/detail/dds_fastrtps
-- Up-to-date: /home/administrator/Masterproject2/20_ROS/src/Robots/install/ur_msgs/lib/libur_msgs__rosidl_typesupport_fastrtps_cpp.so
-- Up-to-date: /home/administrator/Masterproject2/20_ROS/src/Robots/install/ur_msgs/include/ur_msgs/ur_msgs
-- Up-to-date: /home/administrator/Masterproject2/20_ROS/src/Robots/install/ur_msgs/include/ur_msgs/ur_msgs/msg
-- Up-to-date: /home/administrator/Masterproject2/20_ROS/src/Robots/install/ur_msgs/include/ur_msgs/ur_msgs/msg/rosidl_typesupport_introspection_c__visibility_control.h
-- Up-to-date: /home/administrator/Masterproject2/20_ROS/src/Robots/install/ur_msgs/include/ur_msgs/ur_msgs/msg/detail
-- Up-to-date: /home/administrator/Masterproject2/20_ROS/src/Robots/install/ur_msgs/include/ur_msgs/ur_msgs/msg/detail/robot_state_rt_msg__rosidl_typesupport_introspection_c.h
-- Up-to-date: /home/administrator/Masterproject2/20_ROS/src/Robots/install/ur_msgs/include/ur_msgs/ur_msgs/msg/detail/io_states__rosidl_typesupport_introspection_c.h
-- Up-to-date: /home/administrator/Masterproject2/20_ROS/src/Robots/install/ur_msgs/include/ur_msgs/ur_msgs/msg/detail/robot_mode_data_msg__type_support.c
-- Up-to-date: /home/administrator/Masterproject2/20_ROS/src/Robots/install/ur_msgs/include/ur_msgs/ur_msgs/msg/detail/friction_model_parameters__rosidl_typesupport_introspection_c.h
-- Up-to-date: /home/administrator/Masterproject2/20_ROS/src/Robots/install/ur_msgs/include/ur_msgs/ur_msgs/msg/detail/tool_data_msg__rosidl_typesupport_introspection_c.h
-- Up-to-date: /home/administrator/Masterproject2/20_ROS/src/Robots/install/ur_msgs/include/ur_msgs/ur_msgs/msg/detail/digital__type_support.c
-- Up-to-date: /home/administrator/Masterproject2/20_ROS/src/Robots/install/ur_msgs/include/ur_msgs/ur_msgs/msg/detail/io_states__type_support.c
-- Up-to-date: /home/administrator/Masterproject2/20_ROS/src/Robots/install/ur_msgs/include/ur_msgs/ur_msgs/msg/detail/analog__rosidl_typesupport_introspection_c.h
-- Up-to-date: /home/administrator/Masterproject2/20_ROS/src/Robots/install/ur_msgs/include/ur_msgs/ur_msgs/msg/detail/robot_mode_data_msg__rosidl_typesupport_introspection_c.h
-- Up-to-date: /home/administrator/Masterproject2/20_ROS/src/Robots/install/ur_msgs/include/ur_msgs/ur_msgs/msg/detail/friction_model_parameters__type_support.c
-- Up-to-date: /home/administrator/Masterproject2/20_ROS/src/Robots/install/ur_msgs/include/ur_msgs/ur_msgs/msg/detail/robot_state_rt_msg__type_support.c
-- Up-to-date: /home/administrator/Masterproject2/20_ROS/src/Robots/install/ur_msgs/include/ur_msgs/ur_msgs/msg/detail/digital__rosidl_typesupport_introspection_c.h
-- Up-to-date: /home/administrator/Masterproject2/20_ROS/src/Robots/install/ur_msgs/include/ur_msgs/ur_msgs/msg/detail/masterboard_data_msg__type_support.c
-- Up-to-date: /home/administrator/Masterproject2/20_ROS/src/Robots/install/ur_msgs/include/ur_msgs/ur_msgs/msg/detail/analog__type_support.c
-- Up-to-date: /home/administrator/Masterproject2/20_ROS/src/Robots/install/ur_msgs/include/ur_msgs/ur_msgs/msg/detail/tool_data_msg__type_support.c
-- Up-to-date: /home/administrator/Masterproject2/20_ROS/src/Robots/install/ur_msgs/include/ur_msgs/ur_msgs/msg/detail/masterboard_data_msg__rosidl_typesupport_introspection_c.h
-- Up-to-date: /home/administrator/Masterproject2/20_ROS/src/Robots/install/ur_msgs/include/ur_msgs/ur_msgs/srv
-- Up-to-date: /home/administrator/Masterproject2/20_ROS/src/Robots/install/ur_msgs/include/ur_msgs/ur_msgs/srv/detail
-- Up-to-date: /home/administrator/Masterproject2/20_ROS/src/Robots/install/ur_msgs/include/ur_msgs/ur_msgs/srv/detail/set_io__type_support.c
-- Up-to-date: /home/administrator/Masterproject2/20_ROS/src/Robots/install/ur_msgs/include/ur_msgs/ur_msgs/srv/detail/set_analog_output__rosidl_typesupport_introspection_c.h
-- Up-to-date: /home/administrator/Masterproject2/20_ROS/src/Robots/install/ur_msgs/include/ur_msgs/ur_msgs/srv/detail/set_friction_model_parameters__type_support.c
-- Up-to-date: /home/administrator/Masterproject2/20_ROS/src/Robots/install/ur_msgs/include/ur_msgs/ur_msgs/srv/detail/set_io__rosidl_typesupport_introspection_c.h
-- Up-to-date: /home/administrator/Masterproject2/20_ROS/src/Robots/install/ur_msgs/include/ur_msgs/ur_msgs/srv/detail/set_gravity__type_support.c
-- Up-to-date: /home/administrator/Masterproject2/20_ROS/src/Robots/install/ur_msgs/include/ur_msgs/ur_msgs/srv/detail/set_payload__rosidl_typesupport_introspection_c.h
-- Up-to-date: /home/administrator/Masterproject2/20_ROS/src/Robots/install/ur_msgs/include/ur_msgs/ur_msgs/srv/detail/set_force_mode__type_support.c
-- Up-to-date: /home/administrator/Masterproject2/20_ROS/src/Robots/install/ur_msgs/include/ur_msgs/ur_msgs/srv/detail/set_speed_slider_fraction__rosidl_typesupport_introspection_c.h
-- Up-to-date: /home/administrator/Masterproject2/20_ROS/src/Robots/install/ur_msgs/include/ur_msgs/ur_msgs/srv/detail/get_robot_software_version__type_support.c
-- Up-to-date: /home/administrator/Masterproject2/20_ROS/src/Robots/install/ur_msgs/include/ur_msgs/ur_msgs/srv/detail/set_analog_output__type_support.c
-- Up-to-date: /home/administrator/Masterproject2/20_ROS/src/Robots/install/ur_msgs/include/ur_msgs/ur_msgs/srv/detail/get_robot_software_version__rosidl_typesupport_introspection_c.h
-- Up-to-date: /home/administrator/Masterproject2/20_ROS/src/Robots/install/ur_msgs/include/ur_msgs/ur_msgs/srv/detail/set_force_mode__rosidl_typesupport_introspection_c.h
-- Up-to-date: /home/administrator/Masterproject2/20_ROS/src/Robots/install/ur_msgs/include/ur_msgs/ur_msgs/srv/detail/set_speed_slider_fraction__type_support.c
-- Up-to-date: /home/administrator/Masterproject2/20_ROS/src/Robots/install/ur_msgs/include/ur_msgs/ur_msgs/srv/detail/set_friction_model_parameters__rosidl_typesupport_introspection_c.h
-- Up-to-date: /home/administrator/Masterproject2/20_ROS/src/Robots/install/ur_msgs/include/ur_msgs/ur_msgs/srv/detail/set_payload__type_support.c
-- Up-to-date: /home/administrator/Masterproject2/20_ROS/src/Robots/install/ur_msgs/include/ur_msgs/ur_msgs/srv/detail/set_gravity__rosidl_typesupport_introspection_c.h
-- Up-to-date: /home/administrator/Masterproject2/20_ROS/src/Robots/install/ur_msgs/include/ur_msgs/ur_msgs/action
-- Up-to-date: /home/administrator/Masterproject2/20_ROS/src/Robots/install/ur_msgs/include/ur_msgs/ur_msgs/action/detail
-- Up-to-date: /home/administrator/Masterproject2/20_ROS/src/Robots/install/ur_msgs/include/ur_msgs/ur_msgs/action/detail/follow_joint_trajectory_until__rosidl_typesupport_introspection_c.h
-- Up-to-date: /home/administrator/Masterproject2/20_ROS/src/Robots/install/ur_msgs/include/ur_msgs/ur_msgs/action/detail/send_script__type_support.c
-- Up-to-date: /home/administrator/Masterproject2/20_ROS/src/Robots/install/ur_msgs/include/ur_msgs/ur_msgs/action/detail/follow_joint_trajectory_until__type_support.c
-- Up-to-date: /home/administrator/Masterproject2/20_ROS/src/Robots/install/ur_msgs/include/ur_msgs/ur_msgs/action/detail/send_script__rosidl_typesupport_introspection_c.h
-- Up-to-date: /home/administrator/Masterproject2/20_ROS/src/Robots/install/ur_msgs/include/ur_msgs/ur_msgs/action/detail/tool_contact__type_support.c
-- Up-to-date: /home/administrator/Masterproject2/20_ROS/src/Robots/install/ur_msgs/include/ur_msgs/ur_msgs/action/detail/tool_contact__rosidl_typesupport_introspection_c.h
-- Up-to-date: /home/administrator/Masterproject2/20_ROS/src/Robots/install/ur_msgs/lib/libur_msgs__rosidl_typesupport_introspection_c.so
-- Up-to-date: /home/administrator/Masterproject2/20_ROS/src/Robots/install/ur_msgs/lib/libur_msgs__rosidl_typesupport_c.so
-- Up-to-date: /home/administrator/Masterproject2/20_ROS/src/Robots/install/ur_msgs/include/ur_msgs/ur_msgs
-- Up-to-date: /home/administrator/Masterproject2/20_ROS/src/Robots/install/ur_msgs/include/ur_msgs/ur_msgs/msg
-- Up-to-date: /home/administrator/Masterproject2/20_ROS/src/Robots/install/ur_msgs/include/ur_msgs/ur_msgs/msg/detail
-- Up-to-date: /home/administrator/Masterproject2/20_ROS/src/Robots/install/ur_msgs/include/ur_msgs/ur_msgs/msg/detail/friction_model_parameters__rosidl_typesupport_introspection_cpp.hpp
-- Up-to-date: /home/administrator/Masterproject2/20_ROS/src/Robots/install/ur_msgs/include/ur_msgs/ur_msgs/msg/detail/io_states__type_support.cpp
-- Up-to-date: /home/administrator/Masterproject2/20_ROS/src/Robots/install/ur_msgs/include/ur_msgs/ur_msgs/msg/detail/robot_mode_data_msg__type_support.cpp
-- Up-to-date: /home/administrator/Masterproject2/20_ROS/src/Robots/install/ur_msgs/include/ur_msgs/ur_msgs/msg/detail/digital__type_support.cpp
-- Up-to-date: /home/administrator/Masterproject2/20_ROS/src/Robots/install/ur_msgs/include/ur_msgs/ur_msgs/msg/detail/robot_mode_data_msg__rosidl_typesupport_introspection_cpp.hpp
-- Up-to-date: /home/administrator/Masterproject2/20_ROS/src/Robots/install/ur_msgs/include/ur_msgs/ur_msgs/msg/detail/analog__type_support.cpp
-- Up-to-date: /home/administrator/Masterproject2/20_ROS/src/Robots/install/ur_msgs/include/ur_msgs/ur_msgs/msg/detail/friction_model_parameters__type_support.cpp
-- Up-to-date: /home/administrator/Masterproject2/20_ROS/src/Robots/install/ur_msgs/include/ur_msgs/ur_msgs/msg/detail/robot_state_rt_msg__type_support.cpp
-- Up-to-date: /home/administrator/Masterproject2/20_ROS/src/Robots/install/ur_msgs/include/ur_msgs/ur_msgs/msg/detail/digital__rosidl_typesupport_introspection_cpp.hpp
-- Up-to-date: /home/administrator/Masterproject2/20_ROS/src/Robots/install/ur_msgs/include/ur_msgs/ur_msgs/msg/detail/tool_data_msg__rosidl_typesupport_introspection_cpp.hpp
-- Up-to-date: /home/administrator/Masterproject2/20_ROS/src/Robots/install/ur_msgs/include/ur_msgs/ur_msgs/msg/detail/tool_data_msg__type_support.cpp
-- Up-to-date: /home/administrator/Masterproject2/20_ROS/src/Robots/install/ur_msgs/include/ur_msgs/ur_msgs/msg/detail/robot_state_rt_msg__rosidl_typesupport_introspection_cpp.hpp
-- Up-to-date: /home/administrator/Masterproject2/20_ROS/src/Robots/install/ur_msgs/include/ur_msgs/ur_msgs/msg/detail/io_states__rosidl_typesupport_introspection_cpp.hpp
-- Up-to-date: /home/administrator/Masterproject2/20_ROS/src/Robots/install/ur_msgs/include/ur_msgs/ur_msgs/msg/detail/masterboard_data_msg__type_support.cpp
-- Up-to-date: /home/administrator/Masterproject2/20_ROS/src/Robots/install/ur_msgs/include/ur_msgs/ur_msgs/msg/detail/masterboard_data_msg__rosidl_typesupport_introspection_cpp.hpp
-- Up-to-date: /home/administrator/Masterproject2/20_ROS/src/Robots/install/ur_msgs/include/ur_msgs/ur_msgs/msg/detail/analog__rosidl_typesupport_introspection_cpp.hpp
-- Up-to-date: /home/administrator/Masterproject2/20_ROS/src/Robots/install/ur_msgs/include/ur_msgs/ur_msgs/srv
-- Up-to-date: /home/administrator/Masterproject2/20_ROS/src/Robots/install/ur_msgs/include/ur_msgs/ur_msgs/srv/detail
-- Up-to-date: /home/administrator/Masterproject2/20_ROS/src/Robots/install/ur_msgs/include/ur_msgs/ur_msgs/srv/detail/set_analog_output__rosidl_typesupport_introspection_cpp.hpp
-- Up-to-date: /home/administrator/Masterproject2/20_ROS/src/Robots/install/ur_msgs/include/ur_msgs/ur_msgs/srv/detail/set_force_mode__rosidl_typesupport_introspection_cpp.hpp
-- Up-to-date: /home/administrator/Masterproject2/20_ROS/src/Robots/install/ur_msgs/include/ur_msgs/ur_msgs/srv/detail/set_gravity__type_support.cpp
-- Up-to-date: /home/administrator/Masterproject2/20_ROS/src/Robots/install/ur_msgs/include/ur_msgs/ur_msgs/srv/detail/get_robot_software_version__rosidl_typesupport_introspection_cpp.hpp
-- Up-to-date: /home/administrator/Masterproject2/20_ROS/src/Robots/install/ur_msgs/include/ur_msgs/ur_msgs/srv/detail/set_friction_model_parameters__rosidl_typesupport_introspection_cpp.hpp
-- Up-to-date: /home/administrator/Masterproject2/20_ROS/src/Robots/install/ur_msgs/include/ur_msgs/ur_msgs/srv/detail/set_payload__rosidl_typesupport_introspection_cpp.hpp
-- Up-to-date: /home/administrator/Masterproject2/20_ROS/src/Robots/install/ur_msgs/include/ur_msgs/ur_msgs/srv/detail/set_speed_slider_fraction__type_support.cpp
-- Up-to-date: /home/administrator/Masterproject2/20_ROS/src/Robots/install/ur_msgs/include/ur_msgs/ur_msgs/srv/detail/set_speed_slider_fraction__rosidl_typesupport_introspection_cpp.hpp
-- Up-to-date: /home/administrator/Masterproject2/20_ROS/src/Robots/install/ur_msgs/include/ur_msgs/ur_msgs/srv/detail/get_robot_software_version__type_support.cpp
-- Up-to-date: /home/administrator/Masterproject2/20_ROS/src/Robots/install/ur_msgs/include/ur_msgs/ur_msgs/srv/detail/set_gravity__rosidl_typesupport_introspection_cpp.hpp
-- Up-to-date: /home/administrator/Masterproject2/20_ROS/src/Robots/install/ur_msgs/include/ur_msgs/ur_msgs/srv/detail/set_force_mode__type_support.cpp
-- Up-to-date: /home/administrator/Masterproject2/20_ROS/src/Robots/install/ur_msgs/include/ur_msgs/ur_msgs/srv/detail/set_io__rosidl_typesupport_introspection_cpp.hpp
-- Up-to-date: /home/administrator/Masterproject2/20_ROS/src/Robots/install/ur_msgs/include/ur_msgs/ur_msgs/srv/detail/set_friction_model_parameters__type_support.cpp
-- Up-to-date: /home/administrator/Masterproject2/20_ROS/src/Robots/install/ur_msgs/include/ur_msgs/ur_msgs/srv/detail/set_io__type_support.cpp
-- Up-to-date: /home/administrator/Masterproject2/20_ROS/src/Robots/install/ur_msgs/include/ur_msgs/ur_msgs/srv/detail/set_payload__type_support.cpp
-- Up-to-date: /home/administrator/Masterproject2/20_ROS/src/Robots/install/ur_msgs/include/ur_msgs/ur_msgs/srv/detail/set_analog_output__type_support.cpp
-- Up-to-date: /home/administrator/Masterproject2/20_ROS/src/Robots/install/ur_msgs/include/ur_msgs/ur_msgs/action
-- Up-to-date: /home/administrator/Masterproject2/20_ROS/src/Robots/install/ur_msgs/include/ur_msgs/ur_msgs/action/detail
-- Up-to-date: /home/administrator/Masterproject2/20_ROS/src/Robots/install/ur_msgs/include/ur_msgs/ur_msgs/action/detail/send_script__type_support.cpp
-- Up-to-date: /home/administrator/Masterproject2/20_ROS/src/Robots/install/ur_msgs/include/ur_msgs/ur_msgs/action/detail/send_script__rosidl_typesupport_introspection_cpp.hpp
-- Up-to-date: /home/administrator/Masterproject2/20_ROS/src/Robots/install/ur_msgs/include/ur_msgs/ur_msgs/action/detail/follow_joint_trajectory_until__type_support.cpp
-- Up-to-date: /home/administrator/Masterproject2/20_ROS/src/Robots/install/ur_msgs/include/ur_msgs/ur_msgs/action/detail/tool_contact__rosidl_typesupport_introspection_cpp.hpp
-- Up-to-date: /home/administrator/Masterproject2/20_ROS/src/Robots/install/ur_msgs/include/ur_msgs/ur_msgs/action/detail/follow_joint_trajectory_until__rosidl_typesupport_introspection_cpp.hpp
-- Up-to-date: /home/administrator/Masterproject2/20_ROS/src/Robots/install/ur_msgs/include/ur_msgs/ur_msgs/action/detail/tool_contact__type_support.cpp
-- Up-to-date: /home/administrator/Masterproject2/20_ROS/src/Robots/install/ur_msgs/lib/libur_msgs__rosidl_typesupport_introspection_cpp.so
-- Up-to-date: /home/administrator/Masterproject2/20_ROS/src/Robots/install/ur_msgs/lib/libur_msgs__rosidl_typesupport_cpp.so
-- Up-to-date: /home/administrator/Masterproject2/20_ROS/src/Robots/install/ur_msgs/share/ur_msgs/environment/pythonpath.sh
-- Up-to-date: /home/administrator/Masterproject2/20_ROS/src/Robots/install/ur_msgs/share/ur_msgs/environment/pythonpath.dsv
-- Up-to-date: /home/administrator/Masterproject2/20_ROS/src/Robots/install/ur_msgs/lib/python3.12/site-packages/ur_msgs-2.6.0-py3.12.egg-info
-- Installing: /home/administrator/Masterproject2/20_ROS/src/Robots/install/ur_msgs/lib/python3.12/site-packages/ur_msgs-2.6.0-py3.12.egg-info/dependency_links.txt
-- Installing: /home/administrator/Masterproject2/20_ROS/src/Robots/install/ur_msgs/lib/python3.12/site-packages/ur_msgs-2.6.0-py3.12.egg-info/top_level.txt
-- Installing: /home/administrator/Masterproject2/20_ROS/src/Robots/install/ur_msgs/lib/python3.12/site-packages/ur_msgs-2.6.0-py3.12.egg-info/SOURCES.txt
-- Installing: /home/administrator/Masterproject2/20_ROS/src/Robots/install/ur_msgs/lib/python3.12/site-packages/ur_msgs-2.6.0-py3.12.egg-info/PKG-INFO
-- Up-to-date: /home/administrator/Masterproject2/20_ROS/src/Robots/install/ur_msgs/lib/python3.12/site-packages/ur_msgs
-- Up-to-date: /home/administrator/Masterproject2/20_ROS/src/Robots/install/ur_msgs/lib/python3.12/site-packages/ur_msgs/_ur_msgs_s.ep.rosidl_typesupport_introspection_c.c
-- Installing: /home/administrator/Masterproject2/20_ROS/src/Robots/install/ur_msgs/lib/python3.12/site-packages/ur_msgs/__init__.py
-- Up-to-date: /home/administrator/Masterproject2/20_ROS/src/Robots/install/ur_msgs/lib/python3.12/site-packages/ur_msgs/ur_msgs_s__rosidl_typesupport_c.so
-- Up-to-date: /home/administrator/Masterproject2/20_ROS/src/Robots/install/ur_msgs/lib/python3.12/site-packages/ur_msgs/ur_msgs_s__rosidl_typesupport_fastrtps_c.so
-- Up-to-date: /home/administrator/Masterproject2/20_ROS/src/Robots/install/ur_msgs/lib/python3.12/site-packages/ur_msgs/msg
-- Up-to-date: /home/administrator/Masterproject2/20_ROS/src/Robots/install/ur_msgs/lib/python3.12/site-packages/ur_msgs/msg/_digital_s.c
-- Up-to-date: /home/administrator/Masterproject2/20_ROS/src/Robots/install/ur_msgs/lib/python3.12/site-packages/ur_msgs/msg/_io_states_s.c
-- Up-to-date: /home/administrator/Masterproject2/20_ROS/src/Robots/install/ur_msgs/lib/python3.12/site-packages/ur_msgs/msg/_tool_data_msg.py
-- Up-to-date: /home/administrator/Masterproject2/20_ROS/src/Robots/install/ur_msgs/lib/python3.12/site-packages/ur_msgs/msg/__init__.py
-- Up-to-date: /home/administrator/Masterproject2/20_ROS/src/Robots/install/ur_msgs/lib/python3.12/site-packages/ur_msgs/msg/_robot_state_rt_msg.py
-- Up-to-date: /home/administrator/Masterproject2/20_ROS/src/Robots/install/ur_msgs/lib/python3.12/site-packages/ur_msgs/msg/_tool_data_msg_s.c
-- Up-to-date: /home/administrator/Masterproject2/20_ROS/src/Robots/install/ur_msgs/lib/python3.12/site-packages/ur_msgs/msg/_robot_mode_data_msg_s.c
-- Up-to-date: /home/administrator/Masterproject2/20_ROS/src/Robots/install/ur_msgs/lib/python3.12/site-packages/ur_msgs/msg/_robot_state_rt_msg_s.c
-- Up-to-date: /home/administrator/Masterproject2/20_ROS/src/Robots/install/ur_msgs/lib/python3.12/site-packages/ur_msgs/msg/_masterboard_data_msg_s.c
-- Up-to-date: /home/administrator/Masterproject2/20_ROS/src/Robots/install/ur_msgs/lib/python3.12/site-packages/ur_msgs/msg/_friction_model_parameters.py
-- Up-to-date: /home/administrator/Masterproject2/20_ROS/src/Robots/install/ur_msgs/lib/python3.12/site-packages/ur_msgs/msg/_analog.py
-- Up-to-date: /home/administrator/Masterproject2/20_ROS/src/Robots/install/ur_msgs/lib/python3.12/site-packages/ur_msgs/msg/_digital.py
-- Up-to-date: /home/administrator/Masterproject2/20_ROS/src/Robots/install/ur_msgs/lib/python3.12/site-packages/ur_msgs/msg/_friction_model_parameters_s.c
-- Up-to-date: /home/administrator/Masterproject2/20_ROS/src/Robots/install/ur_msgs/lib/python3.12/site-packages/ur_msgs/msg/_masterboard_data_msg.py
-- Up-to-date: /home/administrator/Masterproject2/20_ROS/src/Robots/install/ur_msgs/lib/python3.12/site-packages/ur_msgs/msg/_analog_s.c
-- Up-to-date: /home/administrator/Masterproject2/20_ROS/src/Robots/install/ur_msgs/lib/python3.12/site-packages/ur_msgs/msg/_io_states.py
-- Up-to-date: /home/administrator/Masterproject2/20_ROS/src/Robots/install/ur_msgs/lib/python3.12/site-packages/ur_msgs/msg/_robot_mode_data_msg.py
-- Up-to-date: /home/administrator/Masterproject2/20_ROS/src/Robots/install/ur_msgs/lib/python3.12/site-packages/ur_msgs/srv
-- Up-to-date: /home/administrator/Masterproject2/20_ROS/src/Robots/install/ur_msgs/lib/python3.12/site-packages/ur_msgs/srv/_set_force_mode.py
-- Up-to-date: /home/administrator/Masterproject2/20_ROS/src/Robots/install/ur_msgs/lib/python3.12/site-packages/ur_msgs/srv/_set_speed_slider_fraction_s.c
-- Up-to-date: /home/administrator/Masterproject2/20_ROS/src/Robots/install/ur_msgs/lib/python3.12/site-packages/ur_msgs/srv/_set_payload.py
-- Up-to-date: /home/administrator/Masterproject2/20_ROS/src/Robots/install/ur_msgs/lib/python3.12/site-packages/ur_msgs/srv/_get_robot_software_version_s.c
-- Up-to-date: /home/administrator/Masterproject2/20_ROS/src/Robots/install/ur_msgs/lib/python3.12/site-packages/ur_msgs/srv/__init__.py
-- Up-to-date: /home/administrator/Masterproject2/20_ROS/src/Robots/install/ur_msgs/lib/python3.12/site-packages/ur_msgs/srv/_set_force_mode_s.c
-- Up-to-date: /home/administrator/Masterproject2/20_ROS/src/Robots/install/ur_msgs/lib/python3.12/site-packages/ur_msgs/srv/_set_speed_slider_fraction.py
-- Up-to-date: /home/administrator/Masterproject2/20_ROS/src/Robots/install/ur_msgs/lib/python3.12/site-packages/ur_msgs/srv/_set_analog_output_s.c
-- Up-to-date: /home/administrator/Masterproject2/20_ROS/src/Robots/install/ur_msgs/lib/python3.12/site-packages/ur_msgs/srv/_set_payload_s.c
-- Up-to-date: /home/administrator/Masterproject2/20_ROS/src/Robots/install/ur_msgs/lib/python3.12/site-packages/ur_msgs/srv/_set_friction_model_parameters.py
-- Up-to-date: /home/administrator/Masterproject2/20_ROS/src/Robots/install/ur_msgs/lib/python3.12/site-packages/ur_msgs/srv/_set_io.py
-- Up-to-date: /home/administrator/Masterproject2/20_ROS/src/Robots/install/ur_msgs/lib/python3.12/site-packages/ur_msgs/srv/_set_analog_output.py
-- Up-to-date: /home/administrator/Masterproject2/20_ROS/src/Robots/install/ur_msgs/lib/python3.12/site-packages/ur_msgs/srv/_set_gravity_s.c
-- Up-to-date: /home/administrator/Masterproject2/20_ROS/src/Robots/install/ur_msgs/lib/python3.12/site-packages/ur_msgs/srv/_set_io_s.c
-- Up-to-date: /home/administrator/Masterproject2/20_ROS/src/Robots/install/ur_msgs/lib/python3.12/site-packages/ur_msgs/srv/_set_friction_model_parameters_s.c
-- Up-to-date: /home/administrator/Masterproject2/20_ROS/src/Robots/install/ur_msgs/lib/python3.12/site-packages/ur_msgs/srv/_set_gravity.py
-- Up-to-date: /home/administrator/Masterproject2/20_ROS/src/Robots/install/ur_msgs/lib/python3.12/site-packages/ur_msgs/srv/_get_robot_software_version.py
-- Up-to-date: /home/administrator/Masterproject2/20_ROS/src/Robots/install/ur_msgs/lib/python3.12/site-packages/ur_msgs/_ur_msgs_s.ep.rosidl_typesupport_fastrtps_c.c
-- Up-to-date: /home/administrator/Masterproject2/20_ROS/src/Robots/install/ur_msgs/lib/python3.12/site-packages/ur_msgs/ur_msgs_s__rosidl_typesupport_introspection_c.so
-- Up-to-date: /home/administrator/Masterproject2/20_ROS/src/Robots/install/ur_msgs/lib/python3.12/site-packages/ur_msgs/_ur_msgs_s.ep.rosidl_typesupport_c.c
-- Up-to-date: /home/administrator/Masterproject2/20_ROS/src/Robots/install/ur_msgs/lib/python3.12/site-packages/ur_msgs/action
-- Up-to-date: /home/administrator/Masterproject2/20_ROS/src/Robots/install/ur_msgs/lib/python3.12/site-packages/ur_msgs/action/_follow_joint_trajectory_until.py
-- Up-to-date: /home/administrator/Masterproject2/20_ROS/src/Robots/install/ur_msgs/lib/python3.12/site-packages/ur_msgs/action/__init__.py
-- Up-to-date: /home/administrator/Masterproject2/20_ROS/src/Robots/install/ur_msgs/lib/python3.12/site-packages/ur_msgs/action/_send_script.py
-- Up-to-date: /home/administrator/Masterproject2/20_ROS/src/Robots/install/ur_msgs/lib/python3.12/site-packages/ur_msgs/action/_tool_contact_s.c
-- Up-to-date: /home/administrator/Masterproject2/20_ROS/src/Robots/install/ur_msgs/lib/python3.12/site-packages/ur_msgs/action/_follow_joint_trajectory_until_s.c
-- Up-to-date: /home/administrator/Masterproject2/20_ROS/src/Robots/install/ur_msgs/lib/python3.12/site-packages/ur_msgs/action/_tool_contact.py
-- Up-to-date: /home/administrator/Masterproject2/20_ROS/src/Robots/install/ur_msgs/lib/python3.12/site-packages/ur_msgs/action/_send_script_s.c
Listing '/home/administrator/Masterproject2/20_ROS/src/Robots/install/ur_msgs/lib/python3.12/site-packages/ur_msgs'...
Compiling '/home/administrator/Masterproject2/20_ROS/src/Robots/install/ur_msgs/lib/python3.12/site-packages/ur_msgs/__init__.py'...
Listing '/home/administrator/Masterproject2/20_ROS/src/Robots/install/ur_msgs/lib/python3.12/site-packages/ur_msgs/action'...
Listing '/home/administrator/Masterproject2/20_ROS/src/Robots/install/ur_msgs/lib/python3.12/site-packages/ur_msgs/msg'...
Listing '/home/administrator/Masterproject2/20_ROS/src/Robots/install/ur_msgs/lib/python3.12/site-packages/ur_msgs/srv'...
-- Up-to-date: /home/administrator/Masterproject2/20_ROS/src/Robots/install/ur_msgs/lib/python3.12/site-packages/ur_msgs/ur_msgs_s__rosidl_typesupport_fastrtps_c.so
-- Up-to-date: /home/administrator/Masterproject2/20_ROS/src/Robots/install/ur_msgs/lib/python3.12/site-packages/ur_msgs/ur_msgs_s__rosidl_typesupport_introspection_c.so
-- Up-to-date: /home/administrator/Masterproject2/20_ROS/src/Robots/install/ur_msgs/lib/python3.12/site-packages/ur_msgs/ur_msgs_s__rosidl_typesupport_c.so
-- Up-to-date: /home/administrator/Masterproject2/20_ROS/src/Robots/install/ur_msgs/lib/libur_msgs__rosidl_generator_py.so
-- Up-to-date: /home/administrator/Masterproject2/20_ROS/src/Robots/install/ur_msgs/share/ament_index/resource_index/rust_packages/ur_msgs
-- Up-to-date: /home/administrator/Masterproject2/20_ROS/src/Robots/install/ur_msgs/share/ur_msgs/rust
-- Up-to-date: /home/administrator/Masterproject2/20_ROS/src/Robots/install/ur_msgs/share/ur_msgs/rust/Cargo.toml
-- Up-to-date: /home/administrator/Masterproject2/20_ROS/src/Robots/install/ur_msgs/share/ur_msgs/rust/build.rs
-- Up-to-date: /home/administrator/Masterproject2/20_ROS/src/Robots/install/ur_msgs/share/ur_msgs/rust/src
-- Up-to-date: /home/administrator/Masterproject2/20_ROS/src/Robots/install/ur_msgs/share/ur_msgs/rust/src/action.rs
-- Up-to-date: /home/administrator/Masterproject2/20_ROS/src/Robots/install/ur_msgs/share/ur_msgs/rust/src/msg
-- Up-to-date: /home/administrator/Masterproject2/20_ROS/src/Robots/install/ur_msgs/share/ur_msgs/rust/src/msg/rmw.rs
-- Up-to-date: /home/administrator/Masterproject2/20_ROS/src/Robots/install/ur_msgs/share/ur_msgs/rust/src/srv
-- Up-to-date: /home/administrator/Masterproject2/20_ROS/src/Robots/install/ur_msgs/share/ur_msgs/rust/src/srv/rmw.rs
-- Up-to-date: /home/administrator/Masterproject2/20_ROS/src/Robots/install/ur_msgs/share/ur_msgs/rust/src/srv.rs
-- Up-to-date: /home/administrator/Masterproject2/20_ROS/src/Robots/install/ur_msgs/share/ur_msgs/rust/src/msg.rs
-- Up-to-date: /home/administrator/Masterproject2/20_ROS/src/Robots/install/ur_msgs/share/ur_msgs/rust/src/lib.rs
-- Up-to-date: /home/administrator/Masterproject2/20_ROS/src/Robots/install/ur_msgs/share/ur_msgs/rust/src/action
-- Up-to-date: /home/administrator/Masterproject2/20_ROS/src/Robots/install/ur_msgs/share/ur_msgs/rust/src/action/rmw.rs
-- Up-to-date: /home/administrator/Masterproject2/20_ROS/src/Robots/install/ur_msgs/share/ur_msgs/msg/Analog.idl
-- Up-to-date: /home/administrator/Masterproject2/20_ROS/src/Robots/install/ur_msgs/share/ur_msgs/msg/Digital.idl
-- Up-to-date: /home/administrator/Masterproject2/20_ROS/src/Robots/install/ur_msgs/share/ur_msgs/msg/IOStates.idl
-- Up-to-date: /home/administrator/Masterproject2/20_ROS/src/Robots/install/ur_msgs/share/ur_msgs/msg/RobotStateRTMsg.idl
-- Up-to-date: /home/administrator/Masterproject2/20_ROS/src/Robots/install/ur_msgs/share/ur_msgs/msg/MasterboardDataMsg.idl
-- Up-to-date: /home/administrator/Masterproject2/20_ROS/src/Robots/install/ur_msgs/share/ur_msgs/msg/RobotModeDataMsg.idl
-- Up-to-date: /home/administrator/Masterproject2/20_ROS/src/Robots/install/ur_msgs/share/ur_msgs/msg/ToolDataMsg.idl
-- Up-to-date: /home/administrator/Masterproject2/20_ROS/src/Robots/install/ur_msgs/share/ur_msgs/msg/FrictionModelParameters.idl
-- Up-to-date: /home/administrator/Masterproject2/20_ROS/src/Robots/install/ur_msgs/share/ur_msgs/srv/SetAnalogOutput.idl
-- Up-to-date: /home/administrator/Masterproject2/20_ROS/src/Robots/install/ur_msgs/share/ur_msgs/srv/SetGravity.idl
-- Up-to-date: /home/administrator/Masterproject2/20_ROS/src/Robots/install/ur_msgs/share/ur_msgs/srv/SetPayload.idl
-- Up-to-date: /home/administrator/Masterproject2/20_ROS/src/Robots/install/ur_msgs/share/ur_msgs/srv/SetSpeedSliderFraction.idl
-- Up-to-date: /home/administrator/Masterproject2/20_ROS/src/Robots/install/ur_msgs/share/ur_msgs/srv/SetIO.idl
-- Up-to-date: /home/administrator/Masterproject2/20_ROS/src/Robots/install/ur_msgs/share/ur_msgs/srv/GetRobotSoftwareVersion.idl
-- Up-to-date: /home/administrator/Masterproject2/20_ROS/src/Robots/install/ur_msgs/share/ur_msgs/srv/SetForceMode.idl
-- Up-to-date: /home/administrator/Masterproject2/20_ROS/src/Robots/install/ur_msgs/share/ur_msgs/srv/SetFrictionModelParameters.idl
-- Up-to-date: /home/administrator/Masterproject2/20_ROS/src/Robots/install/ur_msgs/share/ur_msgs/action/ToolContact.idl
-- Up-to-date: /home/administrator/Masterproject2/20_ROS/src/Robots/install/ur_msgs/share/ur_msgs/action/FollowJointTrajectoryUntil.idl
-- Up-to-date: /home/administrator/Masterproject2/20_ROS/src/Robots/install/ur_msgs/share/ur_msgs/action/SendScript.idl
-- Installing: /home/administrator/Masterproject2/20_ROS/src/Robots/install/ur_msgs/share/ur_msgs/msg/Analog.msg
-- Installing: /home/administrator/Masterproject2/20_ROS/src/Robots/install/ur_msgs/share/ur_msgs/msg/Digital.msg
-- Installing: /home/administrator/Masterproject2/20_ROS/src/Robots/install/ur_msgs/share/ur_msgs/msg/IOStates.msg
-- Installing: /home/administrator/Masterproject2/20_ROS/src/Robots/install/ur_msgs/share/ur_msgs/msg/RobotStateRTMsg.msg
-- Installing: /home/administrator/Masterproject2/20_ROS/src/Robots/install/ur_msgs/share/ur_msgs/msg/MasterboardDataMsg.msg
-- Installing: /home/administrator/Masterproject2/20_ROS/src/Robots/install/ur_msgs/share/ur_msgs/msg/RobotModeDataMsg.msg
-- Installing: /home/administrator/Masterproject2/20_ROS/src/Robots/install/ur_msgs/share/ur_msgs/msg/ToolDataMsg.msg
-- Installing: /home/administrator/Masterproject2/20_ROS/src/Robots/install/ur_msgs/share/ur_msgs/msg/FrictionModelParameters.msg
-- Installing: /home/administrator/Masterproject2/20_ROS/src/Robots/install/ur_msgs/share/ur_msgs/srv/SetAnalogOutput.srv
-- Installing: /home/administrator/Masterproject2/20_ROS/src/Robots/install/ur_msgs/share/ur_msgs/srv/SetGravity.srv
-- Installing: /home/administrator/Masterproject2/20_ROS/src/Robots/install/ur_msgs/share/ur_msgs/srv/SetPayload.srv
-- Installing: /home/administrator/Masterproject2/20_ROS/src/Robots/install/ur_msgs/share/ur_msgs/srv/SetSpeedSliderFraction.srv
-- Installing: /home/administrator/Masterproject2/20_ROS/src/Robots/install/ur_msgs/share/ur_msgs/srv/SetIO.srv
-- Installing: /home/administrator/Masterproject2/20_ROS/src/Robots/install/ur_msgs/share/ur_msgs/srv/GetRobotSoftwareVersion.srv
-- Installing: /home/administrator/Masterproject2/20_ROS/src/Robots/install/ur_msgs/share/ur_msgs/srv/SetForceMode.srv
-- Installing: /home/administrator/Masterproject2/20_ROS/src/Robots/install/ur_msgs/share/ur_msgs/srv/SetFrictionModelParameters.srv
-- Installing: /home/administrator/Masterproject2/20_ROS/src/Robots/install/ur_msgs/share/ur_msgs/action/ToolContact.action
-- Installing: /home/administrator/Masterproject2/20_ROS/src/Robots/install/ur_msgs/share/ur_msgs/action/FollowJointTrajectoryUntil.action
-- Installing: /home/administrator/Masterproject2/20_ROS/src/Robots/install/ur_msgs/share/ur_msgs/action/SendScript.action
-- Up-to-date: /home/administrator/Masterproject2/20_ROS/src/Robots/install/ur_msgs/share/ament_index/resource_index/package_run_dependencies/ur_msgs
-- Up-to-date: /home/administrator/Masterproject2/20_ROS/src/Robots/install/ur_msgs/share/ament_index/resource_index/parent_prefix_path/ur_msgs
-- Up-to-date: /home/administrator/Masterproject2/20_ROS/src/Robots/install/ur_msgs/share/ur_msgs/environment/ament_prefix_path.sh
-- Up-to-date: /home/administrator/Masterproject2/20_ROS/src/Robots/install/ur_msgs/share/ur_msgs/environment/ament_prefix_path.dsv
-- Up-to-date: /home/administrator/Masterproject2/20_ROS/src/Robots/install/ur_msgs/share/ur_msgs/environment/path.sh
-- Up-to-date: /home/administrator/Masterproject2/20_ROS/src/Robots/install/ur_msgs/share/ur_msgs/environment/path.dsv
-- Up-to-date: /home/administrator/Masterproject2/20_ROS/src/Robots/install/ur_msgs/share/ur_msgs/local_setup.bash
-- Up-to-date: /home/administrator/Masterproject2/20_ROS/src/Robots/install/ur_msgs/share/ur_msgs/local_setup.sh
-- Up-to-date: /home/administrator/Masterproject2/20_ROS/src/Robots/install/ur_msgs/share/ur_msgs/local_setup.zsh
-- Up-to-date: /home/administrator/Masterproject2/20_ROS/src/Robots/install/ur_msgs/share/ur_msgs/local_setup.dsv
-- Installing: /home/administrator/Masterproject2/20_ROS/src/Robots/install/ur_msgs/share/ur_msgs/package.dsv
-- Up-to-date: /home/administrator/Masterproject2/20_ROS/src/Robots/install/ur_msgs/share/ament_index/resource_index/packages/ur_msgs
-- Up-to-date: /home/administrator/Masterproject2/20_ROS/src/Robots/install/ur_msgs/share/ur_msgs/cmake/export_ur_msgs__rosidl_generator_cExport.cmake
-- Up-to-date: /home/administrator/Masterproject2/20_ROS/src/Robots/install/ur_msgs/share/ur_msgs/cmake/export_ur_msgs__rosidl_generator_cExport-noconfig.cmake
-- Up-to-date: /home/administrator/Masterproject2/20_ROS/src/Robots/install/ur_msgs/share/ur_msgs/cmake/export_ur_msgs__rosidl_typesupport_fastrtps_cExport.cmake
-- Up-to-date: /home/administrator/Masterproject2/20_ROS/src/Robots/install/ur_msgs/share/ur_msgs/cmake/export_ur_msgs__rosidl_typesupport_fastrtps_cExport-noconfig.cmake
-- Up-to-date: /home/administrator/Masterproject2/20_ROS/src/Robots/install/ur_msgs/share/ur_msgs/cmake/export_ur_msgs__rosidl_generator_cppExport.cmake
-- Up-to-date: /home/administrator/Masterproject2/20_ROS/src/Robots/install/ur_msgs/share/ur_msgs/cmake/export_ur_msgs__rosidl_typesupport_fastrtps_cppExport.cmake
-- Up-to-date: /home/administrator/Masterproject2/20_ROS/src/Robots/install/ur_msgs/share/ur_msgs/cmake/export_ur_msgs__rosidl_typesupport_fastrtps_cppExport-noconfig.cmake
-- Up-to-date: /home/administrator/Masterproject2/20_ROS/src/Robots/install/ur_msgs/share/ur_msgs/cmake/ur_msgs__rosidl_typesupport_introspection_cExport.cmake
-- Up-to-date: /home/administrator/Masterproject2/20_ROS/src/Robots/install/ur_msgs/share/ur_msgs/cmake/ur_msgs__rosidl_typesupport_introspection_cExport-noconfig.cmake
-- Up-to-date: /home/administrator/Masterproject2/20_ROS/src/Robots/install/ur_msgs/share/ur_msgs/cmake/ur_msgs__rosidl_typesupport_cExport.cmake
-- Up-to-date: /home/administrator/Masterproject2/20_ROS/src/Robots/install/ur_msgs/share/ur_msgs/cmake/ur_msgs__rosidl_typesupport_cExport-noconfig.cmake
-- Up-to-date: /home/administrator/Masterproject2/20_ROS/src/Robots/install/ur_msgs/share/ur_msgs/cmake/ur_msgs__rosidl_typesupport_introspection_cppExport.cmake
-- Up-to-date: /home/administrator/Masterproject2/20_ROS/src/Robots/install/ur_msgs/share/ur_msgs/cmake/ur_msgs__rosidl_typesupport_introspection_cppExport-noconfig.cmake
-- Up-to-date: /home/administrator/Masterproject2/20_ROS/src/Robots/install/ur_msgs/share/ur_msgs/cmake/ur_msgs__rosidl_typesupport_cppExport.cmake
-- Up-to-date: /home/administrator/Masterproject2/20_ROS/src/Robots/install/ur_msgs/share/ur_msgs/cmake/ur_msgs__rosidl_typesupport_cppExport-noconfig.cmake
-- Up-to-date: /home/administrator/Masterproject2/20_ROS/src/Robots/install/ur_msgs/share/ur_msgs/cmake/export_ur_msgs__rosidl_generator_pyExport.cmake
-- Up-to-date: /home/administrator/Masterproject2/20_ROS/src/Robots/install/ur_msgs/share/ur_msgs/cmake/export_ur_msgs__rosidl_generator_pyExport-noconfig.cmake
-- Up-to-date: /home/administrator/Masterproject2/20_ROS/src/Robots/install/ur_msgs/share/ur_msgs/cmake/rosidl_cmake-extras.cmake
-- Up-to-date: /home/administrator/Masterproject2/20_ROS/src/Robots/install/ur_msgs/share/ur_msgs/cmake/ament_cmake_export_dependencies-extras.cmake
-- Up-to-date: /home/administrator/Masterproject2/20_ROS/src/Robots/install/ur_msgs/share/ur_msgs/cmake/ament_cmake_export_include_directories-extras.cmake
-- Up-to-date: /home/administrator/Masterproject2/20_ROS/src/Robots/install/ur_msgs/share/ur_msgs/cmake/ament_cmake_export_libraries-extras.cmake
-- Up-to-date: /home/administrator/Masterproject2/20_ROS/src/Robots/install/ur_msgs/share/ur_msgs/cmake/ament_cmake_export_targets-extras.cmake
-- Up-to-date: /home/administrator/Masterproject2/20_ROS/src/Robots/install/ur_msgs/share/ur_msgs/cmake/rosidl_cmake_export_typesupport_targets-extras.cmake
-- Up-to-date: /home/administrator/Masterproject2/20_ROS/src/Robots/install/ur_msgs/share/ur_msgs/cmake/rosidl_cmake_export_typesupport_libraries-extras.cmake
-- Up-to-date: /home/administrator/Masterproject2/20_ROS/src/Robots/install/ur_msgs/share/ur_msgs/cmake/ur_msgsConfig.cmake
-- Up-to-date: /home/administrator/Masterproject2/20_ROS/src/Robots/install/ur_msgs/share/ur_msgs/cmake/ur_msgsConfig-version.cmake
-- Installing: /home/administrator/Masterproject2/20_ROS/src/Robots/install/ur_msgs/share/ur_msgs/package.xml
