[0.027s] Invoking command in '/home/administrator/Masterproject2/20_ROS/src/Robots/build/ur_msgs': CMAKE_PREFIX_PATH=${CMAKE_PREFIX_PATH}:/opt/ros/kilted DEBUGINFOD_URLS=https://debuginfod.ubuntu.com /usr/bin/cmake --build /home/administrator/Masterproject2/20_ROS/src/Robots/build/ur_msgs -- -j14 -l14
[0.054s] -- Found ament_cmake: 2.7.5 (/opt/ros/kilted/share/ament_cmake/cmake)
[0.156s] -- Found builtin_interfaces: 2.3.2 (/opt/ros/kilted/share/builtin_interfaces/cmake)
[0.171s] -- Found rosidl_generator_c: 4.9.6 (/opt/ros/kilted/share/rosidl_generator_c/cmake)
[0.175s] -- Found rosidl_generator_cpp: 4.9.6 (/opt/ros/kilted/share/rosidl_generator_cpp/cmake)
[0.188s] -- Using all available rosidl_typesupport_c: rosidl_typesupport_fastrtps_c;rosidl_typesupport_introspection_c
[0.195s] -- Using all available rosidl_typesupport_cpp: rosidl_typesupport_fastrtps_cpp;rosidl_typesupport_introspection_cpp
[0.209s] -- Found rosidl_default_generators: 1.7.2 (/opt/ros/kilted/share/rosidl_default_generators/cmake)
[0.214s] -- Found rosidl_adapter: 4.9.6 (/opt/ros/kilted/share/rosidl_adapter/cmake)
[0.214s] -- Found geometry_msgs: 5.5.2 (/opt/ros/kilted/share/geometry_msgs/cmake)
[0.242s] -- Found control_msgs: 6.9.0 (/opt/ros/kilted/share/control_msgs/cmake)
[0.379s] -- Found ament_lint_auto: 0.19.3 (/opt/ros/kilted/share/ament_lint_auto/cmake)
[0.872s] -- Found ament_cmake_ros_core: 0.14.7 (/opt/ros/kilted/share/ament_cmake_ros_core/cmake)
[1.374s] -- Using all available rosidl_typesupport_c: rosidl_typesupport_fastrtps_c;rosidl_typesupport_introspection_c
[1.574s] -- Using all available rosidl_typesupport_cpp: rosidl_typesupport_fastrtps_cpp;rosidl_typesupport_introspection_cpp
[2.019s] -- Found Python3: /usr/bin/python3 (found version "3.12.3") found components: Interpreter Development NumPy Development.Module Development.Embed 
[2.241s] -- Found Python3: /usr/bin/python3 (found version "3.12.3") found components: Interpreter 
[2.246s] -- Added test 'copyright' to check source files copyright and LICENSE
[2.249s] -- Added test 'lint_cmake' to check CMake code style
[2.266s] -- Added test 'xmllint' to check XML markup files
[2.272s] -- Configuring done (2.2s)
[2.370s] -- Generating done (0.1s)
[2.387s] -- Build files have been written to: /home/administrator/Masterproject2/20_ROS/src/Robots/build/ur_msgs
[2.439s] [  1%] Built target ur_msgs__rs
[2.449s] [  2%] Built target ur_msgs__rosidl_generator_type_description
[2.467s] [  2%] Built target ament_cmake_python_copy_ur_msgs
[2.519s] [  2%] Built target ur_msgs__cpp
[2.551s] [ 30%] Built target ur_msgs__rosidl_generator_c
[2.618s] [ 39%] Built target ur_msgs__rosidl_typesupport_c
[2.618s] [ 48%] Built target ur_msgs__rosidl_typesupport_introspection_c
[2.651s] [ 58%] Built target ur_msgs__rosidl_typesupport_introspection_cpp
[2.655s] [ 78%] Built target ur_msgs__rosidl_typesupport_cpp
[2.655s] [ 78%] Built target ur_msgs__rosidl_typesupport_fastrtps_cpp
[2.751s] [ 88%] Built target ur_msgs__rosidl_typesupport_fastrtps_c
[2.779s] running egg_info
[2.788s] [ 88%] Built target ur_msgs
[2.795s] writing ur_msgs.egg-info/PKG-INFO
[2.796s] writing dependency_links to ur_msgs.egg-info/dependency_links.txt
[2.796s] writing top-level names to ur_msgs.egg-info/top_level.txt
[2.829s] reading manifest file 'ur_msgs.egg-info/SOURCES.txt'
[2.831s] writing manifest file 'ur_msgs.egg-info/SOURCES.txt'
[2.851s] [ 88%] Built target ur_msgs__py
[2.851s] [ 88%] Built target ament_cmake_python_build_ur_msgs_egg
[2.959s] [ 97%] Built target ur_msgs__rosidl_generator_py
[2.990s] [ 98%] Built target ur_msgs_s__rosidl_typesupport_fastrtps_c
[3.000s] [ 99%] Built target ur_msgs_s__rosidl_typesupport_introspection_c
[3.024s] [100%] Built target ur_msgs_s__rosidl_typesupport_c
[3.040s] Invoked command in '/home/administrator/Masterproject2/20_ROS/src/Robots/build/ur_msgs' returned '0': CMAKE_PREFIX_PATH=${CMAKE_PREFIX_PATH}:/opt/ros/kilted DEBUGINFOD_URLS=https://debuginfod.ubuntu.com /usr/bin/cmake --build /home/administrator/Masterproject2/20_ROS/src/Robots/build/ur_msgs -- -j14 -l14
[3.040s] Invoking command in '/home/administrator/Masterproject2/20_ROS/src/Robots/build/ur_msgs': CMAKE_PREFIX_PATH=${CMAKE_PREFIX_PATH}:/opt/ros/kilted DEBUGINFOD_URLS=https://debuginfod.ubuntu.com /usr/bin/cmake --install /home/administrator/Masterproject2/20_ROS/src/Robots/build/ur_msgs
[3.049s] -- Install configuration: ""
[3.050s] -- Up-to-date: /home/administrator/Masterproject2/20_ROS/src/Robots/install/ur_msgs/share/ament_index/resource_index/rosidl_interfaces/ur_msgs
[3.050s] -- Up-to-date: /home/administrator/Masterproject2/20_ROS/src/Robots/install/ur_msgs/share/ur_msgs/msg/Analog.json
[3.050s] -- Up-to-date: /home/administrator/Masterproject2/20_ROS/src/Robots/install/ur_msgs/share/ur_msgs/msg/Digital.json
[3.050s] -- Up-to-date: /home/administrator/Masterproject2/20_ROS/src/Robots/install/ur_msgs/share/ur_msgs/msg/IOStates.json
[3.050s] -- Up-to-date: /home/administrator/Masterproject2/20_ROS/src/Robots/install/ur_msgs/share/ur_msgs/msg/RobotStateRTMsg.json
[3.050s] -- Up-to-date: /home/administrator/Masterproject2/20_ROS/src/Robots/install/ur_msgs/share/ur_msgs/msg/MasterboardDataMsg.json
[3.050s] -- Up-to-date: /home/administrator/Masterproject2/20_ROS/src/Robots/install/ur_msgs/share/ur_msgs/msg/RobotModeDataMsg.json
[3.050s] -- Up-to-date: /home/administrator/Masterproject2/20_ROS/src/Robots/install/ur_msgs/share/ur_msgs/msg/ToolDataMsg.json
[3.050s] -- Up-to-date: /home/administrator/Masterproject2/20_ROS/src/Robots/install/ur_msgs/share/ur_msgs/msg/FrictionModelParameters.json
[3.050s] -- Up-to-date: /home/administrator/Masterproject2/20_ROS/src/Robots/install/ur_msgs/share/ur_msgs/srv/SetAnalogOutput.json
[3.050s] -- Up-to-date: /home/administrator/Masterproject2/20_ROS/src/Robots/install/ur_msgs/share/ur_msgs/srv/SetGravity.json
[3.050s] -- Up-to-date: /home/administrator/Masterproject2/20_ROS/src/Robots/install/ur_msgs/share/ur_msgs/srv/SetPayload.json
[3.050s] -- Up-to-date: /home/administrator/Masterproject2/20_ROS/src/Robots/install/ur_msgs/share/ur_msgs/srv/SetSpeedSliderFraction.json
[3.050s] -- Up-to-date: /home/administrator/Masterproject2/20_ROS/src/Robots/install/ur_msgs/share/ur_msgs/srv/SetIO.json
[3.050s] -- Up-to-date: /home/administrator/Masterproject2/20_ROS/src/Robots/install/ur_msgs/share/ur_msgs/srv/GetRobotSoftwareVersion.json
[3.050s] -- Up-to-date: /home/administrator/Masterproject2/20_ROS/src/Robots/install/ur_msgs/share/ur_msgs/srv/SetForceMode.json
[3.050s] -- Up-to-date: /home/administrator/Masterproject2/20_ROS/src/Robots/install/ur_msgs/share/ur_msgs/srv/SetFrictionModelParameters.json
[3.050s] -- Up-to-date: /home/administrator/Masterproject2/20_ROS/src/Robots/install/ur_msgs/share/ur_msgs/action/ToolContact.json
[3.050s] -- Up-to-date: /home/administrator/Masterproject2/20_ROS/src/Robots/install/ur_msgs/share/ur_msgs/action/FollowJointTrajectoryUntil.json
[3.050s] -- Up-to-date: /home/administrator/Masterproject2/20_ROS/src/Robots/install/ur_msgs/share/ur_msgs/action/SendScript.json
[3.050s] -- Up-to-date: /home/administrator/Masterproject2/20_ROS/src/Robots/install/ur_msgs/include/ur_msgs/ur_msgs
[3.051s] -- Up-to-date: /home/administrator/Masterproject2/20_ROS/src/Robots/install/ur_msgs/include/ur_msgs/ur_msgs/msg
[3.051s] -- Up-to-date: /home/administrator/Masterproject2/20_ROS/src/Robots/install/ur_msgs/include/ur_msgs/ur_msgs/msg/friction_model_parameters.h
[3.051s] -- Up-to-date: /home/administrator/Masterproject2/20_ROS/src/Robots/install/ur_msgs/include/ur_msgs/ur_msgs/msg/robot_state_rt_msg.h
[3.051s] -- Up-to-date: /home/administrator/Masterproject2/20_ROS/src/Robots/install/ur_msgs/include/ur_msgs/ur_msgs/msg/robot_mode_data_msg.h
[3.051s] -- Up-to-date: /home/administrator/Masterproject2/20_ROS/src/Robots/install/ur_msgs/include/ur_msgs/ur_msgs/msg/analog.h
[3.051s] -- Up-to-date: /home/administrator/Masterproject2/20_ROS/src/Robots/install/ur_msgs/include/ur_msgs/ur_msgs/msg/masterboard_data_msg.h
[3.051s] -- Up-to-date: /home/administrator/Masterproject2/20_ROS/src/Robots/install/ur_msgs/include/ur_msgs/ur_msgs/msg/tool_data_msg.h
[3.051s] -- Up-to-date: /home/administrator/Masterproject2/20_ROS/src/Robots/install/ur_msgs/include/ur_msgs/ur_msgs/msg/digital.h
[3.051s] -- Up-to-date: /home/administrator/Masterproject2/20_ROS/src/Robots/install/ur_msgs/include/ur_msgs/ur_msgs/msg/rosidl_generator_c__visibility_control.h
[3.051s] -- Up-to-date: /home/administrator/Masterproject2/20_ROS/src/Robots/install/ur_msgs/include/ur_msgs/ur_msgs/msg/detail
[3.051s] -- Up-to-date: /home/administrator/Masterproject2/20_ROS/src/Robots/install/ur_msgs/include/ur_msgs/ur_msgs/msg/detail/io_states__functions.c
[3.051s] -- Up-to-date: /home/administrator/Masterproject2/20_ROS/src/Robots/install/ur_msgs/include/ur_msgs/ur_msgs/msg/detail/analog__functions.h
[3.051s] -- Up-to-date: /home/administrator/Masterproject2/20_ROS/src/Robots/install/ur_msgs/include/ur_msgs/ur_msgs/msg/detail/robot_state_rt_msg__functions.h
[3.051s] -- Up-to-date: /home/administrator/Masterproject2/20_ROS/src/Robots/install/ur_msgs/include/ur_msgs/ur_msgs/msg/detail/robot_mode_data_msg__type_support.c
[3.051s] -- Up-to-date: /home/administrator/Masterproject2/20_ROS/src/Robots/install/ur_msgs/include/ur_msgs/ur_msgs/msg/detail/robot_mode_data_msg__struct.h
[3.051s] -- Up-to-date: /home/administrator/Masterproject2/20_ROS/src/Robots/install/ur_msgs/include/ur_msgs/ur_msgs/msg/detail/io_states__description.c
[3.051s] -- Up-to-date: /home/administrator/Masterproject2/20_ROS/src/Robots/install/ur_msgs/include/ur_msgs/ur_msgs/msg/detail/masterboard_data_msg__struct.h
[3.051s] -- Up-to-date: /home/administrator/Masterproject2/20_ROS/src/Robots/install/ur_msgs/include/ur_msgs/ur_msgs/msg/detail/digital__description.c
[3.051s] -- Up-to-date: /home/administrator/Masterproject2/20_ROS/src/Robots/install/ur_msgs/include/ur_msgs/ur_msgs/msg/detail/robot_state_rt_msg__description.c
[3.052s] -- Up-to-date: /home/administrator/Masterproject2/20_ROS/src/Robots/install/ur_msgs/include/ur_msgs/ur_msgs/msg/detail/digital__functions.c
[3.052s] -- Up-to-date: /home/administrator/Masterproject2/20_ROS/src/Robots/install/ur_msgs/include/ur_msgs/ur_msgs/msg/detail/robot_mode_data_msg__functions.c
[3.052s] -- Up-to-date: /home/administrator/Masterproject2/20_ROS/src/Robots/install/ur_msgs/include/ur_msgs/ur_msgs/msg/detail/digital__type_support.h
[3.052s] -- Up-to-date: /home/administrator/Masterproject2/20_ROS/src/Robots/install/ur_msgs/include/ur_msgs/ur_msgs/msg/detail/masterboard_data_msg__functions.c
[3.052s] -- Up-to-date: /home/administrator/Masterproject2/20_ROS/src/Robots/install/ur_msgs/include/ur_msgs/ur_msgs/msg/detail/friction_model_parameters__type_support.h
[3.052s] -- Up-to-date: /home/administrator/Masterproject2/20_ROS/src/Robots/install/ur_msgs/include/ur_msgs/ur_msgs/msg/detail/friction_model_parameters__struct.h
[3.052s] -- Up-to-date: /home/administrator/Masterproject2/20_ROS/src/Robots/install/ur_msgs/include/ur_msgs/ur_msgs/msg/detail/digital__type_support.c
[3.052s] -- Up-to-date: /home/administrator/Masterproject2/20_ROS/src/Robots/install/ur_msgs/include/ur_msgs/ur_msgs/msg/detail/robot_mode_data_msg__description.c
[3.052s] -- Up-to-date: /home/administrator/Masterproject2/20_ROS/src/Robots/install/ur_msgs/include/ur_msgs/ur_msgs/msg/detail/analog__functions.c
[3.052s] -- Up-to-date: /home/administrator/Masterproject2/20_ROS/src/Robots/install/ur_msgs/include/ur_msgs/ur_msgs/msg/detail/tool_data_msg__functions.c
[3.052s] -- Up-to-date: /home/administrator/Masterproject2/20_ROS/src/Robots/install/ur_msgs/include/ur_msgs/ur_msgs/msg/detail/robot_state_rt_msg__functions.c
[3.052s] -- Up-to-date: /home/administrator/Masterproject2/20_ROS/src/Robots/install/ur_msgs/include/ur_msgs/ur_msgs/msg/detail/io_states__type_support.c
[3.052s] -- Up-to-date: /home/administrator/Masterproject2/20_ROS/src/Robots/install/ur_msgs/include/ur_msgs/ur_msgs/msg/detail/friction_model_parameters__type_support.c
[3.052s] -- Up-to-date: /home/administrator/Masterproject2/20_ROS/src/Robots/install/ur_msgs/include/ur_msgs/ur_msgs/msg/detail/analog__struct.h
[3.055s] -- Up-to-date: /home/administrator/Masterproject2/20_ROS/src/Robots/install/ur_msgs/include/ur_msgs/ur_msgs/msg/detail/robot_mode_data_msg__type_support.h
[3.055s] -- Up-to-date: /home/administrator/Masterproject2/20_ROS/src/Robots/install/ur_msgs/include/ur_msgs/ur_msgs/msg/detail/robot_state_rt_msg__type_support.c
[3.055s] -- Up-to-date: /home/administrator/Masterproject2/20_ROS/src/Robots/install/ur_msgs/include/ur_msgs/ur_msgs/msg/detail/tool_data_msg__type_support.h
[3.055s] -- Up-to-date: /home/administrator/Masterproject2/20_ROS/src/Robots/install/ur_msgs/include/ur_msgs/ur_msgs/msg/detail/masterboard_data_msg__type_support.h
[3.055s] -- Up-to-date: /home/administrator/Masterproject2/20_ROS/src/Robots/install/ur_msgs/include/ur_msgs/ur_msgs/msg/detail/io_states__functions.h
[3.055s] -- Up-to-date: /home/administrator/Masterproject2/20_ROS/src/Robots/install/ur_msgs/include/ur_msgs/ur_msgs/msg/detail/digital__struct.h
[3.055s] -- Up-to-date: /home/administrator/Masterproject2/20_ROS/src/Robots/install/ur_msgs/include/ur_msgs/ur_msgs/msg/detail/masterboard_data_msg__type_support.c
[3.055s] -- Up-to-date: /home/administrator/Masterproject2/20_ROS/src/Robots/install/ur_msgs/include/ur_msgs/ur_msgs/msg/detail/analog__type_support.h
[3.055s] -- Up-to-date: /home/administrator/Masterproject2/20_ROS/src/Robots/install/ur_msgs/include/ur_msgs/ur_msgs/msg/detail/friction_model_parameters__functions.h
[3.055s] -- Up-to-date: /home/administrator/Masterproject2/20_ROS/src/Robots/install/ur_msgs/include/ur_msgs/ur_msgs/msg/detail/friction_model_parameters__description.c
[3.055s] -- Up-to-date: /home/administrator/Masterproject2/20_ROS/src/Robots/install/ur_msgs/include/ur_msgs/ur_msgs/msg/detail/friction_model_parameters__functions.c
[3.055s] -- Up-to-date: /home/administrator/Masterproject2/20_ROS/src/Robots/install/ur_msgs/include/ur_msgs/ur_msgs/msg/detail/masterboard_data_msg__description.c
[3.056s] -- Up-to-date: /home/administrator/Masterproject2/20_ROS/src/Robots/install/ur_msgs/include/ur_msgs/ur_msgs/msg/detail/robot_mode_data_msg__functions.h
[3.056s] -- Up-to-date: /home/administrator/Masterproject2/20_ROS/src/Robots/install/ur_msgs/include/ur_msgs/ur_msgs/msg/detail/io_states__type_support.h
[3.056s] -- Up-to-date: /home/administrator/Masterproject2/20_ROS/src/Robots/install/ur_msgs/include/ur_msgs/ur_msgs/msg/detail/analog__type_support.c
[3.056s] -- Up-to-date: /home/administrator/Masterproject2/20_ROS/src/Robots/install/ur_msgs/include/ur_msgs/ur_msgs/msg/detail/robot_state_rt_msg__struct.h
[3.056s] -- Up-to-date: /home/administrator/Masterproject2/20_ROS/src/Robots/install/ur_msgs/include/ur_msgs/ur_msgs/msg/detail/tool_data_msg__type_support.c
[3.056s] -- Up-to-date: /home/administrator/Masterproject2/20_ROS/src/Robots/install/ur_msgs/include/ur_msgs/ur_msgs/msg/detail/tool_data_msg__struct.h
[3.056s] -- Up-to-date: /home/administrator/Masterproject2/20_ROS/src/Robots/install/ur_msgs/include/ur_msgs/ur_msgs/msg/detail/digital__functions.h
[3.056s] -- Up-to-date: /home/administrator/Masterproject2/20_ROS/src/Robots/install/ur_msgs/include/ur_msgs/ur_msgs/msg/detail/io_states__struct.h
[3.056s] -- Up-to-date: /home/administrator/Masterproject2/20_ROS/src/Robots/install/ur_msgs/include/ur_msgs/ur_msgs/msg/detail/analog__description.c
[3.056s] -- Up-to-date: /home/administrator/Masterproject2/20_ROS/src/Robots/install/ur_msgs/include/ur_msgs/ur_msgs/msg/detail/tool_data_msg__description.c
[3.056s] -- Up-to-date: /home/administrator/Masterproject2/20_ROS/src/Robots/install/ur_msgs/include/ur_msgs/ur_msgs/msg/detail/robot_state_rt_msg__type_support.h
[3.056s] -- Up-to-date: /home/administrator/Masterproject2/20_ROS/src/Robots/install/ur_msgs/include/ur_msgs/ur_msgs/msg/detail/masterboard_data_msg__functions.h
[3.056s] -- Up-to-date: /home/administrator/Masterproject2/20_ROS/src/Robots/install/ur_msgs/include/ur_msgs/ur_msgs/msg/detail/tool_data_msg__functions.h
[3.056s] -- Up-to-date: /home/administrator/Masterproject2/20_ROS/src/Robots/install/ur_msgs/include/ur_msgs/ur_msgs/msg/io_states.h
[3.056s] -- Up-to-date: /home/administrator/Masterproject2/20_ROS/src/Robots/install/ur_msgs/include/ur_msgs/ur_msgs/srv
[3.056s] -- Up-to-date: /home/administrator/Masterproject2/20_ROS/src/Robots/install/ur_msgs/include/ur_msgs/ur_msgs/srv/set_speed_slider_fraction.h
[3.056s] -- Up-to-date: /home/administrator/Masterproject2/20_ROS/src/Robots/install/ur_msgs/include/ur_msgs/ur_msgs/srv/set_io.h
[3.056s] -- Up-to-date: /home/administrator/Masterproject2/20_ROS/src/Robots/install/ur_msgs/include/ur_msgs/ur_msgs/srv/set_friction_model_parameters.h
[3.056s] -- Up-to-date: /home/administrator/Masterproject2/20_ROS/src/Robots/install/ur_msgs/include/ur_msgs/ur_msgs/srv/set_payload.h
[3.056s] -- Up-to-date: /home/administrator/Masterproject2/20_ROS/src/Robots/install/ur_msgs/include/ur_msgs/ur_msgs/srv/get_robot_software_version.h
[3.056s] -- Up-to-date: /home/administrator/Masterproject2/20_ROS/src/Robots/install/ur_msgs/include/ur_msgs/ur_msgs/srv/set_force_mode.h
[3.056s] -- Up-to-date: /home/administrator/Masterproject2/20_ROS/src/Robots/install/ur_msgs/include/ur_msgs/ur_msgs/srv/set_gravity.h
[3.056s] -- Up-to-date: /home/administrator/Masterproject2/20_ROS/src/Robots/install/ur_msgs/include/ur_msgs/ur_msgs/srv/set_analog_output.h
[3.057s] -- Up-to-date: /home/administrator/Masterproject2/20_ROS/src/Robots/install/ur_msgs/include/ur_msgs/ur_msgs/srv/detail
[3.057s] -- Up-to-date: /home/administrator/Masterproject2/20_ROS/src/Robots/install/ur_msgs/include/ur_msgs/ur_msgs/srv/detail/set_payload__functions.h
[3.057s] -- Up-to-date: /home/administrator/Masterproject2/20_ROS/src/Robots/install/ur_msgs/include/ur_msgs/ur_msgs/srv/detail/set_analog_output__description.c
[3.057s] -- Up-to-date: /home/administrator/Masterproject2/20_ROS/src/Robots/install/ur_msgs/include/ur_msgs/ur_msgs/srv/detail/set_gravity__functions.h
[3.057s] -- Up-to-date: /home/administrator/Masterproject2/20_ROS/src/Robots/install/ur_msgs/include/ur_msgs/ur_msgs/srv/detail/set_io__type_support.c
[3.057s] -- Up-to-date: /home/administrator/Masterproject2/20_ROS/src/Robots/install/ur_msgs/include/ur_msgs/ur_msgs/srv/detail/set_force_mode__functions.c
[3.057s] -- Up-to-date: /home/administrator/Masterproject2/20_ROS/src/Robots/install/ur_msgs/include/ur_msgs/ur_msgs/srv/detail/get_robot_software_version__type_support.h
[3.057s] -- Up-to-date: /home/administrator/Masterproject2/20_ROS/src/Robots/install/ur_msgs/include/ur_msgs/ur_msgs/srv/detail/set_gravity__struct.h
[3.057s] -- Up-to-date: /home/administrator/Masterproject2/20_ROS/src/Robots/install/ur_msgs/include/ur_msgs/ur_msgs/srv/detail/get_robot_software_version__functions.c
[3.058s] -- Up-to-date: /home/administrator/Masterproject2/20_ROS/src/Robots/install/ur_msgs/include/ur_msgs/ur_msgs/srv/detail/set_friction_model_parameters__type_support.c
[3.058s] -- Up-to-date: /home/administrator/Masterproject2/20_ROS/src/Robots/install/ur_msgs/include/ur_msgs/ur_msgs/srv/detail/set_io__functions.c
[3.058s] -- Up-to-date: /home/administrator/Masterproject2/20_ROS/src/Robots/install/ur_msgs/include/ur_msgs/ur_msgs/srv/detail/set_speed_slider_fraction__functions.c
[3.058s] -- Up-to-date: /home/administrator/Masterproject2/20_ROS/src/Robots/install/ur_msgs/include/ur_msgs/ur_msgs/srv/detail/set_analog_output__type_support.h
[3.058s] -- Up-to-date: /home/administrator/Masterproject2/20_ROS/src/Robots/install/ur_msgs/include/ur_msgs/ur_msgs/srv/detail/set_speed_slider_fraction__type_support.h
[3.058s] -- Up-to-date: /home/administrator/Masterproject2/20_ROS/src/Robots/install/ur_msgs/include/ur_msgs/ur_msgs/srv/detail/set_gravity__functions.c
[3.058s] -- Up-to-date: /home/administrator/Masterproject2/20_ROS/src/Robots/install/ur_msgs/include/ur_msgs/ur_msgs/srv/detail/set_gravity__description.c
[3.058s] -- Up-to-date: /home/administrator/Masterproject2/20_ROS/src/Robots/install/ur_msgs/include/ur_msgs/ur_msgs/srv/detail/set_gravity__type_support.c
[3.059s] -- Up-to-date: /home/administrator/Masterproject2/20_ROS/src/Robots/install/ur_msgs/include/ur_msgs/ur_msgs/srv/detail/set_force_mode__type_support.c
[3.059s] -- Up-to-date: /home/administrator/Masterproject2/20_ROS/src/Robots/install/ur_msgs/include/ur_msgs/ur_msgs/srv/detail/set_friction_model_parameters__functions.h
[3.059s] -- Up-to-date: /home/administrator/Masterproject2/20_ROS/src/Robots/install/ur_msgs/include/ur_msgs/ur_msgs/srv/detail/set_payload__type_support.h
[3.059s] -- Up-to-date: /home/administrator/Masterproject2/20_ROS/src/Robots/install/ur_msgs/include/ur_msgs/ur_msgs/srv/detail/set_speed_slider_fraction__struct.h
[3.059s] -- Up-to-date: /home/administrator/Masterproject2/20_ROS/src/Robots/install/ur_msgs/include/ur_msgs/ur_msgs/srv/detail/get_robot_software_version__type_support.c
[3.059s] -- Up-to-date: /home/administrator/Masterproject2/20_ROS/src/Robots/install/ur_msgs/include/ur_msgs/ur_msgs/srv/detail/set_analog_output__struct.h
[3.059s] -- Up-to-date: /home/administrator/Masterproject2/20_ROS/src/Robots/install/ur_msgs/include/ur_msgs/ur_msgs/srv/detail/set_gravity__type_support.h
[3.059s] -- Up-to-date: /home/administrator/Masterproject2/20_ROS/src/Robots/install/ur_msgs/include/ur_msgs/ur_msgs/srv/detail/set_io__functions.h
[3.059s] -- Up-to-date: /home/administrator/Masterproject2/20_ROS/src/Robots/install/ur_msgs/include/ur_msgs/ur_msgs/srv/detail/set_analog_output__type_support.c
[3.059s] -- Up-to-date: /home/administrator/Masterproject2/20_ROS/src/Robots/install/ur_msgs/include/ur_msgs/ur_msgs/srv/detail/get_robot_software_version__struct.h
[3.059s] -- Up-to-date: /home/administrator/Masterproject2/20_ROS/src/Robots/install/ur_msgs/include/ur_msgs/ur_msgs/srv/detail/set_force_mode__description.c
[3.059s] -- Up-to-date: /home/administrator/Masterproject2/20_ROS/src/Robots/install/ur_msgs/include/ur_msgs/ur_msgs/srv/detail/set_friction_model_parameters__struct.h
[3.059s] -- Up-to-date: /home/administrator/Masterproject2/20_ROS/src/Robots/install/ur_msgs/include/ur_msgs/ur_msgs/srv/detail/get_robot_software_version__description.c
[3.059s] -- Up-to-date: /home/administrator/Masterproject2/20_ROS/src/Robots/install/ur_msgs/include/ur_msgs/ur_msgs/srv/detail/set_force_mode__type_support.h
[3.059s] -- Up-to-date: /home/administrator/Masterproject2/20_ROS/src/Robots/install/ur_msgs/include/ur_msgs/ur_msgs/srv/detail/set_io__struct.h
[3.059s] -- Up-to-date: /home/administrator/Masterproject2/20_ROS/src/Robots/install/ur_msgs/include/ur_msgs/ur_msgs/srv/detail/set_force_mode__functions.h
[3.059s] -- Up-to-date: /home/administrator/Masterproject2/20_ROS/src/Robots/install/ur_msgs/include/ur_msgs/ur_msgs/srv/detail/set_payload__functions.c
[3.059s] -- Up-to-date: /home/administrator/Masterproject2/20_ROS/src/Robots/install/ur_msgs/include/ur_msgs/ur_msgs/srv/detail/set_payload__description.c
[3.060s] -- Up-to-date: /home/administrator/Masterproject2/20_ROS/src/Robots/install/ur_msgs/include/ur_msgs/ur_msgs/srv/detail/set_friction_model_parameters__type_support.h
[3.060s] -- Up-to-date: /home/administrator/Masterproject2/20_ROS/src/Robots/install/ur_msgs/include/ur_msgs/ur_msgs/srv/detail/set_friction_model_parameters__functions.c
[3.060s] -- Up-to-date: /home/administrator/Masterproject2/20_ROS/src/Robots/install/ur_msgs/include/ur_msgs/ur_msgs/srv/detail/set_payload__struct.h
[3.060s] -- Up-to-date: /home/administrator/Masterproject2/20_ROS/src/Robots/install/ur_msgs/include/ur_msgs/ur_msgs/srv/detail/set_speed_slider_fraction__functions.h
[3.060s] -- Up-to-date: /home/administrator/Masterproject2/20_ROS/src/Robots/install/ur_msgs/include/ur_msgs/ur_msgs/srv/detail/get_robot_software_version__functions.h
[3.060s] -- Up-to-date: /home/administrator/Masterproject2/20_ROS/src/Robots/install/ur_msgs/include/ur_msgs/ur_msgs/srv/detail/set_analog_output__functions.c
[3.060s] -- Up-to-date: /home/administrator/Masterproject2/20_ROS/src/Robots/install/ur_msgs/include/ur_msgs/ur_msgs/srv/detail/set_io__type_support.h
[3.060s] -- Up-to-date: /home/administrator/Masterproject2/20_ROS/src/Robots/install/ur_msgs/include/ur_msgs/ur_msgs/srv/detail/set_io__description.c
[3.060s] -- Up-to-date: /home/administrator/Masterproject2/20_ROS/src/Robots/install/ur_msgs/include/ur_msgs/ur_msgs/srv/detail/set_friction_model_parameters__description.c
[3.060s] -- Up-to-date: /home/administrator/Masterproject2/20_ROS/src/Robots/install/ur_msgs/include/ur_msgs/ur_msgs/srv/detail/set_force_mode__struct.h
[3.060s] -- Up-to-date: /home/administrator/Masterproject2/20_ROS/src/Robots/install/ur_msgs/include/ur_msgs/ur_msgs/srv/detail/set_speed_slider_fraction__type_support.c
[3.060s] -- Up-to-date: /home/administrator/Masterproject2/20_ROS/src/Robots/install/ur_msgs/include/ur_msgs/ur_msgs/srv/detail/set_speed_slider_fraction__description.c
[3.060s] -- Up-to-date: /home/administrator/Masterproject2/20_ROS/src/Robots/install/ur_msgs/include/ur_msgs/ur_msgs/srv/detail/set_analog_output__functions.h
[3.060s] -- Up-to-date: /home/administrator/Masterproject2/20_ROS/src/Robots/install/ur_msgs/include/ur_msgs/ur_msgs/srv/detail/set_payload__type_support.c
[3.060s] -- Up-to-date: /home/administrator/Masterproject2/20_ROS/src/Robots/install/ur_msgs/include/ur_msgs/ur_msgs/action
[3.060s] -- Up-to-date: /home/administrator/Masterproject2/20_ROS/src/Robots/install/ur_msgs/include/ur_msgs/ur_msgs/action/follow_joint_trajectory_until.h
[3.060s] -- Up-to-date: /home/administrator/Masterproject2/20_ROS/src/Robots/install/ur_msgs/include/ur_msgs/ur_msgs/action/tool_contact.h
[3.060s] -- Up-to-date: /home/administrator/Masterproject2/20_ROS/src/Robots/install/ur_msgs/include/ur_msgs/ur_msgs/action/send_script.h
[3.060s] -- Up-to-date: /home/administrator/Masterproject2/20_ROS/src/Robots/install/ur_msgs/include/ur_msgs/ur_msgs/action/detail
[3.060s] -- Up-to-date: /home/administrator/Masterproject2/20_ROS/src/Robots/install/ur_msgs/include/ur_msgs/ur_msgs/action/detail/follow_joint_trajectory_until__functions.c
[3.060s] -- Up-to-date: /home/administrator/Masterproject2/20_ROS/src/Robots/install/ur_msgs/include/ur_msgs/ur_msgs/action/detail/send_script__type_support.c
[3.060s] -- Up-to-date: /home/administrator/Masterproject2/20_ROS/src/Robots/install/ur_msgs/include/ur_msgs/ur_msgs/action/detail/tool_contact__type_support.h
[3.060s] -- Up-to-date: /home/administrator/Masterproject2/20_ROS/src/Robots/install/ur_msgs/include/ur_msgs/ur_msgs/action/detail/follow_joint_trajectory_until__type_support.c
[3.060s] -- Up-to-date: /home/administrator/Masterproject2/20_ROS/src/Robots/install/ur_msgs/include/ur_msgs/ur_msgs/action/detail/send_script__description.c
[3.060s] -- Up-to-date: /home/administrator/Masterproject2/20_ROS/src/Robots/install/ur_msgs/include/ur_msgs/ur_msgs/action/detail/follow_joint_trajectory_until__struct.h
[3.060s] -- Up-to-date: /home/administrator/Masterproject2/20_ROS/src/Robots/install/ur_msgs/include/ur_msgs/ur_msgs/action/detail/tool_contact__functions.h
[3.060s] -- Up-to-date: /home/administrator/Masterproject2/20_ROS/src/Robots/install/ur_msgs/include/ur_msgs/ur_msgs/action/detail/follow_joint_trajectory_until__description.c
[3.060s] -- Up-to-date: /home/administrator/Masterproject2/20_ROS/src/Robots/install/ur_msgs/include/ur_msgs/ur_msgs/action/detail/tool_contact__struct.h
[3.060s] -- Up-to-date: /home/administrator/Masterproject2/20_ROS/src/Robots/install/ur_msgs/include/ur_msgs/ur_msgs/action/detail/send_script__struct.h
[3.060s] -- Up-to-date: /home/administrator/Masterproject2/20_ROS/src/Robots/install/ur_msgs/include/ur_msgs/ur_msgs/action/detail/tool_contact__type_support.c
[3.061s] -- Up-to-date: /home/administrator/Masterproject2/20_ROS/src/Robots/install/ur_msgs/include/ur_msgs/ur_msgs/action/detail/tool_contact__description.c
[3.061s] -- Up-to-date: /home/administrator/Masterproject2/20_ROS/src/Robots/install/ur_msgs/include/ur_msgs/ur_msgs/action/detail/tool_contact__functions.c
[3.061s] -- Up-to-date: /home/administrator/Masterproject2/20_ROS/src/Robots/install/ur_msgs/include/ur_msgs/ur_msgs/action/detail/follow_joint_trajectory_until__type_support.h
[3.061s] -- Up-to-date: /home/administrator/Masterproject2/20_ROS/src/Robots/install/ur_msgs/include/ur_msgs/ur_msgs/action/detail/send_script__functions.h
[3.061s] -- Up-to-date: /home/administrator/Masterproject2/20_ROS/src/Robots/install/ur_msgs/include/ur_msgs/ur_msgs/action/detail/follow_joint_trajectory_until__functions.h
[3.061s] -- Up-to-date: /home/administrator/Masterproject2/20_ROS/src/Robots/install/ur_msgs/include/ur_msgs/ur_msgs/action/detail/send_script__type_support.h
[3.061s] -- Up-to-date: /home/administrator/Masterproject2/20_ROS/src/Robots/install/ur_msgs/include/ur_msgs/ur_msgs/action/detail/send_script__functions.c
[3.061s] -- Up-to-date: /home/administrator/Masterproject2/20_ROS/src/Robots/install/ur_msgs/share/ur_msgs/environment/library_path.sh
[3.061s] -- Up-to-date: /home/administrator/Masterproject2/20_ROS/src/Robots/install/ur_msgs/share/ur_msgs/environment/library_path.dsv
[3.061s] -- Up-to-date: /home/administrator/Masterproject2/20_ROS/src/Robots/install/ur_msgs/lib/libur_msgs__rosidl_generator_c.so
[3.061s] -- Up-to-date: /home/administrator/Masterproject2/20_ROS/src/Robots/install/ur_msgs/include/ur_msgs/ur_msgs
[3.061s] -- Up-to-date: /home/administrator/Masterproject2/20_ROS/src/Robots/install/ur_msgs/include/ur_msgs/ur_msgs/msg
[3.061s] -- Up-to-date: /home/administrator/Masterproject2/20_ROS/src/Robots/install/ur_msgs/include/ur_msgs/ur_msgs/msg/detail
[3.061s] -- Up-to-date: /home/administrator/Masterproject2/20_ROS/src/Robots/install/ur_msgs/include/ur_msgs/ur_msgs/msg/detail/friction_model_parameters__rosidl_typesupport_fastrtps_c.h
[3.061s] -- Up-to-date: /home/administrator/Masterproject2/20_ROS/src/Robots/install/ur_msgs/include/ur_msgs/ur_msgs/msg/detail/masterboard_data_msg__rosidl_typesupport_fastrtps_c.h
[3.061s] -- Up-to-date: /home/administrator/Masterproject2/20_ROS/src/Robots/install/ur_msgs/include/ur_msgs/ur_msgs/msg/detail/tool_data_msg__rosidl_typesupport_fastrtps_c.h
[3.061s] -- Up-to-date: /home/administrator/Masterproject2/20_ROS/src/Robots/install/ur_msgs/include/ur_msgs/ur_msgs/msg/detail/io_states__rosidl_typesupport_fastrtps_c.h
[3.061s] -- Up-to-date: /home/administrator/Masterproject2/20_ROS/src/Robots/install/ur_msgs/include/ur_msgs/ur_msgs/msg/detail/analog__rosidl_typesupport_fastrtps_c.h
[3.061s] -- Up-to-date: /home/administrator/Masterproject2/20_ROS/src/Robots/install/ur_msgs/include/ur_msgs/ur_msgs/msg/detail/robot_state_rt_msg__rosidl_typesupport_fastrtps_c.h
[3.061s] -- Up-to-date: /home/administrator/Masterproject2/20_ROS/src/Robots/install/ur_msgs/include/ur_msgs/ur_msgs/msg/detail/robot_mode_data_msg__rosidl_typesupport_fastrtps_c.h
[3.061s] -- Up-to-date: /home/administrator/Masterproject2/20_ROS/src/Robots/install/ur_msgs/include/ur_msgs/ur_msgs/msg/detail/digital__rosidl_typesupport_fastrtps_c.h
[3.061s] -- Up-to-date: /home/administrator/Masterproject2/20_ROS/src/Robots/install/ur_msgs/include/ur_msgs/ur_msgs/msg/rosidl_typesupport_fastrtps_c__visibility_control.h
[3.061s] -- Up-to-date: /home/administrator/Masterproject2/20_ROS/src/Robots/install/ur_msgs/include/ur_msgs/ur_msgs/srv
[3.061s] -- Up-to-date: /home/administrator/Masterproject2/20_ROS/src/Robots/install/ur_msgs/include/ur_msgs/ur_msgs/srv/detail
[3.061s] -- Up-to-date: /home/administrator/Masterproject2/20_ROS/src/Robots/install/ur_msgs/include/ur_msgs/ur_msgs/srv/detail/set_speed_slider_fraction__rosidl_typesupport_fastrtps_c.h
[3.061s] -- Up-to-date: /home/administrator/Masterproject2/20_ROS/src/Robots/install/ur_msgs/include/ur_msgs/ur_msgs/srv/detail/set_payload__rosidl_typesupport_fastrtps_c.h
[3.061s] -- Up-to-date: /home/administrator/Masterproject2/20_ROS/src/Robots/install/ur_msgs/include/ur_msgs/ur_msgs/srv/detail/set_io__rosidl_typesupport_fastrtps_c.h
[3.061s] -- Up-to-date: /home/administrator/Masterproject2/20_ROS/src/Robots/install/ur_msgs/include/ur_msgs/ur_msgs/srv/detail/set_gravity__rosidl_typesupport_fastrtps_c.h
[3.061s] -- Up-to-date: /home/administrator/Masterproject2/20_ROS/src/Robots/install/ur_msgs/include/ur_msgs/ur_msgs/srv/detail/set_analog_output__rosidl_typesupport_fastrtps_c.h
[3.061s] -- Up-to-date: /home/administrator/Masterproject2/20_ROS/src/Robots/install/ur_msgs/include/ur_msgs/ur_msgs/srv/detail/get_robot_software_version__rosidl_typesupport_fastrtps_c.h
[3.064s] -- Up-to-date: /home/administrator/Masterproject2/20_ROS/src/Robots/install/ur_msgs/include/ur_msgs/ur_msgs/srv/detail/set_friction_model_parameters__rosidl_typesupport_fastrtps_c.h
[3.064s] -- Up-to-date: /home/administrator/Masterproject2/20_ROS/src/Robots/install/ur_msgs/include/ur_msgs/ur_msgs/srv/detail/set_force_mode__rosidl_typesupport_fastrtps_c.h
[3.064s] -- Up-to-date: /home/administrator/Masterproject2/20_ROS/src/Robots/install/ur_msgs/include/ur_msgs/ur_msgs/action
[3.064s] -- Up-to-date: /home/administrator/Masterproject2/20_ROS/src/Robots/install/ur_msgs/include/ur_msgs/ur_msgs/action/detail
[3.064s] -- Up-to-date: /home/administrator/Masterproject2/20_ROS/src/Robots/install/ur_msgs/include/ur_msgs/ur_msgs/action/detail/follow_joint_trajectory_until__rosidl_typesupport_fastrtps_c.h
[3.064s] -- Up-to-date: /home/administrator/Masterproject2/20_ROS/src/Robots/install/ur_msgs/include/ur_msgs/ur_msgs/action/detail/tool_contact__rosidl_typesupport_fastrtps_c.h
[3.064s] -- Up-to-date: /home/administrator/Masterproject2/20_ROS/src/Robots/install/ur_msgs/include/ur_msgs/ur_msgs/action/detail/send_script__rosidl_typesupport_fastrtps_c.h
[3.064s] -- Up-to-date: /home/administrator/Masterproject2/20_ROS/src/Robots/install/ur_msgs/lib/libur_msgs__rosidl_typesupport_fastrtps_c.so
[3.064s] -- Up-to-date: /home/administrator/Masterproject2/20_ROS/src/Robots/install/ur_msgs/include/ur_msgs/ur_msgs
[3.064s] -- Up-to-date: /home/administrator/Masterproject2/20_ROS/src/Robots/install/ur_msgs/include/ur_msgs/ur_msgs/msg
[3.064s] -- Up-to-date: /home/administrator/Masterproject2/20_ROS/src/Robots/install/ur_msgs/include/ur_msgs/ur_msgs/msg/io_states.hpp
[3.064s] -- Up-to-date: /home/administrator/Masterproject2/20_ROS/src/Robots/install/ur_msgs/include/ur_msgs/ur_msgs/msg/robot_mode_data_msg.hpp
[3.064s] -- Up-to-date: /home/administrator/Masterproject2/20_ROS/src/Robots/install/ur_msgs/include/ur_msgs/ur_msgs/msg/analog.hpp
[3.064s] -- Up-to-date: /home/administrator/Masterproject2/20_ROS/src/Robots/install/ur_msgs/include/ur_msgs/ur_msgs/msg/tool_data_msg.hpp
[3.064s] -- Up-to-date: /home/administrator/Masterproject2/20_ROS/src/Robots/install/ur_msgs/include/ur_msgs/ur_msgs/msg/rosidl_generator_cpp__visibility_control.hpp
[3.064s] -- Up-to-date: /home/administrator/Masterproject2/20_ROS/src/Robots/install/ur_msgs/include/ur_msgs/ur_msgs/msg/friction_model_parameters.hpp
[3.064s] -- Up-to-date: /home/administrator/Masterproject2/20_ROS/src/Robots/install/ur_msgs/include/ur_msgs/ur_msgs/msg/masterboard_data_msg.hpp
[3.064s] -- Up-to-date: /home/administrator/Masterproject2/20_ROS/src/Robots/install/ur_msgs/include/ur_msgs/ur_msgs/msg/robot_state_rt_msg.hpp
[3.065s] -- Up-to-date: /home/administrator/Masterproject2/20_ROS/src/Robots/install/ur_msgs/include/ur_msgs/ur_msgs/msg/detail
[3.065s] -- Up-to-date: /home/administrator/Masterproject2/20_ROS/src/Robots/install/ur_msgs/include/ur_msgs/ur_msgs/msg/detail/digital__traits.hpp
[3.065s] -- Up-to-date: /home/administrator/Masterproject2/20_ROS/src/Robots/install/ur_msgs/include/ur_msgs/ur_msgs/msg/detail/analog__type_support.hpp
[3.065s] -- Up-to-date: /home/administrator/Masterproject2/20_ROS/src/Robots/install/ur_msgs/include/ur_msgs/ur_msgs/msg/detail/robot_state_rt_msg__struct.hpp
[3.068s] -- Up-to-date: /home/administrator/Masterproject2/20_ROS/src/Robots/install/ur_msgs/include/ur_msgs/ur_msgs/msg/detail/masterboard_data_msg__struct.hpp
[3.069s] -- Up-to-date: /home/administrator/Masterproject2/20_ROS/src/Robots/install/ur_msgs/include/ur_msgs/ur_msgs/msg/detail/robot_mode_data_msg__type_support.hpp
[3.069s] -- Up-to-date: /home/administrator/Masterproject2/20_ROS/src/Robots/install/ur_msgs/include/ur_msgs/ur_msgs/msg/detail/robot_mode_data_msg__traits.hpp
[3.069s] -- Up-to-date: /home/administrator/Masterproject2/20_ROS/src/Robots/install/ur_msgs/include/ur_msgs/ur_msgs/msg/detail/io_states__struct.hpp
[3.069s] -- Up-to-date: /home/administrator/Masterproject2/20_ROS/src/Robots/install/ur_msgs/include/ur_msgs/ur_msgs/msg/detail/analog__struct.hpp
[3.069s] -- Up-to-date: /home/administrator/Masterproject2/20_ROS/src/Robots/install/ur_msgs/include/ur_msgs/ur_msgs/msg/detail/robot_state_rt_msg__builder.hpp
[3.069s] -- Up-to-date: /home/administrator/Masterproject2/20_ROS/src/Robots/install/ur_msgs/include/ur_msgs/ur_msgs/msg/detail/robot_state_rt_msg__traits.hpp
[3.069s] -- Up-to-date: /home/administrator/Masterproject2/20_ROS/src/Robots/install/ur_msgs/include/ur_msgs/ur_msgs/msg/detail/robot_state_rt_msg__type_support.hpp
[3.069s] -- Up-to-date: /home/administrator/Masterproject2/20_ROS/src/Robots/install/ur_msgs/include/ur_msgs/ur_msgs/msg/detail/robot_mode_data_msg__builder.hpp
[3.069s] -- Up-to-date: /home/administrator/Masterproject2/20_ROS/src/Robots/install/ur_msgs/include/ur_msgs/ur_msgs/msg/detail/digital__struct.hpp
[3.069s] -- Up-to-date: /home/administrator/Masterproject2/20_ROS/src/Robots/install/ur_msgs/include/ur_msgs/ur_msgs/msg/detail/masterboard_data_msg__builder.hpp
[3.069s] -- Up-to-date: /home/administrator/Masterproject2/20_ROS/src/Robots/install/ur_msgs/include/ur_msgs/ur_msgs/msg/detail/friction_model_parameters__type_support.hpp
[3.069s] -- Up-to-date: /home/administrator/Masterproject2/20_ROS/src/Robots/install/ur_msgs/include/ur_msgs/ur_msgs/msg/detail/io_states__type_support.hpp
[3.069s] -- Up-to-date: /home/administrator/Masterproject2/20_ROS/src/Robots/install/ur_msgs/include/ur_msgs/ur_msgs/msg/detail/friction_model_parameters__traits.hpp
[3.069s] -- Up-to-date: /home/administrator/Masterproject2/20_ROS/src/Robots/install/ur_msgs/include/ur_msgs/ur_msgs/msg/detail/robot_mode_data_msg__struct.hpp
[3.069s] -- Up-to-date: /home/administrator/Masterproject2/20_ROS/src/Robots/install/ur_msgs/include/ur_msgs/ur_msgs/msg/detail/io_states__traits.hpp
[3.069s] -- Up-to-date: /home/administrator/Masterproject2/20_ROS/src/Robots/install/ur_msgs/include/ur_msgs/ur_msgs/msg/detail/masterboard_data_msg__type_support.hpp
[3.069s] -- Up-to-date: /home/administrator/Masterproject2/20_ROS/src/Robots/install/ur_msgs/include/ur_msgs/ur_msgs/msg/detail/analog__builder.hpp
[3.069s] -- Up-to-date: /home/administrator/Masterproject2/20_ROS/src/Robots/install/ur_msgs/include/ur_msgs/ur_msgs/msg/detail/friction_model_parameters__struct.hpp
[3.069s] -- Up-to-date: /home/administrator/Masterproject2/20_ROS/src/Robots/install/ur_msgs/include/ur_msgs/ur_msgs/msg/detail/friction_model_parameters__builder.hpp
[3.069s] -- Up-to-date: /home/administrator/Masterproject2/20_ROS/src/Robots/install/ur_msgs/include/ur_msgs/ur_msgs/msg/detail/digital__type_support.hpp
[3.069s] -- Up-to-date: /home/administrator/Masterproject2/20_ROS/src/Robots/install/ur_msgs/include/ur_msgs/ur_msgs/msg/detail/masterboard_data_msg__traits.hpp
[3.069s] -- Up-to-date: /home/administrator/Masterproject2/20_ROS/src/Robots/install/ur_msgs/include/ur_msgs/ur_msgs/msg/detail/analog__traits.hpp
[3.069s] -- Up-to-date: /home/administrator/Masterproject2/20_ROS/src/Robots/install/ur_msgs/include/ur_msgs/ur_msgs/msg/detail/tool_data_msg__struct.hpp
[3.069s] -- Up-to-date: /home/administrator/Masterproject2/20_ROS/src/Robots/install/ur_msgs/include/ur_msgs/ur_msgs/msg/detail/tool_data_msg__traits.hpp
[3.069s] -- Up-to-date: /home/administrator/Masterproject2/20_ROS/src/Robots/install/ur_msgs/include/ur_msgs/ur_msgs/msg/detail/digital__builder.hpp
[3.069s] -- Up-to-date: /home/administrator/Masterproject2/20_ROS/src/Robots/install/ur_msgs/include/ur_msgs/ur_msgs/msg/detail/tool_data_msg__type_support.hpp
[3.069s] -- Up-to-date: /home/administrator/Masterproject2/20_ROS/src/Robots/install/ur_msgs/include/ur_msgs/ur_msgs/msg/detail/tool_data_msg__builder.hpp
[3.069s] -- Up-to-date: /home/administrator/Masterproject2/20_ROS/src/Robots/install/ur_msgs/include/ur_msgs/ur_msgs/msg/detail/io_states__builder.hpp
[3.069s] -- Up-to-date: /home/administrator/Masterproject2/20_ROS/src/Robots/install/ur_msgs/include/ur_msgs/ur_msgs/msg/digital.hpp
[3.069s] -- Up-to-date: /home/administrator/Masterproject2/20_ROS/src/Robots/install/ur_msgs/include/ur_msgs/ur_msgs/srv
[3.070s] -- Up-to-date: /home/administrator/Masterproject2/20_ROS/src/Robots/install/ur_msgs/include/ur_msgs/ur_msgs/srv/set_friction_model_parameters.hpp
[3.070s] -- Up-to-date: /home/administrator/Masterproject2/20_ROS/src/Robots/install/ur_msgs/include/ur_msgs/ur_msgs/srv/set_payload.hpp
[3.070s] -- Up-to-date: /home/administrator/Masterproject2/20_ROS/src/Robots/install/ur_msgs/include/ur_msgs/ur_msgs/srv/set_force_mode.hpp
[3.070s] -- Up-to-date: /home/administrator/Masterproject2/20_ROS/src/Robots/install/ur_msgs/include/ur_msgs/ur_msgs/srv/set_io.hpp
[3.070s] -- Up-to-date: /home/administrator/Masterproject2/20_ROS/src/Robots/install/ur_msgs/include/ur_msgs/ur_msgs/srv/get_robot_software_version.hpp
[3.070s] -- Up-to-date: /home/administrator/Masterproject2/20_ROS/src/Robots/install/ur_msgs/include/ur_msgs/ur_msgs/srv/detail
[3.070s] -- Up-to-date: /home/administrator/Masterproject2/20_ROS/src/Robots/install/ur_msgs/include/ur_msgs/ur_msgs/srv/detail/set_analog_output__type_support.hpp
[3.070s] -- Up-to-date: /home/administrator/Masterproject2/20_ROS/src/Robots/install/ur_msgs/include/ur_msgs/ur_msgs/srv/detail/set_speed_slider_fraction__struct.hpp
[3.070s] -- Up-to-date: /home/administrator/Masterproject2/20_ROS/src/Robots/install/ur_msgs/include/ur_msgs/ur_msgs/srv/detail/get_robot_software_version__builder.hpp
[3.070s] -- Up-to-date: /home/administrator/Masterproject2/20_ROS/src/Robots/install/ur_msgs/include/ur_msgs/ur_msgs/srv/detail/get_robot_software_version__type_support.hpp
[3.070s] -- Up-to-date: /home/administrator/Masterproject2/20_ROS/src/Robots/install/ur_msgs/include/ur_msgs/ur_msgs/srv/detail/set_friction_model_parameters__traits.hpp
[3.070s] -- Up-to-date: /home/administrator/Masterproject2/20_ROS/src/Robots/install/ur_msgs/include/ur_msgs/ur_msgs/srv/detail/set_gravity__builder.hpp
[3.070s] -- Up-to-date: /home/administrator/Masterproject2/20_ROS/src/Robots/install/ur_msgs/include/ur_msgs/ur_msgs/srv/detail/set_gravity__struct.hpp
[3.070s] -- Up-to-date: /home/administrator/Masterproject2/20_ROS/src/Robots/install/ur_msgs/include/ur_msgs/ur_msgs/srv/detail/set_io__traits.hpp
[3.070s] -- Up-to-date: /home/administrator/Masterproject2/20_ROS/src/Robots/install/ur_msgs/include/ur_msgs/ur_msgs/srv/detail/set_analog_output__traits.hpp
[3.070s] -- Up-to-date: /home/administrator/Masterproject2/20_ROS/src/Robots/install/ur_msgs/include/ur_msgs/ur_msgs/srv/detail/set_friction_model_parameters__struct.hpp
[3.070s] -- Up-to-date: /home/administrator/Masterproject2/20_ROS/src/Robots/install/ur_msgs/include/ur_msgs/ur_msgs/srv/detail/set_speed_slider_fraction__traits.hpp
[3.070s] -- Up-to-date: /home/administrator/Masterproject2/20_ROS/src/Robots/install/ur_msgs/include/ur_msgs/ur_msgs/srv/detail/set_speed_slider_fraction__builder.hpp
[3.070s] -- Up-to-date: /home/administrator/Masterproject2/20_ROS/src/Robots/install/ur_msgs/include/ur_msgs/ur_msgs/srv/detail/set_gravity__traits.hpp
[3.070s] -- Up-to-date: /home/administrator/Masterproject2/20_ROS/src/Robots/install/ur_msgs/include/ur_msgs/ur_msgs/srv/detail/set_force_mode__struct.hpp
[3.070s] -- Up-to-date: /home/administrator/Masterproject2/20_ROS/src/Robots/install/ur_msgs/include/ur_msgs/ur_msgs/srv/detail/set_payload__struct.hpp
[3.070s] -- Up-to-date: /home/administrator/Masterproject2/20_ROS/src/Robots/install/ur_msgs/include/ur_msgs/ur_msgs/srv/detail/set_payload__traits.hpp
[3.070s] -- Up-to-date: /home/administrator/Masterproject2/20_ROS/src/Robots/install/ur_msgs/include/ur_msgs/ur_msgs/srv/detail/get_robot_software_version__traits.hpp
[3.070s] -- Up-to-date: /home/administrator/Masterproject2/20_ROS/src/Robots/install/ur_msgs/include/ur_msgs/ur_msgs/srv/detail/set_friction_model_parameters__builder.hpp
[3.070s] -- Up-to-date: /home/administrator/Masterproject2/20_ROS/src/Robots/install/ur_msgs/include/ur_msgs/ur_msgs/srv/detail/set_force_mode__type_support.hpp
[3.070s] -- Up-to-date: /home/administrator/Masterproject2/20_ROS/src/Robots/install/ur_msgs/include/ur_msgs/ur_msgs/srv/detail/set_gravity__type_support.hpp
[3.070s] -- Up-to-date: /home/administrator/Masterproject2/20_ROS/src/Robots/install/ur_msgs/include/ur_msgs/ur_msgs/srv/detail/set_io__type_support.hpp
[3.070s] -- Up-to-date: /home/administrator/Masterproject2/20_ROS/src/Robots/install/ur_msgs/include/ur_msgs/ur_msgs/srv/detail/set_speed_slider_fraction__type_support.hpp
[3.070s] -- Up-to-date: /home/administrator/Masterproject2/20_ROS/src/Robots/install/ur_msgs/include/ur_msgs/ur_msgs/srv/detail/set_payload__builder.hpp
[3.070s] -- Up-to-date: /home/administrator/Masterproject2/20_ROS/src/Robots/install/ur_msgs/include/ur_msgs/ur_msgs/srv/detail/set_force_mode__traits.hpp
[3.070s] -- Up-to-date: /home/administrator/Masterproject2/20_ROS/src/Robots/install/ur_msgs/include/ur_msgs/ur_msgs/srv/detail/set_force_mode__builder.hpp
[3.070s] -- Up-to-date: /home/administrator/Masterproject2/20_ROS/src/Robots/install/ur_msgs/include/ur_msgs/ur_msgs/srv/detail/get_robot_software_version__struct.hpp
[3.071s] -- Up-to-date: /home/administrator/Masterproject2/20_ROS/src/Robots/install/ur_msgs/include/ur_msgs/ur_msgs/srv/detail/set_analog_output__struct.hpp
[3.071s] -- Up-to-date: /home/administrator/Masterproject2/20_ROS/src/Robots/install/ur_msgs/include/ur_msgs/ur_msgs/srv/detail/set_analog_output__builder.hpp
[3.071s] -- Up-to-date: /home/administrator/Masterproject2/20_ROS/src/Robots/install/ur_msgs/include/ur_msgs/ur_msgs/srv/detail/set_friction_model_parameters__type_support.hpp
[3.071s] -- Up-to-date: /home/administrator/Masterproject2/20_ROS/src/Robots/install/ur_msgs/include/ur_msgs/ur_msgs/srv/detail/set_io__struct.hpp
[3.071s] -- Up-to-date: /home/administrator/Masterproject2/20_ROS/src/Robots/install/ur_msgs/include/ur_msgs/ur_msgs/srv/detail/set_io__builder.hpp
[3.071s] -- Up-to-date: /home/administrator/Masterproject2/20_ROS/src/Robots/install/ur_msgs/include/ur_msgs/ur_msgs/srv/detail/set_payload__type_support.hpp
[3.071s] -- Up-to-date: /home/administrator/Masterproject2/20_ROS/src/Robots/install/ur_msgs/include/ur_msgs/ur_msgs/srv/set_speed_slider_fraction.hpp
[3.071s] -- Up-to-date: /home/administrator/Masterproject2/20_ROS/src/Robots/install/ur_msgs/include/ur_msgs/ur_msgs/srv/set_analog_output.hpp
[3.071s] -- Up-to-date: /home/administrator/Masterproject2/20_ROS/src/Robots/install/ur_msgs/include/ur_msgs/ur_msgs/srv/set_gravity.hpp
[3.071s] -- Up-to-date: /home/administrator/Masterproject2/20_ROS/src/Robots/install/ur_msgs/include/ur_msgs/ur_msgs/action
[3.071s] -- Up-to-date: /home/administrator/Masterproject2/20_ROS/src/Robots/install/ur_msgs/include/ur_msgs/ur_msgs/action/tool_contact.hpp
[3.071s] -- Up-to-date: /home/administrator/Masterproject2/20_ROS/src/Robots/install/ur_msgs/include/ur_msgs/ur_msgs/action/send_script.hpp
[3.071s] -- Up-to-date: /home/administrator/Masterproject2/20_ROS/src/Robots/install/ur_msgs/include/ur_msgs/ur_msgs/action/detail
[3.071s] -- Up-to-date: /home/administrator/Masterproject2/20_ROS/src/Robots/install/ur_msgs/include/ur_msgs/ur_msgs/action/detail/tool_contact__struct.hpp
[3.071s] -- Up-to-date: /home/administrator/Masterproject2/20_ROS/src/Robots/install/ur_msgs/include/ur_msgs/ur_msgs/action/detail/tool_contact__type_support.hpp
[3.071s] -- Up-to-date: /home/administrator/Masterproject2/20_ROS/src/Robots/install/ur_msgs/include/ur_msgs/ur_msgs/action/detail/follow_joint_trajectory_until__type_support.hpp
[3.071s] -- Up-to-date: /home/administrator/Masterproject2/20_ROS/src/Robots/install/ur_msgs/include/ur_msgs/ur_msgs/action/detail/send_script__builder.hpp
[3.071s] -- Up-to-date: /home/administrator/Masterproject2/20_ROS/src/Robots/install/ur_msgs/include/ur_msgs/ur_msgs/action/detail/send_script__struct.hpp
[3.071s] -- Up-to-date: /home/administrator/Masterproject2/20_ROS/src/Robots/install/ur_msgs/include/ur_msgs/ur_msgs/action/detail/follow_joint_trajectory_until__traits.hpp
[3.071s] -- Up-to-date: /home/administrator/Masterproject2/20_ROS/src/Robots/install/ur_msgs/include/ur_msgs/ur_msgs/action/detail/tool_contact__traits.hpp
[3.071s] -- Up-to-date: /home/administrator/Masterproject2/20_ROS/src/Robots/install/ur_msgs/include/ur_msgs/ur_msgs/action/detail/send_script__traits.hpp
[3.071s] -- Up-to-date: /home/administrator/Masterproject2/20_ROS/src/Robots/install/ur_msgs/include/ur_msgs/ur_msgs/action/detail/follow_joint_trajectory_until__builder.hpp
[3.071s] -- Up-to-date: /home/administrator/Masterproject2/20_ROS/src/Robots/install/ur_msgs/include/ur_msgs/ur_msgs/action/detail/tool_contact__builder.hpp
[3.071s] -- Up-to-date: /home/administrator/Masterproject2/20_ROS/src/Robots/install/ur_msgs/include/ur_msgs/ur_msgs/action/detail/follow_joint_trajectory_until__struct.hpp
[3.071s] -- Up-to-date: /home/administrator/Masterproject2/20_ROS/src/Robots/install/ur_msgs/include/ur_msgs/ur_msgs/action/detail/send_script__type_support.hpp
[3.071s] -- Up-to-date: /home/administrator/Masterproject2/20_ROS/src/Robots/install/ur_msgs/include/ur_msgs/ur_msgs/action/follow_joint_trajectory_until.hpp
[3.071s] -- Up-to-date: /home/administrator/Masterproject2/20_ROS/src/Robots/install/ur_msgs/include/ur_msgs/ur_msgs
[3.071s] -- Up-to-date: /home/administrator/Masterproject2/20_ROS/src/Robots/install/ur_msgs/include/ur_msgs/ur_msgs/msg
[3.071s] -- Up-to-date: /home/administrator/Masterproject2/20_ROS/src/Robots/install/ur_msgs/include/ur_msgs/ur_msgs/msg/rosidl_typesupport_fastrtps_cpp__visibility_control.h
[3.072s] -- Up-to-date: /home/administrator/Masterproject2/20_ROS/src/Robots/install/ur_msgs/include/ur_msgs/ur_msgs/msg/detail
[3.072s] -- Up-to-date: /home/administrator/Masterproject2/20_ROS/src/Robots/install/ur_msgs/include/ur_msgs/ur_msgs/msg/detail/robot_mode_data_msg__rosidl_typesupport_fastrtps_cpp.hpp
[3.072s] -- Up-to-date: /home/administrator/Masterproject2/20_ROS/src/Robots/install/ur_msgs/include/ur_msgs/ur_msgs/msg/detail/tool_data_msg__rosidl_typesupport_fastrtps_cpp.hpp
[3.072s] -- Up-to-date: /home/administrator/Masterproject2/20_ROS/src/Robots/install/ur_msgs/include/ur_msgs/ur_msgs/msg/detail/masterboard_data_msg__rosidl_typesupport_fastrtps_cpp.hpp
[3.072s] -- Up-to-date: /home/administrator/Masterproject2/20_ROS/src/Robots/install/ur_msgs/include/ur_msgs/ur_msgs/msg/detail/friction_model_parameters__rosidl_typesupport_fastrtps_cpp.hpp
[3.072s] -- Up-to-date: /home/administrator/Masterproject2/20_ROS/src/Robots/install/ur_msgs/include/ur_msgs/ur_msgs/msg/detail/analog__rosidl_typesupport_fastrtps_cpp.hpp
[3.072s] -- Up-to-date: /home/administrator/Masterproject2/20_ROS/src/Robots/install/ur_msgs/include/ur_msgs/ur_msgs/msg/detail/digital__rosidl_typesupport_fastrtps_cpp.hpp
[3.072s] -- Up-to-date: /home/administrator/Masterproject2/20_ROS/src/Robots/install/ur_msgs/include/ur_msgs/ur_msgs/msg/detail/robot_state_rt_msg__rosidl_typesupport_fastrtps_cpp.hpp
[3.072s] -- Up-to-date: /home/administrator/Masterproject2/20_ROS/src/Robots/install/ur_msgs/include/ur_msgs/ur_msgs/msg/detail/dds_fastrtps
[3.072s] -- Up-to-date: /home/administrator/Masterproject2/20_ROS/src/Robots/install/ur_msgs/include/ur_msgs/ur_msgs/msg/detail/io_states__rosidl_typesupport_fastrtps_cpp.hpp
[3.072s] -- Up-to-date: /home/administrator/Masterproject2/20_ROS/src/Robots/install/ur_msgs/include/ur_msgs/ur_msgs/srv
[3.072s] -- Up-to-date: /home/administrator/Masterproject2/20_ROS/src/Robots/install/ur_msgs/include/ur_msgs/ur_msgs/srv/detail
[3.072s] -- Up-to-date: /home/administrator/Masterproject2/20_ROS/src/Robots/install/ur_msgs/include/ur_msgs/ur_msgs/srv/detail/set_payload__rosidl_typesupport_fastrtps_cpp.hpp
[3.072s] -- Up-to-date: /home/administrator/Masterproject2/20_ROS/src/Robots/install/ur_msgs/include/ur_msgs/ur_msgs/srv/detail/set_speed_slider_fraction__rosidl_typesupport_fastrtps_cpp.hpp
[3.072s] -- Up-to-date: /home/administrator/Masterproject2/20_ROS/src/Robots/install/ur_msgs/include/ur_msgs/ur_msgs/srv/detail/set_force_mode__rosidl_typesupport_fastrtps_cpp.hpp
[3.072s] -- Up-to-date: /home/administrator/Masterproject2/20_ROS/src/Robots/install/ur_msgs/include/ur_msgs/ur_msgs/srv/detail/set_friction_model_parameters__rosidl_typesupport_fastrtps_cpp.hpp
[3.072s] -- Up-to-date: /home/administrator/Masterproject2/20_ROS/src/Robots/install/ur_msgs/include/ur_msgs/ur_msgs/srv/detail/get_robot_software_version__rosidl_typesupport_fastrtps_cpp.hpp
[3.072s] -- Up-to-date: /home/administrator/Masterproject2/20_ROS/src/Robots/install/ur_msgs/include/ur_msgs/ur_msgs/srv/detail/set_gravity__rosidl_typesupport_fastrtps_cpp.hpp
[3.072s] -- Up-to-date: /home/administrator/Masterproject2/20_ROS/src/Robots/install/ur_msgs/include/ur_msgs/ur_msgs/srv/detail/set_analog_output__rosidl_typesupport_fastrtps_cpp.hpp
[3.072s] -- Up-to-date: /home/administrator/Masterproject2/20_ROS/src/Robots/install/ur_msgs/include/ur_msgs/ur_msgs/srv/detail/set_io__rosidl_typesupport_fastrtps_cpp.hpp
[3.072s] -- Up-to-date: /home/administrator/Masterproject2/20_ROS/src/Robots/install/ur_msgs/include/ur_msgs/ur_msgs/srv/detail/dds_fastrtps
[3.072s] -- Up-to-date: /home/administrator/Masterproject2/20_ROS/src/Robots/install/ur_msgs/include/ur_msgs/ur_msgs/action
[3.072s] -- Up-to-date: /home/administrator/Masterproject2/20_ROS/src/Robots/install/ur_msgs/include/ur_msgs/ur_msgs/action/detail
[3.072s] -- Up-to-date: /home/administrator/Masterproject2/20_ROS/src/Robots/install/ur_msgs/include/ur_msgs/ur_msgs/action/detail/tool_contact__rosidl_typesupport_fastrtps_cpp.hpp
[3.072s] -- Up-to-date: /home/administrator/Masterproject2/20_ROS/src/Robots/install/ur_msgs/include/ur_msgs/ur_msgs/action/detail/send_script__rosidl_typesupport_fastrtps_cpp.hpp
[3.072s] -- Up-to-date: /home/administrator/Masterproject2/20_ROS/src/Robots/install/ur_msgs/include/ur_msgs/ur_msgs/action/detail/follow_joint_trajectory_until__rosidl_typesupport_fastrtps_cpp.hpp
[3.072s] -- Up-to-date: /home/administrator/Masterproject2/20_ROS/src/Robots/install/ur_msgs/include/ur_msgs/ur_msgs/action/detail/dds_fastrtps
[3.072s] -- Up-to-date: /home/administrator/Masterproject2/20_ROS/src/Robots/install/ur_msgs/lib/libur_msgs__rosidl_typesupport_fastrtps_cpp.so
[3.072s] -- Up-to-date: /home/administrator/Masterproject2/20_ROS/src/Robots/install/ur_msgs/include/ur_msgs/ur_msgs
[3.072s] -- Up-to-date: /home/administrator/Masterproject2/20_ROS/src/Robots/install/ur_msgs/include/ur_msgs/ur_msgs/msg
[3.072s] -- Up-to-date: /home/administrator/Masterproject2/20_ROS/src/Robots/install/ur_msgs/include/ur_msgs/ur_msgs/msg/rosidl_typesupport_introspection_c__visibility_control.h
[3.072s] -- Up-to-date: /home/administrator/Masterproject2/20_ROS/src/Robots/install/ur_msgs/include/ur_msgs/ur_msgs/msg/detail
[3.073s] -- Up-to-date: /home/administrator/Masterproject2/20_ROS/src/Robots/install/ur_msgs/include/ur_msgs/ur_msgs/msg/detail/robot_state_rt_msg__rosidl_typesupport_introspection_c.h
[3.073s] -- Up-to-date: /home/administrator/Masterproject2/20_ROS/src/Robots/install/ur_msgs/include/ur_msgs/ur_msgs/msg/detail/io_states__rosidl_typesupport_introspection_c.h
[3.073s] -- Up-to-date: /home/administrator/Masterproject2/20_ROS/src/Robots/install/ur_msgs/include/ur_msgs/ur_msgs/msg/detail/robot_mode_data_msg__type_support.c
[3.073s] -- Up-to-date: /home/administrator/Masterproject2/20_ROS/src/Robots/install/ur_msgs/include/ur_msgs/ur_msgs/msg/detail/friction_model_parameters__rosidl_typesupport_introspection_c.h
[3.073s] -- Up-to-date: /home/administrator/Masterproject2/20_ROS/src/Robots/install/ur_msgs/include/ur_msgs/ur_msgs/msg/detail/tool_data_msg__rosidl_typesupport_introspection_c.h
[3.073s] -- Up-to-date: /home/administrator/Masterproject2/20_ROS/src/Robots/install/ur_msgs/include/ur_msgs/ur_msgs/msg/detail/digital__type_support.c
[3.073s] -- Up-to-date: /home/administrator/Masterproject2/20_ROS/src/Robots/install/ur_msgs/include/ur_msgs/ur_msgs/msg/detail/io_states__type_support.c
[3.073s] -- Up-to-date: /home/administrator/Masterproject2/20_ROS/src/Robots/install/ur_msgs/include/ur_msgs/ur_msgs/msg/detail/analog__rosidl_typesupport_introspection_c.h
[3.073s] -- Up-to-date: /home/administrator/Masterproject2/20_ROS/src/Robots/install/ur_msgs/include/ur_msgs/ur_msgs/msg/detail/robot_mode_data_msg__rosidl_typesupport_introspection_c.h
[3.073s] -- Up-to-date: /home/administrator/Masterproject2/20_ROS/src/Robots/install/ur_msgs/include/ur_msgs/ur_msgs/msg/detail/friction_model_parameters__type_support.c
[3.073s] -- Up-to-date: /home/administrator/Masterproject2/20_ROS/src/Robots/install/ur_msgs/include/ur_msgs/ur_msgs/msg/detail/robot_state_rt_msg__type_support.c
[3.073s] -- Up-to-date: /home/administrator/Masterproject2/20_ROS/src/Robots/install/ur_msgs/include/ur_msgs/ur_msgs/msg/detail/digital__rosidl_typesupport_introspection_c.h
[3.073s] -- Up-to-date: /home/administrator/Masterproject2/20_ROS/src/Robots/install/ur_msgs/include/ur_msgs/ur_msgs/msg/detail/masterboard_data_msg__type_support.c
[3.073s] -- Up-to-date: /home/administrator/Masterproject2/20_ROS/src/Robots/install/ur_msgs/include/ur_msgs/ur_msgs/msg/detail/analog__type_support.c
[3.073s] -- Up-to-date: /home/administrator/Masterproject2/20_ROS/src/Robots/install/ur_msgs/include/ur_msgs/ur_msgs/msg/detail/tool_data_msg__type_support.c
[3.073s] -- Up-to-date: /home/administrator/Masterproject2/20_ROS/src/Robots/install/ur_msgs/include/ur_msgs/ur_msgs/msg/detail/masterboard_data_msg__rosidl_typesupport_introspection_c.h
[3.073s] -- Up-to-date: /home/administrator/Masterproject2/20_ROS/src/Robots/install/ur_msgs/include/ur_msgs/ur_msgs/srv
[3.073s] -- Up-to-date: /home/administrator/Masterproject2/20_ROS/src/Robots/install/ur_msgs/include/ur_msgs/ur_msgs/srv/detail
[3.073s] -- Up-to-date: /home/administrator/Masterproject2/20_ROS/src/Robots/install/ur_msgs/include/ur_msgs/ur_msgs/srv/detail/set_io__type_support.c
[3.073s] -- Up-to-date: /home/administrator/Masterproject2/20_ROS/src/Robots/install/ur_msgs/include/ur_msgs/ur_msgs/srv/detail/set_analog_output__rosidl_typesupport_introspection_c.h
[3.073s] -- Up-to-date: /home/administrator/Masterproject2/20_ROS/src/Robots/install/ur_msgs/include/ur_msgs/ur_msgs/srv/detail/set_friction_model_parameters__type_support.c
[3.073s] -- Up-to-date: /home/administrator/Masterproject2/20_ROS/src/Robots/install/ur_msgs/include/ur_msgs/ur_msgs/srv/detail/set_io__rosidl_typesupport_introspection_c.h
[3.073s] -- Up-to-date: /home/administrator/Masterproject2/20_ROS/src/Robots/install/ur_msgs/include/ur_msgs/ur_msgs/srv/detail/set_gravity__type_support.c
[3.073s] -- Up-to-date: /home/administrator/Masterproject2/20_ROS/src/Robots/install/ur_msgs/include/ur_msgs/ur_msgs/srv/detail/set_payload__rosidl_typesupport_introspection_c.h
[3.073s] -- Up-to-date: /home/administrator/Masterproject2/20_ROS/src/Robots/install/ur_msgs/include/ur_msgs/ur_msgs/srv/detail/set_force_mode__type_support.c
[3.073s] -- Up-to-date: /home/administrator/Masterproject2/20_ROS/src/Robots/install/ur_msgs/include/ur_msgs/ur_msgs/srv/detail/set_speed_slider_fraction__rosidl_typesupport_introspection_c.h
[3.073s] -- Up-to-date: /home/administrator/Masterproject2/20_ROS/src/Robots/install/ur_msgs/include/ur_msgs/ur_msgs/srv/detail/get_robot_software_version__type_support.c
[3.073s] -- Up-to-date: /home/administrator/Masterproject2/20_ROS/src/Robots/install/ur_msgs/include/ur_msgs/ur_msgs/srv/detail/set_analog_output__type_support.c
[3.073s] -- Up-to-date: /home/administrator/Masterproject2/20_ROS/src/Robots/install/ur_msgs/include/ur_msgs/ur_msgs/srv/detail/get_robot_software_version__rosidl_typesupport_introspection_c.h
[3.073s] -- Up-to-date: /home/administrator/Masterproject2/20_ROS/src/Robots/install/ur_msgs/include/ur_msgs/ur_msgs/srv/detail/set_force_mode__rosidl_typesupport_introspection_c.h
[3.073s] -- Up-to-date: /home/administrator/Masterproject2/20_ROS/src/Robots/install/ur_msgs/include/ur_msgs/ur_msgs/srv/detail/set_speed_slider_fraction__type_support.c
[3.073s] -- Up-to-date: /home/administrator/Masterproject2/20_ROS/src/Robots/install/ur_msgs/include/ur_msgs/ur_msgs/srv/detail/set_friction_model_parameters__rosidl_typesupport_introspection_c.h
[3.074s] -- Up-to-date: /home/administrator/Masterproject2/20_ROS/src/Robots/install/ur_msgs/include/ur_msgs/ur_msgs/srv/detail/set_payload__type_support.c
[3.074s] -- Up-to-date: /home/administrator/Masterproject2/20_ROS/src/Robots/install/ur_msgs/include/ur_msgs/ur_msgs/srv/detail/set_gravity__rosidl_typesupport_introspection_c.h
[3.074s] -- Up-to-date: /home/administrator/Masterproject2/20_ROS/src/Robots/install/ur_msgs/include/ur_msgs/ur_msgs/action
[3.074s] -- Up-to-date: /home/administrator/Masterproject2/20_ROS/src/Robots/install/ur_msgs/include/ur_msgs/ur_msgs/action/detail
[3.074s] -- Up-to-date: /home/administrator/Masterproject2/20_ROS/src/Robots/install/ur_msgs/include/ur_msgs/ur_msgs/action/detail/follow_joint_trajectory_until__rosidl_typesupport_introspection_c.h
[3.074s] -- Up-to-date: /home/administrator/Masterproject2/20_ROS/src/Robots/install/ur_msgs/include/ur_msgs/ur_msgs/action/detail/send_script__type_support.c
[3.074s] -- Up-to-date: /home/administrator/Masterproject2/20_ROS/src/Robots/install/ur_msgs/include/ur_msgs/ur_msgs/action/detail/follow_joint_trajectory_until__type_support.c
[3.074s] -- Up-to-date: /home/administrator/Masterproject2/20_ROS/src/Robots/install/ur_msgs/include/ur_msgs/ur_msgs/action/detail/send_script__rosidl_typesupport_introspection_c.h
[3.074s] -- Up-to-date: /home/administrator/Masterproject2/20_ROS/src/Robots/install/ur_msgs/include/ur_msgs/ur_msgs/action/detail/tool_contact__type_support.c
[3.074s] -- Up-to-date: /home/administrator/Masterproject2/20_ROS/src/Robots/install/ur_msgs/include/ur_msgs/ur_msgs/action/detail/tool_contact__rosidl_typesupport_introspection_c.h
[3.074s] -- Up-to-date: /home/administrator/Masterproject2/20_ROS/src/Robots/install/ur_msgs/lib/libur_msgs__rosidl_typesupport_introspection_c.so
[3.074s] -- Up-to-date: /home/administrator/Masterproject2/20_ROS/src/Robots/install/ur_msgs/lib/libur_msgs__rosidl_typesupport_c.so
[3.074s] -- Up-to-date: /home/administrator/Masterproject2/20_ROS/src/Robots/install/ur_msgs/include/ur_msgs/ur_msgs
[3.074s] -- Up-to-date: /home/administrator/Masterproject2/20_ROS/src/Robots/install/ur_msgs/include/ur_msgs/ur_msgs/msg
[3.074s] -- Up-to-date: /home/administrator/Masterproject2/20_ROS/src/Robots/install/ur_msgs/include/ur_msgs/ur_msgs/msg/detail
[3.074s] -- Up-to-date: /home/administrator/Masterproject2/20_ROS/src/Robots/install/ur_msgs/include/ur_msgs/ur_msgs/msg/detail/friction_model_parameters__rosidl_typesupport_introspection_cpp.hpp
[3.074s] -- Up-to-date: /home/administrator/Masterproject2/20_ROS/src/Robots/install/ur_msgs/include/ur_msgs/ur_msgs/msg/detail/io_states__type_support.cpp
[3.074s] -- Up-to-date: /home/administrator/Masterproject2/20_ROS/src/Robots/install/ur_msgs/include/ur_msgs/ur_msgs/msg/detail/robot_mode_data_msg__type_support.cpp
[3.074s] -- Up-to-date: /home/administrator/Masterproject2/20_ROS/src/Robots/install/ur_msgs/include/ur_msgs/ur_msgs/msg/detail/digital__type_support.cpp
[3.074s] -- Up-to-date: /home/administrator/Masterproject2/20_ROS/src/Robots/install/ur_msgs/include/ur_msgs/ur_msgs/msg/detail/robot_mode_data_msg__rosidl_typesupport_introspection_cpp.hpp
[3.074s] -- Up-to-date: /home/administrator/Masterproject2/20_ROS/src/Robots/install/ur_msgs/include/ur_msgs/ur_msgs/msg/detail/analog__type_support.cpp
[3.074s] -- Up-to-date: /home/administrator/Masterproject2/20_ROS/src/Robots/install/ur_msgs/include/ur_msgs/ur_msgs/msg/detail/friction_model_parameters__type_support.cpp
[3.074s] -- Up-to-date: /home/administrator/Masterproject2/20_ROS/src/Robots/install/ur_msgs/include/ur_msgs/ur_msgs/msg/detail/robot_state_rt_msg__type_support.cpp
[3.074s] -- Up-to-date: /home/administrator/Masterproject2/20_ROS/src/Robots/install/ur_msgs/include/ur_msgs/ur_msgs/msg/detail/digital__rosidl_typesupport_introspection_cpp.hpp
[3.074s] -- Up-to-date: /home/administrator/Masterproject2/20_ROS/src/Robots/install/ur_msgs/include/ur_msgs/ur_msgs/msg/detail/tool_data_msg__rosidl_typesupport_introspection_cpp.hpp
[3.074s] -- Up-to-date: /home/administrator/Masterproject2/20_ROS/src/Robots/install/ur_msgs/include/ur_msgs/ur_msgs/msg/detail/tool_data_msg__type_support.cpp
[3.074s] -- Up-to-date: /home/administrator/Masterproject2/20_ROS/src/Robots/install/ur_msgs/include/ur_msgs/ur_msgs/msg/detail/robot_state_rt_msg__rosidl_typesupport_introspection_cpp.hpp
[3.074s] -- Up-to-date: /home/administrator/Masterproject2/20_ROS/src/Robots/install/ur_msgs/include/ur_msgs/ur_msgs/msg/detail/io_states__rosidl_typesupport_introspection_cpp.hpp
[3.074s] -- Up-to-date: /home/administrator/Masterproject2/20_ROS/src/Robots/install/ur_msgs/include/ur_msgs/ur_msgs/msg/detail/masterboard_data_msg__type_support.cpp
[3.074s] -- Up-to-date: /home/administrator/Masterproject2/20_ROS/src/Robots/install/ur_msgs/include/ur_msgs/ur_msgs/msg/detail/masterboard_data_msg__rosidl_typesupport_introspection_cpp.hpp
[3.078s] -- Up-to-date: /home/administrator/Masterproject2/20_ROS/src/Robots/install/ur_msgs/include/ur_msgs/ur_msgs/msg/detail/analog__rosidl_typesupport_introspection_cpp.hpp
[3.079s] -- Up-to-date: /home/administrator/Masterproject2/20_ROS/src/Robots/install/ur_msgs/include/ur_msgs/ur_msgs/srv
[3.079s] -- Up-to-date: /home/administrator/Masterproject2/20_ROS/src/Robots/install/ur_msgs/include/ur_msgs/ur_msgs/srv/detail
[3.079s] -- Up-to-date: /home/administrator/Masterproject2/20_ROS/src/Robots/install/ur_msgs/include/ur_msgs/ur_msgs/srv/detail/set_analog_output__rosidl_typesupport_introspection_cpp.hpp
[3.079s] -- Up-to-date: /home/administrator/Masterproject2/20_ROS/src/Robots/install/ur_msgs/include/ur_msgs/ur_msgs/srv/detail/set_force_mode__rosidl_typesupport_introspection_cpp.hpp
[3.079s] -- Up-to-date: /home/administrator/Masterproject2/20_ROS/src/Robots/install/ur_msgs/include/ur_msgs/ur_msgs/srv/detail/set_gravity__type_support.cpp
[3.079s] -- Up-to-date: /home/administrator/Masterproject2/20_ROS/src/Robots/install/ur_msgs/include/ur_msgs/ur_msgs/srv/detail/get_robot_software_version__rosidl_typesupport_introspection_cpp.hpp
[3.079s] -- Up-to-date: /home/administrator/Masterproject2/20_ROS/src/Robots/install/ur_msgs/include/ur_msgs/ur_msgs/srv/detail/set_friction_model_parameters__rosidl_typesupport_introspection_cpp.hpp
[3.079s] -- Up-to-date: /home/administrator/Masterproject2/20_ROS/src/Robots/install/ur_msgs/include/ur_msgs/ur_msgs/srv/detail/set_payload__rosidl_typesupport_introspection_cpp.hpp
[3.079s] -- Up-to-date: /home/administrator/Masterproject2/20_ROS/src/Robots/install/ur_msgs/include/ur_msgs/ur_msgs/srv/detail/set_speed_slider_fraction__type_support.cpp
[3.079s] -- Up-to-date: /home/administrator/Masterproject2/20_ROS/src/Robots/install/ur_msgs/include/ur_msgs/ur_msgs/srv/detail/set_speed_slider_fraction__rosidl_typesupport_introspection_cpp.hpp
[3.079s] -- Up-to-date: /home/administrator/Masterproject2/20_ROS/src/Robots/install/ur_msgs/include/ur_msgs/ur_msgs/srv/detail/get_robot_software_version__type_support.cpp
[3.079s] -- Up-to-date: /home/administrator/Masterproject2/20_ROS/src/Robots/install/ur_msgs/include/ur_msgs/ur_msgs/srv/detail/set_gravity__rosidl_typesupport_introspection_cpp.hpp
[3.079s] -- Up-to-date: /home/administrator/Masterproject2/20_ROS/src/Robots/install/ur_msgs/include/ur_msgs/ur_msgs/srv/detail/set_force_mode__type_support.cpp
[3.079s] -- Up-to-date: /home/administrator/Masterproject2/20_ROS/src/Robots/install/ur_msgs/include/ur_msgs/ur_msgs/srv/detail/set_io__rosidl_typesupport_introspection_cpp.hpp
[3.079s] -- Up-to-date: /home/administrator/Masterproject2/20_ROS/src/Robots/install/ur_msgs/include/ur_msgs/ur_msgs/srv/detail/set_friction_model_parameters__type_support.cpp
[3.079s] -- Up-to-date: /home/administrator/Masterproject2/20_ROS/src/Robots/install/ur_msgs/include/ur_msgs/ur_msgs/srv/detail/set_io__type_support.cpp
[3.079s] -- Up-to-date: /home/administrator/Masterproject2/20_ROS/src/Robots/install/ur_msgs/include/ur_msgs/ur_msgs/srv/detail/set_payload__type_support.cpp
[3.079s] -- Up-to-date: /home/administrator/Masterproject2/20_ROS/src/Robots/install/ur_msgs/include/ur_msgs/ur_msgs/srv/detail/set_analog_output__type_support.cpp
[3.079s] -- Up-to-date: /home/administrator/Masterproject2/20_ROS/src/Robots/install/ur_msgs/include/ur_msgs/ur_msgs/action
[3.079s] -- Up-to-date: /home/administrator/Masterproject2/20_ROS/src/Robots/install/ur_msgs/include/ur_msgs/ur_msgs/action/detail
[3.079s] -- Up-to-date: /home/administrator/Masterproject2/20_ROS/src/Robots/install/ur_msgs/include/ur_msgs/ur_msgs/action/detail/send_script__type_support.cpp
[3.079s] -- Up-to-date: /home/administrator/Masterproject2/20_ROS/src/Robots/install/ur_msgs/include/ur_msgs/ur_msgs/action/detail/send_script__rosidl_typesupport_introspection_cpp.hpp
[3.079s] -- Up-to-date: /home/administrator/Masterproject2/20_ROS/src/Robots/install/ur_msgs/include/ur_msgs/ur_msgs/action/detail/follow_joint_trajectory_until__type_support.cpp
[3.079s] -- Up-to-date: /home/administrator/Masterproject2/20_ROS/src/Robots/install/ur_msgs/include/ur_msgs/ur_msgs/action/detail/tool_contact__rosidl_typesupport_introspection_cpp.hpp
[3.079s] -- Up-to-date: /home/administrator/Masterproject2/20_ROS/src/Robots/install/ur_msgs/include/ur_msgs/ur_msgs/action/detail/follow_joint_trajectory_until__rosidl_typesupport_introspection_cpp.hpp
[3.079s] -- Up-to-date: /home/administrator/Masterproject2/20_ROS/src/Robots/install/ur_msgs/include/ur_msgs/ur_msgs/action/detail/tool_contact__type_support.cpp
[3.079s] -- Up-to-date: /home/administrator/Masterproject2/20_ROS/src/Robots/install/ur_msgs/lib/libur_msgs__rosidl_typesupport_introspection_cpp.so
[3.079s] -- Up-to-date: /home/administrator/Masterproject2/20_ROS/src/Robots/install/ur_msgs/lib/libur_msgs__rosidl_typesupport_cpp.so
[3.080s] -- Up-to-date: /home/administrator/Masterproject2/20_ROS/src/Robots/install/ur_msgs/share/ur_msgs/environment/pythonpath.sh
[3.080s] -- Up-to-date: /home/administrator/Masterproject2/20_ROS/src/Robots/install/ur_msgs/share/ur_msgs/environment/pythonpath.dsv
[3.080s] -- Up-to-date: /home/administrator/Masterproject2/20_ROS/src/Robots/install/ur_msgs/lib/python3.12/site-packages/ur_msgs-2.6.0-py3.12.egg-info
[3.080s] -- Installing: /home/administrator/Masterproject2/20_ROS/src/Robots/install/ur_msgs/lib/python3.12/site-packages/ur_msgs-2.6.0-py3.12.egg-info/dependency_links.txt
[3.080s] -- Installing: /home/administrator/Masterproject2/20_ROS/src/Robots/install/ur_msgs/lib/python3.12/site-packages/ur_msgs-2.6.0-py3.12.egg-info/top_level.txt
[3.080s] -- Installing: /home/administrator/Masterproject2/20_ROS/src/Robots/install/ur_msgs/lib/python3.12/site-packages/ur_msgs-2.6.0-py3.12.egg-info/SOURCES.txt
[3.080s] -- Installing: /home/administrator/Masterproject2/20_ROS/src/Robots/install/ur_msgs/lib/python3.12/site-packages/ur_msgs-2.6.0-py3.12.egg-info/PKG-INFO
[3.080s] -- Up-to-date: /home/administrator/Masterproject2/20_ROS/src/Robots/install/ur_msgs/lib/python3.12/site-packages/ur_msgs
[3.080s] -- Up-to-date: /home/administrator/Masterproject2/20_ROS/src/Robots/install/ur_msgs/lib/python3.12/site-packages/ur_msgs/_ur_msgs_s.ep.rosidl_typesupport_introspection_c.c
[3.080s] -- Installing: /home/administrator/Masterproject2/20_ROS/src/Robots/install/ur_msgs/lib/python3.12/site-packages/ur_msgs/__init__.py
[3.080s] -- Up-to-date: /home/administrator/Masterproject2/20_ROS/src/Robots/install/ur_msgs/lib/python3.12/site-packages/ur_msgs/ur_msgs_s__rosidl_typesupport_c.so
[3.080s] -- Up-to-date: /home/administrator/Masterproject2/20_ROS/src/Robots/install/ur_msgs/lib/python3.12/site-packages/ur_msgs/ur_msgs_s__rosidl_typesupport_fastrtps_c.so
[3.080s] -- Up-to-date: /home/administrator/Masterproject2/20_ROS/src/Robots/install/ur_msgs/lib/python3.12/site-packages/ur_msgs/msg
[3.080s] -- Up-to-date: /home/administrator/Masterproject2/20_ROS/src/Robots/install/ur_msgs/lib/python3.12/site-packages/ur_msgs/msg/_digital_s.c
[3.080s] -- Up-to-date: /home/administrator/Masterproject2/20_ROS/src/Robots/install/ur_msgs/lib/python3.12/site-packages/ur_msgs/msg/_io_states_s.c
[3.080s] -- Up-to-date: /home/administrator/Masterproject2/20_ROS/src/Robots/install/ur_msgs/lib/python3.12/site-packages/ur_msgs/msg/_tool_data_msg.py
[3.080s] -- Up-to-date: /home/administrator/Masterproject2/20_ROS/src/Robots/install/ur_msgs/lib/python3.12/site-packages/ur_msgs/msg/__init__.py
[3.080s] -- Up-to-date: /home/administrator/Masterproject2/20_ROS/src/Robots/install/ur_msgs/lib/python3.12/site-packages/ur_msgs/msg/_robot_state_rt_msg.py
[3.080s] -- Up-to-date: /home/administrator/Masterproject2/20_ROS/src/Robots/install/ur_msgs/lib/python3.12/site-packages/ur_msgs/msg/_tool_data_msg_s.c
[3.080s] -- Up-to-date: /home/administrator/Masterproject2/20_ROS/src/Robots/install/ur_msgs/lib/python3.12/site-packages/ur_msgs/msg/_robot_mode_data_msg_s.c
[3.080s] -- Up-to-date: /home/administrator/Masterproject2/20_ROS/src/Robots/install/ur_msgs/lib/python3.12/site-packages/ur_msgs/msg/_robot_state_rt_msg_s.c
[3.080s] -- Up-to-date: /home/administrator/Masterproject2/20_ROS/src/Robots/install/ur_msgs/lib/python3.12/site-packages/ur_msgs/msg/_masterboard_data_msg_s.c
[3.080s] -- Up-to-date: /home/administrator/Masterproject2/20_ROS/src/Robots/install/ur_msgs/lib/python3.12/site-packages/ur_msgs/msg/_friction_model_parameters.py
[3.080s] -- Up-to-date: /home/administrator/Masterproject2/20_ROS/src/Robots/install/ur_msgs/lib/python3.12/site-packages/ur_msgs/msg/_analog.py
[3.080s] -- Up-to-date: /home/administrator/Masterproject2/20_ROS/src/Robots/install/ur_msgs/lib/python3.12/site-packages/ur_msgs/msg/_digital.py
[3.080s] -- Up-to-date: /home/administrator/Masterproject2/20_ROS/src/Robots/install/ur_msgs/lib/python3.12/site-packages/ur_msgs/msg/_friction_model_parameters_s.c
[3.080s] -- Up-to-date: /home/administrator/Masterproject2/20_ROS/src/Robots/install/ur_msgs/lib/python3.12/site-packages/ur_msgs/msg/_masterboard_data_msg.py
[3.080s] -- Up-to-date: /home/administrator/Masterproject2/20_ROS/src/Robots/install/ur_msgs/lib/python3.12/site-packages/ur_msgs/msg/_analog_s.c
[3.080s] -- Up-to-date: /home/administrator/Masterproject2/20_ROS/src/Robots/install/ur_msgs/lib/python3.12/site-packages/ur_msgs/msg/_io_states.py
[3.080s] -- Up-to-date: /home/administrator/Masterproject2/20_ROS/src/Robots/install/ur_msgs/lib/python3.12/site-packages/ur_msgs/msg/_robot_mode_data_msg.py
[3.080s] -- Up-to-date: /home/administrator/Masterproject2/20_ROS/src/Robots/install/ur_msgs/lib/python3.12/site-packages/ur_msgs/srv
[3.081s] -- Up-to-date: /home/administrator/Masterproject2/20_ROS/src/Robots/install/ur_msgs/lib/python3.12/site-packages/ur_msgs/srv/_set_force_mode.py
[3.081s] -- Up-to-date: /home/administrator/Masterproject2/20_ROS/src/Robots/install/ur_msgs/lib/python3.12/site-packages/ur_msgs/srv/_set_speed_slider_fraction_s.c
[3.081s] -- Up-to-date: /home/administrator/Masterproject2/20_ROS/src/Robots/install/ur_msgs/lib/python3.12/site-packages/ur_msgs/srv/_set_payload.py
[3.081s] -- Up-to-date: /home/administrator/Masterproject2/20_ROS/src/Robots/install/ur_msgs/lib/python3.12/site-packages/ur_msgs/srv/_get_robot_software_version_s.c
[3.081s] -- Up-to-date: /home/administrator/Masterproject2/20_ROS/src/Robots/install/ur_msgs/lib/python3.12/site-packages/ur_msgs/srv/__init__.py
[3.081s] -- Up-to-date: /home/administrator/Masterproject2/20_ROS/src/Robots/install/ur_msgs/lib/python3.12/site-packages/ur_msgs/srv/_set_force_mode_s.c
[3.081s] -- Up-to-date: /home/administrator/Masterproject2/20_ROS/src/Robots/install/ur_msgs/lib/python3.12/site-packages/ur_msgs/srv/_set_speed_slider_fraction.py
[3.081s] -- Up-to-date: /home/administrator/Masterproject2/20_ROS/src/Robots/install/ur_msgs/lib/python3.12/site-packages/ur_msgs/srv/_set_analog_output_s.c
[3.081s] -- Up-to-date: /home/administrator/Masterproject2/20_ROS/src/Robots/install/ur_msgs/lib/python3.12/site-packages/ur_msgs/srv/_set_payload_s.c
[3.081s] -- Up-to-date: /home/administrator/Masterproject2/20_ROS/src/Robots/install/ur_msgs/lib/python3.12/site-packages/ur_msgs/srv/_set_friction_model_parameters.py
[3.081s] -- Up-to-date: /home/administrator/Masterproject2/20_ROS/src/Robots/install/ur_msgs/lib/python3.12/site-packages/ur_msgs/srv/_set_io.py
[3.081s] -- Up-to-date: /home/administrator/Masterproject2/20_ROS/src/Robots/install/ur_msgs/lib/python3.12/site-packages/ur_msgs/srv/_set_analog_output.py
[3.081s] -- Up-to-date: /home/administrator/Masterproject2/20_ROS/src/Robots/install/ur_msgs/lib/python3.12/site-packages/ur_msgs/srv/_set_gravity_s.c
[3.081s] -- Up-to-date: /home/administrator/Masterproject2/20_ROS/src/Robots/install/ur_msgs/lib/python3.12/site-packages/ur_msgs/srv/_set_io_s.c
[3.081s] -- Up-to-date: /home/administrator/Masterproject2/20_ROS/src/Robots/install/ur_msgs/lib/python3.12/site-packages/ur_msgs/srv/_set_friction_model_parameters_s.c
[3.081s] -- Up-to-date: /home/administrator/Masterproject2/20_ROS/src/Robots/install/ur_msgs/lib/python3.12/site-packages/ur_msgs/srv/_set_gravity.py
[3.081s] -- Up-to-date: /home/administrator/Masterproject2/20_ROS/src/Robots/install/ur_msgs/lib/python3.12/site-packages/ur_msgs/srv/_get_robot_software_version.py
[3.081s] -- Up-to-date: /home/administrator/Masterproject2/20_ROS/src/Robots/install/ur_msgs/lib/python3.12/site-packages/ur_msgs/_ur_msgs_s.ep.rosidl_typesupport_fastrtps_c.c
[3.081s] -- Up-to-date: /home/administrator/Masterproject2/20_ROS/src/Robots/install/ur_msgs/lib/python3.12/site-packages/ur_msgs/ur_msgs_s__rosidl_typesupport_introspection_c.so
[3.081s] -- Up-to-date: /home/administrator/Masterproject2/20_ROS/src/Robots/install/ur_msgs/lib/python3.12/site-packages/ur_msgs/_ur_msgs_s.ep.rosidl_typesupport_c.c
[3.081s] -- Up-to-date: /home/administrator/Masterproject2/20_ROS/src/Robots/install/ur_msgs/lib/python3.12/site-packages/ur_msgs/action
[3.081s] -- Up-to-date: /home/administrator/Masterproject2/20_ROS/src/Robots/install/ur_msgs/lib/python3.12/site-packages/ur_msgs/action/_follow_joint_trajectory_until.py
[3.081s] -- Up-to-date: /home/administrator/Masterproject2/20_ROS/src/Robots/install/ur_msgs/lib/python3.12/site-packages/ur_msgs/action/__init__.py
[3.081s] -- Up-to-date: /home/administrator/Masterproject2/20_ROS/src/Robots/install/ur_msgs/lib/python3.12/site-packages/ur_msgs/action/_send_script.py
[3.081s] -- Up-to-date: /home/administrator/Masterproject2/20_ROS/src/Robots/install/ur_msgs/lib/python3.12/site-packages/ur_msgs/action/_tool_contact_s.c
[3.081s] -- Up-to-date: /home/administrator/Masterproject2/20_ROS/src/Robots/install/ur_msgs/lib/python3.12/site-packages/ur_msgs/action/_follow_joint_trajectory_until_s.c
[3.081s] -- Up-to-date: /home/administrator/Masterproject2/20_ROS/src/Robots/install/ur_msgs/lib/python3.12/site-packages/ur_msgs/action/_tool_contact.py
[3.081s] -- Up-to-date: /home/administrator/Masterproject2/20_ROS/src/Robots/install/ur_msgs/lib/python3.12/site-packages/ur_msgs/action/_send_script_s.c
[3.124s] Listing '/home/administrator/Masterproject2/20_ROS/src/Robots/install/ur_msgs/lib/python3.12/site-packages/ur_msgs'...
[3.125s] Compiling '/home/administrator/Masterproject2/20_ROS/src/Robots/install/ur_msgs/lib/python3.12/site-packages/ur_msgs/__init__.py'...
[3.125s] Listing '/home/administrator/Masterproject2/20_ROS/src/Robots/install/ur_msgs/lib/python3.12/site-packages/ur_msgs/action'...
[3.125s] Listing '/home/administrator/Masterproject2/20_ROS/src/Robots/install/ur_msgs/lib/python3.12/site-packages/ur_msgs/msg'...
[3.125s] Listing '/home/administrator/Masterproject2/20_ROS/src/Robots/install/ur_msgs/lib/python3.12/site-packages/ur_msgs/srv'...
[3.130s] -- Up-to-date: /home/administrator/Masterproject2/20_ROS/src/Robots/install/ur_msgs/lib/python3.12/site-packages/ur_msgs/ur_msgs_s__rosidl_typesupport_fastrtps_c.so
[3.131s] -- Up-to-date: /home/administrator/Masterproject2/20_ROS/src/Robots/install/ur_msgs/lib/python3.12/site-packages/ur_msgs/ur_msgs_s__rosidl_typesupport_introspection_c.so
[3.131s] -- Up-to-date: /home/administrator/Masterproject2/20_ROS/src/Robots/install/ur_msgs/lib/python3.12/site-packages/ur_msgs/ur_msgs_s__rosidl_typesupport_c.so
[3.131s] -- Up-to-date: /home/administrator/Masterproject2/20_ROS/src/Robots/install/ur_msgs/lib/libur_msgs__rosidl_generator_py.so
[3.132s] -- Up-to-date: /home/administrator/Masterproject2/20_ROS/src/Robots/install/ur_msgs/share/ament_index/resource_index/rust_packages/ur_msgs
[3.132s] -- Up-to-date: /home/administrator/Masterproject2/20_ROS/src/Robots/install/ur_msgs/share/ur_msgs/rust
[3.135s] -- Up-to-date: /home/administrator/Masterproject2/20_ROS/src/Robots/install/ur_msgs/share/ur_msgs/rust/Cargo.toml
[3.135s] -- Up-to-date: /home/administrator/Masterproject2/20_ROS/src/Robots/install/ur_msgs/share/ur_msgs/rust/build.rs
[3.135s] -- Up-to-date: /home/administrator/Masterproject2/20_ROS/src/Robots/install/ur_msgs/share/ur_msgs/rust/src
[3.135s] -- Up-to-date: /home/administrator/Masterproject2/20_ROS/src/Robots/install/ur_msgs/share/ur_msgs/rust/src/action.rs
[3.135s] -- Up-to-date: /home/administrator/Masterproject2/20_ROS/src/Robots/install/ur_msgs/share/ur_msgs/rust/src/msg
[3.135s] -- Up-to-date: /home/administrator/Masterproject2/20_ROS/src/Robots/install/ur_msgs/share/ur_msgs/rust/src/msg/rmw.rs
[3.135s] -- Up-to-date: /home/administrator/Masterproject2/20_ROS/src/Robots/install/ur_msgs/share/ur_msgs/rust/src/srv
[3.135s] -- Up-to-date: /home/administrator/Masterproject2/20_ROS/src/Robots/install/ur_msgs/share/ur_msgs/rust/src/srv/rmw.rs
[3.135s] -- Up-to-date: /home/administrator/Masterproject2/20_ROS/src/Robots/install/ur_msgs/share/ur_msgs/rust/src/srv.rs
[3.135s] -- Up-to-date: /home/administrator/Masterproject2/20_ROS/src/Robots/install/ur_msgs/share/ur_msgs/rust/src/msg.rs
[3.135s] -- Up-to-date: /home/administrator/Masterproject2/20_ROS/src/Robots/install/ur_msgs/share/ur_msgs/rust/src/lib.rs
[3.135s] -- Up-to-date: /home/administrator/Masterproject2/20_ROS/src/Robots/install/ur_msgs/share/ur_msgs/rust/src/action
[3.135s] -- Up-to-date: /home/administrator/Masterproject2/20_ROS/src/Robots/install/ur_msgs/share/ur_msgs/rust/src/action/rmw.rs
[3.135s] -- Up-to-date: /home/administrator/Masterproject2/20_ROS/src/Robots/install/ur_msgs/share/ur_msgs/msg/Analog.idl
[3.135s] -- Up-to-date: /home/administrator/Masterproject2/20_ROS/src/Robots/install/ur_msgs/share/ur_msgs/msg/Digital.idl
[3.135s] -- Up-to-date: /home/administrator/Masterproject2/20_ROS/src/Robots/install/ur_msgs/share/ur_msgs/msg/IOStates.idl
[3.135s] -- Up-to-date: /home/administrator/Masterproject2/20_ROS/src/Robots/install/ur_msgs/share/ur_msgs/msg/RobotStateRTMsg.idl
[3.135s] -- Up-to-date: /home/administrator/Masterproject2/20_ROS/src/Robots/install/ur_msgs/share/ur_msgs/msg/MasterboardDataMsg.idl
[3.135s] -- Up-to-date: /home/administrator/Masterproject2/20_ROS/src/Robots/install/ur_msgs/share/ur_msgs/msg/RobotModeDataMsg.idl
[3.135s] -- Up-to-date: /home/administrator/Masterproject2/20_ROS/src/Robots/install/ur_msgs/share/ur_msgs/msg/ToolDataMsg.idl
[3.136s] -- Up-to-date: /home/administrator/Masterproject2/20_ROS/src/Robots/install/ur_msgs/share/ur_msgs/msg/FrictionModelParameters.idl
[3.136s] -- Up-to-date: /home/administrator/Masterproject2/20_ROS/src/Robots/install/ur_msgs/share/ur_msgs/srv/SetAnalogOutput.idl
[3.136s] -- Up-to-date: /home/administrator/Masterproject2/20_ROS/src/Robots/install/ur_msgs/share/ur_msgs/srv/SetGravity.idl
[3.136s] -- Up-to-date: /home/administrator/Masterproject2/20_ROS/src/Robots/install/ur_msgs/share/ur_msgs/srv/SetPayload.idl
[3.136s] -- Up-to-date: /home/administrator/Masterproject2/20_ROS/src/Robots/install/ur_msgs/share/ur_msgs/srv/SetSpeedSliderFraction.idl
[3.136s] -- Up-to-date: /home/administrator/Masterproject2/20_ROS/src/Robots/install/ur_msgs/share/ur_msgs/srv/SetIO.idl
[3.136s] -- Up-to-date: /home/administrator/Masterproject2/20_ROS/src/Robots/install/ur_msgs/share/ur_msgs/srv/GetRobotSoftwareVersion.idl
[3.136s] -- Up-to-date: /home/administrator/Masterproject2/20_ROS/src/Robots/install/ur_msgs/share/ur_msgs/srv/SetForceMode.idl
[3.136s] -- Up-to-date: /home/administrator/Masterproject2/20_ROS/src/Robots/install/ur_msgs/share/ur_msgs/srv/SetFrictionModelParameters.idl
[3.136s] -- Up-to-date: /home/administrator/Masterproject2/20_ROS/src/Robots/install/ur_msgs/share/ur_msgs/action/ToolContact.idl
[3.136s] -- Up-to-date: /home/administrator/Masterproject2/20_ROS/src/Robots/install/ur_msgs/share/ur_msgs/action/FollowJointTrajectoryUntil.idl
[3.136s] -- Up-to-date: /home/administrator/Masterproject2/20_ROS/src/Robots/install/ur_msgs/share/ur_msgs/action/SendScript.idl
[3.136s] -- Installing: /home/administrator/Masterproject2/20_ROS/src/Robots/install/ur_msgs/share/ur_msgs/msg/Analog.msg
[3.137s] -- Installing: /home/administrator/Masterproject2/20_ROS/src/Robots/install/ur_msgs/share/ur_msgs/msg/Digital.msg
[3.137s] -- Installing: /home/administrator/Masterproject2/20_ROS/src/Robots/install/ur_msgs/share/ur_msgs/msg/IOStates.msg
[3.137s] -- Installing: /home/administrator/Masterproject2/20_ROS/src/Robots/install/ur_msgs/share/ur_msgs/msg/RobotStateRTMsg.msg
[3.137s] -- Installing: /home/administrator/Masterproject2/20_ROS/src/Robots/install/ur_msgs/share/ur_msgs/msg/MasterboardDataMsg.msg
[3.137s] -- Installing: /home/administrator/Masterproject2/20_ROS/src/Robots/install/ur_msgs/share/ur_msgs/msg/RobotModeDataMsg.msg
[3.138s] -- Installing: /home/administrator/Masterproject2/20_ROS/src/Robots/install/ur_msgs/share/ur_msgs/msg/ToolDataMsg.msg
[3.138s] -- Installing: /home/administrator/Masterproject2/20_ROS/src/Robots/install/ur_msgs/share/ur_msgs/msg/FrictionModelParameters.msg
[3.138s] -- Installing: /home/administrator/Masterproject2/20_ROS/src/Robots/install/ur_msgs/share/ur_msgs/srv/SetAnalogOutput.srv
[3.138s] -- Installing: /home/administrator/Masterproject2/20_ROS/src/Robots/install/ur_msgs/share/ur_msgs/srv/SetGravity.srv
[3.138s] -- Installing: /home/administrator/Masterproject2/20_ROS/src/Robots/install/ur_msgs/share/ur_msgs/srv/SetPayload.srv
[3.138s] -- Installing: /home/administrator/Masterproject2/20_ROS/src/Robots/install/ur_msgs/share/ur_msgs/srv/SetSpeedSliderFraction.srv
[3.138s] -- Installing: /home/administrator/Masterproject2/20_ROS/src/Robots/install/ur_msgs/share/ur_msgs/srv/SetIO.srv
[3.138s] -- Installing: /home/administrator/Masterproject2/20_ROS/src/Robots/install/ur_msgs/share/ur_msgs/srv/GetRobotSoftwareVersion.srv
[3.138s] -- Installing: /home/administrator/Masterproject2/20_ROS/src/Robots/install/ur_msgs/share/ur_msgs/srv/SetForceMode.srv
[3.142s] -- Installing: /home/administrator/Masterproject2/20_ROS/src/Robots/install/ur_msgs/share/ur_msgs/srv/SetFrictionModelParameters.srv
[3.142s] -- Installing: /home/administrator/Masterproject2/20_ROS/src/Robots/install/ur_msgs/share/ur_msgs/action/ToolContact.action
[3.142s] -- Installing: /home/administrator/Masterproject2/20_ROS/src/Robots/install/ur_msgs/share/ur_msgs/action/FollowJointTrajectoryUntil.action
[3.142s] -- Installing: /home/administrator/Masterproject2/20_ROS/src/Robots/install/ur_msgs/share/ur_msgs/action/SendScript.action
[3.142s] -- Up-to-date: /home/administrator/Masterproject2/20_ROS/src/Robots/install/ur_msgs/share/ament_index/resource_index/package_run_dependencies/ur_msgs
[3.142s] -- Up-to-date: /home/administrator/Masterproject2/20_ROS/src/Robots/install/ur_msgs/share/ament_index/resource_index/parent_prefix_path/ur_msgs
[3.142s] -- Up-to-date: /home/administrator/Masterproject2/20_ROS/src/Robots/install/ur_msgs/share/ur_msgs/environment/ament_prefix_path.sh
[3.142s] -- Up-to-date: /home/administrator/Masterproject2/20_ROS/src/Robots/install/ur_msgs/share/ur_msgs/environment/ament_prefix_path.dsv
[3.142s] -- Up-to-date: /home/administrator/Masterproject2/20_ROS/src/Robots/install/ur_msgs/share/ur_msgs/environment/path.sh
[3.142s] -- Up-to-date: /home/administrator/Masterproject2/20_ROS/src/Robots/install/ur_msgs/share/ur_msgs/environment/path.dsv
[3.142s] -- Up-to-date: /home/administrator/Masterproject2/20_ROS/src/Robots/install/ur_msgs/share/ur_msgs/local_setup.bash
[3.142s] -- Up-to-date: /home/administrator/Masterproject2/20_ROS/src/Robots/install/ur_msgs/share/ur_msgs/local_setup.sh
[3.142s] -- Up-to-date: /home/administrator/Masterproject2/20_ROS/src/Robots/install/ur_msgs/share/ur_msgs/local_setup.zsh
[3.142s] -- Up-to-date: /home/administrator/Masterproject2/20_ROS/src/Robots/install/ur_msgs/share/ur_msgs/local_setup.dsv
[3.142s] -- Installing: /home/administrator/Masterproject2/20_ROS/src/Robots/install/ur_msgs/share/ur_msgs/package.dsv
[3.142s] -- Up-to-date: /home/administrator/Masterproject2/20_ROS/src/Robots/install/ur_msgs/share/ament_index/resource_index/packages/ur_msgs
[3.142s] -- Up-to-date: /home/administrator/Masterproject2/20_ROS/src/Robots/install/ur_msgs/share/ur_msgs/cmake/export_ur_msgs__rosidl_generator_cExport.cmake
[3.142s] -- Up-to-date: /home/administrator/Masterproject2/20_ROS/src/Robots/install/ur_msgs/share/ur_msgs/cmake/export_ur_msgs__rosidl_generator_cExport-noconfig.cmake
[3.143s] -- Up-to-date: /home/administrator/Masterproject2/20_ROS/src/Robots/install/ur_msgs/share/ur_msgs/cmake/export_ur_msgs__rosidl_typesupport_fastrtps_cExport.cmake
[3.143s] -- Up-to-date: /home/administrator/Masterproject2/20_ROS/src/Robots/install/ur_msgs/share/ur_msgs/cmake/export_ur_msgs__rosidl_typesupport_fastrtps_cExport-noconfig.cmake
[3.143s] -- Up-to-date: /home/administrator/Masterproject2/20_ROS/src/Robots/install/ur_msgs/share/ur_msgs/cmake/export_ur_msgs__rosidl_generator_cppExport.cmake
[3.143s] -- Up-to-date: /home/administrator/Masterproject2/20_ROS/src/Robots/install/ur_msgs/share/ur_msgs/cmake/export_ur_msgs__rosidl_typesupport_fastrtps_cppExport.cmake
[3.143s] -- Up-to-date: /home/administrator/Masterproject2/20_ROS/src/Robots/install/ur_msgs/share/ur_msgs/cmake/export_ur_msgs__rosidl_typesupport_fastrtps_cppExport-noconfig.cmake
[3.143s] -- Up-to-date: /home/administrator/Masterproject2/20_ROS/src/Robots/install/ur_msgs/share/ur_msgs/cmake/ur_msgs__rosidl_typesupport_introspection_cExport.cmake
[3.143s] -- Up-to-date: /home/administrator/Masterproject2/20_ROS/src/Robots/install/ur_msgs/share/ur_msgs/cmake/ur_msgs__rosidl_typesupport_introspection_cExport-noconfig.cmake
[3.144s] -- Up-to-date: /home/administrator/Masterproject2/20_ROS/src/Robots/install/ur_msgs/share/ur_msgs/cmake/ur_msgs__rosidl_typesupport_cExport.cmake
[3.144s] -- Up-to-date: /home/administrator/Masterproject2/20_ROS/src/Robots/install/ur_msgs/share/ur_msgs/cmake/ur_msgs__rosidl_typesupport_cExport-noconfig.cmake
[3.144s] -- Up-to-date: /home/administrator/Masterproject2/20_ROS/src/Robots/install/ur_msgs/share/ur_msgs/cmake/ur_msgs__rosidl_typesupport_introspection_cppExport.cmake
[3.144s] -- Up-to-date: /home/administrator/Masterproject2/20_ROS/src/Robots/install/ur_msgs/share/ur_msgs/cmake/ur_msgs__rosidl_typesupport_introspection_cppExport-noconfig.cmake
[3.144s] -- Up-to-date: /home/administrator/Masterproject2/20_ROS/src/Robots/install/ur_msgs/share/ur_msgs/cmake/ur_msgs__rosidl_typesupport_cppExport.cmake
[3.144s] -- Up-to-date: /home/administrator/Masterproject2/20_ROS/src/Robots/install/ur_msgs/share/ur_msgs/cmake/ur_msgs__rosidl_typesupport_cppExport-noconfig.cmake
[3.144s] -- Up-to-date: /home/administrator/Masterproject2/20_ROS/src/Robots/install/ur_msgs/share/ur_msgs/cmake/export_ur_msgs__rosidl_generator_pyExport.cmake
[3.144s] -- Up-to-date: /home/administrator/Masterproject2/20_ROS/src/Robots/install/ur_msgs/share/ur_msgs/cmake/export_ur_msgs__rosidl_generator_pyExport-noconfig.cmake
[3.144s] -- Up-to-date: /home/administrator/Masterproject2/20_ROS/src/Robots/install/ur_msgs/share/ur_msgs/cmake/rosidl_cmake-extras.cmake
[3.144s] -- Up-to-date: /home/administrator/Masterproject2/20_ROS/src/Robots/install/ur_msgs/share/ur_msgs/cmake/ament_cmake_export_dependencies-extras.cmake
[3.144s] -- Up-to-date: /home/administrator/Masterproject2/20_ROS/src/Robots/install/ur_msgs/share/ur_msgs/cmake/ament_cmake_export_include_directories-extras.cmake
[3.144s] -- Up-to-date: /home/administrator/Masterproject2/20_ROS/src/Robots/install/ur_msgs/share/ur_msgs/cmake/ament_cmake_export_libraries-extras.cmake
[3.144s] -- Up-to-date: /home/administrator/Masterproject2/20_ROS/src/Robots/install/ur_msgs/share/ur_msgs/cmake/ament_cmake_export_targets-extras.cmake
[3.144s] -- Up-to-date: /home/administrator/Masterproject2/20_ROS/src/Robots/install/ur_msgs/share/ur_msgs/cmake/rosidl_cmake_export_typesupport_targets-extras.cmake
[3.144s] -- Up-to-date: /home/administrator/Masterproject2/20_ROS/src/Robots/install/ur_msgs/share/ur_msgs/cmake/rosidl_cmake_export_typesupport_libraries-extras.cmake
[3.144s] -- Up-to-date: /home/administrator/Masterproject2/20_ROS/src/Robots/install/ur_msgs/share/ur_msgs/cmake/ur_msgsConfig.cmake
[3.144s] -- Up-to-date: /home/administrator/Masterproject2/20_ROS/src/Robots/install/ur_msgs/share/ur_msgs/cmake/ur_msgsConfig-version.cmake
[3.144s] -- Installing: /home/administrator/Masterproject2/20_ROS/src/Robots/install/ur_msgs/share/ur_msgs/package.xml
[3.155s] Invoked command in '/home/administrator/Masterproject2/20_ROS/src/Robots/build/ur_msgs' returned '0': CMAKE_PREFIX_PATH=${CMAKE_PREFIX_PATH}:/opt/ros/kilted DEBUGINFOD_URLS=https://debuginfod.ubuntu.com /usr/bin/cmake --install /home/administrator/Masterproject2/20_ROS/src/Robots/build/ur_msgs
