[0.022s] Invoking command in '/home/administrator/Masterproject2/20_ROS/src/Robots/build/ur_dashboard_msgs': DEBUGINFOD_URLS=https://debuginfod.ubuntu.com /usr/bin/cmake /home/administrator/Masterproject2/20_ROS/src/Robots/UR_Driver/ur_dashboard_msgs -DAMENT_CMAKE_SYMLINK_INSTALL=1 -DCMAKE_INSTALL_PREFIX=/home/administrator/Masterproject2/20_ROS/src/Robots/install/ur_dashboard_msgs
[0.199s] -- The C compiler identification is GNU 13.3.0
[0.300s] -- The CXX compiler identification is GNU 13.3.0
[0.314s] -- Detecting C compiler ABI info
[0.397s] -- Detecting C compiler ABI info - done
[0.405s] -- Check for working C compiler: /usr/bin/cc - skipped
[0.405s] -- Detecting C compile features
[0.405s] -- Detecting C compile features - done
[0.412s] -- Detecting CXX compiler ABI info
[0.484s] -- Detecting CXX compiler ABI info - done
[0.490s] -- Check for working CXX compiler: /usr/bin/c++ - skipped
[0.491s] -- Detecting CXX compile features
[0.491s] -- Detecting CXX compile features - done
[0.498s] -- Configuring incomplete, errors occurred!
[0.498s] [31mCMake Error at CMakeLists.txt:4 (find_package):
[0.498s]   By not providing "Findament_cmake.cmake" in CMAKE_MODULE_PATH this project
[0.498s]   has asked CMake to find a package configuration file provided by
[0.498s]   "ament_cmake", but CMake did not find one.
[0.498s] 
[0.498s]   Could not find a package configuration file provided by "ament_cmake" with
[0.498s]   any of the following names:
[0.498s] 
[0.499s]     ament_cmakeConfig.cmake
[0.499s]     ament_cmake-config.cmake
[0.499s] 
[0.499s]   Add the installation prefix of "ament_cmake" to CMAKE_PREFIX_PATH or set
[0.499s]   "ament_cmake_DIR" to a directory containing one of the above files.  If
[0.499s]   "ament_cmake" provides a separate development package or SDK, be sure it
[0.499s]   has been installed.
[0.499s] 
[0.499s] [0m
