-- The C compiler identification is GNU 13.3.0
-- The CXX compiler identification is GNU 13.3.0
-- Detecting C compiler ABI info
-- Detecting C compiler ABI info - done
-- Check for working C compiler: /usr/bin/cc - skipped
-- Detecting C compile features
-- Detecting C compile features - done
-- Detecting CXX compiler ABI info
-- Detecting CXX compiler ABI info - done
-- Check for working CXX compiler: /usr/bin/c++ - skipped
-- Detecting CXX compile features
-- Detecting CXX compile features - done
-- Found ament_cmake: 2.7.5 (/opt/ros/kilted/share/ament_cmake/cmake)
-- Found Python3: /usr/bin/python3 (found version "3.12.3") found components: Interpreter 
-- Found rclcpp: 29.5.8 (/opt/ros/kilted/share/rclcpp/cmake)
-- Found rosidl_generator_c: 4.9.6 (/opt/ros/kilted/share/rosidl_generator_c/cmake)
-- Found rosidl_generator_cpp: 4.9.6 (/opt/ros/kilted/share/rosidl_generator_cpp/cmake)
-- Using all available rosidl_typesupport_c: rosidl_typesupport_fastrtps_c;rosidl_typesupport_introspection_c
-- Using all available rosidl_typesupport_cpp: rosidl_typesupport_fastrtps_cpp;rosidl_typesupport_introspection_cpp
-- Found rmw_implementation_cmake: 7.8.2 (/opt/ros/kilted/share/rmw_implementation_cmake/cmake)
-- Found rmw_fastrtps_cpp: 9.3.4 (/opt/ros/kilted/share/rmw_fastrtps_cpp/cmake)
-- Found OpenSSL: /usr/lib/x86_64-linux-gnu/libcrypto.so (found version "3.0.13")  
-- Using RMW implementation 'rmw_fastrtps_cpp' as default
-- Found std_msgs: 5.5.2 (/opt/ros/kilted/share/std_msgs/cmake)
-- Found geometry_msgs: 5.5.2 (/opt/ros/kilted/share/geometry_msgs/cmake)
-- Found rosidl_default_generators: 1.7.2 (/opt/ros/kilted/share/rosidl_default_generators/cmake)
-- Found rosidl_adapter: 4.9.6 (/opt/ros/kilted/share/rosidl_adapter/cmake)
-- Found ament_cmake_ros_core: 0.14.7 (/opt/ros/kilted/share/ament_cmake_ros_core/cmake)
-- Using all available rosidl_typesupport_c: rosidl_typesupport_fastrtps_c;rosidl_typesupport_introspection_c
-- Using all available rosidl_typesupport_cpp: rosidl_typesupport_fastrtps_cpp;rosidl_typesupport_introspection_cpp
-- Found Python3: /usr/bin/python3 (found version "3.12.3") found components: Interpreter Development NumPy Development.Module Development.Embed 
-- Found Python3: /usr/bin/python3 (found version "3.12.3") found components: Interpreter 
-- Found ament_lint_auto: 0.19.3 (/opt/ros/kilted/share/ament_lint_auto/cmake)
-- Added test 'lint_cmake' to check CMake code style
-- Added test 'xmllint' to check XML markup files
-- Configuring done (2.3s)
-- Generating done (0.0s)
-- Build files have been written to: /home/administrator/Masterproject2/20_ROS/src/Robots/build/my_ur_msgs
[  5%] [34m[1mGenerating type hashes for ROS interfaces[0m
[  5%] [34m[1mGenerating Rust code for ROS interfaces[0m
[  5%] Built target ament_cmake_python_copy_my_ur_msgs
running egg_info
creating my_ur_msgs.egg-info
[  5%] Built target my_ur_msgs__rosidl_generator_type_description
writing my_ur_msgs.egg-info/PKG-INFO
writing dependency_links to my_ur_msgs.egg-info/dependency_links.txt
writing top-level names to my_ur_msgs.egg-info/top_level.txt
writing manifest file 'my_ur_msgs.egg-info/SOURCES.txt'
[  8%] [34m[1mGenerating C code for ROS interfaces[0m
[ 11%] [34m[1mGenerating C++ code for ROS interfaces[0m
reading manifest file 'my_ur_msgs.egg-info/SOURCES.txt'
writing manifest file 'my_ur_msgs.egg-info/SOURCES.txt'
[ 11%] Built target my_ur_msgs__rs
[ 11%] Built target ament_cmake_python_build_my_ur_msgs_egg
[ 11%] Built target my_ur_msgs__cpp
[ 20%] [32mBuilding C object CMakeFiles/my_ur_msgs__rosidl_generator_c.dir/rosidl_generator_c/my_ur_msgs/action/detail/send_script__type_support.c.o[0m
[ 20%] [32mBuilding C object CMakeFiles/my_ur_msgs__rosidl_generator_c.dir/rosidl_generator_c/my_ur_msgs/action/detail/send_script__description.c.o[0m
[ 20%] [32mBuilding C object CMakeFiles/my_ur_msgs__rosidl_generator_c.dir/rosidl_generator_c/my_ur_msgs/action/detail/send_script__functions.c.o[0m
[ 22%] [32m[1mLinking C shared library libmy_ur_msgs__rosidl_generator_c.so[0m
[ 22%] Built target my_ur_msgs__rosidl_generator_c
[ 31%] [34m[1mGenerating C type support for eProsima Fast-RTPS[0m
[ 31%] [34m[1mGenerating C++ type support for eProsima Fast-RTPS[0m
[ 31%] [34m[1mGenerating C type support dispatch for ROS interfaces[0m
[ 34%] [34m[1mGenerating C++ introspection for ROS interfaces[0m
[ 37%] [34m[1mGenerating C introspection for ROS interfaces[0m
[ 40%] [34m[1mGenerating C++ type support dispatch for ROS interfaces[0m
[ 42%] [32mBuilding CXX object CMakeFiles/my_ur_msgs__rosidl_typesupport_cpp.dir/rosidl_typesupport_cpp/my_ur_msgs/action/send_script__type_support.cpp.o[0m
[ 45%] [32mBuilding C object CMakeFiles/my_ur_msgs__rosidl_typesupport_introspection_c.dir/rosidl_typesupport_introspection_c/my_ur_msgs/action/detail/send_script__type_support.c.o[0m
[ 48%] [32mBuilding CXX object CMakeFiles/my_ur_msgs__rosidl_typesupport_c.dir/rosidl_typesupport_c/my_ur_msgs/action/send_script__type_support.cpp.o[0m
[ 51%] [32mBuilding CXX object CMakeFiles/my_ur_msgs__rosidl_typesupport_introspection_cpp.dir/rosidl_typesupport_introspection_cpp/my_ur_msgs/action/detail/send_script__type_support.cpp.o[0m
[ 57%] [32m[1mLinking C shared library libmy_ur_msgs__rosidl_typesupport_introspection_c.so[0m
[ 57%] [32m[1mLinking CXX shared library libmy_ur_msgs__rosidl_typesupport_c.so[0m
[ 57%] Built target my_ur_msgs__rosidl_typesupport_c
[ 60%] [32mBuilding CXX object CMakeFiles/my_ur_msgs__rosidl_typesupport_fastrtps_cpp.dir/rosidl_typesupport_fastrtps_cpp/my_ur_msgs/action/detail/dds_fastrtps/send_script__type_support.cpp.o[0m
[ 60%] Built target my_ur_msgs__rosidl_typesupport_introspection_c
[ 62%] [32mBuilding CXX object CMakeFiles/my_ur_msgs__rosidl_typesupport_fastrtps_c.dir/rosidl_typesupport_fastrtps_c/my_ur_msgs/action/detail/send_script__type_support_c.cpp.o[0m
[ 65%] [32m[1mLinking CXX shared library libmy_ur_msgs__rosidl_typesupport_cpp.so[0m
[ 68%] [32m[1mLinking CXX shared library libmy_ur_msgs__rosidl_typesupport_introspection_cpp.so[0m
[ 68%] Built target my_ur_msgs__rosidl_typesupport_cpp
[ 68%] Built target my_ur_msgs__rosidl_typesupport_introspection_cpp
[ 71%] [32m[1mLinking CXX shared library libmy_ur_msgs__rosidl_typesupport_fastrtps_c.so[0m
[ 71%] Built target my_ur_msgs__rosidl_typesupport_fastrtps_c
[ 74%] [32m[1mLinking CXX shared library libmy_ur_msgs__rosidl_typesupport_fastrtps_cpp.so[0m
[ 74%] Built target my_ur_msgs__rosidl_typesupport_fastrtps_cpp
[ 74%] Built target my_ur_msgs
[ 77%] [34m[1mGenerating Python code for ROS interfaces[0m
[ 77%] Built target my_ur_msgs__py
[ 80%] [32mBuilding C object CMakeFiles/my_ur_msgs__rosidl_generator_py.dir/rosidl_generator_py/my_ur_msgs/action/_send_script_s.c.o[0m
[ 82%] [32m[1mLinking C shared library libmy_ur_msgs__rosidl_generator_py.so[0m
[ 82%] Built target my_ur_msgs__rosidl_generator_py
[ 91%] [32mBuilding C object CMakeFiles/my_ur_msgs_s__rosidl_typesupport_fastrtps_c.dir/rosidl_generator_py/my_ur_msgs/_my_ur_msgs_s.ep.rosidl_typesupport_fastrtps_c.c.o[0m
[ 91%] [32mBuilding C object CMakeFiles/my_ur_msgs_s__rosidl_typesupport_c.dir/rosidl_generator_py/my_ur_msgs/_my_ur_msgs_s.ep.rosidl_typesupport_c.c.o[0m
[ 91%] [32mBuilding C object CMakeFiles/my_ur_msgs_s__rosidl_typesupport_introspection_c.dir/rosidl_generator_py/my_ur_msgs/_my_ur_msgs_s.ep.rosidl_typesupport_introspection_c.c.o[0m
[ 97%] [32m[1mLinking C shared module rosidl_generator_py/my_ur_msgs/my_ur_msgs_s__rosidl_typesupport_c.so[0m
[ 97%] [32m[1mLinking C shared module rosidl_generator_py/my_ur_msgs/my_ur_msgs_s__rosidl_typesupport_introspection_c.so[0m
[100%] [32m[1mLinking C shared module rosidl_generator_py/my_ur_msgs/my_ur_msgs_s__rosidl_typesupport_fastrtps_c.so[0m
[100%] Built target my_ur_msgs_s__rosidl_typesupport_introspection_c
[100%] Built target my_ur_msgs_s__rosidl_typesupport_c
[100%] Built target my_ur_msgs_s__rosidl_typesupport_fastrtps_c
-- Install configuration: ""
-- Installing: /home/administrator/Masterproject2/20_ROS/src/Robots/install/my_ur_msgs/share/ament_index/resource_index/rosidl_interfaces/my_ur_msgs
-- Installing: /home/administrator/Masterproject2/20_ROS/src/Robots/install/my_ur_msgs/share/my_ur_msgs/action/SendScript.json
-- Installing: /home/administrator/Masterproject2/20_ROS/src/Robots/install/my_ur_msgs/include/my_ur_msgs/my_ur_msgs
-- Installing: /home/administrator/Masterproject2/20_ROS/src/Robots/install/my_ur_msgs/include/my_ur_msgs/my_ur_msgs/msg
-- Installing: /home/administrator/Masterproject2/20_ROS/src/Robots/install/my_ur_msgs/include/my_ur_msgs/my_ur_msgs/msg/rosidl_generator_c__visibility_control.h
-- Installing: /home/administrator/Masterproject2/20_ROS/src/Robots/install/my_ur_msgs/include/my_ur_msgs/my_ur_msgs/action
-- Installing: /home/administrator/Masterproject2/20_ROS/src/Robots/install/my_ur_msgs/include/my_ur_msgs/my_ur_msgs/action/send_script.h
-- Installing: /home/administrator/Masterproject2/20_ROS/src/Robots/install/my_ur_msgs/include/my_ur_msgs/my_ur_msgs/action/detail
-- Installing: /home/administrator/Masterproject2/20_ROS/src/Robots/install/my_ur_msgs/include/my_ur_msgs/my_ur_msgs/action/detail/send_script__type_support.c
-- Installing: /home/administrator/Masterproject2/20_ROS/src/Robots/install/my_ur_msgs/include/my_ur_msgs/my_ur_msgs/action/detail/send_script__description.c
-- Installing: /home/administrator/Masterproject2/20_ROS/src/Robots/install/my_ur_msgs/include/my_ur_msgs/my_ur_msgs/action/detail/send_script__struct.h
-- Installing: /home/administrator/Masterproject2/20_ROS/src/Robots/install/my_ur_msgs/include/my_ur_msgs/my_ur_msgs/action/detail/send_script__functions.h
-- Installing: /home/administrator/Masterproject2/20_ROS/src/Robots/install/my_ur_msgs/include/my_ur_msgs/my_ur_msgs/action/detail/send_script__type_support.h
-- Installing: /home/administrator/Masterproject2/20_ROS/src/Robots/install/my_ur_msgs/include/my_ur_msgs/my_ur_msgs/action/detail/send_script__functions.c
-- Installing: /home/administrator/Masterproject2/20_ROS/src/Robots/install/my_ur_msgs/share/my_ur_msgs/environment/library_path.sh
-- Installing: /home/administrator/Masterproject2/20_ROS/src/Robots/install/my_ur_msgs/share/my_ur_msgs/environment/library_path.dsv
-- Installing: /home/administrator/Masterproject2/20_ROS/src/Robots/install/my_ur_msgs/lib/libmy_ur_msgs__rosidl_generator_c.so
-- Set non-toolchain portion of runtime path of "/home/administrator/Masterproject2/20_ROS/src/Robots/install/my_ur_msgs/lib/libmy_ur_msgs__rosidl_generator_c.so" to ""
-- Up-to-date: /home/administrator/Masterproject2/20_ROS/src/Robots/install/my_ur_msgs/include/my_ur_msgs/my_ur_msgs
-- Up-to-date: /home/administrator/Masterproject2/20_ROS/src/Robots/install/my_ur_msgs/include/my_ur_msgs/my_ur_msgs/msg
-- Installing: /home/administrator/Masterproject2/20_ROS/src/Robots/install/my_ur_msgs/include/my_ur_msgs/my_ur_msgs/msg/rosidl_typesupport_fastrtps_c__visibility_control.h
-- Up-to-date: /home/administrator/Masterproject2/20_ROS/src/Robots/install/my_ur_msgs/include/my_ur_msgs/my_ur_msgs/action
-- Up-to-date: /home/administrator/Masterproject2/20_ROS/src/Robots/install/my_ur_msgs/include/my_ur_msgs/my_ur_msgs/action/detail
-- Installing: /home/administrator/Masterproject2/20_ROS/src/Robots/install/my_ur_msgs/include/my_ur_msgs/my_ur_msgs/action/detail/send_script__rosidl_typesupport_fastrtps_c.h
-- Installing: /home/administrator/Masterproject2/20_ROS/src/Robots/install/my_ur_msgs/lib/libmy_ur_msgs__rosidl_typesupport_fastrtps_c.so
-- Set non-toolchain portion of runtime path of "/home/administrator/Masterproject2/20_ROS/src/Robots/install/my_ur_msgs/lib/libmy_ur_msgs__rosidl_typesupport_fastrtps_c.so" to ""
-- Up-to-date: /home/administrator/Masterproject2/20_ROS/src/Robots/install/my_ur_msgs/include/my_ur_msgs/my_ur_msgs
-- Up-to-date: /home/administrator/Masterproject2/20_ROS/src/Robots/install/my_ur_msgs/include/my_ur_msgs/my_ur_msgs/msg
-- Installing: /home/administrator/Masterproject2/20_ROS/src/Robots/install/my_ur_msgs/include/my_ur_msgs/my_ur_msgs/msg/rosidl_generator_cpp__visibility_control.hpp
-- Up-to-date: /home/administrator/Masterproject2/20_ROS/src/Robots/install/my_ur_msgs/include/my_ur_msgs/my_ur_msgs/action
-- Installing: /home/administrator/Masterproject2/20_ROS/src/Robots/install/my_ur_msgs/include/my_ur_msgs/my_ur_msgs/action/send_script.hpp
-- Up-to-date: /home/administrator/Masterproject2/20_ROS/src/Robots/install/my_ur_msgs/include/my_ur_msgs/my_ur_msgs/action/detail
-- Installing: /home/administrator/Masterproject2/20_ROS/src/Robots/install/my_ur_msgs/include/my_ur_msgs/my_ur_msgs/action/detail/send_script__builder.hpp
-- Installing: /home/administrator/Masterproject2/20_ROS/src/Robots/install/my_ur_msgs/include/my_ur_msgs/my_ur_msgs/action/detail/send_script__struct.hpp
-- Installing: /home/administrator/Masterproject2/20_ROS/src/Robots/install/my_ur_msgs/include/my_ur_msgs/my_ur_msgs/action/detail/send_script__traits.hpp
-- Installing: /home/administrator/Masterproject2/20_ROS/src/Robots/install/my_ur_msgs/include/my_ur_msgs/my_ur_msgs/action/detail/send_script__type_support.hpp
-- Up-to-date: /home/administrator/Masterproject2/20_ROS/src/Robots/install/my_ur_msgs/include/my_ur_msgs/my_ur_msgs
-- Up-to-date: /home/administrator/Masterproject2/20_ROS/src/Robots/install/my_ur_msgs/include/my_ur_msgs/my_ur_msgs/msg
-- Installing: /home/administrator/Masterproject2/20_ROS/src/Robots/install/my_ur_msgs/include/my_ur_msgs/my_ur_msgs/msg/rosidl_typesupport_fastrtps_cpp__visibility_control.h
-- Up-to-date: /home/administrator/Masterproject2/20_ROS/src/Robots/install/my_ur_msgs/include/my_ur_msgs/my_ur_msgs/action
-- Up-to-date: /home/administrator/Masterproject2/20_ROS/src/Robots/install/my_ur_msgs/include/my_ur_msgs/my_ur_msgs/action/detail
-- Installing: /home/administrator/Masterproject2/20_ROS/src/Robots/install/my_ur_msgs/include/my_ur_msgs/my_ur_msgs/action/detail/send_script__rosidl_typesupport_fastrtps_cpp.hpp
-- Installing: /home/administrator/Masterproject2/20_ROS/src/Robots/install/my_ur_msgs/include/my_ur_msgs/my_ur_msgs/action/detail/dds_fastrtps
-- Installing: /home/administrator/Masterproject2/20_ROS/src/Robots/install/my_ur_msgs/lib/libmy_ur_msgs__rosidl_typesupport_fastrtps_cpp.so
-- Set non-toolchain portion of runtime path of "/home/administrator/Masterproject2/20_ROS/src/Robots/install/my_ur_msgs/lib/libmy_ur_msgs__rosidl_typesupport_fastrtps_cpp.so" to ""
-- Up-to-date: /home/administrator/Masterproject2/20_ROS/src/Robots/install/my_ur_msgs/include/my_ur_msgs/my_ur_msgs
-- Up-to-date: /home/administrator/Masterproject2/20_ROS/src/Robots/install/my_ur_msgs/include/my_ur_msgs/my_ur_msgs/msg
-- Installing: /home/administrator/Masterproject2/20_ROS/src/Robots/install/my_ur_msgs/include/my_ur_msgs/my_ur_msgs/msg/rosidl_typesupport_introspection_c__visibility_control.h
-- Up-to-date: /home/administrator/Masterproject2/20_ROS/src/Robots/install/my_ur_msgs/include/my_ur_msgs/my_ur_msgs/action
-- Up-to-date: /home/administrator/Masterproject2/20_ROS/src/Robots/install/my_ur_msgs/include/my_ur_msgs/my_ur_msgs/action/detail
-- Installing: /home/administrator/Masterproject2/20_ROS/src/Robots/install/my_ur_msgs/include/my_ur_msgs/my_ur_msgs/action/detail/send_script__type_support.c
-- Installing: /home/administrator/Masterproject2/20_ROS/src/Robots/install/my_ur_msgs/include/my_ur_msgs/my_ur_msgs/action/detail/send_script__rosidl_typesupport_introspection_c.h
-- Installing: /home/administrator/Masterproject2/20_ROS/src/Robots/install/my_ur_msgs/lib/libmy_ur_msgs__rosidl_typesupport_introspection_c.so
-- Set non-toolchain portion of runtime path of "/home/administrator/Masterproject2/20_ROS/src/Robots/install/my_ur_msgs/lib/libmy_ur_msgs__rosidl_typesupport_introspection_c.so" to ""
-- Installing: /home/administrator/Masterproject2/20_ROS/src/Robots/install/my_ur_msgs/lib/libmy_ur_msgs__rosidl_typesupport_c.so
-- Set non-toolchain portion of runtime path of "/home/administrator/Masterproject2/20_ROS/src/Robots/install/my_ur_msgs/lib/libmy_ur_msgs__rosidl_typesupport_c.so" to ""
-- Up-to-date: /home/administrator/Masterproject2/20_ROS/src/Robots/install/my_ur_msgs/include/my_ur_msgs/my_ur_msgs
-- Up-to-date: /home/administrator/Masterproject2/20_ROS/src/Robots/install/my_ur_msgs/include/my_ur_msgs/my_ur_msgs/action
-- Up-to-date: /home/administrator/Masterproject2/20_ROS/src/Robots/install/my_ur_msgs/include/my_ur_msgs/my_ur_msgs/action/detail
-- Installing: /home/administrator/Masterproject2/20_ROS/src/Robots/install/my_ur_msgs/include/my_ur_msgs/my_ur_msgs/action/detail/send_script__type_support.cpp
-- Installing: /home/administrator/Masterproject2/20_ROS/src/Robots/install/my_ur_msgs/include/my_ur_msgs/my_ur_msgs/action/detail/send_script__rosidl_typesupport_introspection_cpp.hpp
-- Installing: /home/administrator/Masterproject2/20_ROS/src/Robots/install/my_ur_msgs/lib/libmy_ur_msgs__rosidl_typesupport_introspection_cpp.so
-- Set non-toolchain portion of runtime path of "/home/administrator/Masterproject2/20_ROS/src/Robots/install/my_ur_msgs/lib/libmy_ur_msgs__rosidl_typesupport_introspection_cpp.so" to ""
-- Installing: /home/administrator/Masterproject2/20_ROS/src/Robots/install/my_ur_msgs/lib/libmy_ur_msgs__rosidl_typesupport_cpp.so
-- Set non-toolchain portion of runtime path of "/home/administrator/Masterproject2/20_ROS/src/Robots/install/my_ur_msgs/lib/libmy_ur_msgs__rosidl_typesupport_cpp.so" to ""
-- Installing: /home/administrator/Masterproject2/20_ROS/src/Robots/install/my_ur_msgs/share/my_ur_msgs/environment/pythonpath.sh
-- Installing: /home/administrator/Masterproject2/20_ROS/src/Robots/install/my_ur_msgs/share/my_ur_msgs/environment/pythonpath.dsv
-- Installing: /home/administrator/Masterproject2/20_ROS/src/Robots/install/my_ur_msgs/lib/python3.12/site-packages/my_ur_msgs-0.0.0-py3.12.egg-info
-- Installing: /home/administrator/Masterproject2/20_ROS/src/Robots/install/my_ur_msgs/lib/python3.12/site-packages/my_ur_msgs-0.0.0-py3.12.egg-info/dependency_links.txt
-- Installing: /home/administrator/Masterproject2/20_ROS/src/Robots/install/my_ur_msgs/lib/python3.12/site-packages/my_ur_msgs-0.0.0-py3.12.egg-info/top_level.txt
-- Installing: /home/administrator/Masterproject2/20_ROS/src/Robots/install/my_ur_msgs/lib/python3.12/site-packages/my_ur_msgs-0.0.0-py3.12.egg-info/SOURCES.txt
-- Installing: /home/administrator/Masterproject2/20_ROS/src/Robots/install/my_ur_msgs/lib/python3.12/site-packages/my_ur_msgs-0.0.0-py3.12.egg-info/PKG-INFO
-- Installing: /home/administrator/Masterproject2/20_ROS/src/Robots/install/my_ur_msgs/lib/python3.12/site-packages/my_ur_msgs
-- Installing: /home/administrator/Masterproject2/20_ROS/src/Robots/install/my_ur_msgs/lib/python3.12/site-packages/my_ur_msgs/_my_ur_msgs_s.ep.rosidl_typesupport_introspection_c.c
-- Installing: /home/administrator/Masterproject2/20_ROS/src/Robots/install/my_ur_msgs/lib/python3.12/site-packages/my_ur_msgs/my_ur_msgs_s__rosidl_typesupport_c.so
-- Installing: /home/administrator/Masterproject2/20_ROS/src/Robots/install/my_ur_msgs/lib/python3.12/site-packages/my_ur_msgs/__init__.py
-- Installing: /home/administrator/Masterproject2/20_ROS/src/Robots/install/my_ur_msgs/lib/python3.12/site-packages/my_ur_msgs/_my_ur_msgs_s.ep.rosidl_typesupport_c.c
-- Installing: /home/administrator/Masterproject2/20_ROS/src/Robots/install/my_ur_msgs/lib/python3.12/site-packages/my_ur_msgs/my_ur_msgs_s__rosidl_typesupport_fastrtps_c.so
-- Installing: /home/administrator/Masterproject2/20_ROS/src/Robots/install/my_ur_msgs/lib/python3.12/site-packages/my_ur_msgs/my_ur_msgs_s__rosidl_typesupport_introspection_c.so
-- Installing: /home/administrator/Masterproject2/20_ROS/src/Robots/install/my_ur_msgs/lib/python3.12/site-packages/my_ur_msgs/_my_ur_msgs_s.ep.rosidl_typesupport_fastrtps_c.c
-- Installing: /home/administrator/Masterproject2/20_ROS/src/Robots/install/my_ur_msgs/lib/python3.12/site-packages/my_ur_msgs/action
-- Installing: /home/administrator/Masterproject2/20_ROS/src/Robots/install/my_ur_msgs/lib/python3.12/site-packages/my_ur_msgs/action/__init__.py
-- Installing: /home/administrator/Masterproject2/20_ROS/src/Robots/install/my_ur_msgs/lib/python3.12/site-packages/my_ur_msgs/action/_send_script.py
-- Installing: /home/administrator/Masterproject2/20_ROS/src/Robots/install/my_ur_msgs/lib/python3.12/site-packages/my_ur_msgs/action/_send_script_s.c
Listing '/home/administrator/Masterproject2/20_ROS/src/Robots/install/my_ur_msgs/lib/python3.12/site-packages/my_ur_msgs'...
Compiling '/home/administrator/Masterproject2/20_ROS/src/Robots/install/my_ur_msgs/lib/python3.12/site-packages/my_ur_msgs/__init__.py'...
Listing '/home/administrator/Masterproject2/20_ROS/src/Robots/install/my_ur_msgs/lib/python3.12/site-packages/my_ur_msgs/action'...
Compiling '/home/administrator/Masterproject2/20_ROS/src/Robots/install/my_ur_msgs/lib/python3.12/site-packages/my_ur_msgs/action/__init__.py'...
Compiling '/home/administrator/Masterproject2/20_ROS/src/Robots/install/my_ur_msgs/lib/python3.12/site-packages/my_ur_msgs/action/_send_script.py'...
-- Installing: /home/administrator/Masterproject2/20_ROS/src/Robots/install/my_ur_msgs/lib/python3.12/site-packages/my_ur_msgs/my_ur_msgs_s__rosidl_typesupport_fastrtps_c.so
-- Set non-toolchain portion of runtime path of "/home/administrator/Masterproject2/20_ROS/src/Robots/install/my_ur_msgs/lib/python3.12/site-packages/my_ur_msgs/my_ur_msgs_s__rosidl_typesupport_fastrtps_c.so" to ""
-- Installing: /home/administrator/Masterproject2/20_ROS/src/Robots/install/my_ur_msgs/lib/python3.12/site-packages/my_ur_msgs/my_ur_msgs_s__rosidl_typesupport_introspection_c.so
-- Set non-toolchain portion of runtime path of "/home/administrator/Masterproject2/20_ROS/src/Robots/install/my_ur_msgs/lib/python3.12/site-packages/my_ur_msgs/my_ur_msgs_s__rosidl_typesupport_introspection_c.so" to ""
-- Installing: /home/administrator/Masterproject2/20_ROS/src/Robots/install/my_ur_msgs/lib/python3.12/site-packages/my_ur_msgs/my_ur_msgs_s__rosidl_typesupport_c.so
-- Set non-toolchain portion of runtime path of "/home/administrator/Masterproject2/20_ROS/src/Robots/install/my_ur_msgs/lib/python3.12/site-packages/my_ur_msgs/my_ur_msgs_s__rosidl_typesupport_c.so" to ""
-- Installing: /home/administrator/Masterproject2/20_ROS/src/Robots/install/my_ur_msgs/lib/libmy_ur_msgs__rosidl_generator_py.so
-- Set non-toolchain portion of runtime path of "/home/administrator/Masterproject2/20_ROS/src/Robots/install/my_ur_msgs/lib/libmy_ur_msgs__rosidl_generator_py.so" to ""
-- Installing: /home/administrator/Masterproject2/20_ROS/src/Robots/install/my_ur_msgs/share/ament_index/resource_index/rust_packages/my_ur_msgs
-- Installing: /home/administrator/Masterproject2/20_ROS/src/Robots/install/my_ur_msgs/share/my_ur_msgs/rust
-- Installing: /home/administrator/Masterproject2/20_ROS/src/Robots/install/my_ur_msgs/share/my_ur_msgs/rust/Cargo.toml
-- Installing: /home/administrator/Masterproject2/20_ROS/src/Robots/install/my_ur_msgs/share/my_ur_msgs/rust/build.rs
-- Installing: /home/administrator/Masterproject2/20_ROS/src/Robots/install/my_ur_msgs/share/my_ur_msgs/rust/src
-- Installing: /home/administrator/Masterproject2/20_ROS/src/Robots/install/my_ur_msgs/share/my_ur_msgs/rust/src/action.rs
-- Installing: /home/administrator/Masterproject2/20_ROS/src/Robots/install/my_ur_msgs/share/my_ur_msgs/rust/src/lib.rs
-- Installing: /home/administrator/Masterproject2/20_ROS/src/Robots/install/my_ur_msgs/share/my_ur_msgs/rust/src/action
-- Installing: /home/administrator/Masterproject2/20_ROS/src/Robots/install/my_ur_msgs/share/my_ur_msgs/rust/src/action/rmw.rs
-- Installing: /home/administrator/Masterproject2/20_ROS/src/Robots/install/my_ur_msgs/share/my_ur_msgs/action/SendScript.idl
-- Installing: /home/administrator/Masterproject2/20_ROS/src/Robots/install/my_ur_msgs/share/my_ur_msgs/action/SendScript.action
-- Installing: /home/administrator/Masterproject2/20_ROS/src/Robots/install/my_ur_msgs/share/ament_index/resource_index/package_run_dependencies/my_ur_msgs
-- Installing: /home/administrator/Masterproject2/20_ROS/src/Robots/install/my_ur_msgs/share/ament_index/resource_index/parent_prefix_path/my_ur_msgs
-- Installing: /home/administrator/Masterproject2/20_ROS/src/Robots/install/my_ur_msgs/share/my_ur_msgs/environment/ament_prefix_path.sh
-- Installing: /home/administrator/Masterproject2/20_ROS/src/Robots/install/my_ur_msgs/share/my_ur_msgs/environment/ament_prefix_path.dsv
-- Installing: /home/administrator/Masterproject2/20_ROS/src/Robots/install/my_ur_msgs/share/my_ur_msgs/environment/path.sh
-- Installing: /home/administrator/Masterproject2/20_ROS/src/Robots/install/my_ur_msgs/share/my_ur_msgs/environment/path.dsv
-- Installing: /home/administrator/Masterproject2/20_ROS/src/Robots/install/my_ur_msgs/share/my_ur_msgs/local_setup.bash
-- Installing: /home/administrator/Masterproject2/20_ROS/src/Robots/install/my_ur_msgs/share/my_ur_msgs/local_setup.sh
-- Installing: /home/administrator/Masterproject2/20_ROS/src/Robots/install/my_ur_msgs/share/my_ur_msgs/local_setup.zsh
-- Installing: /home/administrator/Masterproject2/20_ROS/src/Robots/install/my_ur_msgs/share/my_ur_msgs/local_setup.dsv
-- Installing: /home/administrator/Masterproject2/20_ROS/src/Robots/install/my_ur_msgs/share/my_ur_msgs/package.dsv
-- Installing: /home/administrator/Masterproject2/20_ROS/src/Robots/install/my_ur_msgs/share/ament_index/resource_index/packages/my_ur_msgs
-- Installing: /home/administrator/Masterproject2/20_ROS/src/Robots/install/my_ur_msgs/share/my_ur_msgs/cmake/export_my_ur_msgs__rosidl_generator_cExport.cmake
-- Installing: /home/administrator/Masterproject2/20_ROS/src/Robots/install/my_ur_msgs/share/my_ur_msgs/cmake/export_my_ur_msgs__rosidl_generator_cExport-noconfig.cmake
-- Installing: /home/administrator/Masterproject2/20_ROS/src/Robots/install/my_ur_msgs/share/my_ur_msgs/cmake/export_my_ur_msgs__rosidl_typesupport_fastrtps_cExport.cmake
-- Installing: /home/administrator/Masterproject2/20_ROS/src/Robots/install/my_ur_msgs/share/my_ur_msgs/cmake/export_my_ur_msgs__rosidl_typesupport_fastrtps_cExport-noconfig.cmake
-- Installing: /home/administrator/Masterproject2/20_ROS/src/Robots/install/my_ur_msgs/share/my_ur_msgs/cmake/export_my_ur_msgs__rosidl_generator_cppExport.cmake
-- Installing: /home/administrator/Masterproject2/20_ROS/src/Robots/install/my_ur_msgs/share/my_ur_msgs/cmake/export_my_ur_msgs__rosidl_typesupport_fastrtps_cppExport.cmake
-- Installing: /home/administrator/Masterproject2/20_ROS/src/Robots/install/my_ur_msgs/share/my_ur_msgs/cmake/export_my_ur_msgs__rosidl_typesupport_fastrtps_cppExport-noconfig.cmake
-- Installing: /home/administrator/Masterproject2/20_ROS/src/Robots/install/my_ur_msgs/share/my_ur_msgs/cmake/my_ur_msgs__rosidl_typesupport_introspection_cExport.cmake
-- Installing: /home/administrator/Masterproject2/20_ROS/src/Robots/install/my_ur_msgs/share/my_ur_msgs/cmake/my_ur_msgs__rosidl_typesupport_introspection_cExport-noconfig.cmake
-- Installing: /home/administrator/Masterproject2/20_ROS/src/Robots/install/my_ur_msgs/share/my_ur_msgs/cmake/my_ur_msgs__rosidl_typesupport_cExport.cmake
-- Installing: /home/administrator/Masterproject2/20_ROS/src/Robots/install/my_ur_msgs/share/my_ur_msgs/cmake/my_ur_msgs__rosidl_typesupport_cExport-noconfig.cmake
-- Installing: /home/administrator/Masterproject2/20_ROS/src/Robots/install/my_ur_msgs/share/my_ur_msgs/cmake/my_ur_msgs__rosidl_typesupport_introspection_cppExport.cmake
-- Installing: /home/administrator/Masterproject2/20_ROS/src/Robots/install/my_ur_msgs/share/my_ur_msgs/cmake/my_ur_msgs__rosidl_typesupport_introspection_cppExport-noconfig.cmake
-- Installing: /home/administrator/Masterproject2/20_ROS/src/Robots/install/my_ur_msgs/share/my_ur_msgs/cmake/my_ur_msgs__rosidl_typesupport_cppExport.cmake
-- Installing: /home/administrator/Masterproject2/20_ROS/src/Robots/install/my_ur_msgs/share/my_ur_msgs/cmake/my_ur_msgs__rosidl_typesupport_cppExport-noconfig.cmake
-- Installing: /home/administrator/Masterproject2/20_ROS/src/Robots/install/my_ur_msgs/share/my_ur_msgs/cmake/export_my_ur_msgs__rosidl_generator_pyExport.cmake
-- Installing: /home/administrator/Masterproject2/20_ROS/src/Robots/install/my_ur_msgs/share/my_ur_msgs/cmake/export_my_ur_msgs__rosidl_generator_pyExport-noconfig.cmake
-- Installing: /home/administrator/Masterproject2/20_ROS/src/Robots/install/my_ur_msgs/share/my_ur_msgs/cmake/rosidl_cmake-extras.cmake
-- Installing: /home/administrator/Masterproject2/20_ROS/src/Robots/install/my_ur_msgs/share/my_ur_msgs/cmake/ament_cmake_export_dependencies-extras.cmake
-- Installing: /home/administrator/Masterproject2/20_ROS/src/Robots/install/my_ur_msgs/share/my_ur_msgs/cmake/ament_cmake_export_include_directories-extras.cmake
-- Installing: /home/administrator/Masterproject2/20_ROS/src/Robots/install/my_ur_msgs/share/my_ur_msgs/cmake/ament_cmake_export_libraries-extras.cmake
-- Installing: /home/administrator/Masterproject2/20_ROS/src/Robots/install/my_ur_msgs/share/my_ur_msgs/cmake/ament_cmake_export_targets-extras.cmake
-- Installing: /home/administrator/Masterproject2/20_ROS/src/Robots/install/my_ur_msgs/share/my_ur_msgs/cmake/rosidl_cmake_export_typesupport_targets-extras.cmake
-- Installing: /home/administrator/Masterproject2/20_ROS/src/Robots/install/my_ur_msgs/share/my_ur_msgs/cmake/rosidl_cmake_export_typesupport_libraries-extras.cmake
-- Installing: /home/administrator/Masterproject2/20_ROS/src/Robots/install/my_ur_msgs/share/my_ur_msgs/cmake/my_ur_msgsConfig.cmake
-- Installing: /home/administrator/Masterproject2/20_ROS/src/Robots/install/my_ur_msgs/share/my_ur_msgs/cmake/my_ur_msgsConfig-version.cmake
-- Installing: /home/administrator/Masterproject2/20_ROS/src/Robots/install/my_ur_msgs/share/my_ur_msgs/package.xml
