[0.036s] Invoking command in '/home/administrator/Masterproject2/20_ROS/src/Robots/build/my_ur_msgs': CMAKE_PREFIX_PATH=${CMAKE_PREFIX_PATH}:/opt/ros/kilted DEBUGINFOD_URLS=https://debuginfod.ubuntu.com /usr/bin/cmake /home/administrator/Masterproject2/20_ROS/src/Robots/UR_Driver/my_ur_msgs -DCMAKE_INSTALL_PREFIX=/home/administrator/Masterproject2/20_ROS/src/Robots/install/my_ur_msgs
[0.075s] -- The C compiler identification is GNU 13.3.0
[0.130s] -- The CXX compiler identification is GNU 13.3.0
[0.139s] -- Detecting C compiler ABI info
[0.240s] -- Detecting C compiler ABI info - done
[0.248s] -- Check for working C compiler: /usr/bin/cc - skipped
[0.248s] -- Detecting C compile features
[0.249s] -- Detecting C compile features - done
[0.261s] -- Detecting CXX compiler ABI info
[0.353s] -- Detecting CXX compiler ABI info - done
[0.363s] -- Check for working CXX compiler: /usr/bin/c++ - skipped
[0.364s] -- Detecting CXX compile features
[0.364s] -- Detecting CXX compile features - done
[0.372s] -- Found ament_cmake: 2.7.5 (/opt/ros/kilted/share/ament_cmake/cmake)
[0.529s] -- Found Python3: /usr/bin/python3 (found version "3.12.3") found components: Interpreter 
[0.576s] -- Found rclcpp: 29.5.8 (/opt/ros/kilted/share/rclcpp/cmake)
[0.639s] -- Found rosidl_generator_c: 4.9.6 (/opt/ros/kilted/share/rosidl_generator_c/cmake)
[0.654s] -- Found rosidl_generator_cpp: 4.9.6 (/opt/ros/kilted/share/rosidl_generator_cpp/cmake)
[0.654s] -- Using all available rosidl_typesupport_c: rosidl_typesupport_fastrtps_c;rosidl_typesupport_introspection_c
[0.655s] -- Using all available rosidl_typesupport_cpp: rosidl_typesupport_fastrtps_cpp;rosidl_typesupport_introspection_cpp
[0.671s] -- Found rmw_implementation_cmake: 7.8.2 (/opt/ros/kilted/share/rmw_implementation_cmake/cmake)
[0.672s] -- Found rmw_fastrtps_cpp: 9.3.4 (/opt/ros/kilted/share/rmw_fastrtps_cpp/cmake)
[0.734s] -- Found OpenSSL: /usr/lib/x86_64-linux-gnu/libcrypto.so (found version "3.0.13")  
[0.744s] -- Using RMW implementation 'rmw_fastrtps_cpp' as default
[0.792s] -- Found std_msgs: 5.5.2 (/opt/ros/kilted/share/std_msgs/cmake)
[0.801s] -- Found geometry_msgs: 5.5.2 (/opt/ros/kilted/share/geometry_msgs/cmake)
[0.810s] -- Found rosidl_default_generators: 1.7.2 (/opt/ros/kilted/share/rosidl_default_generators/cmake)
[0.820s] -- Found rosidl_adapter: 4.9.6 (/opt/ros/kilted/share/rosidl_adapter/cmake)
[1.299s] -- Found ament_cmake_ros_core: 0.14.7 (/opt/ros/kilted/share/ament_cmake_ros_core/cmake)
[1.802s] -- Using all available rosidl_typesupport_c: rosidl_typesupport_fastrtps_c;rosidl_typesupport_introspection_c
[1.995s] -- Using all available rosidl_typesupport_cpp: rosidl_typesupport_fastrtps_cpp;rosidl_typesupport_introspection_cpp
[2.313s] -- Found Python3: /usr/bin/python3 (found version "3.12.3") found components: Interpreter Development NumPy Development.Module Development.Embed 
[2.363s] -- Found Python3: /usr/bin/python3 (found version "3.12.3") found components: Interpreter 
[2.365s] -- Found ament_lint_auto: 0.19.3 (/opt/ros/kilted/share/ament_lint_auto/cmake)
[2.377s] -- Added test 'lint_cmake' to check CMake code style
[2.377s] -- Added test 'xmllint' to check XML markup files
[2.379s] -- Configuring done (2.3s)
[2.403s] -- Generating done (0.0s)
[2.410s] -- Build files have been written to: /home/administrator/Masterproject2/20_ROS/src/Robots/build/my_ur_msgs
[2.424s] Invoked command in '/home/administrator/Masterproject2/20_ROS/src/Robots/build/my_ur_msgs' returned '0': CMAKE_PREFIX_PATH=${CMAKE_PREFIX_PATH}:/opt/ros/kilted DEBUGINFOD_URLS=https://debuginfod.ubuntu.com /usr/bin/cmake /home/administrator/Masterproject2/20_ROS/src/Robots/UR_Driver/my_ur_msgs -DCMAKE_INSTALL_PREFIX=/home/administrator/Masterproject2/20_ROS/src/Robots/install/my_ur_msgs
[2.425s] Invoking command in '/home/administrator/Masterproject2/20_ROS/src/Robots/build/my_ur_msgs': CMAKE_PREFIX_PATH=${CMAKE_PREFIX_PATH}:/opt/ros/kilted DEBUGINFOD_URLS=https://debuginfod.ubuntu.com /usr/bin/cmake --build /home/administrator/Masterproject2/20_ROS/src/Robots/build/my_ur_msgs -- -j14 -l14
[2.456s] [  5%] [34m[1mGenerating type hashes for ROS interfaces[0m
[2.456s] [  5%] [34m[1mGenerating Rust code for ROS interfaces[0m
[2.461s] [  5%] Built target ament_cmake_python_copy_my_ur_msgs
[2.600s] running egg_info
[2.600s] creating my_ur_msgs.egg-info
[2.604s] [  5%] Built target my_ur_msgs__rosidl_generator_type_description
[2.610s] writing my_ur_msgs.egg-info/PKG-INFO
[2.610s] writing dependency_links to my_ur_msgs.egg-info/dependency_links.txt
[2.610s] writing top-level names to my_ur_msgs.egg-info/top_level.txt
[2.610s] writing manifest file 'my_ur_msgs.egg-info/SOURCES.txt'
[2.612s] [  8%] [34m[1mGenerating C code for ROS interfaces[0m
[2.619s] [ 11%] [34m[1mGenerating C++ code for ROS interfaces[0m
[2.639s] reading manifest file 'my_ur_msgs.egg-info/SOURCES.txt'
[2.639s] writing manifest file 'my_ur_msgs.egg-info/SOURCES.txt'
[2.642s] [ 11%] Built target my_ur_msgs__rs
[2.657s] [ 11%] Built target ament_cmake_python_build_my_ur_msgs_egg
[2.868s] [ 11%] Built target my_ur_msgs__cpp
[2.892s] [ 20%] [32mBuilding C object CMakeFiles/my_ur_msgs__rosidl_generator_c.dir/rosidl_generator_c/my_ur_msgs/action/detail/send_script__type_support.c.o[0m
[2.893s] [ 20%] [32mBuilding C object CMakeFiles/my_ur_msgs__rosidl_generator_c.dir/rosidl_generator_c/my_ur_msgs/action/detail/send_script__description.c.o[0m
[2.893s] [ 20%] [32mBuilding C object CMakeFiles/my_ur_msgs__rosidl_generator_c.dir/rosidl_generator_c/my_ur_msgs/action/detail/send_script__functions.c.o[0m
[3.001s] [ 22%] [32m[1mLinking C shared library libmy_ur_msgs__rosidl_generator_c.so[0m
[3.031s] [ 22%] Built target my_ur_msgs__rosidl_generator_c
[3.040s] [ 31%] [34m[1mGenerating C type support for eProsima Fast-RTPS[0m
[3.040s] [ 31%] [34m[1mGenerating C++ type support for eProsima Fast-RTPS[0m
[3.040s] [ 31%] [34m[1mGenerating C type support dispatch for ROS interfaces[0m
[3.040s] [ 34%] [34m[1mGenerating C++ introspection for ROS interfaces[0m
[3.045s] [ 37%] [34m[1mGenerating C introspection for ROS interfaces[0m
[3.050s] [ 40%] [34m[1mGenerating C++ type support dispatch for ROS interfaces[0m
[3.269s] [ 42%] [32mBuilding CXX object CMakeFiles/my_ur_msgs__rosidl_typesupport_cpp.dir/rosidl_typesupport_cpp/my_ur_msgs/action/send_script__type_support.cpp.o[0m
[3.276s] [ 45%] [32mBuilding C object CMakeFiles/my_ur_msgs__rosidl_typesupport_introspection_c.dir/rosidl_typesupport_introspection_c/my_ur_msgs/action/detail/send_script__type_support.c.o[0m
[3.281s] [ 48%] [32mBuilding CXX object CMakeFiles/my_ur_msgs__rosidl_typesupport_c.dir/rosidl_typesupport_c/my_ur_msgs/action/send_script__type_support.cpp.o[0m
[3.282s] [ 51%] [32mBuilding CXX object CMakeFiles/my_ur_msgs__rosidl_typesupport_introspection_cpp.dir/rosidl_typesupport_introspection_cpp/my_ur_msgs/action/detail/send_script__type_support.cpp.o[0m
[3.324s] [ 57%] [32m[1mLinking C shared library libmy_ur_msgs__rosidl_typesupport_introspection_c.so[0m
[3.324s] [ 57%] [32m[1mLinking CXX shared library libmy_ur_msgs__rosidl_typesupport_c.so[0m
[3.358s] [ 57%] Built target my_ur_msgs__rosidl_typesupport_c
[3.359s] [ 60%] [32mBuilding CXX object CMakeFiles/my_ur_msgs__rosidl_typesupport_fastrtps_cpp.dir/rosidl_typesupport_fastrtps_cpp/my_ur_msgs/action/detail/dds_fastrtps/send_script__type_support.cpp.o[0m
[3.359s] [ 60%] Built target my_ur_msgs__rosidl_typesupport_introspection_c
[3.380s] [ 62%] [32mBuilding CXX object CMakeFiles/my_ur_msgs__rosidl_typesupport_fastrtps_c.dir/rosidl_typesupport_fastrtps_c/my_ur_msgs/action/detail/send_script__type_support_c.cpp.o[0m
[3.663s] [ 65%] [32m[1mLinking CXX shared library libmy_ur_msgs__rosidl_typesupport_cpp.so[0m
[3.707s] [ 68%] [32m[1mLinking CXX shared library libmy_ur_msgs__rosidl_typesupport_introspection_cpp.so[0m
[3.724s] [ 68%] Built target my_ur_msgs__rosidl_typesupport_cpp
[3.767s] [ 68%] Built target my_ur_msgs__rosidl_typesupport_introspection_cpp
[3.777s] [ 71%] [32m[1mLinking CXX shared library libmy_ur_msgs__rosidl_typesupport_fastrtps_c.so[0m
[3.828s] [ 71%] Built target my_ur_msgs__rosidl_typesupport_fastrtps_c
[3.955s] [ 74%] [32m[1mLinking CXX shared library libmy_ur_msgs__rosidl_typesupport_fastrtps_cpp.so[0m
[4.007s] [ 74%] Built target my_ur_msgs__rosidl_typesupport_fastrtps_cpp
[4.019s] [ 74%] Built target my_ur_msgs
[4.034s] [ 77%] [34m[1mGenerating Python code for ROS interfaces[0m
[4.403s] [ 77%] Built target my_ur_msgs__py
[4.416s] [ 80%] [32mBuilding C object CMakeFiles/my_ur_msgs__rosidl_generator_py.dir/rosidl_generator_py/my_ur_msgs/action/_send_script_s.c.o[0m
[4.539s] [ 82%] [32m[1mLinking C shared library libmy_ur_msgs__rosidl_generator_py.so[0m
[4.568s] [ 82%] Built target my_ur_msgs__rosidl_generator_py
[4.580s] [ 91%] [32mBuilding C object CMakeFiles/my_ur_msgs_s__rosidl_typesupport_fastrtps_c.dir/rosidl_generator_py/my_ur_msgs/_my_ur_msgs_s.ep.rosidl_typesupport_fastrtps_c.c.o[0m
[4.580s] [ 91%] [32mBuilding C object CMakeFiles/my_ur_msgs_s__rosidl_typesupport_c.dir/rosidl_generator_py/my_ur_msgs/_my_ur_msgs_s.ep.rosidl_typesupport_c.c.o[0m
[4.580s] [ 91%] [32mBuilding C object CMakeFiles/my_ur_msgs_s__rosidl_typesupport_introspection_c.dir/rosidl_generator_py/my_ur_msgs/_my_ur_msgs_s.ep.rosidl_typesupport_introspection_c.c.o[0m
[4.660s] [ 97%] [32m[1mLinking C shared module rosidl_generator_py/my_ur_msgs/my_ur_msgs_s__rosidl_typesupport_c.so[0m
[4.660s] [ 97%] [32m[1mLinking C shared module rosidl_generator_py/my_ur_msgs/my_ur_msgs_s__rosidl_typesupport_introspection_c.so[0m
[4.667s] [100%] [32m[1mLinking C shared module rosidl_generator_py/my_ur_msgs/my_ur_msgs_s__rosidl_typesupport_fastrtps_c.so[0m
[4.682s] [100%] Built target my_ur_msgs_s__rosidl_typesupport_introspection_c
[4.682s] [100%] Built target my_ur_msgs_s__rosidl_typesupport_c
[4.688s] [100%] Built target my_ur_msgs_s__rosidl_typesupport_fastrtps_c
[4.696s] Invoked command in '/home/administrator/Masterproject2/20_ROS/src/Robots/build/my_ur_msgs' returned '0': CMAKE_PREFIX_PATH=${CMAKE_PREFIX_PATH}:/opt/ros/kilted DEBUGINFOD_URLS=https://debuginfod.ubuntu.com /usr/bin/cmake --build /home/administrator/Masterproject2/20_ROS/src/Robots/build/my_ur_msgs -- -j14 -l14
[4.697s] Invoking command in '/home/administrator/Masterproject2/20_ROS/src/Robots/build/my_ur_msgs': CMAKE_PREFIX_PATH=${CMAKE_PREFIX_PATH}:/opt/ros/kilted DEBUGINFOD_URLS=https://debuginfod.ubuntu.com /usr/bin/cmake --install /home/administrator/Masterproject2/20_ROS/src/Robots/build/my_ur_msgs
[4.703s] -- Install configuration: ""
[4.704s] -- Installing: /home/administrator/Masterproject2/20_ROS/src/Robots/install/my_ur_msgs/share/ament_index/resource_index/rosidl_interfaces/my_ur_msgs
[4.704s] -- Installing: /home/administrator/Masterproject2/20_ROS/src/Robots/install/my_ur_msgs/share/my_ur_msgs/action/SendScript.json
[4.704s] -- Installing: /home/administrator/Masterproject2/20_ROS/src/Robots/install/my_ur_msgs/include/my_ur_msgs/my_ur_msgs
[4.704s] -- Installing: /home/administrator/Masterproject2/20_ROS/src/Robots/install/my_ur_msgs/include/my_ur_msgs/my_ur_msgs/msg
[4.704s] -- Installing: /home/administrator/Masterproject2/20_ROS/src/Robots/install/my_ur_msgs/include/my_ur_msgs/my_ur_msgs/msg/rosidl_generator_c__visibility_control.h
[4.704s] -- Installing: /home/administrator/Masterproject2/20_ROS/src/Robots/install/my_ur_msgs/include/my_ur_msgs/my_ur_msgs/action
[4.704s] -- Installing: /home/administrator/Masterproject2/20_ROS/src/Robots/install/my_ur_msgs/include/my_ur_msgs/my_ur_msgs/action/send_script.h
[4.704s] -- Installing: /home/administrator/Masterproject2/20_ROS/src/Robots/install/my_ur_msgs/include/my_ur_msgs/my_ur_msgs/action/detail
[4.704s] -- Installing: /home/administrator/Masterproject2/20_ROS/src/Robots/install/my_ur_msgs/include/my_ur_msgs/my_ur_msgs/action/detail/send_script__type_support.c
[4.704s] -- Installing: /home/administrator/Masterproject2/20_ROS/src/Robots/install/my_ur_msgs/include/my_ur_msgs/my_ur_msgs/action/detail/send_script__description.c
[4.704s] -- Installing: /home/administrator/Masterproject2/20_ROS/src/Robots/install/my_ur_msgs/include/my_ur_msgs/my_ur_msgs/action/detail/send_script__struct.h
[4.704s] -- Installing: /home/administrator/Masterproject2/20_ROS/src/Robots/install/my_ur_msgs/include/my_ur_msgs/my_ur_msgs/action/detail/send_script__functions.h
[4.704s] -- Installing: /home/administrator/Masterproject2/20_ROS/src/Robots/install/my_ur_msgs/include/my_ur_msgs/my_ur_msgs/action/detail/send_script__type_support.h
[4.704s] -- Installing: /home/administrator/Masterproject2/20_ROS/src/Robots/install/my_ur_msgs/include/my_ur_msgs/my_ur_msgs/action/detail/send_script__functions.c
[4.704s] -- Installing: /home/administrator/Masterproject2/20_ROS/src/Robots/install/my_ur_msgs/share/my_ur_msgs/environment/library_path.sh
[4.704s] -- Installing: /home/administrator/Masterproject2/20_ROS/src/Robots/install/my_ur_msgs/share/my_ur_msgs/environment/library_path.dsv
[4.704s] -- Installing: /home/administrator/Masterproject2/20_ROS/src/Robots/install/my_ur_msgs/lib/libmy_ur_msgs__rosidl_generator_c.so
[4.704s] -- Set non-toolchain portion of runtime path of "/home/administrator/Masterproject2/20_ROS/src/Robots/install/my_ur_msgs/lib/libmy_ur_msgs__rosidl_generator_c.so" to ""
[4.704s] -- Up-to-date: /home/administrator/Masterproject2/20_ROS/src/Robots/install/my_ur_msgs/include/my_ur_msgs/my_ur_msgs
[4.704s] -- Up-to-date: /home/administrator/Masterproject2/20_ROS/src/Robots/install/my_ur_msgs/include/my_ur_msgs/my_ur_msgs/msg
[4.704s] -- Installing: /home/administrator/Masterproject2/20_ROS/src/Robots/install/my_ur_msgs/include/my_ur_msgs/my_ur_msgs/msg/rosidl_typesupport_fastrtps_c__visibility_control.h
[4.704s] -- Up-to-date: /home/administrator/Masterproject2/20_ROS/src/Robots/install/my_ur_msgs/include/my_ur_msgs/my_ur_msgs/action
[4.705s] -- Up-to-date: /home/administrator/Masterproject2/20_ROS/src/Robots/install/my_ur_msgs/include/my_ur_msgs/my_ur_msgs/action/detail
[4.705s] -- Installing: /home/administrator/Masterproject2/20_ROS/src/Robots/install/my_ur_msgs/include/my_ur_msgs/my_ur_msgs/action/detail/send_script__rosidl_typesupport_fastrtps_c.h
[4.705s] -- Installing: /home/administrator/Masterproject2/20_ROS/src/Robots/install/my_ur_msgs/lib/libmy_ur_msgs__rosidl_typesupport_fastrtps_c.so
[4.705s] -- Set non-toolchain portion of runtime path of "/home/administrator/Masterproject2/20_ROS/src/Robots/install/my_ur_msgs/lib/libmy_ur_msgs__rosidl_typesupport_fastrtps_c.so" to ""
[4.705s] -- Up-to-date: /home/administrator/Masterproject2/20_ROS/src/Robots/install/my_ur_msgs/include/my_ur_msgs/my_ur_msgs
[4.705s] -- Up-to-date: /home/administrator/Masterproject2/20_ROS/src/Robots/install/my_ur_msgs/include/my_ur_msgs/my_ur_msgs/msg
[4.705s] -- Installing: /home/administrator/Masterproject2/20_ROS/src/Robots/install/my_ur_msgs/include/my_ur_msgs/my_ur_msgs/msg/rosidl_generator_cpp__visibility_control.hpp
[4.705s] -- Up-to-date: /home/administrator/Masterproject2/20_ROS/src/Robots/install/my_ur_msgs/include/my_ur_msgs/my_ur_msgs/action
[4.705s] -- Installing: /home/administrator/Masterproject2/20_ROS/src/Robots/install/my_ur_msgs/include/my_ur_msgs/my_ur_msgs/action/send_script.hpp
[4.705s] -- Up-to-date: /home/administrator/Masterproject2/20_ROS/src/Robots/install/my_ur_msgs/include/my_ur_msgs/my_ur_msgs/action/detail
[4.705s] -- Installing: /home/administrator/Masterproject2/20_ROS/src/Robots/install/my_ur_msgs/include/my_ur_msgs/my_ur_msgs/action/detail/send_script__builder.hpp
[4.705s] -- Installing: /home/administrator/Masterproject2/20_ROS/src/Robots/install/my_ur_msgs/include/my_ur_msgs/my_ur_msgs/action/detail/send_script__struct.hpp
[4.705s] -- Installing: /home/administrator/Masterproject2/20_ROS/src/Robots/install/my_ur_msgs/include/my_ur_msgs/my_ur_msgs/action/detail/send_script__traits.hpp
[4.705s] -- Installing: /home/administrator/Masterproject2/20_ROS/src/Robots/install/my_ur_msgs/include/my_ur_msgs/my_ur_msgs/action/detail/send_script__type_support.hpp
[4.705s] -- Up-to-date: /home/administrator/Masterproject2/20_ROS/src/Robots/install/my_ur_msgs/include/my_ur_msgs/my_ur_msgs
[4.705s] -- Up-to-date: /home/administrator/Masterproject2/20_ROS/src/Robots/install/my_ur_msgs/include/my_ur_msgs/my_ur_msgs/msg
[4.705s] -- Installing: /home/administrator/Masterproject2/20_ROS/src/Robots/install/my_ur_msgs/include/my_ur_msgs/my_ur_msgs/msg/rosidl_typesupport_fastrtps_cpp__visibility_control.h
[4.705s] -- Up-to-date: /home/administrator/Masterproject2/20_ROS/src/Robots/install/my_ur_msgs/include/my_ur_msgs/my_ur_msgs/action
[4.705s] -- Up-to-date: /home/administrator/Masterproject2/20_ROS/src/Robots/install/my_ur_msgs/include/my_ur_msgs/my_ur_msgs/action/detail
[4.705s] -- Installing: /home/administrator/Masterproject2/20_ROS/src/Robots/install/my_ur_msgs/include/my_ur_msgs/my_ur_msgs/action/detail/send_script__rosidl_typesupport_fastrtps_cpp.hpp
[4.705s] -- Installing: /home/administrator/Masterproject2/20_ROS/src/Robots/install/my_ur_msgs/include/my_ur_msgs/my_ur_msgs/action/detail/dds_fastrtps
[4.705s] -- Installing: /home/administrator/Masterproject2/20_ROS/src/Robots/install/my_ur_msgs/lib/libmy_ur_msgs__rosidl_typesupport_fastrtps_cpp.so
[4.706s] -- Set non-toolchain portion of runtime path of "/home/administrator/Masterproject2/20_ROS/src/Robots/install/my_ur_msgs/lib/libmy_ur_msgs__rosidl_typesupport_fastrtps_cpp.so" to ""
[4.706s] -- Up-to-date: /home/administrator/Masterproject2/20_ROS/src/Robots/install/my_ur_msgs/include/my_ur_msgs/my_ur_msgs
[4.706s] -- Up-to-date: /home/administrator/Masterproject2/20_ROS/src/Robots/install/my_ur_msgs/include/my_ur_msgs/my_ur_msgs/msg
[4.706s] -- Installing: /home/administrator/Masterproject2/20_ROS/src/Robots/install/my_ur_msgs/include/my_ur_msgs/my_ur_msgs/msg/rosidl_typesupport_introspection_c__visibility_control.h
[4.706s] -- Up-to-date: /home/administrator/Masterproject2/20_ROS/src/Robots/install/my_ur_msgs/include/my_ur_msgs/my_ur_msgs/action
[4.706s] -- Up-to-date: /home/administrator/Masterproject2/20_ROS/src/Robots/install/my_ur_msgs/include/my_ur_msgs/my_ur_msgs/action/detail
[4.706s] -- Installing: /home/administrator/Masterproject2/20_ROS/src/Robots/install/my_ur_msgs/include/my_ur_msgs/my_ur_msgs/action/detail/send_script__type_support.c
[4.706s] -- Installing: /home/administrator/Masterproject2/20_ROS/src/Robots/install/my_ur_msgs/include/my_ur_msgs/my_ur_msgs/action/detail/send_script__rosidl_typesupport_introspection_c.h
[4.706s] -- Installing: /home/administrator/Masterproject2/20_ROS/src/Robots/install/my_ur_msgs/lib/libmy_ur_msgs__rosidl_typesupport_introspection_c.so
[4.706s] -- Set non-toolchain portion of runtime path of "/home/administrator/Masterproject2/20_ROS/src/Robots/install/my_ur_msgs/lib/libmy_ur_msgs__rosidl_typesupport_introspection_c.so" to ""
[4.706s] -- Installing: /home/administrator/Masterproject2/20_ROS/src/Robots/install/my_ur_msgs/lib/libmy_ur_msgs__rosidl_typesupport_c.so
[4.707s] -- Set non-toolchain portion of runtime path of "/home/administrator/Masterproject2/20_ROS/src/Robots/install/my_ur_msgs/lib/libmy_ur_msgs__rosidl_typesupport_c.so" to ""
[4.707s] -- Up-to-date: /home/administrator/Masterproject2/20_ROS/src/Robots/install/my_ur_msgs/include/my_ur_msgs/my_ur_msgs
[4.707s] -- Up-to-date: /home/administrator/Masterproject2/20_ROS/src/Robots/install/my_ur_msgs/include/my_ur_msgs/my_ur_msgs/action
[4.707s] -- Up-to-date: /home/administrator/Masterproject2/20_ROS/src/Robots/install/my_ur_msgs/include/my_ur_msgs/my_ur_msgs/action/detail
[4.707s] -- Installing: /home/administrator/Masterproject2/20_ROS/src/Robots/install/my_ur_msgs/include/my_ur_msgs/my_ur_msgs/action/detail/send_script__type_support.cpp
[4.707s] -- Installing: /home/administrator/Masterproject2/20_ROS/src/Robots/install/my_ur_msgs/include/my_ur_msgs/my_ur_msgs/action/detail/send_script__rosidl_typesupport_introspection_cpp.hpp
[4.707s] -- Installing: /home/administrator/Masterproject2/20_ROS/src/Robots/install/my_ur_msgs/lib/libmy_ur_msgs__rosidl_typesupport_introspection_cpp.so
[4.707s] -- Set non-toolchain portion of runtime path of "/home/administrator/Masterproject2/20_ROS/src/Robots/install/my_ur_msgs/lib/libmy_ur_msgs__rosidl_typesupport_introspection_cpp.so" to ""
[4.707s] -- Installing: /home/administrator/Masterproject2/20_ROS/src/Robots/install/my_ur_msgs/lib/libmy_ur_msgs__rosidl_typesupport_cpp.so
[4.707s] -- Set non-toolchain portion of runtime path of "/home/administrator/Masterproject2/20_ROS/src/Robots/install/my_ur_msgs/lib/libmy_ur_msgs__rosidl_typesupport_cpp.so" to ""
[4.707s] -- Installing: /home/administrator/Masterproject2/20_ROS/src/Robots/install/my_ur_msgs/share/my_ur_msgs/environment/pythonpath.sh
[4.707s] -- Installing: /home/administrator/Masterproject2/20_ROS/src/Robots/install/my_ur_msgs/share/my_ur_msgs/environment/pythonpath.dsv
[4.707s] -- Installing: /home/administrator/Masterproject2/20_ROS/src/Robots/install/my_ur_msgs/lib/python3.12/site-packages/my_ur_msgs-0.0.0-py3.12.egg-info
[4.707s] -- Installing: /home/administrator/Masterproject2/20_ROS/src/Robots/install/my_ur_msgs/lib/python3.12/site-packages/my_ur_msgs-0.0.0-py3.12.egg-info/dependency_links.txt
[4.707s] -- Installing: /home/administrator/Masterproject2/20_ROS/src/Robots/install/my_ur_msgs/lib/python3.12/site-packages/my_ur_msgs-0.0.0-py3.12.egg-info/top_level.txt
[4.707s] -- Installing: /home/administrator/Masterproject2/20_ROS/src/Robots/install/my_ur_msgs/lib/python3.12/site-packages/my_ur_msgs-0.0.0-py3.12.egg-info/SOURCES.txt
[4.707s] -- Installing: /home/administrator/Masterproject2/20_ROS/src/Robots/install/my_ur_msgs/lib/python3.12/site-packages/my_ur_msgs-0.0.0-py3.12.egg-info/PKG-INFO
[4.708s] -- Installing: /home/administrator/Masterproject2/20_ROS/src/Robots/install/my_ur_msgs/lib/python3.12/site-packages/my_ur_msgs
[4.708s] -- Installing: /home/administrator/Masterproject2/20_ROS/src/Robots/install/my_ur_msgs/lib/python3.12/site-packages/my_ur_msgs/_my_ur_msgs_s.ep.rosidl_typesupport_introspection_c.c
[4.708s] -- Installing: /home/administrator/Masterproject2/20_ROS/src/Robots/install/my_ur_msgs/lib/python3.12/site-packages/my_ur_msgs/my_ur_msgs_s__rosidl_typesupport_c.so
[4.708s] -- Installing: /home/administrator/Masterproject2/20_ROS/src/Robots/install/my_ur_msgs/lib/python3.12/site-packages/my_ur_msgs/__init__.py
[4.708s] -- Installing: /home/administrator/Masterproject2/20_ROS/src/Robots/install/my_ur_msgs/lib/python3.12/site-packages/my_ur_msgs/_my_ur_msgs_s.ep.rosidl_typesupport_c.c
[4.708s] -- Installing: /home/administrator/Masterproject2/20_ROS/src/Robots/install/my_ur_msgs/lib/python3.12/site-packages/my_ur_msgs/my_ur_msgs_s__rosidl_typesupport_fastrtps_c.so
[4.708s] -- Installing: /home/administrator/Masterproject2/20_ROS/src/Robots/install/my_ur_msgs/lib/python3.12/site-packages/my_ur_msgs/my_ur_msgs_s__rosidl_typesupport_introspection_c.so
[4.708s] -- Installing: /home/administrator/Masterproject2/20_ROS/src/Robots/install/my_ur_msgs/lib/python3.12/site-packages/my_ur_msgs/_my_ur_msgs_s.ep.rosidl_typesupport_fastrtps_c.c
[4.708s] -- Installing: /home/administrator/Masterproject2/20_ROS/src/Robots/install/my_ur_msgs/lib/python3.12/site-packages/my_ur_msgs/action
[4.708s] -- Installing: /home/administrator/Masterproject2/20_ROS/src/Robots/install/my_ur_msgs/lib/python3.12/site-packages/my_ur_msgs/action/__init__.py
[4.708s] -- Installing: /home/administrator/Masterproject2/20_ROS/src/Robots/install/my_ur_msgs/lib/python3.12/site-packages/my_ur_msgs/action/_send_script.py
[4.708s] -- Installing: /home/administrator/Masterproject2/20_ROS/src/Robots/install/my_ur_msgs/lib/python3.12/site-packages/my_ur_msgs/action/_send_script_s.c
[4.739s] Listing '/home/administrator/Masterproject2/20_ROS/src/Robots/install/my_ur_msgs/lib/python3.12/site-packages/my_ur_msgs'...
[4.739s] Compiling '/home/administrator/Masterproject2/20_ROS/src/Robots/install/my_ur_msgs/lib/python3.12/site-packages/my_ur_msgs/__init__.py'...
[4.739s] Listing '/home/administrator/Masterproject2/20_ROS/src/Robots/install/my_ur_msgs/lib/python3.12/site-packages/my_ur_msgs/action'...
[4.739s] Compiling '/home/administrator/Masterproject2/20_ROS/src/Robots/install/my_ur_msgs/lib/python3.12/site-packages/my_ur_msgs/action/__init__.py'...
[4.739s] Compiling '/home/administrator/Masterproject2/20_ROS/src/Robots/install/my_ur_msgs/lib/python3.12/site-packages/my_ur_msgs/action/_send_script.py'...
[4.747s] -- Installing: /home/administrator/Masterproject2/20_ROS/src/Robots/install/my_ur_msgs/lib/python3.12/site-packages/my_ur_msgs/my_ur_msgs_s__rosidl_typesupport_fastrtps_c.so
[4.747s] -- Set non-toolchain portion of runtime path of "/home/administrator/Masterproject2/20_ROS/src/Robots/install/my_ur_msgs/lib/python3.12/site-packages/my_ur_msgs/my_ur_msgs_s__rosidl_typesupport_fastrtps_c.so" to ""
[4.747s] -- Installing: /home/administrator/Masterproject2/20_ROS/src/Robots/install/my_ur_msgs/lib/python3.12/site-packages/my_ur_msgs/my_ur_msgs_s__rosidl_typesupport_introspection_c.so
[4.748s] -- Set non-toolchain portion of runtime path of "/home/administrator/Masterproject2/20_ROS/src/Robots/install/my_ur_msgs/lib/python3.12/site-packages/my_ur_msgs/my_ur_msgs_s__rosidl_typesupport_introspection_c.so" to ""
[4.748s] -- Installing: /home/administrator/Masterproject2/20_ROS/src/Robots/install/my_ur_msgs/lib/python3.12/site-packages/my_ur_msgs/my_ur_msgs_s__rosidl_typesupport_c.so
[4.748s] -- Set non-toolchain portion of runtime path of "/home/administrator/Masterproject2/20_ROS/src/Robots/install/my_ur_msgs/lib/python3.12/site-packages/my_ur_msgs/my_ur_msgs_s__rosidl_typesupport_c.so" to ""
[4.748s] -- Installing: /home/administrator/Masterproject2/20_ROS/src/Robots/install/my_ur_msgs/lib/libmy_ur_msgs__rosidl_generator_py.so
[4.748s] -- Set non-toolchain portion of runtime path of "/home/administrator/Masterproject2/20_ROS/src/Robots/install/my_ur_msgs/lib/libmy_ur_msgs__rosidl_generator_py.so" to ""
[4.748s] -- Installing: /home/administrator/Masterproject2/20_ROS/src/Robots/install/my_ur_msgs/share/ament_index/resource_index/rust_packages/my_ur_msgs
[4.748s] -- Installing: /home/administrator/Masterproject2/20_ROS/src/Robots/install/my_ur_msgs/share/my_ur_msgs/rust
[4.748s] -- Installing: /home/administrator/Masterproject2/20_ROS/src/Robots/install/my_ur_msgs/share/my_ur_msgs/rust/Cargo.toml
[4.748s] -- Installing: /home/administrator/Masterproject2/20_ROS/src/Robots/install/my_ur_msgs/share/my_ur_msgs/rust/build.rs
[4.748s] -- Installing: /home/administrator/Masterproject2/20_ROS/src/Robots/install/my_ur_msgs/share/my_ur_msgs/rust/src
[4.748s] -- Installing: /home/administrator/Masterproject2/20_ROS/src/Robots/install/my_ur_msgs/share/my_ur_msgs/rust/src/action.rs
[4.748s] -- Installing: /home/administrator/Masterproject2/20_ROS/src/Robots/install/my_ur_msgs/share/my_ur_msgs/rust/src/lib.rs
[4.748s] -- Installing: /home/administrator/Masterproject2/20_ROS/src/Robots/install/my_ur_msgs/share/my_ur_msgs/rust/src/action
[4.748s] -- Installing: /home/administrator/Masterproject2/20_ROS/src/Robots/install/my_ur_msgs/share/my_ur_msgs/rust/src/action/rmw.rs
[4.748s] -- Installing: /home/administrator/Masterproject2/20_ROS/src/Robots/install/my_ur_msgs/share/my_ur_msgs/action/SendScript.idl
[4.749s] -- Installing: /home/administrator/Masterproject2/20_ROS/src/Robots/install/my_ur_msgs/share/my_ur_msgs/action/SendScript.action
[4.749s] -- Installing: /home/administrator/Masterproject2/20_ROS/src/Robots/install/my_ur_msgs/share/ament_index/resource_index/package_run_dependencies/my_ur_msgs
[4.749s] -- Installing: /home/administrator/Masterproject2/20_ROS/src/Robots/install/my_ur_msgs/share/ament_index/resource_index/parent_prefix_path/my_ur_msgs
[4.749s] -- Installing: /home/administrator/Masterproject2/20_ROS/src/Robots/install/my_ur_msgs/share/my_ur_msgs/environment/ament_prefix_path.sh
[4.749s] -- Installing: /home/administrator/Masterproject2/20_ROS/src/Robots/install/my_ur_msgs/share/my_ur_msgs/environment/ament_prefix_path.dsv
[4.749s] -- Installing: /home/administrator/Masterproject2/20_ROS/src/Robots/install/my_ur_msgs/share/my_ur_msgs/environment/path.sh
[4.749s] -- Installing: /home/administrator/Masterproject2/20_ROS/src/Robots/install/my_ur_msgs/share/my_ur_msgs/environment/path.dsv
[4.749s] -- Installing: /home/administrator/Masterproject2/20_ROS/src/Robots/install/my_ur_msgs/share/my_ur_msgs/local_setup.bash
[4.749s] -- Installing: /home/administrator/Masterproject2/20_ROS/src/Robots/install/my_ur_msgs/share/my_ur_msgs/local_setup.sh
[4.749s] -- Installing: /home/administrator/Masterproject2/20_ROS/src/Robots/install/my_ur_msgs/share/my_ur_msgs/local_setup.zsh
[4.749s] -- Installing: /home/administrator/Masterproject2/20_ROS/src/Robots/install/my_ur_msgs/share/my_ur_msgs/local_setup.dsv
[4.749s] -- Installing: /home/administrator/Masterproject2/20_ROS/src/Robots/install/my_ur_msgs/share/my_ur_msgs/package.dsv
[4.749s] -- Installing: /home/administrator/Masterproject2/20_ROS/src/Robots/install/my_ur_msgs/share/ament_index/resource_index/packages/my_ur_msgs
[4.749s] -- Installing: /home/administrator/Masterproject2/20_ROS/src/Robots/install/my_ur_msgs/share/my_ur_msgs/cmake/export_my_ur_msgs__rosidl_generator_cExport.cmake
[4.749s] -- Installing: /home/administrator/Masterproject2/20_ROS/src/Robots/install/my_ur_msgs/share/my_ur_msgs/cmake/export_my_ur_msgs__rosidl_generator_cExport-noconfig.cmake
[4.749s] -- Installing: /home/administrator/Masterproject2/20_ROS/src/Robots/install/my_ur_msgs/share/my_ur_msgs/cmake/export_my_ur_msgs__rosidl_typesupport_fastrtps_cExport.cmake
[4.749s] -- Installing: /home/administrator/Masterproject2/20_ROS/src/Robots/install/my_ur_msgs/share/my_ur_msgs/cmake/export_my_ur_msgs__rosidl_typesupport_fastrtps_cExport-noconfig.cmake
[4.749s] -- Installing: /home/administrator/Masterproject2/20_ROS/src/Robots/install/my_ur_msgs/share/my_ur_msgs/cmake/export_my_ur_msgs__rosidl_generator_cppExport.cmake
[4.749s] -- Installing: /home/administrator/Masterproject2/20_ROS/src/Robots/install/my_ur_msgs/share/my_ur_msgs/cmake/export_my_ur_msgs__rosidl_typesupport_fastrtps_cppExport.cmake
[4.749s] -- Installing: /home/administrator/Masterproject2/20_ROS/src/Robots/install/my_ur_msgs/share/my_ur_msgs/cmake/export_my_ur_msgs__rosidl_typesupport_fastrtps_cppExport-noconfig.cmake
[4.750s] -- Installing: /home/administrator/Masterproject2/20_ROS/src/Robots/install/my_ur_msgs/share/my_ur_msgs/cmake/my_ur_msgs__rosidl_typesupport_introspection_cExport.cmake
[4.750s] -- Installing: /home/administrator/Masterproject2/20_ROS/src/Robots/install/my_ur_msgs/share/my_ur_msgs/cmake/my_ur_msgs__rosidl_typesupport_introspection_cExport-noconfig.cmake
[4.750s] -- Installing: /home/administrator/Masterproject2/20_ROS/src/Robots/install/my_ur_msgs/share/my_ur_msgs/cmake/my_ur_msgs__rosidl_typesupport_cExport.cmake
[4.750s] -- Installing: /home/administrator/Masterproject2/20_ROS/src/Robots/install/my_ur_msgs/share/my_ur_msgs/cmake/my_ur_msgs__rosidl_typesupport_cExport-noconfig.cmake
[4.750s] -- Installing: /home/administrator/Masterproject2/20_ROS/src/Robots/install/my_ur_msgs/share/my_ur_msgs/cmake/my_ur_msgs__rosidl_typesupport_introspection_cppExport.cmake
[4.750s] -- Installing: /home/administrator/Masterproject2/20_ROS/src/Robots/install/my_ur_msgs/share/my_ur_msgs/cmake/my_ur_msgs__rosidl_typesupport_introspection_cppExport-noconfig.cmake
[4.750s] -- Installing: /home/administrator/Masterproject2/20_ROS/src/Robots/install/my_ur_msgs/share/my_ur_msgs/cmake/my_ur_msgs__rosidl_typesupport_cppExport.cmake
[4.750s] -- Installing: /home/administrator/Masterproject2/20_ROS/src/Robots/install/my_ur_msgs/share/my_ur_msgs/cmake/my_ur_msgs__rosidl_typesupport_cppExport-noconfig.cmake
[4.750s] -- Installing: /home/administrator/Masterproject2/20_ROS/src/Robots/install/my_ur_msgs/share/my_ur_msgs/cmake/export_my_ur_msgs__rosidl_generator_pyExport.cmake
[4.750s] -- Installing: /home/administrator/Masterproject2/20_ROS/src/Robots/install/my_ur_msgs/share/my_ur_msgs/cmake/export_my_ur_msgs__rosidl_generator_pyExport-noconfig.cmake
[4.750s] -- Installing: /home/administrator/Masterproject2/20_ROS/src/Robots/install/my_ur_msgs/share/my_ur_msgs/cmake/rosidl_cmake-extras.cmake
[4.750s] -- Installing: /home/administrator/Masterproject2/20_ROS/src/Robots/install/my_ur_msgs/share/my_ur_msgs/cmake/ament_cmake_export_dependencies-extras.cmake
[4.750s] -- Installing: /home/administrator/Masterproject2/20_ROS/src/Robots/install/my_ur_msgs/share/my_ur_msgs/cmake/ament_cmake_export_include_directories-extras.cmake
[4.750s] -- Installing: /home/administrator/Masterproject2/20_ROS/src/Robots/install/my_ur_msgs/share/my_ur_msgs/cmake/ament_cmake_export_libraries-extras.cmake
[4.750s] -- Installing: /home/administrator/Masterproject2/20_ROS/src/Robots/install/my_ur_msgs/share/my_ur_msgs/cmake/ament_cmake_export_targets-extras.cmake
[4.751s] -- Installing: /home/administrator/Masterproject2/20_ROS/src/Robots/install/my_ur_msgs/share/my_ur_msgs/cmake/rosidl_cmake_export_typesupport_targets-extras.cmake
[4.751s] -- Installing: /home/administrator/Masterproject2/20_ROS/src/Robots/install/my_ur_msgs/share/my_ur_msgs/cmake/rosidl_cmake_export_typesupport_libraries-extras.cmake
[4.751s] -- Installing: /home/administrator/Masterproject2/20_ROS/src/Robots/install/my_ur_msgs/share/my_ur_msgs/cmake/my_ur_msgsConfig.cmake
[4.751s] -- Installing: /home/administrator/Masterproject2/20_ROS/src/Robots/install/my_ur_msgs/share/my_ur_msgs/cmake/my_ur_msgsConfig-version.cmake
[4.751s] -- Installing: /home/administrator/Masterproject2/20_ROS/src/Robots/install/my_ur_msgs/share/my_ur_msgs/package.xml
[4.754s] Invoked command in '/home/administrator/Masterproject2/20_ROS/src/Robots/build/my_ur_msgs' returned '0': CMAKE_PREFIX_PATH=${CMAKE_PREFIX_PATH}:/opt/ros/kilted DEBUGINFOD_URLS=https://debuginfod.ubuntu.com /usr/bin/cmake --install /home/administrator/Masterproject2/20_ROS/src/Robots/build/my_ur_msgs
