[0.017s] Invoking command in '/home/administrator/Masterproject2/20_ROS/src/Robots/build/sdc21x0': CMAKE_PREFIX_PATH=${CMAKE_PREFIX_PATH}:/opt/ros/kilted DEBUGINFOD_URLS=https://debuginfod.ubuntu.com /usr/bin/cmake --build /home/administrator/Masterproject2/20_ROS/src/Robots/build/sdc21x0 -- -j14 -l14
[0.054s] [  1%] Built target sdc21x0__rs
[0.055s] [  3%] Built target sdc21x0__rosidl_generator_type_description
[0.080s] [ 24%] Built target sdc21x0__rosidl_generator_c
[0.080s] [ 24%] Built target ament_cmake_python_copy_sdc21x0
[0.081s] [ 26%] Built target sdc21x0__cpp
[0.114s] [ 35%] Built target sdc21x0__rosidl_typesupport_fastrtps_cpp
[0.114s] [ 44%] Built target sdc21x0__rosidl_typesupport_c
[0.118s] [ 53%] Built target sdc21x0__rosidl_typesupport_introspection_cpp
[0.123s] [ 63%] Built target sdc21x0__rosidl_typesupport_introspection_c
[0.124s] [ 72%] Built target sdc21x0__rosidl_typesupport_cpp
[0.140s] [ 81%] Built target sdc21x0__rosidl_typesupport_fastrtps_c
[0.155s] [ 81%] Built target sdc21x0
[0.170s] [ 83%] Built target sdc21x0__py
[0.191s] [ 90%] Built target sdc21x0__rosidl_generator_py
[0.214s] [ 93%] Built target sdc21x0_s__rosidl_typesupport_c
[0.216s] [ 96%] Built target sdc21x0_s__rosidl_typesupport_introspection_c
[0.245s] [100%] Built target sdc21x0_s__rosidl_typesupport_fastrtps_c
[0.336s] running egg_info
[0.348s] writing sdc21x0.egg-info/PKG-INFO
[0.348s] writing dependency_links to sdc21x0.egg-info/dependency_links.txt
[0.348s] writing top-level names to sdc21x0.egg-info/top_level.txt
[0.377s] reading manifest file 'sdc21x0.egg-info/SOURCES.txt'
[0.378s] writing manifest file 'sdc21x0.egg-info/SOURCES.txt'
[0.394s] [100%] Built target ament_cmake_python_build_sdc21x0_egg
[0.401s] Invoked command in '/home/administrator/Masterproject2/20_ROS/src/Robots/build/sdc21x0' returned '0': CMAKE_PREFIX_PATH=${CMAKE_PREFIX_PATH}:/opt/ros/kilted DEBUGINFOD_URLS=https://debuginfod.ubuntu.com /usr/bin/cmake --build /home/administrator/Masterproject2/20_ROS/src/Robots/build/sdc21x0 -- -j14 -l14
[0.402s] Invoking command in '/home/administrator/Masterproject2/20_ROS/src/Robots/build/sdc21x0': CMAKE_PREFIX_PATH=${CMAKE_PREFIX_PATH}:/opt/ros/kilted DEBUGINFOD_URLS=https://debuginfod.ubuntu.com /usr/bin/cmake --install /home/administrator/Masterproject2/20_ROS/src/Robots/build/sdc21x0
[0.409s] -- Install configuration: ""
[0.409s] -- Up-to-date: /home/administrator/Masterproject2/20_ROS/src/Robots/install/sdc21x0/share/ament_index/resource_index/rosidl_interfaces/sdc21x0
[0.409s] -- Up-to-date: /home/administrator/Masterproject2/20_ROS/src/Robots/install/sdc21x0/share/sdc21x0/msg/Encoders.json
[0.409s] -- Up-to-date: /home/administrator/Masterproject2/20_ROS/src/Robots/install/sdc21x0/share/sdc21x0/msg/MotorCurrents.json
[0.409s] -- Up-to-date: /home/administrator/Masterproject2/20_ROS/src/Robots/install/sdc21x0/share/sdc21x0/msg/StampedEncoders.json
[0.409s] -- Up-to-date: /home/administrator/Masterproject2/20_ROS/src/Robots/install/sdc21x0/share/sdc21x0/srv/Flags.json
[0.409s] -- Up-to-date: /home/administrator/Masterproject2/20_ROS/src/Robots/install/sdc21x0/include/sdc21x0/sdc21x0
[0.409s] -- Up-to-date: /home/administrator/Masterproject2/20_ROS/src/Robots/install/sdc21x0/include/sdc21x0/sdc21x0/msg
[0.409s] -- Up-to-date: /home/administrator/Masterproject2/20_ROS/src/Robots/install/sdc21x0/include/sdc21x0/sdc21x0/msg/motor_currents.h
[0.410s] -- Up-to-date: /home/administrator/Masterproject2/20_ROS/src/Robots/install/sdc21x0/include/sdc21x0/sdc21x0/msg/stamped_encoders.h
[0.410s] -- Up-to-date: /home/administrator/Masterproject2/20_ROS/src/Robots/install/sdc21x0/include/sdc21x0/sdc21x0/msg/encoders.h
[0.410s] -- Up-to-date: /home/administrator/Masterproject2/20_ROS/src/Robots/install/sdc21x0/include/sdc21x0/sdc21x0/msg/rosidl_generator_c__visibility_control.h
[0.410s] -- Up-to-date: /home/administrator/Masterproject2/20_ROS/src/Robots/install/sdc21x0/include/sdc21x0/sdc21x0/msg/detail
[0.410s] -- Up-to-date: /home/administrator/Masterproject2/20_ROS/src/Robots/install/sdc21x0/include/sdc21x0/sdc21x0/msg/detail/stamped_encoders__description.c
[0.410s] -- Up-to-date: /home/administrator/Masterproject2/20_ROS/src/Robots/install/sdc21x0/include/sdc21x0/sdc21x0/msg/detail/encoders__struct.h
[0.410s] -- Up-to-date: /home/administrator/Masterproject2/20_ROS/src/Robots/install/sdc21x0/include/sdc21x0/sdc21x0/msg/detail/stamped_encoders__type_support.h
[0.410s] -- Up-to-date: /home/administrator/Masterproject2/20_ROS/src/Robots/install/sdc21x0/include/sdc21x0/sdc21x0/msg/detail/motor_currents__functions.c
[0.410s] -- Up-to-date: /home/administrator/Masterproject2/20_ROS/src/Robots/install/sdc21x0/include/sdc21x0/sdc21x0/msg/detail/stamped_encoders__struct.h
[0.411s] -- Up-to-date: /home/administrator/Masterproject2/20_ROS/src/Robots/install/sdc21x0/include/sdc21x0/sdc21x0/msg/detail/encoders__functions.c
[0.411s] -- Up-to-date: /home/administrator/Masterproject2/20_ROS/src/Robots/install/sdc21x0/include/sdc21x0/sdc21x0/msg/detail/stamped_encoders__functions.h
[0.411s] -- Up-to-date: /home/administrator/Masterproject2/20_ROS/src/Robots/install/sdc21x0/include/sdc21x0/sdc21x0/msg/detail/encoders__type_support.h
[0.411s] -- Up-to-date: /home/administrator/Masterproject2/20_ROS/src/Robots/install/sdc21x0/include/sdc21x0/sdc21x0/msg/detail/encoders__description.c
[0.411s] -- Up-to-date: /home/administrator/Masterproject2/20_ROS/src/Robots/install/sdc21x0/include/sdc21x0/sdc21x0/msg/detail/motor_currents__functions.h
[0.411s] -- Up-to-date: /home/administrator/Masterproject2/20_ROS/src/Robots/install/sdc21x0/include/sdc21x0/sdc21x0/msg/detail/stamped_encoders__functions.c
[0.411s] -- Up-to-date: /home/administrator/Masterproject2/20_ROS/src/Robots/install/sdc21x0/include/sdc21x0/sdc21x0/msg/detail/encoders__type_support.c
[0.411s] -- Up-to-date: /home/administrator/Masterproject2/20_ROS/src/Robots/install/sdc21x0/include/sdc21x0/sdc21x0/msg/detail/motor_currents__type_support.h
[0.411s] -- Up-to-date: /home/administrator/Masterproject2/20_ROS/src/Robots/install/sdc21x0/include/sdc21x0/sdc21x0/msg/detail/motor_currents__struct.h
[0.412s] -- Up-to-date: /home/administrator/Masterproject2/20_ROS/src/Robots/install/sdc21x0/include/sdc21x0/sdc21x0/msg/detail/encoders__functions.h
[0.412s] -- Up-to-date: /home/administrator/Masterproject2/20_ROS/src/Robots/install/sdc21x0/include/sdc21x0/sdc21x0/msg/detail/motor_currents__type_support.c
[0.412s] -- Up-to-date: /home/administrator/Masterproject2/20_ROS/src/Robots/install/sdc21x0/include/sdc21x0/sdc21x0/msg/detail/motor_currents__description.c
[0.412s] -- Up-to-date: /home/administrator/Masterproject2/20_ROS/src/Robots/install/sdc21x0/include/sdc21x0/sdc21x0/msg/detail/stamped_encoders__type_support.c
[0.412s] -- Up-to-date: /home/administrator/Masterproject2/20_ROS/src/Robots/install/sdc21x0/include/sdc21x0/sdc21x0/srv
[0.412s] -- Up-to-date: /home/administrator/Masterproject2/20_ROS/src/Robots/install/sdc21x0/include/sdc21x0/sdc21x0/srv/flags.h
[0.412s] -- Up-to-date: /home/administrator/Masterproject2/20_ROS/src/Robots/install/sdc21x0/include/sdc21x0/sdc21x0/srv/detail
[0.412s] -- Up-to-date: /home/administrator/Masterproject2/20_ROS/src/Robots/install/sdc21x0/include/sdc21x0/sdc21x0/srv/detail/flags__functions.h
[0.412s] -- Up-to-date: /home/administrator/Masterproject2/20_ROS/src/Robots/install/sdc21x0/include/sdc21x0/sdc21x0/srv/detail/flags__type_support.h
[0.412s] -- Up-to-date: /home/administrator/Masterproject2/20_ROS/src/Robots/install/sdc21x0/include/sdc21x0/sdc21x0/srv/detail/flags__description.c
[0.412s] -- Up-to-date: /home/administrator/Masterproject2/20_ROS/src/Robots/install/sdc21x0/include/sdc21x0/sdc21x0/srv/detail/flags__functions.c
[0.412s] -- Up-to-date: /home/administrator/Masterproject2/20_ROS/src/Robots/install/sdc21x0/include/sdc21x0/sdc21x0/srv/detail/flags__struct.h
[0.412s] -- Up-to-date: /home/administrator/Masterproject2/20_ROS/src/Robots/install/sdc21x0/include/sdc21x0/sdc21x0/srv/detail/flags__type_support.c
[0.412s] -- Up-to-date: /home/administrator/Masterproject2/20_ROS/src/Robots/install/sdc21x0/share/sdc21x0/environment/library_path.sh
[0.412s] -- Up-to-date: /home/administrator/Masterproject2/20_ROS/src/Robots/install/sdc21x0/share/sdc21x0/environment/library_path.dsv
[0.412s] -- Up-to-date: /home/administrator/Masterproject2/20_ROS/src/Robots/install/sdc21x0/lib/libsdc21x0__rosidl_generator_c.so
[0.412s] -- Up-to-date: /home/administrator/Masterproject2/20_ROS/src/Robots/install/sdc21x0/include/sdc21x0/sdc21x0
[0.412s] -- Up-to-date: /home/administrator/Masterproject2/20_ROS/src/Robots/install/sdc21x0/include/sdc21x0/sdc21x0/msg
[0.412s] -- Up-to-date: /home/administrator/Masterproject2/20_ROS/src/Robots/install/sdc21x0/include/sdc21x0/sdc21x0/msg/detail
[0.412s] -- Up-to-date: /home/administrator/Masterproject2/20_ROS/src/Robots/install/sdc21x0/include/sdc21x0/sdc21x0/msg/detail/motor_currents__rosidl_typesupport_fastrtps_c.h
[0.412s] -- Up-to-date: /home/administrator/Masterproject2/20_ROS/src/Robots/install/sdc21x0/include/sdc21x0/sdc21x0/msg/detail/encoders__rosidl_typesupport_fastrtps_c.h
[0.412s] -- Up-to-date: /home/administrator/Masterproject2/20_ROS/src/Robots/install/sdc21x0/include/sdc21x0/sdc21x0/msg/detail/stamped_encoders__rosidl_typesupport_fastrtps_c.h
[0.412s] -- Up-to-date: /home/administrator/Masterproject2/20_ROS/src/Robots/install/sdc21x0/include/sdc21x0/sdc21x0/msg/rosidl_typesupport_fastrtps_c__visibility_control.h
[0.413s] -- Up-to-date: /home/administrator/Masterproject2/20_ROS/src/Robots/install/sdc21x0/include/sdc21x0/sdc21x0/srv
[0.413s] -- Up-to-date: /home/administrator/Masterproject2/20_ROS/src/Robots/install/sdc21x0/include/sdc21x0/sdc21x0/srv/detail
[0.413s] -- Up-to-date: /home/administrator/Masterproject2/20_ROS/src/Robots/install/sdc21x0/include/sdc21x0/sdc21x0/srv/detail/flags__rosidl_typesupport_fastrtps_c.h
[0.413s] -- Up-to-date: /home/administrator/Masterproject2/20_ROS/src/Robots/install/sdc21x0/lib/libsdc21x0__rosidl_typesupport_fastrtps_c.so
[0.413s] -- Up-to-date: /home/administrator/Masterproject2/20_ROS/src/Robots/install/sdc21x0/include/sdc21x0/sdc21x0
[0.413s] -- Up-to-date: /home/administrator/Masterproject2/20_ROS/src/Robots/install/sdc21x0/include/sdc21x0/sdc21x0/msg
[0.413s] -- Up-to-date: /home/administrator/Masterproject2/20_ROS/src/Robots/install/sdc21x0/include/sdc21x0/sdc21x0/msg/encoders.hpp
[0.413s] -- Up-to-date: /home/administrator/Masterproject2/20_ROS/src/Robots/install/sdc21x0/include/sdc21x0/sdc21x0/msg/motor_currents.hpp
[0.413s] -- Up-to-date: /home/administrator/Masterproject2/20_ROS/src/Robots/install/sdc21x0/include/sdc21x0/sdc21x0/msg/rosidl_generator_cpp__visibility_control.hpp
[0.413s] -- Up-to-date: /home/administrator/Masterproject2/20_ROS/src/Robots/install/sdc21x0/include/sdc21x0/sdc21x0/msg/stamped_encoders.hpp
[0.413s] -- Up-to-date: /home/administrator/Masterproject2/20_ROS/src/Robots/install/sdc21x0/include/sdc21x0/sdc21x0/msg/detail
[0.413s] -- Up-to-date: /home/administrator/Masterproject2/20_ROS/src/Robots/install/sdc21x0/include/sdc21x0/sdc21x0/msg/detail/stamped_encoders__type_support.hpp
[0.413s] -- Up-to-date: /home/administrator/Masterproject2/20_ROS/src/Robots/install/sdc21x0/include/sdc21x0/sdc21x0/msg/detail/encoders__struct.hpp
[0.413s] -- Up-to-date: /home/administrator/Masterproject2/20_ROS/src/Robots/install/sdc21x0/include/sdc21x0/sdc21x0/msg/detail/stamped_encoders__traits.hpp
[0.413s] -- Up-to-date: /home/administrator/Masterproject2/20_ROS/src/Robots/install/sdc21x0/include/sdc21x0/sdc21x0/msg/detail/motor_currents__struct.hpp
[0.413s] -- Up-to-date: /home/administrator/Masterproject2/20_ROS/src/Robots/install/sdc21x0/include/sdc21x0/sdc21x0/msg/detail/motor_currents__traits.hpp
[0.413s] -- Up-to-date: /home/administrator/Masterproject2/20_ROS/src/Robots/install/sdc21x0/include/sdc21x0/sdc21x0/msg/detail/motor_currents__type_support.hpp
[0.413s] -- Up-to-date: /home/administrator/Masterproject2/20_ROS/src/Robots/install/sdc21x0/include/sdc21x0/sdc21x0/msg/detail/encoders__traits.hpp
[0.413s] -- Up-to-date: /home/administrator/Masterproject2/20_ROS/src/Robots/install/sdc21x0/include/sdc21x0/sdc21x0/msg/detail/stamped_encoders__struct.hpp
[0.413s] -- Up-to-date: /home/administrator/Masterproject2/20_ROS/src/Robots/install/sdc21x0/include/sdc21x0/sdc21x0/msg/detail/stamped_encoders__builder.hpp
[0.413s] -- Up-to-date: /home/administrator/Masterproject2/20_ROS/src/Robots/install/sdc21x0/include/sdc21x0/sdc21x0/msg/detail/encoders__builder.hpp
[0.413s] -- Up-to-date: /home/administrator/Masterproject2/20_ROS/src/Robots/install/sdc21x0/include/sdc21x0/sdc21x0/msg/detail/motor_currents__builder.hpp
[0.413s] -- Up-to-date: /home/administrator/Masterproject2/20_ROS/src/Robots/install/sdc21x0/include/sdc21x0/sdc21x0/msg/detail/encoders__type_support.hpp
[0.413s] -- Up-to-date: /home/administrator/Masterproject2/20_ROS/src/Robots/install/sdc21x0/include/sdc21x0/sdc21x0/srv
[0.414s] -- Up-to-date: /home/administrator/Masterproject2/20_ROS/src/Robots/install/sdc21x0/include/sdc21x0/sdc21x0/srv/flags.hpp
[0.414s] -- Up-to-date: /home/administrator/Masterproject2/20_ROS/src/Robots/install/sdc21x0/include/sdc21x0/sdc21x0/srv/detail
[0.414s] -- Up-to-date: /home/administrator/Masterproject2/20_ROS/src/Robots/install/sdc21x0/include/sdc21x0/sdc21x0/srv/detail/flags__traits.hpp
[0.414s] -- Up-to-date: /home/administrator/Masterproject2/20_ROS/src/Robots/install/sdc21x0/include/sdc21x0/sdc21x0/srv/detail/flags__type_support.hpp
[0.414s] -- Up-to-date: /home/administrator/Masterproject2/20_ROS/src/Robots/install/sdc21x0/include/sdc21x0/sdc21x0/srv/detail/flags__builder.hpp
[0.414s] -- Up-to-date: /home/administrator/Masterproject2/20_ROS/src/Robots/install/sdc21x0/include/sdc21x0/sdc21x0/srv/detail/flags__struct.hpp
[0.414s] -- Up-to-date: /home/administrator/Masterproject2/20_ROS/src/Robots/install/sdc21x0/include/sdc21x0/sdc21x0
[0.414s] -- Up-to-date: /home/administrator/Masterproject2/20_ROS/src/Robots/install/sdc21x0/include/sdc21x0/sdc21x0/msg
[0.414s] -- Up-to-date: /home/administrator/Masterproject2/20_ROS/src/Robots/install/sdc21x0/include/sdc21x0/sdc21x0/msg/rosidl_typesupport_fastrtps_cpp__visibility_control.h
[0.414s] -- Up-to-date: /home/administrator/Masterproject2/20_ROS/src/Robots/install/sdc21x0/include/sdc21x0/sdc21x0/msg/detail
[0.414s] -- Up-to-date: /home/administrator/Masterproject2/20_ROS/src/Robots/install/sdc21x0/include/sdc21x0/sdc21x0/msg/detail/stamped_encoders__rosidl_typesupport_fastrtps_cpp.hpp
[0.414s] -- Up-to-date: /home/administrator/Masterproject2/20_ROS/src/Robots/install/sdc21x0/include/sdc21x0/sdc21x0/msg/detail/motor_currents__rosidl_typesupport_fastrtps_cpp.hpp
[0.414s] -- Up-to-date: /home/administrator/Masterproject2/20_ROS/src/Robots/install/sdc21x0/include/sdc21x0/sdc21x0/msg/detail/encoders__rosidl_typesupport_fastrtps_cpp.hpp
[0.414s] -- Up-to-date: /home/administrator/Masterproject2/20_ROS/src/Robots/install/sdc21x0/include/sdc21x0/sdc21x0/msg/detail/dds_fastrtps
[0.414s] -- Up-to-date: /home/administrator/Masterproject2/20_ROS/src/Robots/install/sdc21x0/include/sdc21x0/sdc21x0/srv
[0.414s] -- Up-to-date: /home/administrator/Masterproject2/20_ROS/src/Robots/install/sdc21x0/include/sdc21x0/sdc21x0/srv/detail
[0.414s] -- Up-to-date: /home/administrator/Masterproject2/20_ROS/src/Robots/install/sdc21x0/include/sdc21x0/sdc21x0/srv/detail/flags__rosidl_typesupport_fastrtps_cpp.hpp
[0.414s] -- Up-to-date: /home/administrator/Masterproject2/20_ROS/src/Robots/install/sdc21x0/include/sdc21x0/sdc21x0/srv/detail/dds_fastrtps
[0.414s] -- Up-to-date: /home/administrator/Masterproject2/20_ROS/src/Robots/install/sdc21x0/lib/libsdc21x0__rosidl_typesupport_fastrtps_cpp.so
[0.415s] -- Up-to-date: /home/administrator/Masterproject2/20_ROS/src/Robots/install/sdc21x0/include/sdc21x0/sdc21x0
[0.415s] -- Up-to-date: /home/administrator/Masterproject2/20_ROS/src/Robots/install/sdc21x0/include/sdc21x0/sdc21x0/msg
[0.415s] -- Up-to-date: /home/administrator/Masterproject2/20_ROS/src/Robots/install/sdc21x0/include/sdc21x0/sdc21x0/msg/rosidl_typesupport_introspection_c__visibility_control.h
[0.415s] -- Up-to-date: /home/administrator/Masterproject2/20_ROS/src/Robots/install/sdc21x0/include/sdc21x0/sdc21x0/msg/detail
[0.415s] -- Up-to-date: /home/administrator/Masterproject2/20_ROS/src/Robots/install/sdc21x0/include/sdc21x0/sdc21x0/msg/detail/stamped_encoders__rosidl_typesupport_introspection_c.h
[0.415s] -- Up-to-date: /home/administrator/Masterproject2/20_ROS/src/Robots/install/sdc21x0/include/sdc21x0/sdc21x0/msg/detail/motor_currents__rosidl_typesupport_introspection_c.h
[0.415s] -- Up-to-date: /home/administrator/Masterproject2/20_ROS/src/Robots/install/sdc21x0/include/sdc21x0/sdc21x0/msg/detail/encoders__rosidl_typesupport_introspection_c.h
[0.415s] -- Up-to-date: /home/administrator/Masterproject2/20_ROS/src/Robots/install/sdc21x0/include/sdc21x0/sdc21x0/msg/detail/encoders__type_support.c
[0.415s] -- Up-to-date: /home/administrator/Masterproject2/20_ROS/src/Robots/install/sdc21x0/include/sdc21x0/sdc21x0/msg/detail/motor_currents__type_support.c
[0.415s] -- Up-to-date: /home/administrator/Masterproject2/20_ROS/src/Robots/install/sdc21x0/include/sdc21x0/sdc21x0/msg/detail/stamped_encoders__type_support.c
[0.415s] -- Up-to-date: /home/administrator/Masterproject2/20_ROS/src/Robots/install/sdc21x0/include/sdc21x0/sdc21x0/srv
[0.415s] -- Up-to-date: /home/administrator/Masterproject2/20_ROS/src/Robots/install/sdc21x0/include/sdc21x0/sdc21x0/srv/detail
[0.415s] -- Up-to-date: /home/administrator/Masterproject2/20_ROS/src/Robots/install/sdc21x0/include/sdc21x0/sdc21x0/srv/detail/flags__rosidl_typesupport_introspection_c.h
[0.415s] -- Up-to-date: /home/administrator/Masterproject2/20_ROS/src/Robots/install/sdc21x0/include/sdc21x0/sdc21x0/srv/detail/flags__type_support.c
[0.415s] -- Up-to-date: /home/administrator/Masterproject2/20_ROS/src/Robots/install/sdc21x0/lib/libsdc21x0__rosidl_typesupport_introspection_c.so
[0.415s] -- Up-to-date: /home/administrator/Masterproject2/20_ROS/src/Robots/install/sdc21x0/lib/libsdc21x0__rosidl_typesupport_c.so
[0.415s] -- Up-to-date: /home/administrator/Masterproject2/20_ROS/src/Robots/install/sdc21x0/include/sdc21x0/sdc21x0
[0.415s] -- Up-to-date: /home/administrator/Masterproject2/20_ROS/src/Robots/install/sdc21x0/include/sdc21x0/sdc21x0/msg
[0.415s] -- Up-to-date: /home/administrator/Masterproject2/20_ROS/src/Robots/install/sdc21x0/include/sdc21x0/sdc21x0/msg/detail
[0.415s] -- Up-to-date: /home/administrator/Masterproject2/20_ROS/src/Robots/install/sdc21x0/include/sdc21x0/sdc21x0/msg/detail/motor_currents__rosidl_typesupport_introspection_cpp.hpp
[0.415s] -- Up-to-date: /home/administrator/Masterproject2/20_ROS/src/Robots/install/sdc21x0/include/sdc21x0/sdc21x0/msg/detail/stamped_encoders__type_support.cpp
[0.416s] -- Up-to-date: /home/administrator/Masterproject2/20_ROS/src/Robots/install/sdc21x0/include/sdc21x0/sdc21x0/msg/detail/encoders__type_support.cpp
[0.416s] -- Up-to-date: /home/administrator/Masterproject2/20_ROS/src/Robots/install/sdc21x0/include/sdc21x0/sdc21x0/msg/detail/encoders__rosidl_typesupport_introspection_cpp.hpp
[0.416s] -- Up-to-date: /home/administrator/Masterproject2/20_ROS/src/Robots/install/sdc21x0/include/sdc21x0/sdc21x0/msg/detail/stamped_encoders__rosidl_typesupport_introspection_cpp.hpp
[0.416s] -- Up-to-date: /home/administrator/Masterproject2/20_ROS/src/Robots/install/sdc21x0/include/sdc21x0/sdc21x0/msg/detail/motor_currents__type_support.cpp
[0.416s] -- Up-to-date: /home/administrator/Masterproject2/20_ROS/src/Robots/install/sdc21x0/include/sdc21x0/sdc21x0/srv
[0.416s] -- Up-to-date: /home/administrator/Masterproject2/20_ROS/src/Robots/install/sdc21x0/include/sdc21x0/sdc21x0/srv/detail
[0.416s] -- Up-to-date: /home/administrator/Masterproject2/20_ROS/src/Robots/install/sdc21x0/include/sdc21x0/sdc21x0/srv/detail/flags__rosidl_typesupport_introspection_cpp.hpp
[0.416s] -- Up-to-date: /home/administrator/Masterproject2/20_ROS/src/Robots/install/sdc21x0/include/sdc21x0/sdc21x0/srv/detail/flags__type_support.cpp
[0.416s] -- Up-to-date: /home/administrator/Masterproject2/20_ROS/src/Robots/install/sdc21x0/lib/libsdc21x0__rosidl_typesupport_introspection_cpp.so
[0.416s] -- Up-to-date: /home/administrator/Masterproject2/20_ROS/src/Robots/install/sdc21x0/lib/libsdc21x0__rosidl_typesupport_cpp.so
[0.416s] -- Up-to-date: /home/administrator/Masterproject2/20_ROS/src/Robots/install/sdc21x0/share/sdc21x0/environment/pythonpath.sh
[0.416s] -- Up-to-date: /home/administrator/Masterproject2/20_ROS/src/Robots/install/sdc21x0/share/sdc21x0/environment/pythonpath.dsv
[0.416s] -- Up-to-date: /home/administrator/Masterproject2/20_ROS/src/Robots/install/sdc21x0/lib/python3.12/site-packages/sdc21x0-1.1.3-py3.12.egg-info
[0.416s] -- Installing: /home/administrator/Masterproject2/20_ROS/src/Robots/install/sdc21x0/lib/python3.12/site-packages/sdc21x0-1.1.3-py3.12.egg-info/dependency_links.txt
[0.416s] -- Installing: /home/administrator/Masterproject2/20_ROS/src/Robots/install/sdc21x0/lib/python3.12/site-packages/sdc21x0-1.1.3-py3.12.egg-info/top_level.txt
[0.416s] -- Installing: /home/administrator/Masterproject2/20_ROS/src/Robots/install/sdc21x0/lib/python3.12/site-packages/sdc21x0-1.1.3-py3.12.egg-info/SOURCES.txt
[0.416s] -- Installing: /home/administrator/Masterproject2/20_ROS/src/Robots/install/sdc21x0/lib/python3.12/site-packages/sdc21x0-1.1.3-py3.12.egg-info/PKG-INFO
[0.416s] -- Up-to-date: /home/administrator/Masterproject2/20_ROS/src/Robots/install/sdc21x0/lib/python3.12/site-packages/sdc21x0
[0.416s] -- Up-to-date: /home/administrator/Masterproject2/20_ROS/src/Robots/install/sdc21x0/lib/python3.12/site-packages/sdc21x0/__init__.py
[0.416s] -- Up-to-date: /home/administrator/Masterproject2/20_ROS/src/Robots/install/sdc21x0/lib/python3.12/site-packages/sdc21x0/sdc21x0_s__rosidl_typesupport_c.so
[0.417s] -- Up-to-date: /home/administrator/Masterproject2/20_ROS/src/Robots/install/sdc21x0/lib/python3.12/site-packages/sdc21x0/_sdc21x0_s.ep.rosidl_typesupport_c.c
[0.417s] -- Up-to-date: /home/administrator/Masterproject2/20_ROS/src/Robots/install/sdc21x0/lib/python3.12/site-packages/sdc21x0/msg
[0.417s] -- Up-to-date: /home/administrator/Masterproject2/20_ROS/src/Robots/install/sdc21x0/lib/python3.12/site-packages/sdc21x0/msg/_stamped_encoders_s.c
[0.417s] -- Up-to-date: /home/administrator/Masterproject2/20_ROS/src/Robots/install/sdc21x0/lib/python3.12/site-packages/sdc21x0/msg/__init__.py
[0.417s] -- Up-to-date: /home/administrator/Masterproject2/20_ROS/src/Robots/install/sdc21x0/lib/python3.12/site-packages/sdc21x0/msg/_motor_currents.py
[0.417s] -- Up-to-date: /home/administrator/Masterproject2/20_ROS/src/Robots/install/sdc21x0/lib/python3.12/site-packages/sdc21x0/msg/_motor_currents_s.c
[0.417s] -- Up-to-date: /home/administrator/Masterproject2/20_ROS/src/Robots/install/sdc21x0/lib/python3.12/site-packages/sdc21x0/msg/_stamped_encoders.py
[0.417s] -- Up-to-date: /home/administrator/Masterproject2/20_ROS/src/Robots/install/sdc21x0/lib/python3.12/site-packages/sdc21x0/msg/_encoders.py
[0.417s] -- Up-to-date: /home/administrator/Masterproject2/20_ROS/src/Robots/install/sdc21x0/lib/python3.12/site-packages/sdc21x0/msg/_encoders_s.c
[0.417s] -- Up-to-date: /home/administrator/Masterproject2/20_ROS/src/Robots/install/sdc21x0/lib/python3.12/site-packages/sdc21x0/srv
[0.417s] -- Up-to-date: /home/administrator/Masterproject2/20_ROS/src/Robots/install/sdc21x0/lib/python3.12/site-packages/sdc21x0/srv/__init__.py
[0.417s] -- Up-to-date: /home/administrator/Masterproject2/20_ROS/src/Robots/install/sdc21x0/lib/python3.12/site-packages/sdc21x0/srv/_flags.py
[0.417s] -- Up-to-date: /home/administrator/Masterproject2/20_ROS/src/Robots/install/sdc21x0/lib/python3.12/site-packages/sdc21x0/srv/_flags_s.c
[0.417s] -- Up-to-date: /home/administrator/Masterproject2/20_ROS/src/Robots/install/sdc21x0/lib/python3.12/site-packages/sdc21x0/sdc21x0_s__rosidl_typesupport_introspection_c.so
[0.417s] -- Up-to-date: /home/administrator/Masterproject2/20_ROS/src/Robots/install/sdc21x0/lib/python3.12/site-packages/sdc21x0/_sdc21x0_s.ep.rosidl_typesupport_fastrtps_c.c
[0.417s] -- Up-to-date: /home/administrator/Masterproject2/20_ROS/src/Robots/install/sdc21x0/lib/python3.12/site-packages/sdc21x0/sdc21x0_s__rosidl_typesupport_fastrtps_c.so
[0.417s] -- Up-to-date: /home/administrator/Masterproject2/20_ROS/src/Robots/install/sdc21x0/lib/python3.12/site-packages/sdc21x0/_sdc21x0_s.ep.rosidl_typesupport_introspection_c.c
[0.491s] Listing '/home/administrator/Masterproject2/20_ROS/src/Robots/install/sdc21x0/lib/python3.12/site-packages/sdc21x0'...
[0.492s] Listing '/home/administrator/Masterproject2/20_ROS/src/Robots/install/sdc21x0/lib/python3.12/site-packages/sdc21x0/msg'...
[0.492s] Listing '/home/administrator/Masterproject2/20_ROS/src/Robots/install/sdc21x0/lib/python3.12/site-packages/sdc21x0/srv'...
[0.492s] -- Up-to-date: /home/administrator/Masterproject2/20_ROS/src/Robots/install/sdc21x0/lib/python3.12/site-packages/sdc21x0/sdc21x0_s__rosidl_typesupport_fastrtps_c.so
[0.493s] -- Up-to-date: /home/administrator/Masterproject2/20_ROS/src/Robots/install/sdc21x0/lib/python3.12/site-packages/sdc21x0/sdc21x0_s__rosidl_typesupport_introspection_c.so
[0.494s] -- Up-to-date: /home/administrator/Masterproject2/20_ROS/src/Robots/install/sdc21x0/lib/python3.12/site-packages/sdc21x0/sdc21x0_s__rosidl_typesupport_c.so
[0.494s] -- Up-to-date: /home/administrator/Masterproject2/20_ROS/src/Robots/install/sdc21x0/lib/libsdc21x0__rosidl_generator_py.so
[0.494s] -- Up-to-date: /home/administrator/Masterproject2/20_ROS/src/Robots/install/sdc21x0/share/ament_index/resource_index/rust_packages/sdc21x0
[0.495s] -- Up-to-date: /home/administrator/Masterproject2/20_ROS/src/Robots/install/sdc21x0/share/sdc21x0/rust
[0.495s] -- Up-to-date: /home/administrator/Masterproject2/20_ROS/src/Robots/install/sdc21x0/share/sdc21x0/rust/Cargo.toml
[0.495s] -- Up-to-date: /home/administrator/Masterproject2/20_ROS/src/Robots/install/sdc21x0/share/sdc21x0/rust/build.rs
[0.495s] -- Up-to-date: /home/administrator/Masterproject2/20_ROS/src/Robots/install/sdc21x0/share/sdc21x0/rust/src
[0.495s] -- Up-to-date: /home/administrator/Masterproject2/20_ROS/src/Robots/install/sdc21x0/share/sdc21x0/rust/src/msg
[0.495s] -- Up-to-date: /home/administrator/Masterproject2/20_ROS/src/Robots/install/sdc21x0/share/sdc21x0/rust/src/msg/rmw.rs
[0.495s] -- Up-to-date: /home/administrator/Masterproject2/20_ROS/src/Robots/install/sdc21x0/share/sdc21x0/rust/src/srv
[0.495s] -- Up-to-date: /home/administrator/Masterproject2/20_ROS/src/Robots/install/sdc21x0/share/sdc21x0/rust/src/srv/rmw.rs
[0.495s] -- Up-to-date: /home/administrator/Masterproject2/20_ROS/src/Robots/install/sdc21x0/share/sdc21x0/rust/src/srv.rs
[0.495s] -- Up-to-date: /home/administrator/Masterproject2/20_ROS/src/Robots/install/sdc21x0/share/sdc21x0/rust/src/msg.rs
[0.495s] -- Up-to-date: /home/administrator/Masterproject2/20_ROS/src/Robots/install/sdc21x0/share/sdc21x0/rust/src/lib.rs
[0.495s] -- Up-to-date: /home/administrator/Masterproject2/20_ROS/src/Robots/install/sdc21x0/share/sdc21x0/msg/Encoders.idl
[0.495s] -- Up-to-date: /home/administrator/Masterproject2/20_ROS/src/Robots/install/sdc21x0/share/sdc21x0/msg/MotorCurrents.idl
[0.495s] -- Up-to-date: /home/administrator/Masterproject2/20_ROS/src/Robots/install/sdc21x0/share/sdc21x0/msg/StampedEncoders.idl
[0.495s] -- Up-to-date: /home/administrator/Masterproject2/20_ROS/src/Robots/install/sdc21x0/share/sdc21x0/srv/Flags.idl
[0.495s] -- Up-to-date: /home/administrator/Masterproject2/20_ROS/src/Robots/install/sdc21x0/share/sdc21x0/msg/Encoders.msg
[0.495s] -- Up-to-date: /home/administrator/Masterproject2/20_ROS/src/Robots/install/sdc21x0/share/sdc21x0/msg/MotorCurrents.msg
[0.495s] -- Up-to-date: /home/administrator/Masterproject2/20_ROS/src/Robots/install/sdc21x0/share/sdc21x0/msg/StampedEncoders.msg
[0.496s] -- Up-to-date: /home/administrator/Masterproject2/20_ROS/src/Robots/install/sdc21x0/share/sdc21x0/srv/Flags.srv
[0.496s] -- Up-to-date: /home/administrator/Masterproject2/20_ROS/src/Robots/install/sdc21x0/share/ament_index/resource_index/package_run_dependencies/sdc21x0
[0.496s] -- Up-to-date: /home/administrator/Masterproject2/20_ROS/src/Robots/install/sdc21x0/share/ament_index/resource_index/parent_prefix_path/sdc21x0
[0.496s] -- Up-to-date: /home/administrator/Masterproject2/20_ROS/src/Robots/install/sdc21x0/share/sdc21x0/environment/ament_prefix_path.sh
[0.496s] -- Up-to-date: /home/administrator/Masterproject2/20_ROS/src/Robots/install/sdc21x0/share/sdc21x0/environment/ament_prefix_path.dsv
[0.496s] -- Up-to-date: /home/administrator/Masterproject2/20_ROS/src/Robots/install/sdc21x0/share/sdc21x0/environment/path.sh
[0.496s] -- Up-to-date: /home/administrator/Masterproject2/20_ROS/src/Robots/install/sdc21x0/share/sdc21x0/environment/path.dsv
[0.496s] -- Up-to-date: /home/administrator/Masterproject2/20_ROS/src/Robots/install/sdc21x0/share/sdc21x0/local_setup.bash
[0.496s] -- Up-to-date: /home/administrator/Masterproject2/20_ROS/src/Robots/install/sdc21x0/share/sdc21x0/local_setup.sh
[0.496s] -- Up-to-date: /home/administrator/Masterproject2/20_ROS/src/Robots/install/sdc21x0/share/sdc21x0/local_setup.zsh
[0.496s] -- Up-to-date: /home/administrator/Masterproject2/20_ROS/src/Robots/install/sdc21x0/share/sdc21x0/local_setup.dsv
[0.496s] -- Installing: /home/administrator/Masterproject2/20_ROS/src/Robots/install/sdc21x0/share/sdc21x0/package.dsv
[0.496s] -- Up-to-date: /home/administrator/Masterproject2/20_ROS/src/Robots/install/sdc21x0/share/ament_index/resource_index/packages/sdc21x0
[0.496s] -- Up-to-date: /home/administrator/Masterproject2/20_ROS/src/Robots/install/sdc21x0/share/sdc21x0/cmake/export_sdc21x0__rosidl_generator_cExport.cmake
[0.496s] -- Up-to-date: /home/administrator/Masterproject2/20_ROS/src/Robots/install/sdc21x0/share/sdc21x0/cmake/export_sdc21x0__rosidl_generator_cExport-noconfig.cmake
[0.496s] -- Up-to-date: /home/administrator/Masterproject2/20_ROS/src/Robots/install/sdc21x0/share/sdc21x0/cmake/export_sdc21x0__rosidl_typesupport_fastrtps_cExport.cmake
[0.496s] -- Up-to-date: /home/administrator/Masterproject2/20_ROS/src/Robots/install/sdc21x0/share/sdc21x0/cmake/export_sdc21x0__rosidl_typesupport_fastrtps_cExport-noconfig.cmake
[0.496s] -- Up-to-date: /home/administrator/Masterproject2/20_ROS/src/Robots/install/sdc21x0/share/sdc21x0/cmake/export_sdc21x0__rosidl_generator_cppExport.cmake
[0.496s] -- Up-to-date: /home/administrator/Masterproject2/20_ROS/src/Robots/install/sdc21x0/share/sdc21x0/cmake/export_sdc21x0__rosidl_typesupport_fastrtps_cppExport.cmake
[0.497s] -- Up-to-date: /home/administrator/Masterproject2/20_ROS/src/Robots/install/sdc21x0/share/sdc21x0/cmake/export_sdc21x0__rosidl_typesupport_fastrtps_cppExport-noconfig.cmake
[0.497s] -- Up-to-date: /home/administrator/Masterproject2/20_ROS/src/Robots/install/sdc21x0/share/sdc21x0/cmake/sdc21x0__rosidl_typesupport_introspection_cExport.cmake
[0.497s] -- Up-to-date: /home/administrator/Masterproject2/20_ROS/src/Robots/install/sdc21x0/share/sdc21x0/cmake/sdc21x0__rosidl_typesupport_introspection_cExport-noconfig.cmake
[0.497s] -- Up-to-date: /home/administrator/Masterproject2/20_ROS/src/Robots/install/sdc21x0/share/sdc21x0/cmake/sdc21x0__rosidl_typesupport_cExport.cmake
[0.497s] -- Up-to-date: /home/administrator/Masterproject2/20_ROS/src/Robots/install/sdc21x0/share/sdc21x0/cmake/sdc21x0__rosidl_typesupport_cExport-noconfig.cmake
[0.498s] -- Up-to-date: /home/administrator/Masterproject2/20_ROS/src/Robots/install/sdc21x0/share/sdc21x0/cmake/sdc21x0__rosidl_typesupport_introspection_cppExport.cmake
[0.498s] -- Up-to-date: /home/administrator/Masterproject2/20_ROS/src/Robots/install/sdc21x0/share/sdc21x0/cmake/sdc21x0__rosidl_typesupport_introspection_cppExport-noconfig.cmake
[0.498s] -- Up-to-date: /home/administrator/Masterproject2/20_ROS/src/Robots/install/sdc21x0/share/sdc21x0/cmake/sdc21x0__rosidl_typesupport_cppExport.cmake
[0.498s] -- Up-to-date: /home/administrator/Masterproject2/20_ROS/src/Robots/install/sdc21x0/share/sdc21x0/cmake/sdc21x0__rosidl_typesupport_cppExport-noconfig.cmake
[0.498s] -- Up-to-date: /home/administrator/Masterproject2/20_ROS/src/Robots/install/sdc21x0/share/sdc21x0/cmake/export_sdc21x0__rosidl_generator_pyExport.cmake
[0.498s] -- Up-to-date: /home/administrator/Masterproject2/20_ROS/src/Robots/install/sdc21x0/share/sdc21x0/cmake/export_sdc21x0__rosidl_generator_pyExport-noconfig.cmake
[0.498s] -- Up-to-date: /home/administrator/Masterproject2/20_ROS/src/Robots/install/sdc21x0/share/sdc21x0/cmake/rosidl_cmake-extras.cmake
[0.498s] -- Up-to-date: /home/administrator/Masterproject2/20_ROS/src/Robots/install/sdc21x0/share/sdc21x0/cmake/ament_cmake_export_dependencies-extras.cmake
[0.498s] -- Up-to-date: /home/administrator/Masterproject2/20_ROS/src/Robots/install/sdc21x0/share/sdc21x0/cmake/ament_cmake_export_include_directories-extras.cmake
[0.498s] -- Up-to-date: /home/administrator/Masterproject2/20_ROS/src/Robots/install/sdc21x0/share/sdc21x0/cmake/ament_cmake_export_libraries-extras.cmake
[0.498s] -- Up-to-date: /home/administrator/Masterproject2/20_ROS/src/Robots/install/sdc21x0/share/sdc21x0/cmake/ament_cmake_export_targets-extras.cmake
[0.498s] -- Up-to-date: /home/administrator/Masterproject2/20_ROS/src/Robots/install/sdc21x0/share/sdc21x0/cmake/rosidl_cmake_export_typesupport_targets-extras.cmake
[0.499s] -- Up-to-date: /home/administrator/Masterproject2/20_ROS/src/Robots/install/sdc21x0/share/sdc21x0/cmake/rosidl_cmake_export_typesupport_libraries-extras.cmake
[0.499s] -- Up-to-date: /home/administrator/Masterproject2/20_ROS/src/Robots/install/sdc21x0/share/sdc21x0/cmake/sdc21x0Config.cmake
[0.499s] -- Up-to-date: /home/administrator/Masterproject2/20_ROS/src/Robots/install/sdc21x0/share/sdc21x0/cmake/sdc21x0Config-version.cmake
[0.499s] -- Up-to-date: /home/administrator/Masterproject2/20_ROS/src/Robots/install/sdc21x0/share/sdc21x0/package.xml
[0.637s] Invoked command in '/home/administrator/Masterproject2/20_ROS/src/Robots/build/sdc21x0' returned '0': CMAKE_PREFIX_PATH=${CMAKE_PREFIX_PATH}:/opt/ros/kilted DEBUGINFOD_URLS=https://debuginfod.ubuntu.com /usr/bin/cmake --install /home/administrator/Masterproject2/20_ROS/src/Robots/build/sdc21x0
