[0.009s] Invoking command in '/home/administrator/Masterproject2/20_ROS/src/Robots/build/mir_gazebo': AMENT_PREFIX_PATH=/home/administrator/Masterproject2/20_ROS/src/Robots/install/mir_driver:/home/administrator/Masterproject2/20_ROS/src/Robots/install/mir_msgs:/home/administrator/Masterproject2/20_ROS/src/Robots/install/mir_description:/home/administrator/Masterproject2/20_ROS/src/Robots/install/mir_actions:${AMENT_PREFIX_PATH} CMAKE_PREFIX_PATH=/home/administrator/Masterproject2/20_ROS/src/Robots/install/mir_driver:/home/administrator/Masterproject2/20_ROS/src/Robots/install/mir_msgs:/home/administrator/Masterproject2/20_ROS/src/Robots/install/mir_description:/home/administrator/Masterproject2/20_ROS/src/Robots/install/mir_actions:/opt/ros/kilted/opt/sdformat_vendor:/opt/ros/kilted/opt/gz_math_vendor:/opt/ros/kilted/opt/gz_utils_vendor:/opt/ros/kilted/opt/gz_tools_vendor:/opt/ros/kilted/opt/gz_cmake_vendor:/opt/ros/kilted DEBUGINFOD_URLS=https://debuginfod.ubuntu.com LD_LIBRARY_PATH=/home/administrator/Masterproject2/20_ROS/src/Robots/install/mir_msgs/lib:/home/administrator/Masterproject2/20_ROS/src/Robots/install/mir_actions/lib:${LD_LIBRARY_PATH} PYTHONPATH=/home/administrator/Masterproject2/20_ROS/src/Robots/install/mir_driver/lib/python3.12/site-packages:/home/administrator/Masterproject2/20_ROS/src/Robots/install/mir_msgs/lib/python3.12/site-packages:/home/administrator/Masterproject2/20_ROS/src/Robots/install/mir_actions/lib/python3.12/site-packages:${PYTHONPATH} /usr/bin/cmake /home/administrator/Masterproject2/20_ROS/src/Robots/MIR/mir_gazebo -DCMAKE_INSTALL_PREFIX=/home/administrator/Masterproject2/20_ROS/src/Robots/install/mir_gazebo
[0.047s] -- The C compiler identification is GNU 13.3.0
[0.086s] -- The CXX compiler identification is GNU 13.3.0
[0.099s] -- Detecting C compiler ABI info
[0.163s] -- Detecting C compiler ABI info - done
[0.170s] -- Check for working C compiler: /usr/bin/cc - skipped
[0.170s] -- Detecting C compile features
[0.170s] -- Detecting C compile features - done
[0.177s] -- Detecting CXX compiler ABI info
[0.249s] -- Detecting CXX compiler ABI info - done
[0.256s] -- Check for working CXX compiler: /usr/bin/c++ - skipped
[0.256s] -- Detecting CXX compile features
[0.257s] -- Detecting CXX compile features - done
[0.258s] -- Found ament_cmake: 2.7.5 (/opt/ros/kilted/share/ament_cmake/cmake)
[0.367s] -- Found Python3: /usr/bin/python3 (found version "3.12.3") found components: Interpreter 
[0.535s] -- Configuring done (0.5s)
[0.545s] -- Generating done (0.0s)
[0.550s] -- Build files have been written to: /home/administrator/Masterproject2/20_ROS/src/Robots/build/mir_gazebo
[0.561s] Invoked command in '/home/administrator/Masterproject2/20_ROS/src/Robots/build/mir_gazebo' returned '0': AMENT_PREFIX_PATH=/home/administrator/Masterproject2/20_ROS/src/Robots/install/mir_driver:/home/administrator/Masterproject2/20_ROS/src/Robots/install/mir_msgs:/home/administrator/Masterproject2/20_ROS/src/Robots/install/mir_description:/home/administrator/Masterproject2/20_ROS/src/Robots/install/mir_actions:${AMENT_PREFIX_PATH} CMAKE_PREFIX_PATH=/home/administrator/Masterproject2/20_ROS/src/Robots/install/mir_driver:/home/administrator/Masterproject2/20_ROS/src/Robots/install/mir_msgs:/home/administrator/Masterproject2/20_ROS/src/Robots/install/mir_description:/home/administrator/Masterproject2/20_ROS/src/Robots/install/mir_actions:/opt/ros/kilted/opt/sdformat_vendor:/opt/ros/kilted/opt/gz_math_vendor:/opt/ros/kilted/opt/gz_utils_vendor:/opt/ros/kilted/opt/gz_tools_vendor:/opt/ros/kilted/opt/gz_cmake_vendor:/opt/ros/kilted DEBUGINFOD_URLS=https://debuginfod.ubuntu.com LD_LIBRARY_PATH=/home/administrator/Masterproject2/20_ROS/src/Robots/install/mir_msgs/lib:/home/administrator/Masterproject2/20_ROS/src/Robots/install/mir_actions/lib:${LD_LIBRARY_PATH} PYTHONPATH=/home/administrator/Masterproject2/20_ROS/src/Robots/install/mir_driver/lib/python3.12/site-packages:/home/administrator/Masterproject2/20_ROS/src/Robots/install/mir_msgs/lib/python3.12/site-packages:/home/administrator/Masterproject2/20_ROS/src/Robots/install/mir_actions/lib/python3.12/site-packages:${PYTHONPATH} /usr/bin/cmake /home/administrator/Masterproject2/20_ROS/src/Robots/MIR/mir_gazebo -DCMAKE_INSTALL_PREFIX=/home/administrator/Masterproject2/20_ROS/src/Robots/install/mir_gazebo
[0.561s] Invoking command in '/home/administrator/Masterproject2/20_ROS/src/Robots/build/mir_gazebo': AMENT_PREFIX_PATH=/home/administrator/Masterproject2/20_ROS/src/Robots/install/mir_driver:/home/administrator/Masterproject2/20_ROS/src/Robots/install/mir_msgs:/home/administrator/Masterproject2/20_ROS/src/Robots/install/mir_description:/home/administrator/Masterproject2/20_ROS/src/Robots/install/mir_actions:${AMENT_PREFIX_PATH} CMAKE_PREFIX_PATH=/home/administrator/Masterproject2/20_ROS/src/Robots/install/mir_driver:/home/administrator/Masterproject2/20_ROS/src/Robots/install/mir_msgs:/home/administrator/Masterproject2/20_ROS/src/Robots/install/mir_description:/home/administrator/Masterproject2/20_ROS/src/Robots/install/mir_actions:/opt/ros/kilted/opt/sdformat_vendor:/opt/ros/kilted/opt/gz_math_vendor:/opt/ros/kilted/opt/gz_utils_vendor:/opt/ros/kilted/opt/gz_tools_vendor:/opt/ros/kilted/opt/gz_cmake_vendor:/opt/ros/kilted DEBUGINFOD_URLS=https://debuginfod.ubuntu.com LD_LIBRARY_PATH=/home/administrator/Masterproject2/20_ROS/src/Robots/install/mir_msgs/lib:/home/administrator/Masterproject2/20_ROS/src/Robots/install/mir_actions/lib:${LD_LIBRARY_PATH} PYTHONPATH=/home/administrator/Masterproject2/20_ROS/src/Robots/install/mir_driver/lib/python3.12/site-packages:/home/administrator/Masterproject2/20_ROS/src/Robots/install/mir_msgs/lib/python3.12/site-packages:/home/administrator/Masterproject2/20_ROS/src/Robots/install/mir_actions/lib/python3.12/site-packages:${PYTHONPATH} /usr/bin/cmake --build /home/administrator/Masterproject2/20_ROS/src/Robots/build/mir_gazebo -- -j14 -l14
[0.587s] Invoked command in '/home/administrator/Masterproject2/20_ROS/src/Robots/build/mir_gazebo' returned '0': AMENT_PREFIX_PATH=/home/administrator/Masterproject2/20_ROS/src/Robots/install/mir_driver:/home/administrator/Masterproject2/20_ROS/src/Robots/install/mir_msgs:/home/administrator/Masterproject2/20_ROS/src/Robots/install/mir_description:/home/administrator/Masterproject2/20_ROS/src/Robots/install/mir_actions:${AMENT_PREFIX_PATH} CMAKE_PREFIX_PATH=/home/administrator/Masterproject2/20_ROS/src/Robots/install/mir_driver:/home/administrator/Masterproject2/20_ROS/src/Robots/install/mir_msgs:/home/administrator/Masterproject2/20_ROS/src/Robots/install/mir_description:/home/administrator/Masterproject2/20_ROS/src/Robots/install/mir_actions:/opt/ros/kilted/opt/sdformat_vendor:/opt/ros/kilted/opt/gz_math_vendor:/opt/ros/kilted/opt/gz_utils_vendor:/opt/ros/kilted/opt/gz_tools_vendor:/opt/ros/kilted/opt/gz_cmake_vendor:/opt/ros/kilted DEBUGINFOD_URLS=https://debuginfod.ubuntu.com LD_LIBRARY_PATH=/home/administrator/Masterproject2/20_ROS/src/Robots/install/mir_msgs/lib:/home/administrator/Masterproject2/20_ROS/src/Robots/install/mir_actions/lib:${LD_LIBRARY_PATH} PYTHONPATH=/home/administrator/Masterproject2/20_ROS/src/Robots/install/mir_driver/lib/python3.12/site-packages:/home/administrator/Masterproject2/20_ROS/src/Robots/install/mir_msgs/lib/python3.12/site-packages:/home/administrator/Masterproject2/20_ROS/src/Robots/install/mir_actions/lib/python3.12/site-packages:${PYTHONPATH} /usr/bin/cmake --build /home/administrator/Masterproject2/20_ROS/src/Robots/build/mir_gazebo -- -j14 -l14
[0.589s] Invoking command in '/home/administrator/Masterproject2/20_ROS/src/Robots/build/mir_gazebo': AMENT_PREFIX_PATH=/home/administrator/Masterproject2/20_ROS/src/Robots/install/mir_driver:/home/administrator/Masterproject2/20_ROS/src/Robots/install/mir_msgs:/home/administrator/Masterproject2/20_ROS/src/Robots/install/mir_description:/home/administrator/Masterproject2/20_ROS/src/Robots/install/mir_actions:${AMENT_PREFIX_PATH} CMAKE_PREFIX_PATH=/home/administrator/Masterproject2/20_ROS/src/Robots/install/mir_driver:/home/administrator/Masterproject2/20_ROS/src/Robots/install/mir_msgs:/home/administrator/Masterproject2/20_ROS/src/Robots/install/mir_description:/home/administrator/Masterproject2/20_ROS/src/Robots/install/mir_actions:/opt/ros/kilted/opt/sdformat_vendor:/opt/ros/kilted/opt/gz_math_vendor:/opt/ros/kilted/opt/gz_utils_vendor:/opt/ros/kilted/opt/gz_tools_vendor:/opt/ros/kilted/opt/gz_cmake_vendor:/opt/ros/kilted DEBUGINFOD_URLS=https://debuginfod.ubuntu.com LD_LIBRARY_PATH=/home/administrator/Masterproject2/20_ROS/src/Robots/install/mir_msgs/lib:/home/administrator/Masterproject2/20_ROS/src/Robots/install/mir_actions/lib:${LD_LIBRARY_PATH} PYTHONPATH=/home/administrator/Masterproject2/20_ROS/src/Robots/install/mir_driver/lib/python3.12/site-packages:/home/administrator/Masterproject2/20_ROS/src/Robots/install/mir_msgs/lib/python3.12/site-packages:/home/administrator/Masterproject2/20_ROS/src/Robots/install/mir_actions/lib/python3.12/site-packages:${PYTHONPATH} /usr/bin/cmake --install /home/administrator/Masterproject2/20_ROS/src/Robots/build/mir_gazebo
[0.593s] -- Install configuration: ""
[0.593s] -- Installing: /home/administrator/Masterproject2/20_ROS/src/Robots/install/mir_gazebo/share/mir_gazebo/config
[0.593s] -- Installing: /home/administrator/Masterproject2/20_ROS/src/Robots/install/mir_gazebo/share/mir_gazebo/config/ekf.yaml
[0.594s] -- Installing: /home/administrator/Masterproject2/20_ROS/src/Robots/install/mir_gazebo/share/mir_gazebo/launch
[0.594s] -- Installing: /home/administrator/Masterproject2/20_ROS/src/Robots/install/mir_gazebo/share/mir_gazebo/launch/mir_gazebo_common.launch
[0.594s] -- Installing: /home/administrator/Masterproject2/20_ROS/src/Robots/install/mir_gazebo/share/mir_gazebo/launch/includes
[0.594s] -- Installing: /home/administrator/Masterproject2/20_ROS/src/Robots/install/mir_gazebo/share/mir_gazebo/launch/includes/spawn_maze.launch.xml
[0.594s] -- Installing: /home/administrator/Masterproject2/20_ROS/src/Robots/install/mir_gazebo/share/mir_gazebo/launch/includes/ekf.launch.xml
[0.594s] -- Installing: /home/administrator/Masterproject2/20_ROS/src/Robots/install/mir_gazebo/share/mir_gazebo/launch/fake_localization.launch
[0.594s] -- Installing: /home/administrator/Masterproject2/20_ROS/src/Robots/install/mir_gazebo/share/mir_gazebo/launch/mir_maze_world.launch
[0.594s] -- Installing: /home/administrator/Masterproject2/20_ROS/src/Robots/install/mir_gazebo/share/mir_gazebo/launch/mir_empty_world.launch
[0.594s] -- Installing: /home/administrator/Masterproject2/20_ROS/src/Robots/install/mir_gazebo/share/mir_gazebo/maps
[0.594s] -- Installing: /home/administrator/Masterproject2/20_ROS/src/Robots/install/mir_gazebo/share/mir_gazebo/maps/maze_virtual_walls.png
[0.594s] -- Installing: /home/administrator/Masterproject2/20_ROS/src/Robots/install/mir_gazebo/share/mir_gazebo/maps/maze.yaml
[0.594s] -- Installing: /home/administrator/Masterproject2/20_ROS/src/Robots/install/mir_gazebo/share/mir_gazebo/maps/maze_virtual_walls.yaml
[0.594s] -- Installing: /home/administrator/Masterproject2/20_ROS/src/Robots/install/mir_gazebo/share/mir_gazebo/maps/maze.png
[0.594s] -- Installing: /home/administrator/Masterproject2/20_ROS/src/Robots/install/mir_gazebo/share/mir_gazebo/sdf
[0.594s] -- Installing: /home/administrator/Masterproject2/20_ROS/src/Robots/install/mir_gazebo/share/mir_gazebo/sdf/maze
[0.594s] -- Installing: /home/administrator/Masterproject2/20_ROS/src/Robots/install/mir_gazebo/share/mir_gazebo/sdf/maze/model.config
[0.594s] -- Installing: /home/administrator/Masterproject2/20_ROS/src/Robots/install/mir_gazebo/share/mir_gazebo/sdf/maze/model.sdf
[0.594s] -- Installing: /home/administrator/Masterproject2/20_ROS/src/Robots/install/mir_gazebo/share/ament_index/resource_index/package_run_dependencies/mir_gazebo
[0.594s] -- Installing: /home/administrator/Masterproject2/20_ROS/src/Robots/install/mir_gazebo/share/ament_index/resource_index/parent_prefix_path/mir_gazebo
[0.594s] -- Installing: /home/administrator/Masterproject2/20_ROS/src/Robots/install/mir_gazebo/share/mir_gazebo/environment/ament_prefix_path.sh
[0.595s] -- Installing: /home/administrator/Masterproject2/20_ROS/src/Robots/install/mir_gazebo/share/mir_gazebo/environment/ament_prefix_path.dsv
[0.595s] -- Installing: /home/administrator/Masterproject2/20_ROS/src/Robots/install/mir_gazebo/share/mir_gazebo/environment/path.sh
[0.595s] -- Installing: /home/administrator/Masterproject2/20_ROS/src/Robots/install/mir_gazebo/share/mir_gazebo/environment/path.dsv
[0.595s] -- Installing: /home/administrator/Masterproject2/20_ROS/src/Robots/install/mir_gazebo/share/mir_gazebo/local_setup.bash
[0.595s] -- Installing: /home/administrator/Masterproject2/20_ROS/src/Robots/install/mir_gazebo/share/mir_gazebo/local_setup.sh
[0.595s] -- Installing: /home/administrator/Masterproject2/20_ROS/src/Robots/install/mir_gazebo/share/mir_gazebo/local_setup.zsh
[0.595s] -- Installing: /home/administrator/Masterproject2/20_ROS/src/Robots/install/mir_gazebo/share/mir_gazebo/local_setup.dsv
[0.595s] -- Installing: /home/administrator/Masterproject2/20_ROS/src/Robots/install/mir_gazebo/share/mir_gazebo/package.dsv
[0.595s] -- Installing: /home/administrator/Masterproject2/20_ROS/src/Robots/install/mir_gazebo/share/ament_index/resource_index/packages/mir_gazebo
[0.595s] -- Installing: /home/administrator/Masterproject2/20_ROS/src/Robots/install/mir_gazebo/share/mir_gazebo/cmake/mir_gazeboConfig.cmake
[0.595s] -- Installing: /home/administrator/Masterproject2/20_ROS/src/Robots/install/mir_gazebo/share/mir_gazebo/cmake/mir_gazeboConfig-version.cmake
[0.595s] -- Installing: /home/administrator/Masterproject2/20_ROS/src/Robots/install/mir_gazebo/share/mir_gazebo/package.xml
[0.596s] Invoked command in '/home/administrator/Masterproject2/20_ROS/src/Robots/build/mir_gazebo' returned '0': AMENT_PREFIX_PATH=/home/administrator/Masterproject2/20_ROS/src/Robots/install/mir_driver:/home/administrator/Masterproject2/20_ROS/src/Robots/install/mir_msgs:/home/administrator/Masterproject2/20_ROS/src/Robots/install/mir_description:/home/administrator/Masterproject2/20_ROS/src/Robots/install/mir_actions:${AMENT_PREFIX_PATH} CMAKE_PREFIX_PATH=/home/administrator/Masterproject2/20_ROS/src/Robots/install/mir_driver:/home/administrator/Masterproject2/20_ROS/src/Robots/install/mir_msgs:/home/administrator/Masterproject2/20_ROS/src/Robots/install/mir_description:/home/administrator/Masterproject2/20_ROS/src/Robots/install/mir_actions:/opt/ros/kilted/opt/sdformat_vendor:/opt/ros/kilted/opt/gz_math_vendor:/opt/ros/kilted/opt/gz_utils_vendor:/opt/ros/kilted/opt/gz_tools_vendor:/opt/ros/kilted/opt/gz_cmake_vendor:/opt/ros/kilted DEBUGINFOD_URLS=https://debuginfod.ubuntu.com LD_LIBRARY_PATH=/home/administrator/Masterproject2/20_ROS/src/Robots/install/mir_msgs/lib:/home/administrator/Masterproject2/20_ROS/src/Robots/install/mir_actions/lib:${LD_LIBRARY_PATH} PYTHONPATH=/home/administrator/Masterproject2/20_ROS/src/Robots/install/mir_driver/lib/python3.12/site-packages:/home/administrator/Masterproject2/20_ROS/src/Robots/install/mir_msgs/lib/python3.12/site-packages:/home/administrator/Masterproject2/20_ROS/src/Robots/install/mir_actions/lib/python3.12/site-packages:${PYTHONPATH} /usr/bin/cmake --install /home/administrator/Masterproject2/20_ROS/src/Robots/build/mir_gazebo
