[0.031s] Invoking command in '/home/administrator/Masterproject2/20_ROS/src/Robots/build/mir_actions': CMAKE_PREFIX_PATH=${CMAKE_PREFIX_PATH}:/opt/ros/kilted DEBUGINFOD_URLS=https://debuginfod.ubuntu.com /usr/bin/cmake --build /home/administrator/Masterproject2/20_ROS/src/Robots/build/mir_actions -- -j14 -l14
[0.088s] [  2%] Built target mir_actions__rosidl_generator_type_description
[0.088s] [  2%] Built target ament_cmake_python_copy_mir_actions
[0.106s] [ 17%] Built target mir_actions__rosidl_generator_c
[0.113s] [ 20%] Built target mir_actions__cpp
[0.113s] [ 22%] Built target mir_actions__rs
[0.147s] [ 31%] Built target mir_actions__rosidl_typesupport_c
[0.166s] [ 40%] Built target mir_actions__rosidl_typesupport_fastrtps_cpp
[0.166s] [ 48%] Built target mir_actions__rosidl_typesupport_introspection_c
[0.171s] [ 57%] Built target mir_actions__rosidl_typesupport_introspection_cpp
[0.172s] [ 65%] Built target mir_actions__rosidl_typesupport_fastrtps_c
[0.181s] [ 74%] Built target mir_actions__rosidl_typesupport_cpp
[0.228s] running egg_info
[0.240s] [ 74%] Built target mir_actions
[0.240s] writing mir_actions.egg-info/PKG-INFO
[0.241s] writing dependency_links to mir_actions.egg-info/dependency_links.txt
[0.241s] writing top-level names to mir_actions.egg-info/top_level.txt
[0.278s] reading manifest file 'mir_actions.egg-info/SOURCES.txt'
[0.278s] writing manifest file 'mir_actions.egg-info/SOURCES.txt'
[0.281s] [ 77%] Built target mir_actions__py
[0.304s] [ 82%] Built target mir_actions__rosidl_generator_py
[0.305s] [ 82%] Built target ament_cmake_python_build_mir_actions_egg
[0.346s] [ 88%] Built target mir_actions_s__rosidl_typesupport_introspection_c
[0.346s] [ 94%] Built target mir_actions_s__rosidl_typesupport_c
[0.348s] [100%] Built target mir_actions_s__rosidl_typesupport_fastrtps_c
[0.473s] Invoked command in '/home/administrator/Masterproject2/20_ROS/src/Robots/build/mir_actions' returned '0': CMAKE_PREFIX_PATH=${CMAKE_PREFIX_PATH}:/opt/ros/kilted DEBUGINFOD_URLS=https://debuginfod.ubuntu.com /usr/bin/cmake --build /home/administrator/Masterproject2/20_ROS/src/Robots/build/mir_actions -- -j14 -l14
[0.474s] Invoking command in '/home/administrator/Masterproject2/20_ROS/src/Robots/build/mir_actions': CMAKE_PREFIX_PATH=${CMAKE_PREFIX_PATH}:/opt/ros/kilted DEBUGINFOD_URLS=https://debuginfod.ubuntu.com /usr/bin/cmake --install /home/administrator/Masterproject2/20_ROS/src/Robots/build/mir_actions
[0.486s] -- Install configuration: ""
[0.486s] -- Up-to-date: /home/administrator/Masterproject2/20_ROS/src/Robots/install/mir_actions/share/ament_index/resource_index/rosidl_interfaces/mir_actions
[0.486s] -- Up-to-date: /home/administrator/Masterproject2/20_ROS/src/Robots/install/mir_actions/share/mir_actions/action/MirMoveBase.json
[0.486s] -- Up-to-date: /home/administrator/Masterproject2/20_ROS/src/Robots/install/mir_actions/include/mir_actions/mir_actions
[0.486s] -- Up-to-date: /home/administrator/Masterproject2/20_ROS/src/Robots/install/mir_actions/include/mir_actions/mir_actions/msg
[0.486s] -- Up-to-date: /home/administrator/Masterproject2/20_ROS/src/Robots/install/mir_actions/include/mir_actions/mir_actions/msg/rosidl_generator_c__visibility_control.h
[0.486s] -- Up-to-date: /home/administrator/Masterproject2/20_ROS/src/Robots/install/mir_actions/include/mir_actions/mir_actions/action
[0.486s] -- Up-to-date: /home/administrator/Masterproject2/20_ROS/src/Robots/install/mir_actions/include/mir_actions/mir_actions/action/mir_move_base.h
[0.486s] -- Up-to-date: /home/administrator/Masterproject2/20_ROS/src/Robots/install/mir_actions/include/mir_actions/mir_actions/action/detail
[0.486s] -- Up-to-date: /home/administrator/Masterproject2/20_ROS/src/Robots/install/mir_actions/include/mir_actions/mir_actions/action/detail/mir_move_base__type_support.h
[0.486s] -- Up-to-date: /home/administrator/Masterproject2/20_ROS/src/Robots/install/mir_actions/include/mir_actions/mir_actions/action/detail/mir_move_base__struct.h
[0.486s] -- Up-to-date: /home/administrator/Masterproject2/20_ROS/src/Robots/install/mir_actions/include/mir_actions/mir_actions/action/detail/mir_move_base__functions.h
[0.486s] -- Up-to-date: /home/administrator/Masterproject2/20_ROS/src/Robots/install/mir_actions/include/mir_actions/mir_actions/action/detail/mir_move_base__functions.c
[0.486s] -- Installing: /home/administrator/Masterproject2/20_ROS/src/Robots/install/mir_actions/include/mir_actions/mir_actions/action/detail/mir_move_base__type_support.c
[0.486s] -- Up-to-date: /home/administrator/Masterproject2/20_ROS/src/Robots/install/mir_actions/include/mir_actions/mir_actions/action/detail/mir_move_base__description.c
[0.486s] -- Up-to-date: /home/administrator/Masterproject2/20_ROS/src/Robots/install/mir_actions/share/mir_actions/environment/library_path.sh
[0.486s] -- Up-to-date: /home/administrator/Masterproject2/20_ROS/src/Robots/install/mir_actions/share/mir_actions/environment/library_path.dsv
[0.486s] -- Up-to-date: /home/administrator/Masterproject2/20_ROS/src/Robots/install/mir_actions/lib/libmir_actions__rosidl_generator_c.so
[0.499s] -- Up-to-date: /home/administrator/Masterproject2/20_ROS/src/Robots/install/mir_actions/include/mir_actions/mir_actions
[0.499s] -- Up-to-date: /home/administrator/Masterproject2/20_ROS/src/Robots/install/mir_actions/include/mir_actions/mir_actions/msg
[0.502s] -- Up-to-date: /home/administrator/Masterproject2/20_ROS/src/Robots/install/mir_actions/include/mir_actions/mir_actions/msg/rosidl_typesupport_fastrtps_c__visibility_control.h
[0.502s] -- Up-to-date: /home/administrator/Masterproject2/20_ROS/src/Robots/install/mir_actions/include/mir_actions/mir_actions/action
[0.502s] -- Up-to-date: /home/administrator/Masterproject2/20_ROS/src/Robots/install/mir_actions/include/mir_actions/mir_actions/action/detail
[0.502s] -- Up-to-date: /home/administrator/Masterproject2/20_ROS/src/Robots/install/mir_actions/include/mir_actions/mir_actions/action/detail/mir_move_base__rosidl_typesupport_fastrtps_c.h
[0.502s] -- Up-to-date: /home/administrator/Masterproject2/20_ROS/src/Robots/install/mir_actions/lib/libmir_actions__rosidl_typesupport_fastrtps_c.so
[0.502s] -- Up-to-date: /home/administrator/Masterproject2/20_ROS/src/Robots/install/mir_actions/include/mir_actions/mir_actions
[0.502s] -- Up-to-date: /home/administrator/Masterproject2/20_ROS/src/Robots/install/mir_actions/include/mir_actions/mir_actions/msg
[0.502s] -- Up-to-date: /home/administrator/Masterproject2/20_ROS/src/Robots/install/mir_actions/include/mir_actions/mir_actions/msg/rosidl_generator_cpp__visibility_control.hpp
[0.502s] -- Up-to-date: /home/administrator/Masterproject2/20_ROS/src/Robots/install/mir_actions/include/mir_actions/mir_actions/action
[0.502s] -- Up-to-date: /home/administrator/Masterproject2/20_ROS/src/Robots/install/mir_actions/include/mir_actions/mir_actions/action/mir_move_base.hpp
[0.503s] -- Up-to-date: /home/administrator/Masterproject2/20_ROS/src/Robots/install/mir_actions/include/mir_actions/mir_actions/action/detail
[0.503s] -- Up-to-date: /home/administrator/Masterproject2/20_ROS/src/Robots/install/mir_actions/include/mir_actions/mir_actions/action/detail/mir_move_base__traits.hpp
[0.507s] -- Up-to-date: /home/administrator/Masterproject2/20_ROS/src/Robots/install/mir_actions/include/mir_actions/mir_actions/action/detail/mir_move_base__struct.hpp
[0.507s] -- Up-to-date: /home/administrator/Masterproject2/20_ROS/src/Robots/install/mir_actions/include/mir_actions/mir_actions/action/detail/mir_move_base__builder.hpp
[0.507s] -- Up-to-date: /home/administrator/Masterproject2/20_ROS/src/Robots/install/mir_actions/include/mir_actions/mir_actions/action/detail/mir_move_base__type_support.hpp
[0.507s] -- Up-to-date: /home/administrator/Masterproject2/20_ROS/src/Robots/install/mir_actions/include/mir_actions/mir_actions
[0.507s] -- Up-to-date: /home/administrator/Masterproject2/20_ROS/src/Robots/install/mir_actions/include/mir_actions/mir_actions/msg
[0.507s] -- Up-to-date: /home/administrator/Masterproject2/20_ROS/src/Robots/install/mir_actions/include/mir_actions/mir_actions/msg/rosidl_typesupport_fastrtps_cpp__visibility_control.h
[0.507s] -- Up-to-date: /home/administrator/Masterproject2/20_ROS/src/Robots/install/mir_actions/include/mir_actions/mir_actions/action
[0.507s] -- Up-to-date: /home/administrator/Masterproject2/20_ROS/src/Robots/install/mir_actions/include/mir_actions/mir_actions/action/detail
[0.507s] -- Up-to-date: /home/administrator/Masterproject2/20_ROS/src/Robots/install/mir_actions/include/mir_actions/mir_actions/action/detail/mir_move_base__rosidl_typesupport_fastrtps_cpp.hpp
[0.507s] -- Up-to-date: /home/administrator/Masterproject2/20_ROS/src/Robots/install/mir_actions/include/mir_actions/mir_actions/action/detail/dds_fastrtps
[0.507s] -- Up-to-date: /home/administrator/Masterproject2/20_ROS/src/Robots/install/mir_actions/lib/libmir_actions__rosidl_typesupport_fastrtps_cpp.so
[0.508s] -- Up-to-date: /home/administrator/Masterproject2/20_ROS/src/Robots/install/mir_actions/include/mir_actions/mir_actions
[0.508s] -- Up-to-date: /home/administrator/Masterproject2/20_ROS/src/Robots/install/mir_actions/include/mir_actions/mir_actions/msg
[0.508s] -- Up-to-date: /home/administrator/Masterproject2/20_ROS/src/Robots/install/mir_actions/include/mir_actions/mir_actions/msg/rosidl_typesupport_introspection_c__visibility_control.h
[0.508s] -- Up-to-date: /home/administrator/Masterproject2/20_ROS/src/Robots/install/mir_actions/include/mir_actions/mir_actions/action
[0.508s] -- Up-to-date: /home/administrator/Masterproject2/20_ROS/src/Robots/install/mir_actions/include/mir_actions/mir_actions/action/detail
[0.508s] -- Installing: /home/administrator/Masterproject2/20_ROS/src/Robots/install/mir_actions/include/mir_actions/mir_actions/action/detail/mir_move_base__type_support.c
[0.508s] -- Up-to-date: /home/administrator/Masterproject2/20_ROS/src/Robots/install/mir_actions/include/mir_actions/mir_actions/action/detail/mir_move_base__rosidl_typesupport_introspection_c.h
[0.508s] -- Up-to-date: /home/administrator/Masterproject2/20_ROS/src/Robots/install/mir_actions/lib/libmir_actions__rosidl_typesupport_introspection_c.so
[0.508s] -- Up-to-date: /home/administrator/Masterproject2/20_ROS/src/Robots/install/mir_actions/lib/libmir_actions__rosidl_typesupport_c.so
[0.508s] -- Up-to-date: /home/administrator/Masterproject2/20_ROS/src/Robots/install/mir_actions/include/mir_actions/mir_actions
[0.508s] -- Up-to-date: /home/administrator/Masterproject2/20_ROS/src/Robots/install/mir_actions/include/mir_actions/mir_actions/action
[0.509s] -- Up-to-date: /home/administrator/Masterproject2/20_ROS/src/Robots/install/mir_actions/include/mir_actions/mir_actions/action/detail
[0.509s] -- Up-to-date: /home/administrator/Masterproject2/20_ROS/src/Robots/install/mir_actions/include/mir_actions/mir_actions/action/detail/mir_move_base__type_support.cpp
[0.509s] -- Up-to-date: /home/administrator/Masterproject2/20_ROS/src/Robots/install/mir_actions/include/mir_actions/mir_actions/action/detail/mir_move_base__rosidl_typesupport_introspection_cpp.hpp
[0.509s] -- Up-to-date: /home/administrator/Masterproject2/20_ROS/src/Robots/install/mir_actions/lib/libmir_actions__rosidl_typesupport_introspection_cpp.so
[0.509s] -- Up-to-date: /home/administrator/Masterproject2/20_ROS/src/Robots/install/mir_actions/lib/libmir_actions__rosidl_typesupport_cpp.so
[0.509s] -- Up-to-date: /home/administrator/Masterproject2/20_ROS/src/Robots/install/mir_actions/share/mir_actions/environment/pythonpath.sh
[0.509s] -- Up-to-date: /home/administrator/Masterproject2/20_ROS/src/Robots/install/mir_actions/share/mir_actions/environment/pythonpath.dsv
[0.509s] -- Up-to-date: /home/administrator/Masterproject2/20_ROS/src/Robots/install/mir_actions/lib/python3.12/site-packages/mir_actions-1.1.3-py3.12.egg-info
[0.509s] -- Installing: /home/administrator/Masterproject2/20_ROS/src/Robots/install/mir_actions/lib/python3.12/site-packages/mir_actions-1.1.3-py3.12.egg-info/dependency_links.txt
[0.511s] -- Installing: /home/administrator/Masterproject2/20_ROS/src/Robots/install/mir_actions/lib/python3.12/site-packages/mir_actions-1.1.3-py3.12.egg-info/top_level.txt
[0.511s] -- Installing: /home/administrator/Masterproject2/20_ROS/src/Robots/install/mir_actions/lib/python3.12/site-packages/mir_actions-1.1.3-py3.12.egg-info/SOURCES.txt
[0.511s] -- Installing: /home/administrator/Masterproject2/20_ROS/src/Robots/install/mir_actions/lib/python3.12/site-packages/mir_actions-1.1.3-py3.12.egg-info/PKG-INFO
[0.511s] -- Up-to-date: /home/administrator/Masterproject2/20_ROS/src/Robots/install/mir_actions/lib/python3.12/site-packages/mir_actions
[0.511s] -- Up-to-date: /home/administrator/Masterproject2/20_ROS/src/Robots/install/mir_actions/lib/python3.12/site-packages/mir_actions/_mir_actions_s.ep.rosidl_typesupport_fastrtps_c.c
[0.511s] -- Up-to-date: /home/administrator/Masterproject2/20_ROS/src/Robots/install/mir_actions/lib/python3.12/site-packages/mir_actions/__init__.py
[0.511s] -- Up-to-date: /home/administrator/Masterproject2/20_ROS/src/Robots/install/mir_actions/lib/python3.12/site-packages/mir_actions/_mir_actions_s.ep.rosidl_typesupport_introspection_c.c
[0.511s] -- Up-to-date: /home/administrator/Masterproject2/20_ROS/src/Robots/install/mir_actions/lib/python3.12/site-packages/mir_actions/_mir_actions_s.ep.rosidl_typesupport_c.c
[0.511s] -- Up-to-date: /home/administrator/Masterproject2/20_ROS/src/Robots/install/mir_actions/lib/python3.12/site-packages/mir_actions/mir_actions_s__rosidl_typesupport_introspection_c.so
[0.511s] -- Up-to-date: /home/administrator/Masterproject2/20_ROS/src/Robots/install/mir_actions/lib/python3.12/site-packages/mir_actions/mir_actions_s__rosidl_typesupport_fastrtps_c.so
[0.511s] -- Up-to-date: /home/administrator/Masterproject2/20_ROS/src/Robots/install/mir_actions/lib/python3.12/site-packages/mir_actions/mir_actions_s__rosidl_typesupport_c.so
[0.511s] -- Up-to-date: /home/administrator/Masterproject2/20_ROS/src/Robots/install/mir_actions/lib/python3.12/site-packages/mir_actions/action
[0.511s] -- Up-to-date: /home/administrator/Masterproject2/20_ROS/src/Robots/install/mir_actions/lib/python3.12/site-packages/mir_actions/action/__init__.py
[0.511s] -- Up-to-date: /home/administrator/Masterproject2/20_ROS/src/Robots/install/mir_actions/lib/python3.12/site-packages/mir_actions/action/_mir_move_base.py
[0.511s] -- Up-to-date: /home/administrator/Masterproject2/20_ROS/src/Robots/install/mir_actions/lib/python3.12/site-packages/mir_actions/action/_mir_move_base_s.c
[0.593s] Listing '/home/administrator/Masterproject2/20_ROS/src/Robots/install/mir_actions/lib/python3.12/site-packages/mir_actions'...
[0.593s] Listing '/home/administrator/Masterproject2/20_ROS/src/Robots/install/mir_actions/lib/python3.12/site-packages/mir_actions/action'...
[0.593s] -- Up-to-date: /home/administrator/Masterproject2/20_ROS/src/Robots/install/mir_actions/lib/python3.12/site-packages/mir_actions/mir_actions_s__rosidl_typesupport_fastrtps_c.so
[0.593s] -- Up-to-date: /home/administrator/Masterproject2/20_ROS/src/Robots/install/mir_actions/lib/python3.12/site-packages/mir_actions/mir_actions_s__rosidl_typesupport_introspection_c.so
[0.596s] -- Up-to-date: /home/administrator/Masterproject2/20_ROS/src/Robots/install/mir_actions/lib/python3.12/site-packages/mir_actions/mir_actions_s__rosidl_typesupport_c.so
[0.596s] -- Up-to-date: /home/administrator/Masterproject2/20_ROS/src/Robots/install/mir_actions/lib/libmir_actions__rosidl_generator_py.so
[0.597s] -- Up-to-date: /home/administrator/Masterproject2/20_ROS/src/Robots/install/mir_actions/share/ament_index/resource_index/rust_packages/mir_actions
[0.597s] -- Up-to-date: /home/administrator/Masterproject2/20_ROS/src/Robots/install/mir_actions/share/mir_actions/rust
[0.597s] -- Up-to-date: /home/administrator/Masterproject2/20_ROS/src/Robots/install/mir_actions/share/mir_actions/rust/Cargo.toml
[0.597s] -- Up-to-date: /home/administrator/Masterproject2/20_ROS/src/Robots/install/mir_actions/share/mir_actions/rust/build.rs
[0.597s] -- Up-to-date: /home/administrator/Masterproject2/20_ROS/src/Robots/install/mir_actions/share/mir_actions/rust/src
[0.597s] -- Up-to-date: /home/administrator/Masterproject2/20_ROS/src/Robots/install/mir_actions/share/mir_actions/rust/src/action.rs
[0.598s] -- Up-to-date: /home/administrator/Masterproject2/20_ROS/src/Robots/install/mir_actions/share/mir_actions/rust/src/lib.rs
[0.598s] -- Up-to-date: /home/administrator/Masterproject2/20_ROS/src/Robots/install/mir_actions/share/mir_actions/rust/src/action
[0.598s] -- Up-to-date: /home/administrator/Masterproject2/20_ROS/src/Robots/install/mir_actions/share/mir_actions/rust/src/action/rmw.rs
[0.599s] -- Up-to-date: /home/administrator/Masterproject2/20_ROS/src/Robots/install/mir_actions/share/mir_actions/action/MirMoveBase.idl
[0.599s] -- Up-to-date: /home/administrator/Masterproject2/20_ROS/src/Robots/install/mir_actions/share/mir_actions/action/MirMoveBase.action
[0.600s] -- Up-to-date: /home/administrator/Masterproject2/20_ROS/src/Robots/install/mir_actions/share/ament_index/resource_index/package_run_dependencies/mir_actions
[0.600s] -- Up-to-date: /home/administrator/Masterproject2/20_ROS/src/Robots/install/mir_actions/share/ament_index/resource_index/parent_prefix_path/mir_actions
[0.600s] -- Up-to-date: /home/administrator/Masterproject2/20_ROS/src/Robots/install/mir_actions/share/mir_actions/environment/ament_prefix_path.sh
[0.600s] -- Up-to-date: /home/administrator/Masterproject2/20_ROS/src/Robots/install/mir_actions/share/mir_actions/environment/ament_prefix_path.dsv
[0.600s] -- Up-to-date: /home/administrator/Masterproject2/20_ROS/src/Robots/install/mir_actions/share/mir_actions/environment/path.sh
[0.600s] -- Up-to-date: /home/administrator/Masterproject2/20_ROS/src/Robots/install/mir_actions/share/mir_actions/environment/path.dsv
[0.600s] -- Up-to-date: /home/administrator/Masterproject2/20_ROS/src/Robots/install/mir_actions/share/mir_actions/local_setup.bash
[0.600s] -- Up-to-date: /home/administrator/Masterproject2/20_ROS/src/Robots/install/mir_actions/share/mir_actions/local_setup.sh
[0.600s] -- Up-to-date: /home/administrator/Masterproject2/20_ROS/src/Robots/install/mir_actions/share/mir_actions/local_setup.zsh
[0.600s] -- Up-to-date: /home/administrator/Masterproject2/20_ROS/src/Robots/install/mir_actions/share/mir_actions/local_setup.dsv
[0.600s] -- Installing: /home/administrator/Masterproject2/20_ROS/src/Robots/install/mir_actions/share/mir_actions/package.dsv
[0.600s] -- Up-to-date: /home/administrator/Masterproject2/20_ROS/src/Robots/install/mir_actions/share/ament_index/resource_index/packages/mir_actions
[0.600s] -- Up-to-date: /home/administrator/Masterproject2/20_ROS/src/Robots/install/mir_actions/share/mir_actions/cmake/export_mir_actions__rosidl_generator_cExport.cmake
[0.600s] -- Up-to-date: /home/administrator/Masterproject2/20_ROS/src/Robots/install/mir_actions/share/mir_actions/cmake/export_mir_actions__rosidl_generator_cExport-noconfig.cmake
[0.600s] -- Up-to-date: /home/administrator/Masterproject2/20_ROS/src/Robots/install/mir_actions/share/mir_actions/cmake/export_mir_actions__rosidl_typesupport_fastrtps_cExport.cmake
[0.600s] -- Up-to-date: /home/administrator/Masterproject2/20_ROS/src/Robots/install/mir_actions/share/mir_actions/cmake/export_mir_actions__rosidl_typesupport_fastrtps_cExport-noconfig.cmake
[0.602s] -- Up-to-date: /home/administrator/Masterproject2/20_ROS/src/Robots/install/mir_actions/share/mir_actions/cmake/export_mir_actions__rosidl_generator_cppExport.cmake
[0.602s] -- Up-to-date: /home/administrator/Masterproject2/20_ROS/src/Robots/install/mir_actions/share/mir_actions/cmake/export_mir_actions__rosidl_typesupport_fastrtps_cppExport.cmake
[0.602s] -- Up-to-date: /home/administrator/Masterproject2/20_ROS/src/Robots/install/mir_actions/share/mir_actions/cmake/export_mir_actions__rosidl_typesupport_fastrtps_cppExport-noconfig.cmake
[0.602s] -- Up-to-date: /home/administrator/Masterproject2/20_ROS/src/Robots/install/mir_actions/share/mir_actions/cmake/mir_actions__rosidl_typesupport_introspection_cExport.cmake
[0.602s] -- Up-to-date: /home/administrator/Masterproject2/20_ROS/src/Robots/install/mir_actions/share/mir_actions/cmake/mir_actions__rosidl_typesupport_introspection_cExport-noconfig.cmake
[0.602s] -- Up-to-date: /home/administrator/Masterproject2/20_ROS/src/Robots/install/mir_actions/share/mir_actions/cmake/mir_actions__rosidl_typesupport_cExport.cmake
[0.602s] -- Up-to-date: /home/administrator/Masterproject2/20_ROS/src/Robots/install/mir_actions/share/mir_actions/cmake/mir_actions__rosidl_typesupport_cExport-noconfig.cmake
[0.602s] -- Up-to-date: /home/administrator/Masterproject2/20_ROS/src/Robots/install/mir_actions/share/mir_actions/cmake/mir_actions__rosidl_typesupport_introspection_cppExport.cmake
[0.602s] -- Up-to-date: /home/administrator/Masterproject2/20_ROS/src/Robots/install/mir_actions/share/mir_actions/cmake/mir_actions__rosidl_typesupport_introspection_cppExport-noconfig.cmake
[0.602s] -- Up-to-date: /home/administrator/Masterproject2/20_ROS/src/Robots/install/mir_actions/share/mir_actions/cmake/mir_actions__rosidl_typesupport_cppExport.cmake
[0.602s] -- Up-to-date: /home/administrator/Masterproject2/20_ROS/src/Robots/install/mir_actions/share/mir_actions/cmake/mir_actions__rosidl_typesupport_cppExport-noconfig.cmake
[0.602s] -- Up-to-date: /home/administrator/Masterproject2/20_ROS/src/Robots/install/mir_actions/share/mir_actions/cmake/export_mir_actions__rosidl_generator_pyExport.cmake
[0.602s] -- Up-to-date: /home/administrator/Masterproject2/20_ROS/src/Robots/install/mir_actions/share/mir_actions/cmake/export_mir_actions__rosidl_generator_pyExport-noconfig.cmake
[0.602s] -- Up-to-date: /home/administrator/Masterproject2/20_ROS/src/Robots/install/mir_actions/share/mir_actions/cmake/rosidl_cmake-extras.cmake
[0.602s] -- Up-to-date: /home/administrator/Masterproject2/20_ROS/src/Robots/install/mir_actions/share/mir_actions/cmake/ament_cmake_export_dependencies-extras.cmake
[0.602s] -- Up-to-date: /home/administrator/Masterproject2/20_ROS/src/Robots/install/mir_actions/share/mir_actions/cmake/ament_cmake_export_include_directories-extras.cmake
[0.602s] -- Up-to-date: /home/administrator/Masterproject2/20_ROS/src/Robots/install/mir_actions/share/mir_actions/cmake/ament_cmake_export_libraries-extras.cmake
[0.602s] -- Up-to-date: /home/administrator/Masterproject2/20_ROS/src/Robots/install/mir_actions/share/mir_actions/cmake/ament_cmake_export_targets-extras.cmake
[0.602s] -- Up-to-date: /home/administrator/Masterproject2/20_ROS/src/Robots/install/mir_actions/share/mir_actions/cmake/rosidl_cmake_export_typesupport_targets-extras.cmake
[0.602s] -- Up-to-date: /home/administrator/Masterproject2/20_ROS/src/Robots/install/mir_actions/share/mir_actions/cmake/rosidl_cmake_export_typesupport_libraries-extras.cmake
[0.602s] -- Up-to-date: /home/administrator/Masterproject2/20_ROS/src/Robots/install/mir_actions/share/mir_actions/cmake/mir_actionsConfig.cmake
[0.605s] -- Up-to-date: /home/administrator/Masterproject2/20_ROS/src/Robots/install/mir_actions/share/mir_actions/cmake/mir_actionsConfig-version.cmake
[0.605s] -- Up-to-date: /home/administrator/Masterproject2/20_ROS/src/Robots/install/mir_actions/share/mir_actions/package.xml
[0.616s] Invoked command in '/home/administrator/Masterproject2/20_ROS/src/Robots/build/mir_actions' returned '0': CMAKE_PREFIX_PATH=${CMAKE_PREFIX_PATH}:/opt/ros/kilted DEBUGINFOD_URLS=https://debuginfod.ubuntu.com /usr/bin/cmake --install /home/administrator/Masterproject2/20_ROS/src/Robots/build/mir_actions
