/home/administrator/Masterproject2/20_ROS/src/Robots/install/om_aiv_navigation/lib/python3.12/site-packages/om_aiv_navigation/point_add_server.py
/home/administrator/Masterproject2/20_ROS/src/Robots/install/om_aiv_navigation/lib/python3.12/site-packages/om_aiv_navigation/dock.py
/home/administrator/Masterproject2/20_ROS/src/Robots/install/om_aiv_navigation/lib/python3.12/site-packages/om_aiv_navigation/goto_point.py
/home/administrator/Masterproject2/20_ROS/src/Robots/install/om_aiv_navigation/lib/python3.12/site-packages/om_aiv_navigation/__init__.py
/home/administrator/Masterproject2/20_ROS/src/Robots/install/om_aiv_navigation/lib/python3.12/site-packages/om_aiv_navigation/goto_goal.py
/home/administrator/Masterproject2/20_ROS/src/Robots/install/om_aiv_navigation/lib/python3.12/site-packages/om_aiv_navigation/goto_goal_demo.py
/home/administrator/Masterproject2/20_ROS/src/Robots/install/om_aiv_navigation/lib/python3.12/site-packages/om_aiv_navigation/localize_at_point.py
/home/administrator/Masterproject2/20_ROS/src/Robots/install/om_aiv_navigation/lib/python3.12/site-packages/om_aiv_navigation/action_server.py
/home/administrator/Masterproject2/20_ROS/src/Robots/install/om_aiv_navigation/lib/python3.12/site-packages/om_aiv_navigation/execute_macro.py
/home/administrator/Masterproject2/20_ROS/src/Robots/install/om_aiv_navigation/lib/python3.12/site-packages/om_aiv_navigation/__pycache__/point_add_server.cpython-312.pyc
/home/administrator/Masterproject2/20_ROS/src/Robots/install/om_aiv_navigation/lib/python3.12/site-packages/om_aiv_navigation/__pycache__/dock.cpython-312.pyc
/home/administrator/Masterproject2/20_ROS/src/Robots/install/om_aiv_navigation/lib/python3.12/site-packages/om_aiv_navigation/__pycache__/goto_point.cpython-312.pyc
/home/administrator/Masterproject2/20_ROS/src/Robots/install/om_aiv_navigation/lib/python3.12/site-packages/om_aiv_navigation/__pycache__/__init__.cpython-312.pyc
/home/administrator/Masterproject2/20_ROS/src/Robots/install/om_aiv_navigation/lib/python3.12/site-packages/om_aiv_navigation/__pycache__/goto_goal.cpython-312.pyc
/home/administrator/Masterproject2/20_ROS/src/Robots/install/om_aiv_navigation/lib/python3.12/site-packages/om_aiv_navigation/__pycache__/goto_goal_demo.cpython-312.pyc
/home/administrator/Masterproject2/20_ROS/src/Robots/install/om_aiv_navigation/lib/python3.12/site-packages/om_aiv_navigation/__pycache__/localize_at_point.cpython-312.pyc
/home/administrator/Masterproject2/20_ROS/src/Robots/install/om_aiv_navigation/lib/python3.12/site-packages/om_aiv_navigation/__pycache__/action_server.cpython-312.pyc
/home/administrator/Masterproject2/20_ROS/src/Robots/install/om_aiv_navigation/lib/python3.12/site-packages/om_aiv_navigation/__pycache__/execute_macro.cpython-312.pyc
/home/administrator/Masterproject2/20_ROS/src/Robots/install/om_aiv_navigation/share/ament_index/resource_index/packages/om_aiv_navigation
/home/administrator/Masterproject2/20_ROS/src/Robots/install/om_aiv_navigation/share/om_aiv_navigation/package.xml
/home/administrator/Masterproject2/20_ROS/src/Robots/install/om_aiv_navigation/lib/python3.12/site-packages/om_aiv_navigation-0.0.0-py3.12.egg-info/zip-safe
/home/administrator/Masterproject2/20_ROS/src/Robots/install/om_aiv_navigation/lib/python3.12/site-packages/om_aiv_navigation-0.0.0-py3.12.egg-info/dependency_links.txt
/home/administrator/Masterproject2/20_ROS/src/Robots/install/om_aiv_navigation/lib/python3.12/site-packages/om_aiv_navigation-0.0.0-py3.12.egg-info/requires.txt
/home/administrator/Masterproject2/20_ROS/src/Robots/install/om_aiv_navigation/lib/python3.12/site-packages/om_aiv_navigation-0.0.0-py3.12.egg-info/top_level.txt
/home/administrator/Masterproject2/20_ROS/src/Robots/install/om_aiv_navigation/lib/python3.12/site-packages/om_aiv_navigation-0.0.0-py3.12.egg-info/entry_points.txt
/home/administrator/Masterproject2/20_ROS/src/Robots/install/om_aiv_navigation/lib/python3.12/site-packages/om_aiv_navigation-0.0.0-py3.12.egg-info/SOURCES.txt
/home/administrator/Masterproject2/20_ROS/src/Robots/install/om_aiv_navigation/lib/python3.12/site-packages/om_aiv_navigation-0.0.0-py3.12.egg-info/PKG-INFO
/home/administrator/Masterproject2/20_ROS/src/Robots/install/om_aiv_navigation/lib/om_aiv_navigation/action_server
/home/administrator/Masterproject2/20_ROS/src/Robots/install/om_aiv_navigation/lib/om_aiv_navigation/dock
/home/administrator/Masterproject2/20_ROS/src/Robots/install/om_aiv_navigation/lib/om_aiv_navigation/execute_macro
/home/administrator/Masterproject2/20_ROS/src/Robots/install/om_aiv_navigation/lib/om_aiv_navigation/goto_goal
/home/administrator/Masterproject2/20_ROS/src/Robots/install/om_aiv_navigation/lib/om_aiv_navigation/goto_goal_demo
/home/administrator/Masterproject2/20_ROS/src/Robots/install/om_aiv_navigation/lib/om_aiv_navigation/goto_point
/home/administrator/Masterproject2/20_ROS/src/Robots/install/om_aiv_navigation/lib/om_aiv_navigation/localize_at_point
