[0.737s] Invoking command in '/home/administrator/Masterproject2/20_ROS/src/Robots/Omron_AMR/src/om_aiv_navigation': DEBUGINFOD_URLS=https://debuginfod.ubuntu.com PYTHONPATH=/home/administrator/Masterproject2/20_ROS/src/Robots/build/om_aiv_navigation/prefix_override:/usr/lib/python3/dist-packages/colcon_core/task/python/colcon_distutils_commands:/home/administrator/Masterproject2/20_ROS/src/Robots/install/om_aiv_navigation/lib/python3.12/site-packages:${PYTHONPATH} /usr/bin/python3 -W ignore:setup.py install is deprecated -W ignore:easy_install command is deprecated setup.py egg_info --egg-base ../../../build/om_aiv_navigation build --build-base /home/administrator/Masterproject2/20_ROS/src/Robots/build/om_aiv_navigation/build install --record /home/administrator/Masterproject2/20_ROS/src/Robots/build/om_aiv_navigation/install.log --install-scripts $base/lib/om_aiv_navigation --single-version-externally-managed install_data
[0.846s] /usr/lib/python3/dist-packages/setuptools/dist.py:744: SetuptoolsDeprecationWarning: Invalid dash-separated options
[0.847s] !!
[0.847s] 
[0.847s]         ********************************************************************************
[0.848s]         Usage of dash-separated 'script-dir' will not be supported in future
[0.849s]         versions. Please use the underscore name 'script_dir' instead.
[0.849s] 
[0.849s]         This deprecation is overdue, please update your project and remove deprecated
[0.850s]         calls to avoid build errors in the future.
[0.850s] 
[0.850s]         See https://setuptools.pypa.io/en/latest/userguide/declarative_config.html for details.
[0.851s]         ********************************************************************************
[0.851s] 
[0.851s] !!
[0.851s]   opt = self.warn_dash_deprecation(opt, section)
[0.905s] running egg_info
[0.914s] writing ../../../build/om_aiv_navigation/om_aiv_navigation.egg-info/PKG-INFO
[0.914s] writing dependency_links to ../../../build/om_aiv_navigation/om_aiv_navigation.egg-info/dependency_links.txt
[0.914s] writing entry points to ../../../build/om_aiv_navigation/om_aiv_navigation.egg-info/entry_points.txt
[0.914s] writing requirements to ../../../build/om_aiv_navigation/om_aiv_navigation.egg-info/requires.txt
[0.914s] writing top-level names to ../../../build/om_aiv_navigation/om_aiv_navigation.egg-info/top_level.txt
[0.933s] reading manifest file '../../../build/om_aiv_navigation/om_aiv_navigation.egg-info/SOURCES.txt'
[0.933s] writing manifest file '../../../build/om_aiv_navigation/om_aiv_navigation.egg-info/SOURCES.txt'
[0.933s] running build
[0.933s] running build_py
[0.933s] running install
[0.936s] running install_lib
[0.946s] running install_data
[0.946s] running install_egg_info
[0.958s] removing '/home/administrator/Masterproject2/20_ROS/src/Robots/install/om_aiv_navigation/lib/python3.12/site-packages/om_aiv_navigation-0.0.0-py3.12.egg-info' (and everything under it)
[0.958s] Copying ../../../build/om_aiv_navigation/om_aiv_navigation.egg-info to /home/administrator/Masterproject2/20_ROS/src/Robots/install/om_aiv_navigation/lib/python3.12/site-packages/om_aiv_navigation-0.0.0-py3.12.egg-info
[0.959s] running install_scripts
[1.028s] Installing action_server script to /home/administrator/Masterproject2/20_ROS/src/Robots/install/om_aiv_navigation/lib/om_aiv_navigation
[1.028s] Installing dock script to /home/administrator/Masterproject2/20_ROS/src/Robots/install/om_aiv_navigation/lib/om_aiv_navigation
[1.028s] Installing execute_macro script to /home/administrator/Masterproject2/20_ROS/src/Robots/install/om_aiv_navigation/lib/om_aiv_navigation
[1.029s] Installing goto_goal script to /home/administrator/Masterproject2/20_ROS/src/Robots/install/om_aiv_navigation/lib/om_aiv_navigation
[1.029s] Installing goto_goal_demo script to /home/administrator/Masterproject2/20_ROS/src/Robots/install/om_aiv_navigation/lib/om_aiv_navigation
[1.029s] Installing goto_point script to /home/administrator/Masterproject2/20_ROS/src/Robots/install/om_aiv_navigation/lib/om_aiv_navigation
[1.029s] Installing localize_at_point script to /home/administrator/Masterproject2/20_ROS/src/Robots/install/om_aiv_navigation/lib/om_aiv_navigation
[1.029s] writing list of installed files to '/home/administrator/Masterproject2/20_ROS/src/Robots/build/om_aiv_navigation/install.log'
[1.051s] Invoked command in '/home/administrator/Masterproject2/20_ROS/src/Robots/Omron_AMR/src/om_aiv_navigation' returned '0': DEBUGINFOD_URLS=https://debuginfod.ubuntu.com PYTHONPATH=/home/administrator/Masterproject2/20_ROS/src/Robots/build/om_aiv_navigation/prefix_override:/usr/lib/python3/dist-packages/colcon_core/task/python/colcon_distutils_commands:/home/administrator/Masterproject2/20_ROS/src/Robots/install/om_aiv_navigation/lib/python3.12/site-packages:${PYTHONPATH} /usr/bin/python3 -W ignore:setup.py install is deprecated -W ignore:easy_install command is deprecated setup.py egg_info --egg-base ../../../build/om_aiv_navigation build --build-base /home/administrator/Masterproject2/20_ROS/src/Robots/build/om_aiv_navigation/build install --record /home/administrator/Masterproject2/20_ROS/src/Robots/build/om_aiv_navigation/install.log --install-scripts $base/lib/om_aiv_navigation --single-version-externally-managed install_data
