[100%] Built target meca500_hardware
-- Install configuration: ""
-- Execute custom install script
-- Up-to-date symlink: /home/administrator/Masterproject2/20_ROS/src/Robots/install/meca500_hardware/share/meca500_hardware//meca500_hardware.xml
-- Up-to-date symlink: /home/administrator/Masterproject2/20_ROS/src/Robots/install/meca500_hardware/lib/libmeca500_hardware.so
-- Up-to-date symlink: /home/administrator/Masterproject2/20_ROS/src/Robots/install/meca500_hardware/include/meca500_hardware/meca500_system.hpp
-- Up-to-date symlink: /home/administrator/Masterproject2/20_ROS/src/Robots/install/meca500_hardware/share/ament_index/resource_index/package_run_dependencies/meca500_hardware
-- Up-to-date symlink: /home/administrator/Masterproject2/20_ROS/src/Robots/install/meca500_hardware/share/ament_index/resource_index/parent_prefix_path/meca500_hardware
-- Up-to-date symlink: /home/administrator/Masterproject2/20_ROS/src/Robots/install/meca500_hardware/share/meca500_hardware/environment/ament_prefix_path.sh
-- Up-to-date symlink: /home/administrator/Masterproject2/20_ROS/src/Robots/install/meca500_hardware/share/meca500_hardware/environment/ament_prefix_path.dsv
-- Up-to-date symlink: /home/administrator/Masterproject2/20_ROS/src/Robots/install/meca500_hardware/share/meca500_hardware/environment/path.sh
-- Up-to-date symlink: /home/administrator/Masterproject2/20_ROS/src/Robots/install/meca500_hardware/share/meca500_hardware/environment/path.dsv
-- Up-to-date symlink: /home/administrator/Masterproject2/20_ROS/src/Robots/install/meca500_hardware/share/meca500_hardware/local_setup.bash
-- Up-to-date symlink: /home/administrator/Masterproject2/20_ROS/src/Robots/install/meca500_hardware/share/meca500_hardware/local_setup.sh
-- Up-to-date symlink: /home/administrator/Masterproject2/20_ROS/src/Robots/install/meca500_hardware/share/meca500_hardware/local_setup.zsh
-- Up-to-date symlink: /home/administrator/Masterproject2/20_ROS/src/Robots/install/meca500_hardware/share/meca500_hardware/local_setup.dsv
-- Symlinking: /home/administrator/Masterproject2/20_ROS/src/Robots/install/meca500_hardware/share/meca500_hardware/package.dsv
-- Up-to-date symlink: /home/administrator/Masterproject2/20_ROS/src/Robots/install/meca500_hardware/share/ament_index/resource_index/packages/meca500_hardware
-- Up-to-date symlink: /home/administrator/Masterproject2/20_ROS/src/Robots/install/meca500_hardware/share/ament_index/resource_index/hardware_interface__pluginlib__plugin/meca500_hardware
-- Up-to-date symlink: /home/administrator/Masterproject2/20_ROS/src/Robots/install/meca500_hardware/share/meca500_hardware/cmake/meca500_hardwareConfig.cmake
-- Up-to-date symlink: /home/administrator/Masterproject2/20_ROS/src/Robots/install/meca500_hardware/share/meca500_hardware/cmake/meca500_hardwareConfig-version.cmake
-- Up-to-date symlink: /home/administrator/Masterproject2/20_ROS/src/Robots/install/meca500_hardware/share/meca500_hardware/package.xml
