[0.026s] Invoking command in '/home/administrator/Masterproject2/20_ROS/src/Robots/build/om_aiv_msg': CMAKE_PREFIX_PATH=${CMAKE_PREFIX_PATH}:/opt/ros/kilted DEBUGINFOD_URLS=https://debuginfod.ubuntu.com /usr/bin/cmake --build /home/administrator/Masterproject2/20_ROS/src/Robots/build/om_aiv_msg -- -j14 -l14
[0.089s] [  1%] Built target om_aiv_msg__rs
[0.101s] [  2%] Built target om_aiv_msg__rosidl_generator_type_description
[0.151s] [  2%] Built target ament_cmake_python_symlink_om_aiv_msg
[0.154s] [ 25%] Built target om_aiv_msg__rosidl_generator_c
[0.154s] [ 26%] Built target om_aiv_msg__cpp
[0.187s] [ 36%] Built target om_aiv_msg__rosidl_typesupport_c
[0.208s] [ 45%] Built target om_aiv_msg__rosidl_typesupport_introspection_cpp
[0.208s] [ 54%] Built target om_aiv_msg__rosidl_typesupport_cpp
[0.208s] [ 64%] Built target om_aiv_msg__rosidl_typesupport_introspection_c
[0.216s] [ 73%] Built target om_aiv_msg__rosidl_typesupport_fastrtps_c
[0.243s] [ 82%] Built target om_aiv_msg__rosidl_typesupport_fastrtps_cpp
[0.278s] [ 82%] Built target om_aiv_msg
[0.309s] [ 84%] Built target om_aiv_msg__py
[0.330s] running egg_info
[0.340s] [ 92%] Built target om_aiv_msg__rosidl_generator_py
[0.344s] writing om_aiv_msg.egg-info/PKG-INFO
[0.344s] writing dependency_links to om_aiv_msg.egg-info/dependency_links.txt
[0.344s] writing top-level names to om_aiv_msg.egg-info/top_level.txt
[0.363s] [ 97%] Built target om_aiv_msg_s__rosidl_typesupport_introspection_c
[0.363s] [ 97%] Built target om_aiv_msg_s__rosidl_typesupport_fastrtps_c
[0.365s] [100%] Built target om_aiv_msg_s__rosidl_typesupport_c
[0.381s] reading manifest file 'om_aiv_msg.egg-info/SOURCES.txt'
[0.381s] writing manifest file 'om_aiv_msg.egg-info/SOURCES.txt'
[0.400s] [100%] Built target ament_cmake_python_build_om_aiv_msg_egg
[0.463s] Invoked command in '/home/administrator/Masterproject2/20_ROS/src/Robots/build/om_aiv_msg' returned '0': CMAKE_PREFIX_PATH=${CMAKE_PREFIX_PATH}:/opt/ros/kilted DEBUGINFOD_URLS=https://debuginfod.ubuntu.com /usr/bin/cmake --build /home/administrator/Masterproject2/20_ROS/src/Robots/build/om_aiv_msg -- -j14 -l14
[0.464s] Invoking command in '/home/administrator/Masterproject2/20_ROS/src/Robots/build/om_aiv_msg': CMAKE_PREFIX_PATH=${CMAKE_PREFIX_PATH}:/opt/ros/kilted DEBUGINFOD_URLS=https://debuginfod.ubuntu.com /usr/bin/cmake --install /home/administrator/Masterproject2/20_ROS/src/Robots/build/om_aiv_msg
[0.554s] -- Install configuration: ""
[0.554s] -- Execute custom install script
[0.555s] -- Up-to-date symlink: /home/administrator/Masterproject2/20_ROS/src/Robots/install/om_aiv_msg/share/ament_index/resource_index/rosidl_interfaces/om_aiv_msg
[0.555s] -- Up-to-date symlink: /home/administrator/Masterproject2/20_ROS/src/Robots/install/om_aiv_msg/share/om_aiv_msg/msg/Location.json
[0.556s] -- Up-to-date symlink: /home/administrator/Masterproject2/20_ROS/src/Robots/install/om_aiv_msg/share/om_aiv_msg/msg/Status.json
[0.557s] -- Up-to-date symlink: /home/administrator/Masterproject2/20_ROS/src/Robots/install/om_aiv_msg/share/om_aiv_msg/srv/ArclApi.json
[0.557s] -- Up-to-date symlink: /home/administrator/Masterproject2/20_ROS/src/Robots/install/om_aiv_msg/share/om_aiv_msg/srv/ArclListen.json
[0.557s] -- Up-to-date symlink: /home/administrator/Masterproject2/20_ROS/src/Robots/install/om_aiv_msg/share/om_aiv_msg/action/Action.json
[0.558s] -- Up-to-date symlink: /home/administrator/Masterproject2/20_ROS/src/Robots/install/om_aiv_msg/include/om_aiv_msg/om_aiv_msg/action/action.h
[0.558s] -- Up-to-date symlink: /home/administrator/Masterproject2/20_ROS/src/Robots/install/om_aiv_msg/include/om_aiv_msg/om_aiv_msg/action/detail/action__functions.h
[0.558s] -- Up-to-date symlink: /home/administrator/Masterproject2/20_ROS/src/Robots/install/om_aiv_msg/include/om_aiv_msg/om_aiv_msg/action/detail/action__struct.h
[0.558s] -- Up-to-date symlink: /home/administrator/Masterproject2/20_ROS/src/Robots/install/om_aiv_msg/include/om_aiv_msg/om_aiv_msg/action/detail/action__type_support.h
[0.558s] -- Up-to-date symlink: /home/administrator/Masterproject2/20_ROS/src/Robots/install/om_aiv_msg/include/om_aiv_msg/om_aiv_msg/msg/detail/location__functions.h
[0.558s] -- Up-to-date symlink: /home/administrator/Masterproject2/20_ROS/src/Robots/install/om_aiv_msg/include/om_aiv_msg/om_aiv_msg/msg/detail/location__struct.h
[0.558s] -- Up-to-date symlink: /home/administrator/Masterproject2/20_ROS/src/Robots/install/om_aiv_msg/include/om_aiv_msg/om_aiv_msg/msg/detail/location__type_support.h
[0.558s] -- Up-to-date symlink: /home/administrator/Masterproject2/20_ROS/src/Robots/install/om_aiv_msg/include/om_aiv_msg/om_aiv_msg/msg/detail/status__functions.h
[0.558s] -- Up-to-date symlink: /home/administrator/Masterproject2/20_ROS/src/Robots/install/om_aiv_msg/include/om_aiv_msg/om_aiv_msg/msg/detail/status__struct.h
[0.558s] -- Up-to-date symlink: /home/administrator/Masterproject2/20_ROS/src/Robots/install/om_aiv_msg/include/om_aiv_msg/om_aiv_msg/msg/detail/status__type_support.h
[0.558s] -- Up-to-date symlink: /home/administrator/Masterproject2/20_ROS/src/Robots/install/om_aiv_msg/include/om_aiv_msg/om_aiv_msg/msg/location.h
[0.558s] -- Up-to-date symlink: /home/administrator/Masterproject2/20_ROS/src/Robots/install/om_aiv_msg/include/om_aiv_msg/om_aiv_msg/msg/rosidl_generator_c__visibility_control.h
[0.558s] -- Up-to-date symlink: /home/administrator/Masterproject2/20_ROS/src/Robots/install/om_aiv_msg/include/om_aiv_msg/om_aiv_msg/msg/status.h
[0.558s] -- Up-to-date symlink: /home/administrator/Masterproject2/20_ROS/src/Robots/install/om_aiv_msg/include/om_aiv_msg/om_aiv_msg/srv/arcl_api.h
[0.558s] -- Up-to-date symlink: /home/administrator/Masterproject2/20_ROS/src/Robots/install/om_aiv_msg/include/om_aiv_msg/om_aiv_msg/srv/arcl_listen.h
[0.558s] -- Up-to-date symlink: /home/administrator/Masterproject2/20_ROS/src/Robots/install/om_aiv_msg/include/om_aiv_msg/om_aiv_msg/srv/detail/arcl_api__functions.h
[0.558s] -- Up-to-date symlink: /home/administrator/Masterproject2/20_ROS/src/Robots/install/om_aiv_msg/include/om_aiv_msg/om_aiv_msg/srv/detail/arcl_api__struct.h
[0.558s] -- Up-to-date symlink: /home/administrator/Masterproject2/20_ROS/src/Robots/install/om_aiv_msg/include/om_aiv_msg/om_aiv_msg/srv/detail/arcl_api__type_support.h
[0.558s] -- Up-to-date symlink: /home/administrator/Masterproject2/20_ROS/src/Robots/install/om_aiv_msg/include/om_aiv_msg/om_aiv_msg/srv/detail/arcl_listen__functions.h
[0.558s] -- Up-to-date symlink: /home/administrator/Masterproject2/20_ROS/src/Robots/install/om_aiv_msg/include/om_aiv_msg/om_aiv_msg/srv/detail/arcl_listen__struct.h
[0.559s] -- Up-to-date symlink: /home/administrator/Masterproject2/20_ROS/src/Robots/install/om_aiv_msg/include/om_aiv_msg/om_aiv_msg/srv/detail/arcl_listen__type_support.h
[0.559s] -- Up-to-date symlink: /home/administrator/Masterproject2/20_ROS/src/Robots/install/om_aiv_msg/share/om_aiv_msg/environment/library_path.sh
[0.559s] -- Up-to-date symlink: /home/administrator/Masterproject2/20_ROS/src/Robots/install/om_aiv_msg/share/om_aiv_msg/environment/library_path.dsv
[0.559s] -- Up-to-date symlink: /home/administrator/Masterproject2/20_ROS/src/Robots/install/om_aiv_msg/include/om_aiv_msg/om_aiv_msg/action/detail/action__rosidl_typesupport_fastrtps_c.h
[0.559s] -- Up-to-date symlink: /home/administrator/Masterproject2/20_ROS/src/Robots/install/om_aiv_msg/include/om_aiv_msg/om_aiv_msg/msg/detail/location__rosidl_typesupport_fastrtps_c.h
[0.559s] -- Up-to-date symlink: /home/administrator/Masterproject2/20_ROS/src/Robots/install/om_aiv_msg/include/om_aiv_msg/om_aiv_msg/msg/detail/status__rosidl_typesupport_fastrtps_c.h
[0.559s] -- Up-to-date symlink: /home/administrator/Masterproject2/20_ROS/src/Robots/install/om_aiv_msg/include/om_aiv_msg/om_aiv_msg/msg/rosidl_typesupport_fastrtps_c__visibility_control.h
[0.559s] -- Up-to-date symlink: /home/administrator/Masterproject2/20_ROS/src/Robots/install/om_aiv_msg/include/om_aiv_msg/om_aiv_msg/srv/detail/arcl_api__rosidl_typesupport_fastrtps_c.h
[0.559s] -- Up-to-date symlink: /home/administrator/Masterproject2/20_ROS/src/Robots/install/om_aiv_msg/include/om_aiv_msg/om_aiv_msg/srv/detail/arcl_listen__rosidl_typesupport_fastrtps_c.h
[0.559s] -- Up-to-date symlink: /home/administrator/Masterproject2/20_ROS/src/Robots/install/om_aiv_msg/include/om_aiv_msg/om_aiv_msg/action/action.hpp
[0.559s] -- Up-to-date symlink: /home/administrator/Masterproject2/20_ROS/src/Robots/install/om_aiv_msg/include/om_aiv_msg/om_aiv_msg/action/detail/action__builder.hpp
[0.559s] -- Up-to-date symlink: /home/administrator/Masterproject2/20_ROS/src/Robots/install/om_aiv_msg/include/om_aiv_msg/om_aiv_msg/action/detail/action__struct.hpp
[0.559s] -- Up-to-date symlink: /home/administrator/Masterproject2/20_ROS/src/Robots/install/om_aiv_msg/include/om_aiv_msg/om_aiv_msg/action/detail/action__traits.hpp
[0.559s] -- Up-to-date symlink: /home/administrator/Masterproject2/20_ROS/src/Robots/install/om_aiv_msg/include/om_aiv_msg/om_aiv_msg/action/detail/action__type_support.hpp
[0.559s] -- Up-to-date symlink: /home/administrator/Masterproject2/20_ROS/src/Robots/install/om_aiv_msg/include/om_aiv_msg/om_aiv_msg/msg/detail/location__builder.hpp
[0.559s] -- Up-to-date symlink: /home/administrator/Masterproject2/20_ROS/src/Robots/install/om_aiv_msg/include/om_aiv_msg/om_aiv_msg/msg/detail/location__struct.hpp
[0.559s] -- Up-to-date symlink: /home/administrator/Masterproject2/20_ROS/src/Robots/install/om_aiv_msg/include/om_aiv_msg/om_aiv_msg/msg/detail/location__traits.hpp
[0.559s] -- Up-to-date symlink: /home/administrator/Masterproject2/20_ROS/src/Robots/install/om_aiv_msg/include/om_aiv_msg/om_aiv_msg/msg/detail/location__type_support.hpp
[0.559s] -- Up-to-date symlink: /home/administrator/Masterproject2/20_ROS/src/Robots/install/om_aiv_msg/include/om_aiv_msg/om_aiv_msg/msg/detail/status__builder.hpp
[0.559s] -- Up-to-date symlink: /home/administrator/Masterproject2/20_ROS/src/Robots/install/om_aiv_msg/include/om_aiv_msg/om_aiv_msg/msg/detail/status__struct.hpp
[0.559s] -- Up-to-date symlink: /home/administrator/Masterproject2/20_ROS/src/Robots/install/om_aiv_msg/include/om_aiv_msg/om_aiv_msg/msg/detail/status__traits.hpp
[0.560s] -- Up-to-date symlink: /home/administrator/Masterproject2/20_ROS/src/Robots/install/om_aiv_msg/include/om_aiv_msg/om_aiv_msg/msg/detail/status__type_support.hpp
[0.560s] -- Up-to-date symlink: /home/administrator/Masterproject2/20_ROS/src/Robots/install/om_aiv_msg/include/om_aiv_msg/om_aiv_msg/msg/location.hpp
[0.560s] -- Up-to-date symlink: /home/administrator/Masterproject2/20_ROS/src/Robots/install/om_aiv_msg/include/om_aiv_msg/om_aiv_msg/msg/rosidl_generator_cpp__visibility_control.hpp
[0.560s] -- Up-to-date symlink: /home/administrator/Masterproject2/20_ROS/src/Robots/install/om_aiv_msg/include/om_aiv_msg/om_aiv_msg/msg/status.hpp
[0.560s] -- Up-to-date symlink: /home/administrator/Masterproject2/20_ROS/src/Robots/install/om_aiv_msg/include/om_aiv_msg/om_aiv_msg/srv/arcl_api.hpp
[0.560s] -- Up-to-date symlink: /home/administrator/Masterproject2/20_ROS/src/Robots/install/om_aiv_msg/include/om_aiv_msg/om_aiv_msg/srv/arcl_listen.hpp
[0.560s] -- Up-to-date symlink: /home/administrator/Masterproject2/20_ROS/src/Robots/install/om_aiv_msg/include/om_aiv_msg/om_aiv_msg/srv/detail/arcl_api__builder.hpp
[0.560s] -- Up-to-date symlink: /home/administrator/Masterproject2/20_ROS/src/Robots/install/om_aiv_msg/include/om_aiv_msg/om_aiv_msg/srv/detail/arcl_api__struct.hpp
[0.560s] -- Up-to-date symlink: /home/administrator/Masterproject2/20_ROS/src/Robots/install/om_aiv_msg/include/om_aiv_msg/om_aiv_msg/srv/detail/arcl_api__traits.hpp
[0.560s] -- Up-to-date symlink: /home/administrator/Masterproject2/20_ROS/src/Robots/install/om_aiv_msg/include/om_aiv_msg/om_aiv_msg/srv/detail/arcl_api__type_support.hpp
[0.560s] -- Up-to-date symlink: /home/administrator/Masterproject2/20_ROS/src/Robots/install/om_aiv_msg/include/om_aiv_msg/om_aiv_msg/srv/detail/arcl_listen__builder.hpp
[0.560s] -- Up-to-date symlink: /home/administrator/Masterproject2/20_ROS/src/Robots/install/om_aiv_msg/include/om_aiv_msg/om_aiv_msg/srv/detail/arcl_listen__struct.hpp
[0.560s] -- Up-to-date symlink: /home/administrator/Masterproject2/20_ROS/src/Robots/install/om_aiv_msg/include/om_aiv_msg/om_aiv_msg/srv/detail/arcl_listen__traits.hpp
[0.560s] -- Up-to-date symlink: /home/administrator/Masterproject2/20_ROS/src/Robots/install/om_aiv_msg/include/om_aiv_msg/om_aiv_msg/srv/detail/arcl_listen__type_support.hpp
[0.560s] -- Up-to-date symlink: /home/administrator/Masterproject2/20_ROS/src/Robots/install/om_aiv_msg/include/om_aiv_msg/om_aiv_msg/action/detail/action__rosidl_typesupport_fastrtps_cpp.hpp
[0.560s] -- Up-to-date symlink: /home/administrator/Masterproject2/20_ROS/src/Robots/install/om_aiv_msg/include/om_aiv_msg/om_aiv_msg/msg/detail/location__rosidl_typesupport_fastrtps_cpp.hpp
[0.560s] -- Up-to-date symlink: /home/administrator/Masterproject2/20_ROS/src/Robots/install/om_aiv_msg/include/om_aiv_msg/om_aiv_msg/msg/detail/status__rosidl_typesupport_fastrtps_cpp.hpp
[0.560s] -- Up-to-date symlink: /home/administrator/Masterproject2/20_ROS/src/Robots/install/om_aiv_msg/include/om_aiv_msg/om_aiv_msg/msg/rosidl_typesupport_fastrtps_cpp__visibility_control.h
[0.560s] -- Up-to-date symlink: /home/administrator/Masterproject2/20_ROS/src/Robots/install/om_aiv_msg/include/om_aiv_msg/om_aiv_msg/srv/detail/arcl_api__rosidl_typesupport_fastrtps_cpp.hpp
[0.560s] -- Up-to-date symlink: /home/administrator/Masterproject2/20_ROS/src/Robots/install/om_aiv_msg/include/om_aiv_msg/om_aiv_msg/srv/detail/arcl_listen__rosidl_typesupport_fastrtps_cpp.hpp
[0.560s] -- Up-to-date symlink: /home/administrator/Masterproject2/20_ROS/src/Robots/install/om_aiv_msg/include/om_aiv_msg/om_aiv_msg/action/detail/action__rosidl_typesupport_introspection_c.h
[0.560s] -- Up-to-date symlink: /home/administrator/Masterproject2/20_ROS/src/Robots/install/om_aiv_msg/include/om_aiv_msg/om_aiv_msg/msg/detail/location__rosidl_typesupport_introspection_c.h
[0.561s] -- Up-to-date symlink: /home/administrator/Masterproject2/20_ROS/src/Robots/install/om_aiv_msg/include/om_aiv_msg/om_aiv_msg/msg/detail/status__rosidl_typesupport_introspection_c.h
[0.561s] -- Up-to-date symlink: /home/administrator/Masterproject2/20_ROS/src/Robots/install/om_aiv_msg/include/om_aiv_msg/om_aiv_msg/msg/rosidl_typesupport_introspection_c__visibility_control.h
[0.566s] -- Up-to-date symlink: /home/administrator/Masterproject2/20_ROS/src/Robots/install/om_aiv_msg/include/om_aiv_msg/om_aiv_msg/srv/detail/arcl_api__rosidl_typesupport_introspection_c.h
[0.566s] -- Up-to-date symlink: /home/administrator/Masterproject2/20_ROS/src/Robots/install/om_aiv_msg/include/om_aiv_msg/om_aiv_msg/srv/detail/arcl_listen__rosidl_typesupport_introspection_c.h
[0.567s] -- Up-to-date symlink: /home/administrator/Masterproject2/20_ROS/src/Robots/install/om_aiv_msg/include/om_aiv_msg/om_aiv_msg/action/detail/action__rosidl_typesupport_introspection_cpp.hpp
[0.567s] -- Up-to-date symlink: /home/administrator/Masterproject2/20_ROS/src/Robots/install/om_aiv_msg/include/om_aiv_msg/om_aiv_msg/msg/detail/location__rosidl_typesupport_introspection_cpp.hpp
[0.567s] -- Up-to-date symlink: /home/administrator/Masterproject2/20_ROS/src/Robots/install/om_aiv_msg/include/om_aiv_msg/om_aiv_msg/msg/detail/status__rosidl_typesupport_introspection_cpp.hpp
[0.567s] -- Up-to-date symlink: /home/administrator/Masterproject2/20_ROS/src/Robots/install/om_aiv_msg/include/om_aiv_msg/om_aiv_msg/srv/detail/arcl_api__rosidl_typesupport_introspection_cpp.hpp
[0.567s] -- Up-to-date symlink: /home/administrator/Masterproject2/20_ROS/src/Robots/install/om_aiv_msg/include/om_aiv_msg/om_aiv_msg/srv/detail/arcl_listen__rosidl_typesupport_introspection_cpp.hpp
[0.567s] -- Up-to-date symlink: /home/administrator/Masterproject2/20_ROS/src/Robots/install/om_aiv_msg/share/om_aiv_msg/environment/pythonpath.sh
[0.567s] -- Up-to-date symlink: /home/administrator/Masterproject2/20_ROS/src/Robots/install/om_aiv_msg/share/om_aiv_msg/environment/pythonpath.dsv
[0.567s] -- Up-to-date symlink: /home/administrator/Masterproject2/20_ROS/src/Robots/install/om_aiv_msg/lib/python3.12/site-packages/om_aiv_msg-0.0.0-py3.12.egg-info/PKG-INFO
[0.567s] -- Up-to-date symlink: /home/administrator/Masterproject2/20_ROS/src/Robots/install/om_aiv_msg/lib/python3.12/site-packages/om_aiv_msg-0.0.0-py3.12.egg-info/SOURCES.txt
[0.567s] -- Up-to-date symlink: /home/administrator/Masterproject2/20_ROS/src/Robots/install/om_aiv_msg/lib/python3.12/site-packages/om_aiv_msg-0.0.0-py3.12.egg-info/dependency_links.txt
[0.567s] -- Up-to-date symlink: /home/administrator/Masterproject2/20_ROS/src/Robots/install/om_aiv_msg/lib/python3.12/site-packages/om_aiv_msg-0.0.0-py3.12.egg-info/top_level.txt
[0.567s] -- Up-to-date symlink: /home/administrator/Masterproject2/20_ROS/src/Robots/install/om_aiv_msg/lib/python3.12/site-packages/om_aiv_msg/__init__.py
[0.567s] -- Up-to-date symlink: /home/administrator/Masterproject2/20_ROS/src/Robots/install/om_aiv_msg/lib/python3.12/site-packages/om_aiv_msg/_om_aiv_msg_s.ep.rosidl_typesupport_c.c
[0.567s] -- Up-to-date symlink: /home/administrator/Masterproject2/20_ROS/src/Robots/install/om_aiv_msg/lib/python3.12/site-packages/om_aiv_msg/_om_aiv_msg_s.ep.rosidl_typesupport_fastrtps_c.c
[0.567s] -- Up-to-date symlink: /home/administrator/Masterproject2/20_ROS/src/Robots/install/om_aiv_msg/lib/python3.12/site-packages/om_aiv_msg/_om_aiv_msg_s.ep.rosidl_typesupport_introspection_c.c
[0.567s] -- Up-to-date symlink: /home/administrator/Masterproject2/20_ROS/src/Robots/install/om_aiv_msg/lib/python3.12/site-packages/om_aiv_msg/action/__init__.py
[0.567s] -- Up-to-date symlink: /home/administrator/Masterproject2/20_ROS/src/Robots/install/om_aiv_msg/lib/python3.12/site-packages/om_aiv_msg/action/_action.py
[0.567s] -- Up-to-date symlink: /home/administrator/Masterproject2/20_ROS/src/Robots/install/om_aiv_msg/lib/python3.12/site-packages/om_aiv_msg/action/_action_s.c
[0.567s] -- Up-to-date symlink: /home/administrator/Masterproject2/20_ROS/src/Robots/install/om_aiv_msg/lib/python3.12/site-packages/om_aiv_msg/msg/__init__.py
[0.567s] -- Up-to-date symlink: /home/administrator/Masterproject2/20_ROS/src/Robots/install/om_aiv_msg/lib/python3.12/site-packages/om_aiv_msg/msg/_location.py
[0.568s] -- Up-to-date symlink: /home/administrator/Masterproject2/20_ROS/src/Robots/install/om_aiv_msg/lib/python3.12/site-packages/om_aiv_msg/msg/_location_s.c
[0.568s] -- Up-to-date symlink: /home/administrator/Masterproject2/20_ROS/src/Robots/install/om_aiv_msg/lib/python3.12/site-packages/om_aiv_msg/msg/_status.py
[0.568s] -- Up-to-date symlink: /home/administrator/Masterproject2/20_ROS/src/Robots/install/om_aiv_msg/lib/python3.12/site-packages/om_aiv_msg/msg/_status_s.c
[0.568s] -- Up-to-date symlink: /home/administrator/Masterproject2/20_ROS/src/Robots/install/om_aiv_msg/lib/python3.12/site-packages/om_aiv_msg/om_aiv_msg_s__rosidl_typesupport_c.so
[0.568s] -- Up-to-date symlink: /home/administrator/Masterproject2/20_ROS/src/Robots/install/om_aiv_msg/lib/python3.12/site-packages/om_aiv_msg/om_aiv_msg_s__rosidl_typesupport_fastrtps_c.so
[0.568s] -- Up-to-date symlink: /home/administrator/Masterproject2/20_ROS/src/Robots/install/om_aiv_msg/lib/python3.12/site-packages/om_aiv_msg/om_aiv_msg_s__rosidl_typesupport_introspection_c.so
[0.568s] -- Up-to-date symlink: /home/administrator/Masterproject2/20_ROS/src/Robots/install/om_aiv_msg/lib/python3.12/site-packages/om_aiv_msg/srv/__init__.py
[0.568s] -- Up-to-date symlink: /home/administrator/Masterproject2/20_ROS/src/Robots/install/om_aiv_msg/lib/python3.12/site-packages/om_aiv_msg/srv/_arcl_api.py
[0.568s] -- Up-to-date symlink: /home/administrator/Masterproject2/20_ROS/src/Robots/install/om_aiv_msg/lib/python3.12/site-packages/om_aiv_msg/srv/_arcl_api_s.c
[0.568s] -- Up-to-date symlink: /home/administrator/Masterproject2/20_ROS/src/Robots/install/om_aiv_msg/lib/python3.12/site-packages/om_aiv_msg/srv/_arcl_listen.py
[0.568s] -- Up-to-date symlink: /home/administrator/Masterproject2/20_ROS/src/Robots/install/om_aiv_msg/lib/python3.12/site-packages/om_aiv_msg/srv/_arcl_listen_s.c
[0.568s] -- Up-to-date symlink: /home/administrator/Masterproject2/20_ROS/src/Robots/install/om_aiv_msg/lib/python3.12/site-packages/om_aiv_msg/om_aiv_msg_s__rosidl_typesupport_fastrtps_c.so
[0.568s] -- Up-to-date symlink: /home/administrator/Masterproject2/20_ROS/src/Robots/install/om_aiv_msg/lib/python3.12/site-packages/om_aiv_msg/om_aiv_msg_s__rosidl_typesupport_introspection_c.so
[0.568s] -- Up-to-date symlink: /home/administrator/Masterproject2/20_ROS/src/Robots/install/om_aiv_msg/lib/python3.12/site-packages/om_aiv_msg/om_aiv_msg_s__rosidl_typesupport_c.so
[0.568s] -- Up-to-date symlink: /home/administrator/Masterproject2/20_ROS/src/Robots/install/om_aiv_msg/share/ament_index/resource_index/rust_packages/om_aiv_msg
[0.568s] -- Up-to-date symlink: /home/administrator/Masterproject2/20_ROS/src/Robots/install/om_aiv_msg/share/om_aiv_msg/rust/Cargo.toml
[0.568s] -- Up-to-date symlink: /home/administrator/Masterproject2/20_ROS/src/Robots/install/om_aiv_msg/share/om_aiv_msg/rust/build.rs
[0.568s] -- Up-to-date symlink: /home/administrator/Masterproject2/20_ROS/src/Robots/install/om_aiv_msg/share/om_aiv_msg/rust/src/action.rs
[0.568s] -- Up-to-date symlink: /home/administrator/Masterproject2/20_ROS/src/Robots/install/om_aiv_msg/share/om_aiv_msg/rust/src/action/rmw.rs
[0.569s] -- Up-to-date symlink: /home/administrator/Masterproject2/20_ROS/src/Robots/install/om_aiv_msg/share/om_aiv_msg/rust/src/lib.rs
[0.569s] -- Up-to-date symlink: /home/administrator/Masterproject2/20_ROS/src/Robots/install/om_aiv_msg/share/om_aiv_msg/rust/src/msg.rs
[0.569s] -- Up-to-date symlink: /home/administrator/Masterproject2/20_ROS/src/Robots/install/om_aiv_msg/share/om_aiv_msg/rust/src/msg/rmw.rs
[0.569s] -- Up-to-date symlink: /home/administrator/Masterproject2/20_ROS/src/Robots/install/om_aiv_msg/share/om_aiv_msg/rust/src/srv.rs
[0.569s] -- Up-to-date symlink: /home/administrator/Masterproject2/20_ROS/src/Robots/install/om_aiv_msg/share/om_aiv_msg/rust/src/srv/rmw.rs
[0.569s] -- Up-to-date symlink: /home/administrator/Masterproject2/20_ROS/src/Robots/install/om_aiv_msg/share/om_aiv_msg/msg/Location.idl
[0.569s] -- Up-to-date symlink: /home/administrator/Masterproject2/20_ROS/src/Robots/install/om_aiv_msg/share/om_aiv_msg/msg/Status.idl
[0.569s] -- Up-to-date symlink: /home/administrator/Masterproject2/20_ROS/src/Robots/install/om_aiv_msg/share/om_aiv_msg/srv/ArclApi.idl
[0.581s] -- Up-to-date symlink: /home/administrator/Masterproject2/20_ROS/src/Robots/install/om_aiv_msg/share/om_aiv_msg/srv/ArclListen.idl
[0.581s] -- Up-to-date symlink: /home/administrator/Masterproject2/20_ROS/src/Robots/install/om_aiv_msg/share/om_aiv_msg/action/Action.idl
[0.581s] -- Up-to-date symlink: /home/administrator/Masterproject2/20_ROS/src/Robots/install/om_aiv_msg/share/om_aiv_msg/msg/Location.msg
[0.581s] -- Up-to-date symlink: /home/administrator/Masterproject2/20_ROS/src/Robots/install/om_aiv_msg/share/om_aiv_msg/msg/Status.msg
[0.581s] -- Up-to-date symlink: /home/administrator/Masterproject2/20_ROS/src/Robots/install/om_aiv_msg/share/om_aiv_msg/srv/ArclApi.srv
[0.581s] -- Up-to-date symlink: /home/administrator/Masterproject2/20_ROS/src/Robots/install/om_aiv_msg/share/om_aiv_msg/srv/ArclListen.srv
[0.581s] -- Up-to-date symlink: /home/administrator/Masterproject2/20_ROS/src/Robots/install/om_aiv_msg/share/om_aiv_msg/action/Action.action
[0.581s] -- Up-to-date symlink: /home/administrator/Masterproject2/20_ROS/src/Robots/install/om_aiv_msg/share/ament_index/resource_index/package_run_dependencies/om_aiv_msg
[0.581s] -- Up-to-date symlink: /home/administrator/Masterproject2/20_ROS/src/Robots/install/om_aiv_msg/share/ament_index/resource_index/parent_prefix_path/om_aiv_msg
[0.582s] -- Up-to-date symlink: /home/administrator/Masterproject2/20_ROS/src/Robots/install/om_aiv_msg/share/om_aiv_msg/environment/ament_prefix_path.sh
[0.582s] -- Up-to-date symlink: /home/administrator/Masterproject2/20_ROS/src/Robots/install/om_aiv_msg/share/om_aiv_msg/environment/ament_prefix_path.dsv
[0.582s] -- Up-to-date symlink: /home/administrator/Masterproject2/20_ROS/src/Robots/install/om_aiv_msg/share/om_aiv_msg/environment/path.sh
[0.582s] -- Up-to-date symlink: /home/administrator/Masterproject2/20_ROS/src/Robots/install/om_aiv_msg/share/om_aiv_msg/environment/path.dsv
[0.583s] -- Up-to-date symlink: /home/administrator/Masterproject2/20_ROS/src/Robots/install/om_aiv_msg/share/om_aiv_msg/local_setup.bash
[0.588s] -- Up-to-date symlink: /home/administrator/Masterproject2/20_ROS/src/Robots/install/om_aiv_msg/share/om_aiv_msg/local_setup.sh
[0.588s] -- Up-to-date symlink: /home/administrator/Masterproject2/20_ROS/src/Robots/install/om_aiv_msg/share/om_aiv_msg/local_setup.zsh
[0.588s] -- Up-to-date symlink: /home/administrator/Masterproject2/20_ROS/src/Robots/install/om_aiv_msg/share/om_aiv_msg/local_setup.dsv
[0.588s] -- Symlinking: /home/administrator/Masterproject2/20_ROS/src/Robots/install/om_aiv_msg/share/om_aiv_msg/package.dsv
[0.600s] -- Up-to-date symlink: /home/administrator/Masterproject2/20_ROS/src/Robots/install/om_aiv_msg/share/ament_index/resource_index/packages/om_aiv_msg
[0.600s] -- Up-to-date symlink: /home/administrator/Masterproject2/20_ROS/src/Robots/install/om_aiv_msg/share/om_aiv_msg/cmake/rosidl_cmake-extras.cmake
[0.601s] -- Up-to-date symlink: /home/administrator/Masterproject2/20_ROS/src/Robots/install/om_aiv_msg/share/om_aiv_msg/cmake/ament_cmake_export_dependencies-extras.cmake
[0.602s] -- Up-to-date symlink: /home/administrator/Masterproject2/20_ROS/src/Robots/install/om_aiv_msg/share/om_aiv_msg/cmake/ament_cmake_export_include_directories-extras.cmake
[0.602s] -- Up-to-date symlink: /home/administrator/Masterproject2/20_ROS/src/Robots/install/om_aiv_msg/share/om_aiv_msg/cmake/ament_cmake_export_libraries-extras.cmake
[0.602s] -- Up-to-date symlink: /home/administrator/Masterproject2/20_ROS/src/Robots/install/om_aiv_msg/share/om_aiv_msg/cmake/ament_cmake_export_targets-extras.cmake
[0.602s] -- Up-to-date symlink: /home/administrator/Masterproject2/20_ROS/src/Robots/install/om_aiv_msg/share/om_aiv_msg/cmake/rosidl_cmake_export_typesupport_targets-extras.cmake
[0.603s] -- Up-to-date symlink: /home/administrator/Masterproject2/20_ROS/src/Robots/install/om_aiv_msg/share/om_aiv_msg/cmake/rosidl_cmake_export_typesupport_libraries-extras.cmake
[0.603s] -- Up-to-date symlink: /home/administrator/Masterproject2/20_ROS/src/Robots/install/om_aiv_msg/share/om_aiv_msg/cmake/om_aiv_msgConfig.cmake
[0.603s] -- Up-to-date symlink: /home/administrator/Masterproject2/20_ROS/src/Robots/install/om_aiv_msg/share/om_aiv_msg/cmake/om_aiv_msgConfig-version.cmake
[0.603s] -- Up-to-date symlink: /home/administrator/Masterproject2/20_ROS/src/Robots/install/om_aiv_msg/share/om_aiv_msg/package.xml
[0.603s] -- Up-to-date: /home/administrator/Masterproject2/20_ROS/src/Robots/install/om_aiv_msg/lib/libom_aiv_msg__rosidl_generator_c.so
[0.603s] -- Up-to-date: /home/administrator/Masterproject2/20_ROS/src/Robots/install/om_aiv_msg/lib/libom_aiv_msg__rosidl_typesupport_fastrtps_c.so
[0.603s] -- Up-to-date: /home/administrator/Masterproject2/20_ROS/src/Robots/install/om_aiv_msg/lib/libom_aiv_msg__rosidl_typesupport_fastrtps_cpp.so
[0.603s] -- Up-to-date: /home/administrator/Masterproject2/20_ROS/src/Robots/install/om_aiv_msg/lib/libom_aiv_msg__rosidl_typesupport_introspection_c.so
[0.603s] -- Up-to-date: /home/administrator/Masterproject2/20_ROS/src/Robots/install/om_aiv_msg/lib/libom_aiv_msg__rosidl_typesupport_c.so
[0.603s] -- Up-to-date: /home/administrator/Masterproject2/20_ROS/src/Robots/install/om_aiv_msg/lib/libom_aiv_msg__rosidl_typesupport_introspection_cpp.so
[0.603s] -- Up-to-date: /home/administrator/Masterproject2/20_ROS/src/Robots/install/om_aiv_msg/lib/libom_aiv_msg__rosidl_typesupport_cpp.so
[0.784s] Listing '/home/administrator/Masterproject2/20_ROS/src/Robots/install/om_aiv_msg/lib/python3.12/site-packages/om_aiv_msg'...
[0.784s] Listing '/home/administrator/Masterproject2/20_ROS/src/Robots/install/om_aiv_msg/lib/python3.12/site-packages/om_aiv_msg/action'...
[0.784s] Listing '/home/administrator/Masterproject2/20_ROS/src/Robots/install/om_aiv_msg/lib/python3.12/site-packages/om_aiv_msg/msg'...
[0.784s] Listing '/home/administrator/Masterproject2/20_ROS/src/Robots/install/om_aiv_msg/lib/python3.12/site-packages/om_aiv_msg/srv'...
[0.821s] -- Up-to-date: /home/administrator/Masterproject2/20_ROS/src/Robots/install/om_aiv_msg/lib/libom_aiv_msg__rosidl_generator_py.so
[0.821s] -- Up-to-date: /home/administrator/Masterproject2/20_ROS/src/Robots/install/om_aiv_msg/share/om_aiv_msg/cmake/export_om_aiv_msg__rosidl_generator_cExport.cmake
[0.821s] -- Up-to-date: /home/administrator/Masterproject2/20_ROS/src/Robots/install/om_aiv_msg/share/om_aiv_msg/cmake/export_om_aiv_msg__rosidl_generator_cExport-noconfig.cmake
[0.821s] -- Up-to-date: /home/administrator/Masterproject2/20_ROS/src/Robots/install/om_aiv_msg/share/om_aiv_msg/cmake/export_om_aiv_msg__rosidl_typesupport_fastrtps_cExport.cmake
[0.822s] -- Up-to-date: /home/administrator/Masterproject2/20_ROS/src/Robots/install/om_aiv_msg/share/om_aiv_msg/cmake/export_om_aiv_msg__rosidl_typesupport_fastrtps_cExport-noconfig.cmake
[0.822s] -- Up-to-date: /home/administrator/Masterproject2/20_ROS/src/Robots/install/om_aiv_msg/share/om_aiv_msg/cmake/export_om_aiv_msg__rosidl_generator_cppExport.cmake
[0.822s] -- Up-to-date: /home/administrator/Masterproject2/20_ROS/src/Robots/install/om_aiv_msg/share/om_aiv_msg/cmake/export_om_aiv_msg__rosidl_typesupport_fastrtps_cppExport.cmake
[0.823s] -- Up-to-date: /home/administrator/Masterproject2/20_ROS/src/Robots/install/om_aiv_msg/share/om_aiv_msg/cmake/export_om_aiv_msg__rosidl_typesupport_fastrtps_cppExport-noconfig.cmake
[0.824s] -- Up-to-date: /home/administrator/Masterproject2/20_ROS/src/Robots/install/om_aiv_msg/share/om_aiv_msg/cmake/om_aiv_msg__rosidl_typesupport_introspection_cExport.cmake
[0.824s] -- Up-to-date: /home/administrator/Masterproject2/20_ROS/src/Robots/install/om_aiv_msg/share/om_aiv_msg/cmake/om_aiv_msg__rosidl_typesupport_introspection_cExport-noconfig.cmake
[0.824s] -- Up-to-date: /home/administrator/Masterproject2/20_ROS/src/Robots/install/om_aiv_msg/share/om_aiv_msg/cmake/om_aiv_msg__rosidl_typesupport_cExport.cmake
[0.825s] -- Up-to-date: /home/administrator/Masterproject2/20_ROS/src/Robots/install/om_aiv_msg/share/om_aiv_msg/cmake/om_aiv_msg__rosidl_typesupport_cExport-noconfig.cmake
[0.826s] -- Up-to-date: /home/administrator/Masterproject2/20_ROS/src/Robots/install/om_aiv_msg/share/om_aiv_msg/cmake/om_aiv_msg__rosidl_typesupport_introspection_cppExport.cmake
[0.826s] -- Up-to-date: /home/administrator/Masterproject2/20_ROS/src/Robots/install/om_aiv_msg/share/om_aiv_msg/cmake/om_aiv_msg__rosidl_typesupport_introspection_cppExport-noconfig.cmake
[0.826s] -- Up-to-date: /home/administrator/Masterproject2/20_ROS/src/Robots/install/om_aiv_msg/share/om_aiv_msg/cmake/om_aiv_msg__rosidl_typesupport_cppExport.cmake
[0.826s] -- Up-to-date: /home/administrator/Masterproject2/20_ROS/src/Robots/install/om_aiv_msg/share/om_aiv_msg/cmake/om_aiv_msg__rosidl_typesupport_cppExport-noconfig.cmake
[0.827s] -- Up-to-date: /home/administrator/Masterproject2/20_ROS/src/Robots/install/om_aiv_msg/share/om_aiv_msg/cmake/export_om_aiv_msg__rosidl_generator_pyExport.cmake
[0.827s] -- Up-to-date: /home/administrator/Masterproject2/20_ROS/src/Robots/install/om_aiv_msg/share/om_aiv_msg/cmake/export_om_aiv_msg__rosidl_generator_pyExport-noconfig.cmake
[0.855s] Invoked command in '/home/administrator/Masterproject2/20_ROS/src/Robots/build/om_aiv_msg' returned '0': CMAKE_PREFIX_PATH=${CMAKE_PREFIX_PATH}:/opt/ros/kilted DEBUGINFOD_URLS=https://debuginfod.ubuntu.com /usr/bin/cmake --install /home/administrator/Masterproject2/20_ROS/src/Robots/build/om_aiv_msg
