[  2%] Built target mir_actions__rosidl_generator_type_description
[  2%] Built target ament_cmake_python_copy_mir_actions
[  5%] Built target mir_actions__rs
[ 20%] Built target mir_actions__rosidl_generator_c
[ 22%] Built target mir_actions__cpp
[ 31%] Built target mir_actions__rosidl_typesupport_fastrtps_c
[ 40%] Built target mir_actions__rosidl_typesupport_c
[ 48%] Built target mir_actions__rosidl_typesupport_introspection_cpp
[ 57%] Built target mir_actions__rosidl_typesupport_introspection_c
[ 65%] Built target mir_actions__rosidl_typesupport_cpp
[ 74%] Built target mir_actions__rosidl_typesupport_fastrtps_cpp
[ 74%] Built target mir_actions
[ 77%] Built target mir_actions__py
[ 82%] Built target mir_actions__rosidl_generator_py
[ 88%] Built target mir_actions_s__rosidl_typesupport_c
running egg_info
[ 94%] Built target mir_actions_s__rosidl_typesupport_introspection_c
writing mir_actions.egg-info/PKG-INFO
writing dependency_links to mir_actions.egg-info/dependency_links.txt
writing top-level names to mir_actions.egg-info/top_level.txt
[100%] Built target mir_actions_s__rosidl_typesupport_fastrtps_c
reading manifest file 'mir_actions.egg-info/SOURCES.txt'
writing manifest file 'mir_actions.egg-info/SOURCES.txt'
[100%] Built target ament_cmake_python_build_mir_actions_egg
-- Install configuration: ""
-- Up-to-date: /home/administrator/Masterproject2/20_ROS/src/Robots/install/mir_actions/share/ament_index/resource_index/rosidl_interfaces/mir_actions
-- Up-to-date: /home/administrator/Masterproject2/20_ROS/src/Robots/install/mir_actions/share/mir_actions/action/MirMoveBase.json
-- Up-to-date: /home/administrator/Masterproject2/20_ROS/src/Robots/install/mir_actions/include/mir_actions/mir_actions
-- Up-to-date: /home/administrator/Masterproject2/20_ROS/src/Robots/install/mir_actions/include/mir_actions/mir_actions/msg
-- Up-to-date: /home/administrator/Masterproject2/20_ROS/src/Robots/install/mir_actions/include/mir_actions/mir_actions/msg/rosidl_generator_c__visibility_control.h
-- Up-to-date: /home/administrator/Masterproject2/20_ROS/src/Robots/install/mir_actions/include/mir_actions/mir_actions/action
-- Up-to-date: /home/administrator/Masterproject2/20_ROS/src/Robots/install/mir_actions/include/mir_actions/mir_actions/action/mir_move_base.h
-- Up-to-date: /home/administrator/Masterproject2/20_ROS/src/Robots/install/mir_actions/include/mir_actions/mir_actions/action/detail
-- Up-to-date: /home/administrator/Masterproject2/20_ROS/src/Robots/install/mir_actions/include/mir_actions/mir_actions/action/detail/mir_move_base__type_support.h
-- Up-to-date: /home/administrator/Masterproject2/20_ROS/src/Robots/install/mir_actions/include/mir_actions/mir_actions/action/detail/mir_move_base__struct.h
-- Up-to-date: /home/administrator/Masterproject2/20_ROS/src/Robots/install/mir_actions/include/mir_actions/mir_actions/action/detail/mir_move_base__functions.h
-- Up-to-date: /home/administrator/Masterproject2/20_ROS/src/Robots/install/mir_actions/include/mir_actions/mir_actions/action/detail/mir_move_base__functions.c
-- Installing: /home/administrator/Masterproject2/20_ROS/src/Robots/install/mir_actions/include/mir_actions/mir_actions/action/detail/mir_move_base__type_support.c
-- Up-to-date: /home/administrator/Masterproject2/20_ROS/src/Robots/install/mir_actions/include/mir_actions/mir_actions/action/detail/mir_move_base__description.c
-- Up-to-date: /home/administrator/Masterproject2/20_ROS/src/Robots/install/mir_actions/share/mir_actions/environment/library_path.sh
-- Up-to-date: /home/administrator/Masterproject2/20_ROS/src/Robots/install/mir_actions/share/mir_actions/environment/library_path.dsv
-- Up-to-date: /home/administrator/Masterproject2/20_ROS/src/Robots/install/mir_actions/lib/libmir_actions__rosidl_generator_c.so
-- Up-to-date: /home/administrator/Masterproject2/20_ROS/src/Robots/install/mir_actions/include/mir_actions/mir_actions
-- Up-to-date: /home/administrator/Masterproject2/20_ROS/src/Robots/install/mir_actions/include/mir_actions/mir_actions/msg
-- Up-to-date: /home/administrator/Masterproject2/20_ROS/src/Robots/install/mir_actions/include/mir_actions/mir_actions/msg/rosidl_typesupport_fastrtps_c__visibility_control.h
-- Up-to-date: /home/administrator/Masterproject2/20_ROS/src/Robots/install/mir_actions/include/mir_actions/mir_actions/action
-- Up-to-date: /home/administrator/Masterproject2/20_ROS/src/Robots/install/mir_actions/include/mir_actions/mir_actions/action/detail
-- Up-to-date: /home/administrator/Masterproject2/20_ROS/src/Robots/install/mir_actions/include/mir_actions/mir_actions/action/detail/mir_move_base__rosidl_typesupport_fastrtps_c.h
-- Up-to-date: /home/administrator/Masterproject2/20_ROS/src/Robots/install/mir_actions/lib/libmir_actions__rosidl_typesupport_fastrtps_c.so
-- Up-to-date: /home/administrator/Masterproject2/20_ROS/src/Robots/install/mir_actions/include/mir_actions/mir_actions
-- Up-to-date: /home/administrator/Masterproject2/20_ROS/src/Robots/install/mir_actions/include/mir_actions/mir_actions/msg
-- Up-to-date: /home/administrator/Masterproject2/20_ROS/src/Robots/install/mir_actions/include/mir_actions/mir_actions/msg/rosidl_generator_cpp__visibility_control.hpp
-- Up-to-date: /home/administrator/Masterproject2/20_ROS/src/Robots/install/mir_actions/include/mir_actions/mir_actions/action
-- Up-to-date: /home/administrator/Masterproject2/20_ROS/src/Robots/install/mir_actions/include/mir_actions/mir_actions/action/mir_move_base.hpp
-- Up-to-date: /home/administrator/Masterproject2/20_ROS/src/Robots/install/mir_actions/include/mir_actions/mir_actions/action/detail
-- Up-to-date: /home/administrator/Masterproject2/20_ROS/src/Robots/install/mir_actions/include/mir_actions/mir_actions/action/detail/mir_move_base__traits.hpp
-- Up-to-date: /home/administrator/Masterproject2/20_ROS/src/Robots/install/mir_actions/include/mir_actions/mir_actions/action/detail/mir_move_base__struct.hpp
-- Up-to-date: /home/administrator/Masterproject2/20_ROS/src/Robots/install/mir_actions/include/mir_actions/mir_actions/action/detail/mir_move_base__builder.hpp
-- Up-to-date: /home/administrator/Masterproject2/20_ROS/src/Robots/install/mir_actions/include/mir_actions/mir_actions/action/detail/mir_move_base__type_support.hpp
-- Up-to-date: /home/administrator/Masterproject2/20_ROS/src/Robots/install/mir_actions/include/mir_actions/mir_actions
-- Up-to-date: /home/administrator/Masterproject2/20_ROS/src/Robots/install/mir_actions/include/mir_actions/mir_actions/msg
-- Up-to-date: /home/administrator/Masterproject2/20_ROS/src/Robots/install/mir_actions/include/mir_actions/mir_actions/msg/rosidl_typesupport_fastrtps_cpp__visibility_control.h
-- Up-to-date: /home/administrator/Masterproject2/20_ROS/src/Robots/install/mir_actions/include/mir_actions/mir_actions/action
-- Up-to-date: /home/administrator/Masterproject2/20_ROS/src/Robots/install/mir_actions/include/mir_actions/mir_actions/action/detail
-- Up-to-date: /home/administrator/Masterproject2/20_ROS/src/Robots/install/mir_actions/include/mir_actions/mir_actions/action/detail/mir_move_base__rosidl_typesupport_fastrtps_cpp.hpp
-- Up-to-date: /home/administrator/Masterproject2/20_ROS/src/Robots/install/mir_actions/include/mir_actions/mir_actions/action/detail/dds_fastrtps
-- Up-to-date: /home/administrator/Masterproject2/20_ROS/src/Robots/install/mir_actions/lib/libmir_actions__rosidl_typesupport_fastrtps_cpp.so
-- Up-to-date: /home/administrator/Masterproject2/20_ROS/src/Robots/install/mir_actions/include/mir_actions/mir_actions
-- Up-to-date: /home/administrator/Masterproject2/20_ROS/src/Robots/install/mir_actions/include/mir_actions/mir_actions/msg
-- Up-to-date: /home/administrator/Masterproject2/20_ROS/src/Robots/install/mir_actions/include/mir_actions/mir_actions/msg/rosidl_typesupport_introspection_c__visibility_control.h
-- Up-to-date: /home/administrator/Masterproject2/20_ROS/src/Robots/install/mir_actions/include/mir_actions/mir_actions/action
-- Up-to-date: /home/administrator/Masterproject2/20_ROS/src/Robots/install/mir_actions/include/mir_actions/mir_actions/action/detail
-- Installing: /home/administrator/Masterproject2/20_ROS/src/Robots/install/mir_actions/include/mir_actions/mir_actions/action/detail/mir_move_base__type_support.c
-- Up-to-date: /home/administrator/Masterproject2/20_ROS/src/Robots/install/mir_actions/include/mir_actions/mir_actions/action/detail/mir_move_base__rosidl_typesupport_introspection_c.h
-- Up-to-date: /home/administrator/Masterproject2/20_ROS/src/Robots/install/mir_actions/lib/libmir_actions__rosidl_typesupport_introspection_c.so
-- Up-to-date: /home/administrator/Masterproject2/20_ROS/src/Robots/install/mir_actions/lib/libmir_actions__rosidl_typesupport_c.so
-- Up-to-date: /home/administrator/Masterproject2/20_ROS/src/Robots/install/mir_actions/include/mir_actions/mir_actions
-- Up-to-date: /home/administrator/Masterproject2/20_ROS/src/Robots/install/mir_actions/include/mir_actions/mir_actions/action
-- Up-to-date: /home/administrator/Masterproject2/20_ROS/src/Robots/install/mir_actions/include/mir_actions/mir_actions/action/detail
-- Up-to-date: /home/administrator/Masterproject2/20_ROS/src/Robots/install/mir_actions/include/mir_actions/mir_actions/action/detail/mir_move_base__type_support.cpp
-- Up-to-date: /home/administrator/Masterproject2/20_ROS/src/Robots/install/mir_actions/include/mir_actions/mir_actions/action/detail/mir_move_base__rosidl_typesupport_introspection_cpp.hpp
-- Up-to-date: /home/administrator/Masterproject2/20_ROS/src/Robots/install/mir_actions/lib/libmir_actions__rosidl_typesupport_introspection_cpp.so
-- Up-to-date: /home/administrator/Masterproject2/20_ROS/src/Robots/install/mir_actions/lib/libmir_actions__rosidl_typesupport_cpp.so
-- Up-to-date: /home/administrator/Masterproject2/20_ROS/src/Robots/install/mir_actions/share/mir_actions/environment/pythonpath.sh
-- Up-to-date: /home/administrator/Masterproject2/20_ROS/src/Robots/install/mir_actions/share/mir_actions/environment/pythonpath.dsv
-- Up-to-date: /home/administrator/Masterproject2/20_ROS/src/Robots/install/mir_actions/lib/python3.12/site-packages/mir_actions-1.1.3-py3.12.egg-info
-- Installing: /home/administrator/Masterproject2/20_ROS/src/Robots/install/mir_actions/lib/python3.12/site-packages/mir_actions-1.1.3-py3.12.egg-info/dependency_links.txt
-- Installing: /home/administrator/Masterproject2/20_ROS/src/Robots/install/mir_actions/lib/python3.12/site-packages/mir_actions-1.1.3-py3.12.egg-info/top_level.txt
-- Installing: /home/administrator/Masterproject2/20_ROS/src/Robots/install/mir_actions/lib/python3.12/site-packages/mir_actions-1.1.3-py3.12.egg-info/SOURCES.txt
-- Installing: /home/administrator/Masterproject2/20_ROS/src/Robots/install/mir_actions/lib/python3.12/site-packages/mir_actions-1.1.3-py3.12.egg-info/PKG-INFO
-- Up-to-date: /home/administrator/Masterproject2/20_ROS/src/Robots/install/mir_actions/lib/python3.12/site-packages/mir_actions
-- Up-to-date: /home/administrator/Masterproject2/20_ROS/src/Robots/install/mir_actions/lib/python3.12/site-packages/mir_actions/_mir_actions_s.ep.rosidl_typesupport_fastrtps_c.c
-- Up-to-date: /home/administrator/Masterproject2/20_ROS/src/Robots/install/mir_actions/lib/python3.12/site-packages/mir_actions/__init__.py
-- Up-to-date: /home/administrator/Masterproject2/20_ROS/src/Robots/install/mir_actions/lib/python3.12/site-packages/mir_actions/_mir_actions_s.ep.rosidl_typesupport_introspection_c.c
-- Up-to-date: /home/administrator/Masterproject2/20_ROS/src/Robots/install/mir_actions/lib/python3.12/site-packages/mir_actions/_mir_actions_s.ep.rosidl_typesupport_c.c
-- Up-to-date: /home/administrator/Masterproject2/20_ROS/src/Robots/install/mir_actions/lib/python3.12/site-packages/mir_actions/mir_actions_s__rosidl_typesupport_introspection_c.so
-- Up-to-date: /home/administrator/Masterproject2/20_ROS/src/Robots/install/mir_actions/lib/python3.12/site-packages/mir_actions/mir_actions_s__rosidl_typesupport_fastrtps_c.so
-- Up-to-date: /home/administrator/Masterproject2/20_ROS/src/Robots/install/mir_actions/lib/python3.12/site-packages/mir_actions/mir_actions_s__rosidl_typesupport_c.so
-- Up-to-date: /home/administrator/Masterproject2/20_ROS/src/Robots/install/mir_actions/lib/python3.12/site-packages/mir_actions/action
-- Up-to-date: /home/administrator/Masterproject2/20_ROS/src/Robots/install/mir_actions/lib/python3.12/site-packages/mir_actions/action/__init__.py
-- Up-to-date: /home/administrator/Masterproject2/20_ROS/src/Robots/install/mir_actions/lib/python3.12/site-packages/mir_actions/action/_mir_move_base.py
-- Up-to-date: /home/administrator/Masterproject2/20_ROS/src/Robots/install/mir_actions/lib/python3.12/site-packages/mir_actions/action/_mir_move_base_s.c
Listing '/home/administrator/Masterproject2/20_ROS/src/Robots/install/mir_actions/lib/python3.12/site-packages/mir_actions'...
Listing '/home/administrator/Masterproject2/20_ROS/src/Robots/install/mir_actions/lib/python3.12/site-packages/mir_actions/action'...
-- Up-to-date: /home/administrator/Masterproject2/20_ROS/src/Robots/install/mir_actions/lib/python3.12/site-packages/mir_actions/mir_actions_s__rosidl_typesupport_fastrtps_c.so
-- Up-to-date: /home/administrator/Masterproject2/20_ROS/src/Robots/install/mir_actions/lib/python3.12/site-packages/mir_actions/mir_actions_s__rosidl_typesupport_introspection_c.so
-- Up-to-date: /home/administrator/Masterproject2/20_ROS/src/Robots/install/mir_actions/lib/python3.12/site-packages/mir_actions/mir_actions_s__rosidl_typesupport_c.so
-- Up-to-date: /home/administrator/Masterproject2/20_ROS/src/Robots/install/mir_actions/lib/libmir_actions__rosidl_generator_py.so
-- Up-to-date: /home/administrator/Masterproject2/20_ROS/src/Robots/install/mir_actions/share/ament_index/resource_index/rust_packages/mir_actions
-- Up-to-date: /home/administrator/Masterproject2/20_ROS/src/Robots/install/mir_actions/share/mir_actions/rust
-- Up-to-date: /home/administrator/Masterproject2/20_ROS/src/Robots/install/mir_actions/share/mir_actions/rust/Cargo.toml
-- Up-to-date: /home/administrator/Masterproject2/20_ROS/src/Robots/install/mir_actions/share/mir_actions/rust/build.rs
-- Up-to-date: /home/administrator/Masterproject2/20_ROS/src/Robots/install/mir_actions/share/mir_actions/rust/src
-- Up-to-date: /home/administrator/Masterproject2/20_ROS/src/Robots/install/mir_actions/share/mir_actions/rust/src/action.rs
-- Up-to-date: /home/administrator/Masterproject2/20_ROS/src/Robots/install/mir_actions/share/mir_actions/rust/src/lib.rs
-- Up-to-date: /home/administrator/Masterproject2/20_ROS/src/Robots/install/mir_actions/share/mir_actions/rust/src/action
-- Up-to-date: /home/administrator/Masterproject2/20_ROS/src/Robots/install/mir_actions/share/mir_actions/rust/src/action/rmw.rs
-- Up-to-date: /home/administrator/Masterproject2/20_ROS/src/Robots/install/mir_actions/share/mir_actions/action/MirMoveBase.idl
-- Up-to-date: /home/administrator/Masterproject2/20_ROS/src/Robots/install/mir_actions/share/mir_actions/action/MirMoveBase.action
-- Up-to-date: /home/administrator/Masterproject2/20_ROS/src/Robots/install/mir_actions/share/ament_index/resource_index/package_run_dependencies/mir_actions
-- Up-to-date: /home/administrator/Masterproject2/20_ROS/src/Robots/install/mir_actions/share/ament_index/resource_index/parent_prefix_path/mir_actions
-- Up-to-date: /home/administrator/Masterproject2/20_ROS/src/Robots/install/mir_actions/share/mir_actions/environment/ament_prefix_path.sh
-- Up-to-date: /home/administrator/Masterproject2/20_ROS/src/Robots/install/mir_actions/share/mir_actions/environment/ament_prefix_path.dsv
-- Up-to-date: /home/administrator/Masterproject2/20_ROS/src/Robots/install/mir_actions/share/mir_actions/environment/path.sh
-- Up-to-date: /home/administrator/Masterproject2/20_ROS/src/Robots/install/mir_actions/share/mir_actions/environment/path.dsv
-- Up-to-date: /home/administrator/Masterproject2/20_ROS/src/Robots/install/mir_actions/share/mir_actions/local_setup.bash
-- Up-to-date: /home/administrator/Masterproject2/20_ROS/src/Robots/install/mir_actions/share/mir_actions/local_setup.sh
-- Up-to-date: /home/administrator/Masterproject2/20_ROS/src/Robots/install/mir_actions/share/mir_actions/local_setup.zsh
-- Up-to-date: /home/administrator/Masterproject2/20_ROS/src/Robots/install/mir_actions/share/mir_actions/local_setup.dsv
-- Installing: /home/administrator/Masterproject2/20_ROS/src/Robots/install/mir_actions/share/mir_actions/package.dsv
-- Up-to-date: /home/administrator/Masterproject2/20_ROS/src/Robots/install/mir_actions/share/ament_index/resource_index/packages/mir_actions
-- Up-to-date: /home/administrator/Masterproject2/20_ROS/src/Robots/install/mir_actions/share/mir_actions/cmake/export_mir_actions__rosidl_generator_cExport.cmake
-- Up-to-date: /home/administrator/Masterproject2/20_ROS/src/Robots/install/mir_actions/share/mir_actions/cmake/export_mir_actions__rosidl_generator_cExport-noconfig.cmake
-- Up-to-date: /home/administrator/Masterproject2/20_ROS/src/Robots/install/mir_actions/share/mir_actions/cmake/export_mir_actions__rosidl_typesupport_fastrtps_cExport.cmake
-- Up-to-date: /home/administrator/Masterproject2/20_ROS/src/Robots/install/mir_actions/share/mir_actions/cmake/export_mir_actions__rosidl_typesupport_fastrtps_cExport-noconfig.cmake
-- Up-to-date: /home/administrator/Masterproject2/20_ROS/src/Robots/install/mir_actions/share/mir_actions/cmake/export_mir_actions__rosidl_generator_cppExport.cmake
-- Up-to-date: /home/administrator/Masterproject2/20_ROS/src/Robots/install/mir_actions/share/mir_actions/cmake/export_mir_actions__rosidl_typesupport_fastrtps_cppExport.cmake
-- Up-to-date: /home/administrator/Masterproject2/20_ROS/src/Robots/install/mir_actions/share/mir_actions/cmake/export_mir_actions__rosidl_typesupport_fastrtps_cppExport-noconfig.cmake
-- Up-to-date: /home/administrator/Masterproject2/20_ROS/src/Robots/install/mir_actions/share/mir_actions/cmake/mir_actions__rosidl_typesupport_introspection_cExport.cmake
-- Up-to-date: /home/administrator/Masterproject2/20_ROS/src/Robots/install/mir_actions/share/mir_actions/cmake/mir_actions__rosidl_typesupport_introspection_cExport-noconfig.cmake
-- Up-to-date: /home/administrator/Masterproject2/20_ROS/src/Robots/install/mir_actions/share/mir_actions/cmake/mir_actions__rosidl_typesupport_cExport.cmake
-- Up-to-date: /home/administrator/Masterproject2/20_ROS/src/Robots/install/mir_actions/share/mir_actions/cmake/mir_actions__rosidl_typesupport_cExport-noconfig.cmake
-- Up-to-date: /home/administrator/Masterproject2/20_ROS/src/Robots/install/mir_actions/share/mir_actions/cmake/mir_actions__rosidl_typesupport_introspection_cppExport.cmake
-- Up-to-date: /home/administrator/Masterproject2/20_ROS/src/Robots/install/mir_actions/share/mir_actions/cmake/mir_actions__rosidl_typesupport_introspection_cppExport-noconfig.cmake
-- Up-to-date: /home/administrator/Masterproject2/20_ROS/src/Robots/install/mir_actions/share/mir_actions/cmake/mir_actions__rosidl_typesupport_cppExport.cmake
-- Up-to-date: /home/administrator/Masterproject2/20_ROS/src/Robots/install/mir_actions/share/mir_actions/cmake/mir_actions__rosidl_typesupport_cppExport-noconfig.cmake
-- Up-to-date: /home/administrator/Masterproject2/20_ROS/src/Robots/install/mir_actions/share/mir_actions/cmake/export_mir_actions__rosidl_generator_pyExport.cmake
-- Up-to-date: /home/administrator/Masterproject2/20_ROS/src/Robots/install/mir_actions/share/mir_actions/cmake/export_mir_actions__rosidl_generator_pyExport-noconfig.cmake
-- Up-to-date: /home/administrator/Masterproject2/20_ROS/src/Robots/install/mir_actions/share/mir_actions/cmake/rosidl_cmake-extras.cmake
-- Up-to-date: /home/administrator/Masterproject2/20_ROS/src/Robots/install/mir_actions/share/mir_actions/cmake/ament_cmake_export_dependencies-extras.cmake
-- Up-to-date: /home/administrator/Masterproject2/20_ROS/src/Robots/install/mir_actions/share/mir_actions/cmake/ament_cmake_export_include_directories-extras.cmake
-- Up-to-date: /home/administrator/Masterproject2/20_ROS/src/Robots/install/mir_actions/share/mir_actions/cmake/ament_cmake_export_libraries-extras.cmake
-- Up-to-date: /home/administrator/Masterproject2/20_ROS/src/Robots/install/mir_actions/share/mir_actions/cmake/ament_cmake_export_targets-extras.cmake
-- Up-to-date: /home/administrator/Masterproject2/20_ROS/src/Robots/install/mir_actions/share/mir_actions/cmake/rosidl_cmake_export_typesupport_targets-extras.cmake
-- Up-to-date: /home/administrator/Masterproject2/20_ROS/src/Robots/install/mir_actions/share/mir_actions/cmake/rosidl_cmake_export_typesupport_libraries-extras.cmake
-- Up-to-date: /home/administrator/Masterproject2/20_ROS/src/Robots/install/mir_actions/share/mir_actions/cmake/mir_actionsConfig.cmake
-- Up-to-date: /home/administrator/Masterproject2/20_ROS/src/Robots/install/mir_actions/share/mir_actions/cmake/mir_actionsConfig-version.cmake
-- Up-to-date: /home/administrator/Masterproject2/20_ROS/src/Robots/install/mir_actions/share/mir_actions/package.xml
