[  7%] Built target speed_scaling_state_broadcaster_parameters
[ 10%] Built target tool_contact_controller_parameters
[ 15%] Built target friction_model_controller_parameters
[ 20%] Built target scaled_joint_trajectory_controller_parameters
[ 25%] Built target gmock_main
[ 30%] Built target passthrough_trajectory_controller_parameters
[ 41%] Built target gmock
[ 43%] Built target ur_configuration_controller_parameters
[ 48%] Built target freedrive_mode_controller_parameters
[ 53%] Built target force_mode_controller_parameters
[ 58%] Built target gravity_update_controller_parameters
[ 84%] Built target ur_controllers
[ 89%] Built target test_load_freedrive_mode_controller
[ 94%] Built target test_load_force_mode_controller
[100%] Built target test_load_friction_model_controller
-- Install configuration: ""
-- Up-to-date: /home/administrator/Masterproject2/20_ROS/src/Robots/install/ur_controllers/include/ur_controllers
-- Up-to-date: /home/administrator/Masterproject2/20_ROS/src/Robots/install/ur_controllers/include/ur_controllers/friction_model_controller_parameters.hpp
-- Up-to-date: /home/administrator/Masterproject2/20_ROS/src/Robots/install/ur_controllers/include/ur_controllers/freedrive_mode_controller_parameters.hpp
-- Up-to-date: /home/administrator/Masterproject2/20_ROS/src/Robots/install/ur_controllers/include/ur_controllers/scaled_joint_trajectory_controller_parameters.hpp
-- Up-to-date: /home/administrator/Masterproject2/20_ROS/src/Robots/install/ur_controllers/include/ur_controllers/tool_contact_controller_parameters.hpp
-- Up-to-date: /home/administrator/Masterproject2/20_ROS/src/Robots/install/ur_controllers/include/ur_controllers/force_mode_controller_parameters.hpp
-- Up-to-date: /home/administrator/Masterproject2/20_ROS/src/Robots/install/ur_controllers/include/ur_controllers/passthrough_trajectory_controller_parameters.hpp
-- Up-to-date: /home/administrator/Masterproject2/20_ROS/src/Robots/install/ur_controllers/include/ur_controllers/gravity_update_controller_parameters.hpp
-- Up-to-date: /home/administrator/Masterproject2/20_ROS/src/Robots/install/ur_controllers/include/ur_controllers/ur_configuration_controller_parameters.hpp
-- Up-to-date: /home/administrator/Masterproject2/20_ROS/src/Robots/install/ur_controllers/include/ur_controllers/speed_scaling_state_broadcaster_parameters.hpp
-- Up-to-date: /home/administrator/Masterproject2/20_ROS/src/Robots/install/ur_controllers/include/ur_controllers
-- Up-to-date: /home/administrator/Masterproject2/20_ROS/src/Robots/install/ur_controllers/include/ur_controllers/friction_model_controller_parameters.hpp
-- Up-to-date: /home/administrator/Masterproject2/20_ROS/src/Robots/install/ur_controllers/include/ur_controllers/freedrive_mode_controller_parameters.hpp
-- Up-to-date: /home/administrator/Masterproject2/20_ROS/src/Robots/install/ur_controllers/include/ur_controllers/scaled_joint_trajectory_controller_parameters.hpp
-- Up-to-date: /home/administrator/Masterproject2/20_ROS/src/Robots/install/ur_controllers/include/ur_controllers/tool_contact_controller_parameters.hpp
-- Up-to-date: /home/administrator/Masterproject2/20_ROS/src/Robots/install/ur_controllers/include/ur_controllers/force_mode_controller_parameters.hpp
-- Up-to-date: /home/administrator/Masterproject2/20_ROS/src/Robots/install/ur_controllers/include/ur_controllers/passthrough_trajectory_controller_parameters.hpp
-- Up-to-date: /home/administrator/Masterproject2/20_ROS/src/Robots/install/ur_controllers/include/ur_controllers/gravity_update_controller_parameters.hpp
-- Up-to-date: /home/administrator/Masterproject2/20_ROS/src/Robots/install/ur_controllers/include/ur_controllers/ur_configuration_controller_parameters.hpp
-- Up-to-date: /home/administrator/Masterproject2/20_ROS/src/Robots/install/ur_controllers/include/ur_controllers/speed_scaling_state_broadcaster_parameters.hpp
-- Up-to-date: /home/administrator/Masterproject2/20_ROS/src/Robots/install/ur_controllers/include/ur_controllers
-- Up-to-date: /home/administrator/Masterproject2/20_ROS/src/Robots/install/ur_controllers/include/ur_controllers/friction_model_controller_parameters.hpp
-- Up-to-date: /home/administrator/Masterproject2/20_ROS/src/Robots/install/ur_controllers/include/ur_controllers/freedrive_mode_controller_parameters.hpp
-- Up-to-date: /home/administrator/Masterproject2/20_ROS/src/Robots/install/ur_controllers/include/ur_controllers/scaled_joint_trajectory_controller_parameters.hpp
-- Up-to-date: /home/administrator/Masterproject2/20_ROS/src/Robots/install/ur_controllers/include/ur_controllers/tool_contact_controller_parameters.hpp
-- Up-to-date: /home/administrator/Masterproject2/20_ROS/src/Robots/install/ur_controllers/include/ur_controllers/force_mode_controller_parameters.hpp
-- Up-to-date: /home/administrator/Masterproject2/20_ROS/src/Robots/install/ur_controllers/include/ur_controllers/passthrough_trajectory_controller_parameters.hpp
-- Up-to-date: /home/administrator/Masterproject2/20_ROS/src/Robots/install/ur_controllers/include/ur_controllers/gravity_update_controller_parameters.hpp
-- Up-to-date: /home/administrator/Masterproject2/20_ROS/src/Robots/install/ur_controllers/include/ur_controllers/ur_configuration_controller_parameters.hpp
-- Up-to-date: /home/administrator/Masterproject2/20_ROS/src/Robots/install/ur_controllers/include/ur_controllers/speed_scaling_state_broadcaster_parameters.hpp
-- Up-to-date: /home/administrator/Masterproject2/20_ROS/src/Robots/install/ur_controllers/include/ur_controllers
-- Up-to-date: /home/administrator/Masterproject2/20_ROS/src/Robots/install/ur_controllers/include/ur_controllers/friction_model_controller_parameters.hpp
-- Up-to-date: /home/administrator/Masterproject2/20_ROS/src/Robots/install/ur_controllers/include/ur_controllers/freedrive_mode_controller_parameters.hpp
-- Up-to-date: /home/administrator/Masterproject2/20_ROS/src/Robots/install/ur_controllers/include/ur_controllers/scaled_joint_trajectory_controller_parameters.hpp
-- Up-to-date: /home/administrator/Masterproject2/20_ROS/src/Robots/install/ur_controllers/include/ur_controllers/tool_contact_controller_parameters.hpp
-- Up-to-date: /home/administrator/Masterproject2/20_ROS/src/Robots/install/ur_controllers/include/ur_controllers/force_mode_controller_parameters.hpp
-- Up-to-date: /home/administrator/Masterproject2/20_ROS/src/Robots/install/ur_controllers/include/ur_controllers/passthrough_trajectory_controller_parameters.hpp
-- Up-to-date: /home/administrator/Masterproject2/20_ROS/src/Robots/install/ur_controllers/include/ur_controllers/gravity_update_controller_parameters.hpp
-- Up-to-date: /home/administrator/Masterproject2/20_ROS/src/Robots/install/ur_controllers/include/ur_controllers/ur_configuration_controller_parameters.hpp
-- Up-to-date: /home/administrator/Masterproject2/20_ROS/src/Robots/install/ur_controllers/include/ur_controllers/speed_scaling_state_broadcaster_parameters.hpp
-- Up-to-date: /home/administrator/Masterproject2/20_ROS/src/Robots/install/ur_controllers/include/ur_controllers
-- Up-to-date: /home/administrator/Masterproject2/20_ROS/src/Robots/install/ur_controllers/include/ur_controllers/friction_model_controller_parameters.hpp
-- Up-to-date: /home/administrator/Masterproject2/20_ROS/src/Robots/install/ur_controllers/include/ur_controllers/freedrive_mode_controller_parameters.hpp
-- Up-to-date: /home/administrator/Masterproject2/20_ROS/src/Robots/install/ur_controllers/include/ur_controllers/scaled_joint_trajectory_controller_parameters.hpp
-- Up-to-date: /home/administrator/Masterproject2/20_ROS/src/Robots/install/ur_controllers/include/ur_controllers/tool_contact_controller_parameters.hpp
-- Up-to-date: /home/administrator/Masterproject2/20_ROS/src/Robots/install/ur_controllers/include/ur_controllers/force_mode_controller_parameters.hpp
-- Up-to-date: /home/administrator/Masterproject2/20_ROS/src/Robots/install/ur_controllers/include/ur_controllers/passthrough_trajectory_controller_parameters.hpp
-- Up-to-date: /home/administrator/Masterproject2/20_ROS/src/Robots/install/ur_controllers/include/ur_controllers/gravity_update_controller_parameters.hpp
-- Up-to-date: /home/administrator/Masterproject2/20_ROS/src/Robots/install/ur_controllers/include/ur_controllers/ur_configuration_controller_parameters.hpp
-- Up-to-date: /home/administrator/Masterproject2/20_ROS/src/Robots/install/ur_controllers/include/ur_controllers/speed_scaling_state_broadcaster_parameters.hpp
-- Up-to-date: /home/administrator/Masterproject2/20_ROS/src/Robots/install/ur_controllers/include/ur_controllers
-- Up-to-date: /home/administrator/Masterproject2/20_ROS/src/Robots/install/ur_controllers/include/ur_controllers/friction_model_controller_parameters.hpp
-- Up-to-date: /home/administrator/Masterproject2/20_ROS/src/Robots/install/ur_controllers/include/ur_controllers/freedrive_mode_controller_parameters.hpp
-- Up-to-date: /home/administrator/Masterproject2/20_ROS/src/Robots/install/ur_controllers/include/ur_controllers/scaled_joint_trajectory_controller_parameters.hpp
-- Up-to-date: /home/administrator/Masterproject2/20_ROS/src/Robots/install/ur_controllers/include/ur_controllers/tool_contact_controller_parameters.hpp
-- Up-to-date: /home/administrator/Masterproject2/20_ROS/src/Robots/install/ur_controllers/include/ur_controllers/force_mode_controller_parameters.hpp
-- Up-to-date: /home/administrator/Masterproject2/20_ROS/src/Robots/install/ur_controllers/include/ur_controllers/passthrough_trajectory_controller_parameters.hpp
-- Up-to-date: /home/administrator/Masterproject2/20_ROS/src/Robots/install/ur_controllers/include/ur_controllers/gravity_update_controller_parameters.hpp
-- Up-to-date: /home/administrator/Masterproject2/20_ROS/src/Robots/install/ur_controllers/include/ur_controllers/ur_configuration_controller_parameters.hpp
-- Up-to-date: /home/administrator/Masterproject2/20_ROS/src/Robots/install/ur_controllers/include/ur_controllers/speed_scaling_state_broadcaster_parameters.hpp
-- Up-to-date: /home/administrator/Masterproject2/20_ROS/src/Robots/install/ur_controllers/include/ur_controllers
-- Up-to-date: /home/administrator/Masterproject2/20_ROS/src/Robots/install/ur_controllers/include/ur_controllers/friction_model_controller_parameters.hpp
-- Up-to-date: /home/administrator/Masterproject2/20_ROS/src/Robots/install/ur_controllers/include/ur_controllers/freedrive_mode_controller_parameters.hpp
-- Up-to-date: /home/administrator/Masterproject2/20_ROS/src/Robots/install/ur_controllers/include/ur_controllers/scaled_joint_trajectory_controller_parameters.hpp
-- Up-to-date: /home/administrator/Masterproject2/20_ROS/src/Robots/install/ur_controllers/include/ur_controllers/tool_contact_controller_parameters.hpp
-- Up-to-date: /home/administrator/Masterproject2/20_ROS/src/Robots/install/ur_controllers/include/ur_controllers/force_mode_controller_parameters.hpp
-- Up-to-date: /home/administrator/Masterproject2/20_ROS/src/Robots/install/ur_controllers/include/ur_controllers/passthrough_trajectory_controller_parameters.hpp
-- Up-to-date: /home/administrator/Masterproject2/20_ROS/src/Robots/install/ur_controllers/include/ur_controllers/gravity_update_controller_parameters.hpp
-- Up-to-date: /home/administrator/Masterproject2/20_ROS/src/Robots/install/ur_controllers/include/ur_controllers/ur_configuration_controller_parameters.hpp
-- Up-to-date: /home/administrator/Masterproject2/20_ROS/src/Robots/install/ur_controllers/include/ur_controllers/speed_scaling_state_broadcaster_parameters.hpp
-- Up-to-date: /home/administrator/Masterproject2/20_ROS/src/Robots/install/ur_controllers/include/ur_controllers
-- Up-to-date: /home/administrator/Masterproject2/20_ROS/src/Robots/install/ur_controllers/include/ur_controllers/friction_model_controller_parameters.hpp
-- Up-to-date: /home/administrator/Masterproject2/20_ROS/src/Robots/install/ur_controllers/include/ur_controllers/freedrive_mode_controller_parameters.hpp
-- Up-to-date: /home/administrator/Masterproject2/20_ROS/src/Robots/install/ur_controllers/include/ur_controllers/scaled_joint_trajectory_controller_parameters.hpp
-- Up-to-date: /home/administrator/Masterproject2/20_ROS/src/Robots/install/ur_controllers/include/ur_controllers/tool_contact_controller_parameters.hpp
-- Up-to-date: /home/administrator/Masterproject2/20_ROS/src/Robots/install/ur_controllers/include/ur_controllers/force_mode_controller_parameters.hpp
-- Up-to-date: /home/administrator/Masterproject2/20_ROS/src/Robots/install/ur_controllers/include/ur_controllers/passthrough_trajectory_controller_parameters.hpp
-- Up-to-date: /home/administrator/Masterproject2/20_ROS/src/Robots/install/ur_controllers/include/ur_controllers/gravity_update_controller_parameters.hpp
-- Up-to-date: /home/administrator/Masterproject2/20_ROS/src/Robots/install/ur_controllers/include/ur_controllers/ur_configuration_controller_parameters.hpp
-- Up-to-date: /home/administrator/Masterproject2/20_ROS/src/Robots/install/ur_controllers/include/ur_controllers/speed_scaling_state_broadcaster_parameters.hpp
-- Up-to-date: /home/administrator/Masterproject2/20_ROS/src/Robots/install/ur_controllers/include/ur_controllers
-- Up-to-date: /home/administrator/Masterproject2/20_ROS/src/Robots/install/ur_controllers/include/ur_controllers/friction_model_controller_parameters.hpp
-- Up-to-date: /home/administrator/Masterproject2/20_ROS/src/Robots/install/ur_controllers/include/ur_controllers/freedrive_mode_controller_parameters.hpp
-- Up-to-date: /home/administrator/Masterproject2/20_ROS/src/Robots/install/ur_controllers/include/ur_controllers/scaled_joint_trajectory_controller_parameters.hpp
-- Up-to-date: /home/administrator/Masterproject2/20_ROS/src/Robots/install/ur_controllers/include/ur_controllers/tool_contact_controller_parameters.hpp
-- Up-to-date: /home/administrator/Masterproject2/20_ROS/src/Robots/install/ur_controllers/include/ur_controllers/force_mode_controller_parameters.hpp
-- Up-to-date: /home/administrator/Masterproject2/20_ROS/src/Robots/install/ur_controllers/include/ur_controllers/passthrough_trajectory_controller_parameters.hpp
-- Up-to-date: /home/administrator/Masterproject2/20_ROS/src/Robots/install/ur_controllers/include/ur_controllers/gravity_update_controller_parameters.hpp
-- Up-to-date: /home/administrator/Masterproject2/20_ROS/src/Robots/install/ur_controllers/include/ur_controllers/ur_configuration_controller_parameters.hpp
-- Up-to-date: /home/administrator/Masterproject2/20_ROS/src/Robots/install/ur_controllers/include/ur_controllers/speed_scaling_state_broadcaster_parameters.hpp
-- Up-to-date: /home/administrator/Masterproject2/20_ROS/src/Robots/install/ur_controllers/share/ur_controllers/controller_plugins.xml
-- Up-to-date: /home/administrator/Masterproject2/20_ROS/src/Robots/install/ur_controllers/lib/libur_controllers.so
-- Up-to-date: /home/administrator/Masterproject2/20_ROS/src/Robots/install/ur_controllers/include
-- Up-to-date: /home/administrator/Masterproject2/20_ROS/src/Robots/install/ur_controllers/include/ur_controllers
-- Up-to-date: /home/administrator/Masterproject2/20_ROS/src/Robots/install/ur_controllers/include/ur_controllers/passthrough_trajectory_controller.hpp
-- Up-to-date: /home/administrator/Masterproject2/20_ROS/src/Robots/install/ur_controllers/include/ur_controllers/scaled_joint_trajectory_controller.hpp
-- Up-to-date: /home/administrator/Masterproject2/20_ROS/src/Robots/install/ur_controllers/include/ur_controllers/freedrive_mode_controller.hpp
-- Up-to-date: /home/administrator/Masterproject2/20_ROS/src/Robots/install/ur_controllers/include/ur_controllers/ur_configuration_controller.hpp
-- Up-to-date: /home/administrator/Masterproject2/20_ROS/src/Robots/install/ur_controllers/include/ur_controllers/speed_scaling_state_broadcaster.hpp
-- Up-to-date: /home/administrator/Masterproject2/20_ROS/src/Robots/install/ur_controllers/include/ur_controllers/gpio_controller.hpp
-- Up-to-date: /home/administrator/Masterproject2/20_ROS/src/Robots/install/ur_controllers/include/ur_controllers/friction_model_controller.hpp
-- Up-to-date: /home/administrator/Masterproject2/20_ROS/src/Robots/install/ur_controllers/include/ur_controllers/tool_contact_controller.hpp
-- Up-to-date: /home/administrator/Masterproject2/20_ROS/src/Robots/install/ur_controllers/include/ur_controllers/force_mode_controller.hpp
-- Up-to-date: /home/administrator/Masterproject2/20_ROS/src/Robots/install/ur_controllers/include/ur_controllers/gravity_update_controller.hpp
-- Up-to-date: /home/administrator/Masterproject2/20_ROS/src/Robots/install/ur_controllers/share/ur_controllers/controller_plugins.xml
-- Up-to-date: /home/administrator/Masterproject2/20_ROS/src/Robots/install/ur_controllers/share/ur_controllers/environment/library_path.sh
-- Up-to-date: /home/administrator/Masterproject2/20_ROS/src/Robots/install/ur_controllers/share/ur_controllers/environment/library_path.dsv
-- Up-to-date: /home/administrator/Masterproject2/20_ROS/src/Robots/install/ur_controllers/share/ament_index/resource_index/package_run_dependencies/ur_controllers
-- Up-to-date: /home/administrator/Masterproject2/20_ROS/src/Robots/install/ur_controllers/share/ament_index/resource_index/parent_prefix_path/ur_controllers
-- Up-to-date: /home/administrator/Masterproject2/20_ROS/src/Robots/install/ur_controllers/share/ur_controllers/environment/ament_prefix_path.sh
-- Up-to-date: /home/administrator/Masterproject2/20_ROS/src/Robots/install/ur_controllers/share/ur_controllers/environment/ament_prefix_path.dsv
-- Up-to-date: /home/administrator/Masterproject2/20_ROS/src/Robots/install/ur_controllers/share/ur_controllers/environment/path.sh
-- Up-to-date: /home/administrator/Masterproject2/20_ROS/src/Robots/install/ur_controllers/share/ur_controllers/environment/path.dsv
-- Up-to-date: /home/administrator/Masterproject2/20_ROS/src/Robots/install/ur_controllers/share/ur_controllers/local_setup.bash
-- Up-to-date: /home/administrator/Masterproject2/20_ROS/src/Robots/install/ur_controllers/share/ur_controllers/local_setup.sh
-- Up-to-date: /home/administrator/Masterproject2/20_ROS/src/Robots/install/ur_controllers/share/ur_controllers/local_setup.zsh
-- Up-to-date: /home/administrator/Masterproject2/20_ROS/src/Robots/install/ur_controllers/share/ur_controllers/local_setup.dsv
-- Installing: /home/administrator/Masterproject2/20_ROS/src/Robots/install/ur_controllers/share/ur_controllers/package.dsv
-- Up-to-date: /home/administrator/Masterproject2/20_ROS/src/Robots/install/ur_controllers/share/ament_index/resource_index/packages/ur_controllers
-- Up-to-date: /home/administrator/Masterproject2/20_ROS/src/Robots/install/ur_controllers/share/ament_index/resource_index/controller_interface__pluginlib__plugin/ur_controllers
-- Up-to-date: /home/administrator/Masterproject2/20_ROS/src/Robots/install/ur_controllers/share/ur_controllers/cmake/ament_cmake_export_dependencies-extras.cmake
-- Up-to-date: /home/administrator/Masterproject2/20_ROS/src/Robots/install/ur_controllers/share/ur_controllers/cmake/ament_cmake_export_include_directories-extras.cmake
-- Up-to-date: /home/administrator/Masterproject2/20_ROS/src/Robots/install/ur_controllers/share/ur_controllers/cmake/ament_cmake_export_libraries-extras.cmake
-- Up-to-date: /home/administrator/Masterproject2/20_ROS/src/Robots/install/ur_controllers/share/ur_controllers/cmake/ur_controllersConfig.cmake
-- Up-to-date: /home/administrator/Masterproject2/20_ROS/src/Robots/install/ur_controllers/share/ur_controllers/cmake/ur_controllersConfig-version.cmake
-- Up-to-date: /home/administrator/Masterproject2/20_ROS/src/Robots/install/ur_controllers/share/ur_controllers/package.xml
