-- Found ament_cmake: 2.7.5 (/opt/ros/kilted/share/ament_cmake/cmake)
-- Found Python3: /usr/bin/python3 (found version "3.12.3") found components: Interpreter 
-- Override CMake install command with custom implementation using symlinks instead of copying resources
-- Found ament_lint_auto: 0.19.3 (/opt/ros/kilted/share/ament_lint_auto/cmake)
-- Added test 'flake8' to check Python code syntax and style conventions
-- Configured 'flake8' exclude dirs and/or files: 
-- Added test 'lint_cmake' to check CMake code style
-- Added test 'pep257' to check Python code against some of the docstring style conventions in PEP 257
-- Added test 'xmllint' to check XML markup files
-- Configuring done (0.4s)
-- Generating done (0.0s)
-- Build files have been written to: /home/administrator/Masterproject2/20_ROS/src/Robots/build/meca500_moveit_config
-- Install configuration: ""
-- Execute custom install script
-- Symlinking: /home/administrator/Masterproject2/20_ROS/src/Robots/install/meca500_moveit_config/share/meca500_moveit_config/config/joint_limits.yaml
-- Symlinking: /home/administrator/Masterproject2/20_ROS/src/Robots/install/meca500_moveit_config/share/meca500_moveit_config/config/kinematics.yaml
-- Symlinking: /home/administrator/Masterproject2/20_ROS/src/Robots/install/meca500_moveit_config/share/meca500_moveit_config/config/meca500.srdf
-- Symlinking: /home/administrator/Masterproject2/20_ROS/src/Robots/install/meca500_moveit_config/share/meca500_moveit_config/config/moveit_controllers.yaml
-- Symlinking: /home/administrator/Masterproject2/20_ROS/src/Robots/install/meca500_moveit_config/share/meca500_moveit_config/config/ompl_planning.yaml
-- Symlinking: /home/administrator/Masterproject2/20_ROS/src/Robots/install/meca500_moveit_config/share/meca500_moveit_config/launch/move_group.launch.py
-- Symlinking: /home/administrator/Masterproject2/20_ROS/src/Robots/install/meca500_moveit_config/share/ament_index/resource_index/package_run_dependencies/meca500_moveit_config
-- Symlinking: /home/administrator/Masterproject2/20_ROS/src/Robots/install/meca500_moveit_config/share/ament_index/resource_index/parent_prefix_path/meca500_moveit_config
-- Symlinking: /home/administrator/Masterproject2/20_ROS/src/Robots/install/meca500_moveit_config/share/meca500_moveit_config/environment/ament_prefix_path.sh
-- Symlinking: /home/administrator/Masterproject2/20_ROS/src/Robots/install/meca500_moveit_config/share/meca500_moveit_config/environment/ament_prefix_path.dsv
-- Symlinking: /home/administrator/Masterproject2/20_ROS/src/Robots/install/meca500_moveit_config/share/meca500_moveit_config/environment/path.sh
-- Symlinking: /home/administrator/Masterproject2/20_ROS/src/Robots/install/meca500_moveit_config/share/meca500_moveit_config/environment/path.dsv
-- Symlinking: /home/administrator/Masterproject2/20_ROS/src/Robots/install/meca500_moveit_config/share/meca500_moveit_config/local_setup.bash
-- Symlinking: /home/administrator/Masterproject2/20_ROS/src/Robots/install/meca500_moveit_config/share/meca500_moveit_config/local_setup.sh
-- Symlinking: /home/administrator/Masterproject2/20_ROS/src/Robots/install/meca500_moveit_config/share/meca500_moveit_config/local_setup.zsh
-- Symlinking: /home/administrator/Masterproject2/20_ROS/src/Robots/install/meca500_moveit_config/share/meca500_moveit_config/local_setup.dsv
-- Symlinking: /home/administrator/Masterproject2/20_ROS/src/Robots/install/meca500_moveit_config/share/meca500_moveit_config/package.dsv
-- Symlinking: /home/administrator/Masterproject2/20_ROS/src/Robots/install/meca500_moveit_config/share/ament_index/resource_index/packages/meca500_moveit_config
-- Symlinking: /home/administrator/Masterproject2/20_ROS/src/Robots/install/meca500_moveit_config/share/meca500_moveit_config/cmake/meca500_moveit_configConfig.cmake
-- Symlinking: /home/administrator/Masterproject2/20_ROS/src/Robots/install/meca500_moveit_config/share/meca500_moveit_config/cmake/meca500_moveit_configConfig-version.cmake
-- Symlinking: /home/administrator/Masterproject2/20_ROS/src/Robots/install/meca500_moveit_config/share/meca500_moveit_config/package.xml
