[ 33%] Built target action_client
[ 66%] Built target execute_macro
[100%] Built target get_macros
-- Install configuration: ""
-- Up-to-date: /home/administrator/Masterproject2/20_ROS/src/Robots/install/demo/lib/demo/execute_macro
-- Up-to-date: /home/administrator/Masterproject2/20_ROS/src/Robots/install/demo/lib/libaction_client.so
-- Up-to-date: /home/administrator/Masterproject2/20_ROS/src/Robots/install/demo/lib/demo/get_macros
-- Up-to-date: /home/administrator/Masterproject2/20_ROS/src/Robots/install/demo/share/ament_index/resource_index/package_run_dependencies/demo
-- Up-to-date: /home/administrator/Masterproject2/20_ROS/src/Robots/install/demo/share/ament_index/resource_index/parent_prefix_path/demo
-- Up-to-date: /home/administrator/Masterproject2/20_ROS/src/Robots/install/demo/share/demo/environment/ament_prefix_path.sh
-- Up-to-date: /home/administrator/Masterproject2/20_ROS/src/Robots/install/demo/share/demo/environment/ament_prefix_path.dsv
-- Up-to-date: /home/administrator/Masterproject2/20_ROS/src/Robots/install/demo/share/demo/environment/path.sh
-- Up-to-date: /home/administrator/Masterproject2/20_ROS/src/Robots/install/demo/share/demo/environment/path.dsv
-- Up-to-date: /home/administrator/Masterproject2/20_ROS/src/Robots/install/demo/share/demo/local_setup.bash
-- Up-to-date: /home/administrator/Masterproject2/20_ROS/src/Robots/install/demo/share/demo/local_setup.sh
-- Up-to-date: /home/administrator/Masterproject2/20_ROS/src/Robots/install/demo/share/demo/local_setup.zsh
-- Up-to-date: /home/administrator/Masterproject2/20_ROS/src/Robots/install/demo/share/demo/local_setup.dsv
-- Installing: /home/administrator/Masterproject2/20_ROS/src/Robots/install/demo/share/demo/package.dsv
-- Up-to-date: /home/administrator/Masterproject2/20_ROS/src/Robots/install/demo/share/ament_index/resource_index/packages/demo
-- Up-to-date: /home/administrator/Masterproject2/20_ROS/src/Robots/install/demo/share/ament_index/resource_index/rclcpp_components/demo
-- Up-to-date: /home/administrator/Masterproject2/20_ROS/src/Robots/install/demo/share/demo/cmake/demoConfig.cmake
-- Up-to-date: /home/administrator/Masterproject2/20_ROS/src/Robots/install/demo/share/demo/cmake/demoConfig-version.cmake
-- Up-to-date: /home/administrator/Masterproject2/20_ROS/src/Robots/install/demo/share/demo/package.xml
