-- Install configuration: ""
-- Up-to-date: /home/administrator/Masterproject2/20_ROS/src/Robots/install/mir_gazebo/share/mir_gazebo/config
-- Up-to-date: /home/administrator/Masterproject2/20_ROS/src/Robots/install/mir_gazebo/share/mir_gazebo/config/ekf.yaml
-- Up-to-date: /home/administrator/Masterproject2/20_ROS/src/Robots/install/mir_gazebo/share/mir_gazebo/launch
-- Up-to-date: /home/administrator/Masterproject2/20_ROS/src/Robots/install/mir_gazebo/share/mir_gazebo/launch/mir_gazebo_common.launch
-- Up-to-date: /home/administrator/Masterproject2/20_ROS/src/Robots/install/mir_gazebo/share/mir_gazebo/launch/includes
-- Up-to-date: /home/administrator/Masterproject2/20_ROS/src/Robots/install/mir_gazebo/share/mir_gazebo/launch/includes/spawn_maze.launch.xml
-- Up-to-date: /home/administrator/Masterproject2/20_ROS/src/Robots/install/mir_gazebo/share/mir_gazebo/launch/includes/ekf.launch.xml
-- Up-to-date: /home/administrator/Masterproject2/20_ROS/src/Robots/install/mir_gazebo/share/mir_gazebo/launch/fake_localization.launch
-- Up-to-date: /home/administrator/Masterproject2/20_ROS/src/Robots/install/mir_gazebo/share/mir_gazebo/launch/mir_maze_world.launch
-- Up-to-date: /home/administrator/Masterproject2/20_ROS/src/Robots/install/mir_gazebo/share/mir_gazebo/launch/mir_empty_world.launch
-- Up-to-date: /home/administrator/Masterproject2/20_ROS/src/Robots/install/mir_gazebo/share/mir_gazebo/maps
-- Up-to-date: /home/administrator/Masterproject2/20_ROS/src/Robots/install/mir_gazebo/share/mir_gazebo/maps/maze_virtual_walls.png
-- Up-to-date: /home/administrator/Masterproject2/20_ROS/src/Robots/install/mir_gazebo/share/mir_gazebo/maps/maze.yaml
-- Up-to-date: /home/administrator/Masterproject2/20_ROS/src/Robots/install/mir_gazebo/share/mir_gazebo/maps/maze_virtual_walls.yaml
-- Up-to-date: /home/administrator/Masterproject2/20_ROS/src/Robots/install/mir_gazebo/share/mir_gazebo/maps/maze.png
-- Up-to-date: /home/administrator/Masterproject2/20_ROS/src/Robots/install/mir_gazebo/share/mir_gazebo/sdf
-- Up-to-date: /home/administrator/Masterproject2/20_ROS/src/Robots/install/mir_gazebo/share/mir_gazebo/sdf/maze
-- Up-to-date: /home/administrator/Masterproject2/20_ROS/src/Robots/install/mir_gazebo/share/mir_gazebo/sdf/maze/model.config
-- Up-to-date: /home/administrator/Masterproject2/20_ROS/src/Robots/install/mir_gazebo/share/mir_gazebo/sdf/maze/model.sdf
-- Up-to-date: /home/administrator/Masterproject2/20_ROS/src/Robots/install/mir_gazebo/share/ament_index/resource_index/package_run_dependencies/mir_gazebo
-- Up-to-date: /home/administrator/Masterproject2/20_ROS/src/Robots/install/mir_gazebo/share/ament_index/resource_index/parent_prefix_path/mir_gazebo
-- Up-to-date: /home/administrator/Masterproject2/20_ROS/src/Robots/install/mir_gazebo/share/mir_gazebo/environment/ament_prefix_path.sh
-- Up-to-date: /home/administrator/Masterproject2/20_ROS/src/Robots/install/mir_gazebo/share/mir_gazebo/environment/ament_prefix_path.dsv
-- Up-to-date: /home/administrator/Masterproject2/20_ROS/src/Robots/install/mir_gazebo/share/mir_gazebo/environment/path.sh
-- Up-to-date: /home/administrator/Masterproject2/20_ROS/src/Robots/install/mir_gazebo/share/mir_gazebo/environment/path.dsv
-- Up-to-date: /home/administrator/Masterproject2/20_ROS/src/Robots/install/mir_gazebo/share/mir_gazebo/local_setup.bash
-- Up-to-date: /home/administrator/Masterproject2/20_ROS/src/Robots/install/mir_gazebo/share/mir_gazebo/local_setup.sh
-- Up-to-date: /home/administrator/Masterproject2/20_ROS/src/Robots/install/mir_gazebo/share/mir_gazebo/local_setup.zsh
-- Up-to-date: /home/administrator/Masterproject2/20_ROS/src/Robots/install/mir_gazebo/share/mir_gazebo/local_setup.dsv
-- Up-to-date: /home/administrator/Masterproject2/20_ROS/src/Robots/install/mir_gazebo/share/mir_gazebo/package.dsv
-- Up-to-date: /home/administrator/Masterproject2/20_ROS/src/Robots/install/mir_gazebo/share/ament_index/resource_index/packages/mir_gazebo
-- Up-to-date: /home/administrator/Masterproject2/20_ROS/src/Robots/install/mir_gazebo/share/mir_gazebo/cmake/mir_gazeboConfig.cmake
-- Up-to-date: /home/administrator/Masterproject2/20_ROS/src/Robots/install/mir_gazebo/share/mir_gazebo/cmake/mir_gazeboConfig-version.cmake
-- Up-to-date: /home/administrator/Masterproject2/20_ROS/src/Robots/install/mir_gazebo/share/mir_gazebo/package.xml
