[0.031s] Invoking command in '/home/administrator/Masterproject2/20_ROS/src/Robots/build/mir_gazebo': AMENT_PREFIX_PATH=/home/administrator/Masterproject2/20_ROS/src/Robots/install/mir_driver:/home/administrator/Masterproject2/20_ROS/src/Robots/install/mir_msgs:/home/administrator/Masterproject2/20_ROS/src/Robots/install/mir_description:/home/administrator/Masterproject2/20_ROS/src/Robots/install/mir_actions:${AMENT_PREFIX_PATH} CMAKE_PREFIX_PATH=/home/administrator/Masterproject2/20_ROS/src/Robots/install/mir_driver:/home/administrator/Masterproject2/20_ROS/src/Robots/install/mir_msgs:/home/administrator/Masterproject2/20_ROS/src/Robots/install/mir_description:/home/administrator/Masterproject2/20_ROS/src/Robots/install/mir_actions:/opt/ros/kilted/opt/sdformat_vendor:/opt/ros/kilted/opt/gz_math_vendor:/opt/ros/kilted/opt/gz_utils_vendor:/opt/ros/kilted/opt/gz_tools_vendor:/opt/ros/kilted/opt/gz_cmake_vendor:/opt/ros/kilted DEBUGINFOD_URLS=https://debuginfod.ubuntu.com LD_LIBRARY_PATH=/home/administrator/Masterproject2/20_ROS/src/Robots/install/mir_msgs/lib:/home/administrator/Masterproject2/20_ROS/src/Robots/install/mir_actions/lib:${LD_LIBRARY_PATH} PYTHONPATH=/home/administrator/Masterproject2/20_ROS/src/Robots/install/mir_driver/lib/python3.12/site-packages:/home/administrator/Masterproject2/20_ROS/src/Robots/install/mir_msgs/lib/python3.12/site-packages:/home/administrator/Masterproject2/20_ROS/src/Robots/install/mir_actions/lib/python3.12/site-packages:${PYTHONPATH} /usr/bin/cmake --build /home/administrator/Masterproject2/20_ROS/src/Robots/build/mir_gazebo -- -j14 -l14
[0.092s] Invoked command in '/home/administrator/Masterproject2/20_ROS/src/Robots/build/mir_gazebo' returned '0': AMENT_PREFIX_PATH=/home/administrator/Masterproject2/20_ROS/src/Robots/install/mir_driver:/home/administrator/Masterproject2/20_ROS/src/Robots/install/mir_msgs:/home/administrator/Masterproject2/20_ROS/src/Robots/install/mir_description:/home/administrator/Masterproject2/20_ROS/src/Robots/install/mir_actions:${AMENT_PREFIX_PATH} CMAKE_PREFIX_PATH=/home/administrator/Masterproject2/20_ROS/src/Robots/install/mir_driver:/home/administrator/Masterproject2/20_ROS/src/Robots/install/mir_msgs:/home/administrator/Masterproject2/20_ROS/src/Robots/install/mir_description:/home/administrator/Masterproject2/20_ROS/src/Robots/install/mir_actions:/opt/ros/kilted/opt/sdformat_vendor:/opt/ros/kilted/opt/gz_math_vendor:/opt/ros/kilted/opt/gz_utils_vendor:/opt/ros/kilted/opt/gz_tools_vendor:/opt/ros/kilted/opt/gz_cmake_vendor:/opt/ros/kilted DEBUGINFOD_URLS=https://debuginfod.ubuntu.com LD_LIBRARY_PATH=/home/administrator/Masterproject2/20_ROS/src/Robots/install/mir_msgs/lib:/home/administrator/Masterproject2/20_ROS/src/Robots/install/mir_actions/lib:${LD_LIBRARY_PATH} PYTHONPATH=/home/administrator/Masterproject2/20_ROS/src/Robots/install/mir_driver/lib/python3.12/site-packages:/home/administrator/Masterproject2/20_ROS/src/Robots/install/mir_msgs/lib/python3.12/site-packages:/home/administrator/Masterproject2/20_ROS/src/Robots/install/mir_actions/lib/python3.12/site-packages:${PYTHONPATH} /usr/bin/cmake --build /home/administrator/Masterproject2/20_ROS/src/Robots/build/mir_gazebo -- -j14 -l14
[0.092s] Invoking command in '/home/administrator/Masterproject2/20_ROS/src/Robots/build/mir_gazebo': AMENT_PREFIX_PATH=/home/administrator/Masterproject2/20_ROS/src/Robots/install/mir_driver:/home/administrator/Masterproject2/20_ROS/src/Robots/install/mir_msgs:/home/administrator/Masterproject2/20_ROS/src/Robots/install/mir_description:/home/administrator/Masterproject2/20_ROS/src/Robots/install/mir_actions:${AMENT_PREFIX_PATH} CMAKE_PREFIX_PATH=/home/administrator/Masterproject2/20_ROS/src/Robots/install/mir_driver:/home/administrator/Masterproject2/20_ROS/src/Robots/install/mir_msgs:/home/administrator/Masterproject2/20_ROS/src/Robots/install/mir_description:/home/administrator/Masterproject2/20_ROS/src/Robots/install/mir_actions:/opt/ros/kilted/opt/sdformat_vendor:/opt/ros/kilted/opt/gz_math_vendor:/opt/ros/kilted/opt/gz_utils_vendor:/opt/ros/kilted/opt/gz_tools_vendor:/opt/ros/kilted/opt/gz_cmake_vendor:/opt/ros/kilted DEBUGINFOD_URLS=https://debuginfod.ubuntu.com LD_LIBRARY_PATH=/home/administrator/Masterproject2/20_ROS/src/Robots/install/mir_msgs/lib:/home/administrator/Masterproject2/20_ROS/src/Robots/install/mir_actions/lib:${LD_LIBRARY_PATH} PYTHONPATH=/home/administrator/Masterproject2/20_ROS/src/Robots/install/mir_driver/lib/python3.12/site-packages:/home/administrator/Masterproject2/20_ROS/src/Robots/install/mir_msgs/lib/python3.12/site-packages:/home/administrator/Masterproject2/20_ROS/src/Robots/install/mir_actions/lib/python3.12/site-packages:${PYTHONPATH} /usr/bin/cmake --install /home/administrator/Masterproject2/20_ROS/src/Robots/build/mir_gazebo
[0.098s] -- Install configuration: ""
[0.099s] -- Up-to-date: /home/administrator/Masterproject2/20_ROS/src/Robots/install/mir_gazebo/share/mir_gazebo/config
[0.099s] -- Up-to-date: /home/administrator/Masterproject2/20_ROS/src/Robots/install/mir_gazebo/share/mir_gazebo/config/ekf.yaml
[0.099s] -- Up-to-date: /home/administrator/Masterproject2/20_ROS/src/Robots/install/mir_gazebo/share/mir_gazebo/launch
[0.099s] -- Up-to-date: /home/administrator/Masterproject2/20_ROS/src/Robots/install/mir_gazebo/share/mir_gazebo/launch/mir_gazebo_common.launch
[0.099s] -- Up-to-date: /home/administrator/Masterproject2/20_ROS/src/Robots/install/mir_gazebo/share/mir_gazebo/launch/includes
[0.099s] -- Up-to-date: /home/administrator/Masterproject2/20_ROS/src/Robots/install/mir_gazebo/share/mir_gazebo/launch/includes/spawn_maze.launch.xml
[0.099s] -- Up-to-date: /home/administrator/Masterproject2/20_ROS/src/Robots/install/mir_gazebo/share/mir_gazebo/launch/includes/ekf.launch.xml
[0.099s] -- Up-to-date: /home/administrator/Masterproject2/20_ROS/src/Robots/install/mir_gazebo/share/mir_gazebo/launch/fake_localization.launch
[0.101s] -- Up-to-date: /home/administrator/Masterproject2/20_ROS/src/Robots/install/mir_gazebo/share/mir_gazebo/launch/mir_maze_world.launch
[0.105s] -- Up-to-date: /home/administrator/Masterproject2/20_ROS/src/Robots/install/mir_gazebo/share/mir_gazebo/launch/mir_empty_world.launch
[0.105s] -- Up-to-date: /home/administrator/Masterproject2/20_ROS/src/Robots/install/mir_gazebo/share/mir_gazebo/maps
[0.105s] -- Up-to-date: /home/administrator/Masterproject2/20_ROS/src/Robots/install/mir_gazebo/share/mir_gazebo/maps/maze_virtual_walls.png
[0.105s] -- Up-to-date: /home/administrator/Masterproject2/20_ROS/src/Robots/install/mir_gazebo/share/mir_gazebo/maps/maze.yaml
[0.105s] -- Up-to-date: /home/administrator/Masterproject2/20_ROS/src/Robots/install/mir_gazebo/share/mir_gazebo/maps/maze_virtual_walls.yaml
[0.105s] -- Up-to-date: /home/administrator/Masterproject2/20_ROS/src/Robots/install/mir_gazebo/share/mir_gazebo/maps/maze.png
[0.105s] -- Up-to-date: /home/administrator/Masterproject2/20_ROS/src/Robots/install/mir_gazebo/share/mir_gazebo/sdf
[0.105s] -- Up-to-date: /home/administrator/Masterproject2/20_ROS/src/Robots/install/mir_gazebo/share/mir_gazebo/sdf/maze
[0.105s] -- Up-to-date: /home/administrator/Masterproject2/20_ROS/src/Robots/install/mir_gazebo/share/mir_gazebo/sdf/maze/model.config
[0.105s] -- Up-to-date: /home/administrator/Masterproject2/20_ROS/src/Robots/install/mir_gazebo/share/mir_gazebo/sdf/maze/model.sdf
[0.105s] -- Up-to-date: /home/administrator/Masterproject2/20_ROS/src/Robots/install/mir_gazebo/share/ament_index/resource_index/package_run_dependencies/mir_gazebo
[0.105s] -- Up-to-date: /home/administrator/Masterproject2/20_ROS/src/Robots/install/mir_gazebo/share/ament_index/resource_index/parent_prefix_path/mir_gazebo
[0.105s] -- Up-to-date: /home/administrator/Masterproject2/20_ROS/src/Robots/install/mir_gazebo/share/mir_gazebo/environment/ament_prefix_path.sh
[0.105s] -- Up-to-date: /home/administrator/Masterproject2/20_ROS/src/Robots/install/mir_gazebo/share/mir_gazebo/environment/ament_prefix_path.dsv
[0.105s] -- Up-to-date: /home/administrator/Masterproject2/20_ROS/src/Robots/install/mir_gazebo/share/mir_gazebo/environment/path.sh
[0.106s] -- Up-to-date: /home/administrator/Masterproject2/20_ROS/src/Robots/install/mir_gazebo/share/mir_gazebo/environment/path.dsv
[0.106s] -- Up-to-date: /home/administrator/Masterproject2/20_ROS/src/Robots/install/mir_gazebo/share/mir_gazebo/local_setup.bash
[0.106s] -- Up-to-date: /home/administrator/Masterproject2/20_ROS/src/Robots/install/mir_gazebo/share/mir_gazebo/local_setup.sh
[0.106s] -- Up-to-date: /home/administrator/Masterproject2/20_ROS/src/Robots/install/mir_gazebo/share/mir_gazebo/local_setup.zsh
[0.106s] -- Up-to-date: /home/administrator/Masterproject2/20_ROS/src/Robots/install/mir_gazebo/share/mir_gazebo/local_setup.dsv
[0.106s] -- Up-to-date: /home/administrator/Masterproject2/20_ROS/src/Robots/install/mir_gazebo/share/mir_gazebo/package.dsv
[0.106s] -- Up-to-date: /home/administrator/Masterproject2/20_ROS/src/Robots/install/mir_gazebo/share/ament_index/resource_index/packages/mir_gazebo
[0.106s] -- Up-to-date: /home/administrator/Masterproject2/20_ROS/src/Robots/install/mir_gazebo/share/mir_gazebo/cmake/mir_gazeboConfig.cmake
[0.106s] -- Up-to-date: /home/administrator/Masterproject2/20_ROS/src/Robots/install/mir_gazebo/share/mir_gazebo/cmake/mir_gazeboConfig-version.cmake
[0.106s] -- Up-to-date: /home/administrator/Masterproject2/20_ROS/src/Robots/install/mir_gazebo/share/mir_gazebo/package.xml
[0.106s] Invoked command in '/home/administrator/Masterproject2/20_ROS/src/Robots/build/mir_gazebo' returned '0': AMENT_PREFIX_PATH=/home/administrator/Masterproject2/20_ROS/src/Robots/install/mir_driver:/home/administrator/Masterproject2/20_ROS/src/Robots/install/mir_msgs:/home/administrator/Masterproject2/20_ROS/src/Robots/install/mir_description:/home/administrator/Masterproject2/20_ROS/src/Robots/install/mir_actions:${AMENT_PREFIX_PATH} CMAKE_PREFIX_PATH=/home/administrator/Masterproject2/20_ROS/src/Robots/install/mir_driver:/home/administrator/Masterproject2/20_ROS/src/Robots/install/mir_msgs:/home/administrator/Masterproject2/20_ROS/src/Robots/install/mir_description:/home/administrator/Masterproject2/20_ROS/src/Robots/install/mir_actions:/opt/ros/kilted/opt/sdformat_vendor:/opt/ros/kilted/opt/gz_math_vendor:/opt/ros/kilted/opt/gz_utils_vendor:/opt/ros/kilted/opt/gz_tools_vendor:/opt/ros/kilted/opt/gz_cmake_vendor:/opt/ros/kilted DEBUGINFOD_URLS=https://debuginfod.ubuntu.com LD_LIBRARY_PATH=/home/administrator/Masterproject2/20_ROS/src/Robots/install/mir_msgs/lib:/home/administrator/Masterproject2/20_ROS/src/Robots/install/mir_actions/lib:${LD_LIBRARY_PATH} PYTHONPATH=/home/administrator/Masterproject2/20_ROS/src/Robots/install/mir_driver/lib/python3.12/site-packages:/home/administrator/Masterproject2/20_ROS/src/Robots/install/mir_msgs/lib/python3.12/site-packages:/home/administrator/Masterproject2/20_ROS/src/Robots/install/mir_actions/lib/python3.12/site-packages:${PYTHONPATH} /usr/bin/cmake --install /home/administrator/Masterproject2/20_ROS/src/Robots/build/mir_gazebo
